/ssd/scxi253/pretraining2/runtime/protrek-venv/bin/python: can't open file '/data/home/scxi253/train.py': [Errno 2] No such file or directory
/ssd/scxi253/pretraining2/runtime/protrek-venv/bin/python: can't open file '/data/home/scxi253/train.py': [Errno 2] No such file or directory
/ssd/scxi253/pretraining2/runtime/protrek-venv/bin/python: can't open file '/data/home/scxi253/train.py': [Errno 2] No such file or directory
/ssd/scxi253/pretraining2/runtime/protrek-venv/bin/python: can't open file '/data/home/scxi253/train.py': [Errno 2] No such file or directory
/ssd/scxi253/pretraining2/runtime/protrek-venv/bin/python: can't open file '/data/home/scxi253/train.py': [Errno 2] No such file or directory
/ssd/scxi253/pretraining2/runtime/protrek-venv/bin/python: can't open file '/data/home/scxi253/train.py': [Errno 2] No such file or directory
/ssd/scxi253/pretraining2/runtime/protrek-venv/bin/python: can't open file '/data/home/scxi253/train.py': [Errno 2] No such file or directory
/ssd/scxi253/pretraining2/runtime/protrek-venv/bin/python: can't open file '/data/home/scxi253/train.py': [Errno 2] No such file or directory
E0912 10:09:46.924000 3815594 torch/distributed/elastic/multiprocessing/api.py:986] failed (exitcode: 2) local_rank: 0 (pid: 3815646) of binary: /ssd/scxi253/pretraining2/runtime/protrek-venv/bin/python
Traceback (most recent call last):
  File "<frozen runpy>", line 198, in _run_module_as_main
  File "<frozen runpy>", line 88, in _run_code
E0912 10:09:46.923000 2052315 torch/distributed/elastic/multiprocessing/api.py:986] failed (exitcode: 2) local_rank: 0 (pid: 2052349) of binary: /ssd/scxi253/pretraining2/runtime/protrek-venv/bin/python
  File "/ssd/scxi253/pretraining2/runtime/venv/lib/python3.12/site-packages/torch/distributed/run.py", line 994, in <module>
Traceback (most recent call last):
  File "<frozen runpy>", line 198, in _run_module_as_main
  File "<frozen runpy>", line 88, in _run_code
  File "/ssd/scxi253/pretraining2/runtime/venv/lib/python3.12/site-packages/torch/distributed/run.py", line 994, in <module>
    main()
  File "/ssd/scxi253/pretraining2/runtime/venv/lib/python3.12/site-packages/torch/distributed/elastic/multiprocessing/errors/__init__.py", line 362, in wrapper
    return f(*args, **kwargs)
           ^^^^^^^^^^^^^^^^^^
  File "/ssd/scxi253/pretraining2/runtime/venv/lib/python3.12/site-packages/torch/distributed/run.py", line 990, in main
    main()
  File "/ssd/scxi253/pretraining2/runtime/venv/lib/python3.12/site-packages/torch/distributed/elastic/multiprocessing/errors/__init__.py", line 362, in wrapper
    run(args)
  File "/ssd/scxi253/pretraining2/runtime/venv/lib/python3.12/site-packages/torch/distributed/run.py", line 981, in run
    elastic_launch(
  File "/ssd/scxi253/pretraining2/runtime/venv/lib/python3.12/site-packages/torch/distributed/launcher/api.py", line 170, in __call__
    return f(*args, **kwargs)
           ^^^^^^^^^^^^^^^^^^
  File "/ssd/scxi253/pretraining2/runtime/venv/lib/python3.12/site-packages/torch/distributed/run.py", line 990, in main
    return launch_agent(self._config, self._entrypoint, list(args))
           ^^^^^^^^^^^^^^^^^^^^^^^^^^^^^^^^^^^^^^^^^^^^^^^^^^^^^^^^
  File "/ssd/scxi253/pretraining2/runtime/venv/lib/python3.12/site-packages/torch/distributed/launcher/api.py", line 317, in launch_agent
    raise ChildFailedError(
torch.distributed.elastic.multiprocessing.errors.ChildFailedError: 
============================================================
train.py FAILED
------------------------------------------------------------
Failures:
[1]:
  time      : 2026-09-12_10:09:46
  host      : wqd10nah09g1
  rank      : 1 (local_rank: 1)
  exitcode  : 2 (pid: 3815647)
  error_file: <N/A>
  traceback : To enable traceback see: https://pytorch.org/docs/stable/elastic/errors.html
[2]:
  time      : 2026-09-12_10:09:46
  host      : wqd10nah09g1
  rank      : 2 (local_rank: 2)
  exitcode  : 2 (pid: 3815648)
  error_file: <N/A>
  traceback : To enable traceback see: https://pytorch.org/docs/stable/elastic/errors.html
[3]:
  time      : 2026-09-12_10:09:46
  host      : wqd10nah09g1
  rank      : 3 (local_rank: 3)
  exitcode  : 2 (pid: 3815649)
  error_file: <N/A>
  traceback : To enable traceback see: https://pytorch.org/docs/stable/elastic/errors.html
------------------------------------------------------------
Root Cause (first observed failure):
[0]:
  time      : 2026-09-12_10:09:46
  host      : wqd10nah09g1
  rank      : 0 (local_rank: 0)
  exitcode  : 2 (pid: 3815646)
  error_file: <N/A>
  traceback : To enable traceback see: https://pytorch.org/docs/stable/elastic/errors.html
============================================================
    run(args)
  File "/ssd/scxi253/pretraining2/runtime/venv/lib/python3.12/site-packages/torch/distributed/run.py", line 981, in run
    elastic_launch(
  File "/ssd/scxi253/pretraining2/runtime/venv/lib/python3.12/site-packages/torch/distributed/launcher/api.py", line 170, in __call__
    return launch_agent(self._config, self._entrypoint, list(args))
           ^^^^^^^^^^^^^^^^^^^^^^^^^^^^^^^^^^^^^^^^^^^^^^^^^^^^^^^^
  File "/ssd/scxi253/pretraining2/runtime/venv/lib/python3.12/site-packages/torch/distributed/launcher/api.py", line 317, in launch_agent
    raise ChildFailedError(
torch.distributed.elastic.multiprocessing.errors.ChildFailedError: 
============================================================
train.py FAILED
------------------------------------------------------------
Failures:
[1]:
  time      : 2026-09-12_10:09:46
  host      : wqd10nah09g3
  rank      : 5 (local_rank: 1)
  exitcode  : 2 (pid: 2052350)
  error_file: <N/A>
  traceback : To enable traceback see: https://pytorch.org/docs/stable/elastic/errors.html
[2]:
  time      : 2026-09-12_10:09:46
  host      : wqd10nah09g3
  rank      : 6 (local_rank: 2)
  exitcode  : 2 (pid: 2052351)
  error_file: <N/A>
  traceback : To enable traceback see: https://pytorch.org/docs/stable/elastic/errors.html
[3]:
  time      : 2026-09-12_10:09:46
  host      : wqd10nah09g3
  rank      : 7 (local_rank: 3)
  exitcode  : 2 (pid: 2052352)
  error_file: <N/A>
  traceback : To enable traceback see: https://pytorch.org/docs/stable/elastic/errors.html
------------------------------------------------------------
Root Cause (first observed failure):
[0]:
  time      : 2026-09-12_10:09:46
  host      : wqd10nah09g3
  rank      : 4 (local_rank: 0)
  exitcode  : 2 (pid: 2052349)
  error_file: <N/A>
  traceback : To enable traceback see: https://pytorch.org/docs/stable/elastic/errors.html
============================================================
srun: error: wqd10nah09g1: task 0: Exited with exit code 1
srun: Terminating StepId=1583815.0
srun: error: wqd10nah09g3: task 1: Terminated
srun: Force Terminated StepId=1583815.0
