{"segment": "infiwebmath4_extra", "groups": 1, "rows": 1000, "code_attempts": 0, "code_payload_bytes": 0}
{"segment": "finemath4_shard53_tail", "groups": 1, "rows": 1000, "code_attempts": 0, "code_payload_bytes": 0}
{"segment": "dclm_extra", "groups": 1, "rows": 1000, "code_attempts": 0, "code_payload_bytes": 0}
{"segment": "pdf_en_extra", "groups": 1, "rows": 1000, "code_attempts": 0, "code_payload_bytes": 0}
{"segment": "finemath4_shard00", "groups": 1, "rows": 680, "code_attempts": 0, "code_payload_bytes": 0}
{"segment": "code_cpp_extra", "groups": 1, "rows": 123, "code_attempts": 128, "code_payload_bytes": 131159}
{"segment": "code_java_extra", "groups": 1, "rows": 34, "code_attempts": 34, "code_payload_bytes": 25407}
{"segment": "code_javascript_extra", "groups": 1, "rows": 175, "code_attempts": 175, "code_payload_bytes": 164775}
{"segment": "infiwebmath4_extra", "groups": 2, "rows": 2000, "code_attempts": 0, "code_payload_bytes": 0}
{"segment": "dclm_extra", "groups": 2, "rows": 2000, "code_attempts": 0, "code_payload_bytes": 0}
{"segment": "finemath4_shard53_tail", "groups": 2, "rows": 2000, "code_attempts": 0, "code_payload_bytes": 0}
{"segment": "code_python_extra", "groups": 1, "rows": 138, "code_attempts": 150, "code_payload_bytes": 143743}
{"segment": "code_typescript_extra", "groups": 1, "rows": 374, "code_attempts": 374, "code_payload_bytes": 335034}
{"segment": "pdf_en_extra", "groups": 2, "rows": 2000, "code_attempts": 0, "code_payload_bytes": 0}
{"segment": "finemath4_shard00", "groups": 2, "rows": 1680, "code_attempts": 0, "code_payload_bytes": 0}
{"segment": "infiwebmath4_extra", "groups": 3, "rows": 3000, "code_attempts": 0, "code_payload_bytes": 0}
{"segment": "dclm_extra", "groups": 3, "rows": 3000, "code_attempts": 0, "code_payload_bytes": 0}
{"segment": "code_java_extra", "groups": 2, "rows": 71, "code_attempts": 72, "code_payload_bytes": 53170}
{"segment": "code_cpp_extra", "groups": 2, "rows": 244, "code_attempts": 251, "code_payload_bytes": 238128}
{"segment": "code_javascript_extra", "groups": 2, "rows": 358, "code_attempts": 358, "code_payload_bytes": 338408}
{"segment": "finemath4_shard53_tail", "groups": 3, "rows": 3000, "code_attempts": 0, "code_payload_bytes": 0}
{"segment": "pdf_en_extra", "groups": 3, "rows": 3000, "code_attempts": 0, "code_payload_bytes": 0}
{"segment": "infiwebmath4_extra", "groups": 4, "rows": 4000, "code_attempts": 0, "code_payload_bytes": 0}
{"segment": "code_python_extra", "groups": 2, "rows": 279, "code_attempts": 310, "code_payload_bytes": 342580}
{"segment": "dclm_extra", "groups": 4, "rows": 4000, "code_attempts": 0, "code_payload_bytes": 0}
{"segment": "finemath4_shard00", "groups": 3, "rows": 2680, "code_attempts": 0, "code_payload_bytes": 0}
{"segment": "code_typescript_extra", "groups": 2, "rows": 725, "code_attempts": 725, "code_payload_bytes": 632350}
{"segment": "code_cpp_extra", "groups": 3, "rows": 374, "code_attempts": 382, "code_payload_bytes": 371925}
{"segment": "code_java_extra", "groups": 3, "rows": 99, "code_attempts": 100, "code_payload_bytes": 75496}
{"segment": "infiwebmath4_extra", "groups": 5, "rows": 5000, "code_attempts": 0, "code_payload_bytes": 0}
{"segment": "dclm_extra", "groups": 5, "rows": 5000, "code_attempts": 0, "code_payload_bytes": 0}
{"segment": "finemath4_shard53_tail", "groups": 4, "rows": 4000, "code_attempts": 0, "code_payload_bytes": 0}
{"segment": "pdf_en_extra", "groups": 4, "rows": 4000, "code_attempts": 0, "code_payload_bytes": 0}
{"segment": "code_javascript_extra", "groups": 3, "rows": 522, "code_attempts": 523, "code_payload_bytes": 488300}
{"segment": "finemath4_shard00", "groups": 4, "rows": 3680, "code_attempts": 0, "code_payload_bytes": 0}
{"segment": "code_python_extra", "groups": 3, "rows": 437, "code_attempts": 473, "code_payload_bytes": 523128}
{"segment": "code_typescript_extra", "groups": 3, "rows": 1116, "code_attempts": 1116, "code_payload_bytes": 920294}
{"segment": "infiwebmath4_extra", "groups": 6, "rows": 6000, "code_attempts": 0, "code_payload_bytes": 0}
{"segment": "dclm_extra", "groups": 6, "rows": 6000, "code_attempts": 0, "code_payload_bytes": 0}
{"segment": "finemath4_shard53_tail", "groups": 5, "rows": 5000, "code_attempts": 0, "code_payload_bytes": 0}
{"segment": "pdf_en_extra", "groups": 5, "rows": 5000, "code_attempts": 0, "code_payload_bytes": 0}
{"segment": "code_cpp_extra", "groups": 4, "rows": 510, "code_attempts": 520, "code_payload_bytes": 504566}
{"segment": "code_java_extra", "groups": 4, "rows": 146, "code_attempts": 147, "code_payload_bytes": 104760}
{"segment": "code_javascript_extra", "groups": 4, "rows": 721, "code_attempts": 724, "code_payload_bytes": 670924}
{"segment": "finemath4_shard00", "groups": 5, "rows": 4680, "code_attempts": 0, "code_payload_bytes": 0}
{"segment": "infiwebmath4_extra", "groups": 7, "rows": 7000, "code_attempts": 0, "code_payload_bytes": 0}
{"segment": "code_typescript_extra", "groups": 4, "rows": 1476, "code_attempts": 1476, "code_payload_bytes": 1216909}
{"segment": "code_python_extra", "groups": 4, "rows": 589, "code_attempts": 637, "code_payload_bytes": 710469}
{"segment": "dclm_extra", "groups": 7, "rows": 7000, "code_attempts": 0, "code_payload_bytes": 0}
{"segment": "finemath4_shard53_tail", "groups": 6, "rows": 6000, "code_attempts": 0, "code_payload_bytes": 0}
{"segment": "pdf_en_extra", "groups": 6, "rows": 6000, "code_attempts": 0, "code_payload_bytes": 0}
{"segment": "code_cpp_extra", "groups": 5, "rows": 660, "code_attempts": 671, "code_payload_bytes": 674883}
{"segment": "finemath4_shard00", "groups": 6, "rows": 5680, "code_attempts": 0, "code_payload_bytes": 0}
{"segment": "infiwebmath4_extra", "groups": 8, "rows": 8000, "code_attempts": 0, "code_payload_bytes": 0}
{"segment": "code_javascript_extra", "groups": 5, "rows": 917, "code_attempts": 920, "code_payload_bytes": 841262}
{"segment": "dclm_extra", "groups": 8, "rows": 8000, "code_attempts": 0, "code_payload_bytes": 0}
{"segment": "code_java_extra", "groups": 5, "rows": 179, "code_attempts": 180, "code_payload_bytes": 133247}
{"segment": "code_typescript_extra", "groups": 5, "rows": 1824, "code_attempts": 1824, "code_payload_bytes": 1483749}
{"segment": "code_python_extra", "groups": 5, "rows": 741, "code_attempts": 798, "code_payload_bytes": 900210}
{"segment": "finemath4_shard53_tail", "groups": 7, "rows": 7000, "code_attempts": 0, "code_payload_bytes": 0}
{"segment": "dclm_extra", "groups": 9, "rows": 9000, "code_attempts": 0, "code_payload_bytes": 0}
{"segment": "infiwebmath4_extra", "groups": 9, "rows": 9000, "code_attempts": 0, "code_payload_bytes": 0}
{"segment": "finemath4_shard00", "groups": 7, "rows": 6680, "code_attempts": 0, "code_payload_bytes": 0}
{"segment": "pdf_en_extra", "groups": 7, "rows": 7000, "code_attempts": 0, "code_payload_bytes": 0}
{"segment": "code_cpp_extra", "groups": 6, "rows": 802, "code_attempts": 818, "code_payload_bytes": 802180}
{"segment": "code_javascript_extra", "groups": 6, "rows": 1083, "code_attempts": 1087, "code_payload_bytes": 1016582}
{"segment": "code_java_extra", "groups": 6, "rows": 205, "code_attempts": 207, "code_payload_bytes": 152547}
{"segment": "infiwebmath4_extra", "groups": 10, "rows": 10000, "code_attempts": 0, "code_payload_bytes": 0}
{"segment": "dclm_extra", "groups": 10, "rows": 10000, "code_attempts": 0, "code_payload_bytes": 0}
{"segment": "finemath4_shard53_tail", "groups": 8, "rows": 8000, "code_attempts": 0, "code_payload_bytes": 0}
{"segment": "code_typescript_extra", "groups": 6, "rows": 2186, "code_attempts": 2186, "code_payload_bytes": 1751453}
{"segment": "code_python_extra", "groups": 6, "rows": 889, "code_attempts": 960, "code_payload_bytes": 1079376}
{"segment": "pdf_en_extra", "groups": 8, "rows": 8000, "code_attempts": 0, "code_payload_bytes": 0}
{"segment": "finemath4_shard00", "groups": 8, "rows": 7680, "code_attempts": 0, "code_payload_bytes": 0}
{"segment": "code_cpp_extra", "groups": 7, "rows": 956, "code_attempts": 977, "code_payload_bytes": 952944}
{"segment": "dclm_extra", "groups": 11, "rows": 11000, "code_attempts": 0, "code_payload_bytes": 0}
{"segment": "code_javascript_extra", "groups": 7, "rows": 1281, "code_attempts": 1285, "code_payload_bytes": 1233787}
{"segment": "infiwebmath4_extra", "groups": 11, "rows": 11000, "code_attempts": 0, "code_payload_bytes": 0}
{"segment": "finemath4_shard53_tail", "groups": 9, "rows": 9000, "code_attempts": 0, "code_payload_bytes": 0}
{"segment": "code_java_extra", "groups": 7, "rows": 238, "code_attempts": 240, "code_payload_bytes": 177267}
{"segment": "code_python_extra", "groups": 7, "rows": 1048, "code_attempts": 1136, "code_payload_bytes": 1269499}
{"segment": "code_typescript_extra", "groups": 7, "rows": 2556, "code_attempts": 2556, "code_payload_bytes": 2016766}
{"segment": "dclm_extra", "groups": 12, "rows": 12000, "code_attempts": 0, "code_payload_bytes": 0}
{"segment": "pdf_en_extra", "groups": 9, "rows": 9000, "code_attempts": 0, "code_payload_bytes": 0}
{"segment": "finemath4_shard00", "groups": 9, "rows": 8680, "code_attempts": 0, "code_payload_bytes": 0}
{"segment": "infiwebmath4_extra", "groups": 12, "rows": 12000, "code_attempts": 0, "code_payload_bytes": 0}
{"segment": "finemath4_shard53_tail", "groups": 10, "rows": 10000, "code_attempts": 0, "code_payload_bytes": 0}
{"segment": "code_cpp_extra", "groups": 8, "rows": 1085, "code_attempts": 1109, "code_payload_bytes": 1080641}
{"segment": "code_java_extra", "groups": 8, "rows": 271, "code_attempts": 274, "code_payload_bytes": 197591}
{"segment": "code_javascript_extra", "groups": 8, "rows": 1462, "code_attempts": 1466, "code_payload_bytes": 1400842}
{"segment": "dclm_extra", "groups": 13, "rows": 13000, "code_attempts": 0, "code_payload_bytes": 0}
{"segment": "code_typescript_extra", "groups": 8, "rows": 2886, "code_attempts": 2886, "code_payload_bytes": 2277516}
{"segment": "code_python_extra", "groups": 8, "rows": 1222, "code_attempts": 1321, "code_payload_bytes": 1482312}
{"segment": "infiwebmath4_extra", "groups": 13, "rows": 13000, "code_attempts": 0, "code_payload_bytes": 0}
{"segment": "finemath4_shard00", "groups": 10, "rows": 9680, "code_attempts": 0, "code_payload_bytes": 0}
{"segment": "finemath4_shard53_tail", "groups": 11, "rows": 11000, "code_attempts": 0, "code_payload_bytes": 0}
