{"segment": "code_cpp_extra", "groups": 1, "rows": 123, "code_attempts": 128, "code_payload_bytes": 131159}
{"segment": "multilingual_cmn_Hani_extra", "groups": 1, "rows": 1000, "code_attempts": 0, "code_payload_bytes": 0}
{"segment": "code_typescript_extra", "groups": 1, "rows": 374, "code_attempts": 374, "code_payload_bytes": 335034}
{"segment": "finemath4_shard00", "groups": 1, "rows": 680, "code_attempts": 0, "code_payload_bytes": 0}
{"segment": "code_javascript_extra", "groups": 1, "rows": 175, "code_attempts": 175, "code_payload_bytes": 164775}
{"segment": "code_java_extra", "groups": 1, "rows": 34, "code_attempts": 34, "code_payload_bytes": 25407}
{"segment": "code_python_extra", "groups": 1, "rows": 138, "code_attempts": 150, "code_payload_bytes": 143743}
{"segment": "multilingual_jpn_Jpan_extra", "groups": 1, "rows": 1000, "code_attempts": 0, "code_payload_bytes": 0}
{"segment": "pdf_en_extra", "groups": 1, "rows": 1000, "code_attempts": 0, "code_payload_bytes": 0}
{"segment": "code_cpp_extra", "groups": 2, "rows": 244, "code_attempts": 251, "code_payload_bytes": 238128}
{"segment": "finemath4_shard53_tail", "groups": 1, "rows": 1000, "code_attempts": 0, "code_payload_bytes": 0}
{"segment": "code_typescript_extra", "groups": 2, "rows": 725, "code_attempts": 725, "code_payload_bytes": 632350}
{"segment": "code_java_extra", "groups": 2, "rows": 71, "code_attempts": 72, "code_payload_bytes": 53170}
{"segment": "code_python_extra", "groups": 2, "rows": 279, "code_attempts": 310, "code_payload_bytes": 342580}
{"segment": "finemath4_shard00", "groups": 2, "rows": 1680, "code_attempts": 0, "code_payload_bytes": 0}
{"segment": "multilingual_cmn_Hani_extra", "groups": 2, "rows": 2000, "code_attempts": 0, "code_payload_bytes": 0}
{"segment": "code_javascript_extra", "groups": 2, "rows": 358, "code_attempts": 358, "code_payload_bytes": 338408}
{"segment": "code_cpp_extra", "groups": 3, "rows": 374, "code_attempts": 382, "code_payload_bytes": 371925}
{"segment": "multilingual_jpn_Jpan_extra", "groups": 2, "rows": 2000, "code_attempts": 0, "code_payload_bytes": 0}
{"segment": "code_java_extra", "groups": 3, "rows": 99, "code_attempts": 100, "code_payload_bytes": 75496}
{"segment": "pdf_en_extra", "groups": 2, "rows": 2000, "code_attempts": 0, "code_payload_bytes": 0}
{"segment": "code_typescript_extra", "groups": 3, "rows": 1116, "code_attempts": 1116, "code_payload_bytes": 920294}
{"segment": "code_cpp_extra", "groups": 4, "rows": 510, "code_attempts": 520, "code_payload_bytes": 504566}
{"segment": "code_python_extra", "groups": 3, "rows": 437, "code_attempts": 473, "code_payload_bytes": 523128}
{"segment": "code_java_extra", "groups": 4, "rows": 146, "code_attempts": 147, "code_payload_bytes": 104760}
{"segment": "finemath4_shard00", "groups": 3, "rows": 2680, "code_attempts": 0, "code_payload_bytes": 0}
{"segment": "code_javascript_extra", "groups": 3, "rows": 522, "code_attempts": 523, "code_payload_bytes": 488300}
{"segment": "multilingual_cmn_Hani_extra", "groups": 3, "rows": 3000, "code_attempts": 0, "code_payload_bytes": 0}
{"segment": "finemath4_shard53_tail", "groups": 2, "rows": 2000, "code_attempts": 0, "code_payload_bytes": 0}
{"segment": "code_java_extra", "groups": 5, "rows": 179, "code_attempts": 180, "code_payload_bytes": 133247}
{"segment": "code_typescript_extra", "groups": 4, "rows": 1476, "code_attempts": 1476, "code_payload_bytes": 1216909}
{"segment": "code_cpp_extra", "groups": 5, "rows": 660, "code_attempts": 671, "code_payload_bytes": 674883}
{"segment": "code_python_extra", "groups": 4, "rows": 589, "code_attempts": 637, "code_payload_bytes": 710469}
{"segment": "multilingual_jpn_Jpan_extra", "groups": 3, "rows": 3000, "code_attempts": 0, "code_payload_bytes": 0}
{"segment": "pdf_en_extra", "groups": 3, "rows": 3000, "code_attempts": 0, "code_payload_bytes": 0}
{"segment": "code_java_extra", "groups": 6, "rows": 205, "code_attempts": 207, "code_payload_bytes": 152547}
{"segment": "code_python_extra", "groups": 5, "rows": 741, "code_attempts": 798, "code_payload_bytes": 900210}
{"segment": "code_javascript_extra", "groups": 4, "rows": 721, "code_attempts": 724, "code_payload_bytes": 670924}
{"segment": "finemath4_shard00", "groups": 4, "rows": 3680, "code_attempts": 0, "code_payload_bytes": 0}
{"segment": "multilingual_cmn_Hani_extra", "groups": 4, "rows": 4000, "code_attempts": 0, "code_payload_bytes": 0}
{"segment": "code_typescript_extra", "groups": 5, "rows": 1824, "code_attempts": 1824, "code_payload_bytes": 1483749}
{"segment": "code_cpp_extra", "groups": 6, "rows": 802, "code_attempts": 818, "code_payload_bytes": 802180}
{"segment": "multilingual_jpn_Jpan_extra", "groups": 4, "rows": 4000, "code_attempts": 0, "code_payload_bytes": 0}
{"segment": "code_java_extra", "groups": 7, "rows": 238, "code_attempts": 240, "code_payload_bytes": 177267}
{"segment": "finemath4_shard53_tail", "groups": 3, "rows": 3000, "code_attempts": 0, "code_payload_bytes": 0}
{"segment": "code_python_extra", "groups": 6, "rows": 889, "code_attempts": 960, "code_payload_bytes": 1079376}
{"segment": "code_java_extra", "groups": 8, "rows": 271, "code_attempts": 274, "code_payload_bytes": 197591}
{"segment": "code_javascript_extra", "groups": 5, "rows": 917, "code_attempts": 920, "code_payload_bytes": 841262}
{"segment": "finemath4_shard00", "groups": 5, "rows": 4680, "code_attempts": 0, "code_payload_bytes": 0}
{"segment": "pdf_en_extra", "groups": 4, "rows": 4000, "code_attempts": 0, "code_payload_bytes": 0}
{"segment": "code_typescript_extra", "groups": 6, "rows": 2186, "code_attempts": 2186, "code_payload_bytes": 1751453}
{"segment": "multilingual_cmn_Hani_extra", "groups": 5, "rows": 5000, "code_attempts": 0, "code_payload_bytes": 0}
{"segment": "code_cpp_extra", "groups": 7, "rows": 956, "code_attempts": 977, "code_payload_bytes": 952944}
{"segment": "code_javascript_extra", "groups": 6, "rows": 1083, "code_attempts": 1087, "code_payload_bytes": 1016582}
{"segment": "code_python_extra", "groups": 7, "rows": 1048, "code_attempts": 1136, "code_payload_bytes": 1269499}
{"segment": "code_java_extra", "groups": 9, "rows": 313, "code_attempts": 317, "code_payload_bytes": 229199}
{"segment": "multilingual_jpn_Jpan_extra", "groups": 5, "rows": 5000, "code_attempts": 0, "code_payload_bytes": 0}
{"segment": "code_typescript_extra", "groups": 7, "rows": 2556, "code_attempts": 2556, "code_payload_bytes": 2016766}
{"segment": "finemath4_shard00", "groups": 6, "rows": 5680, "code_attempts": 0, "code_payload_bytes": 0}
{"segment": "code_cpp_extra", "groups": 8, "rows": 1085, "code_attempts": 1109, "code_payload_bytes": 1080641}
{"segment": "finemath4_shard53_tail", "groups": 4, "rows": 4000, "code_attempts": 0, "code_payload_bytes": 0}
{"segment": "code_javascript_extra", "groups": 7, "rows": 1281, "code_attempts": 1285, "code_payload_bytes": 1233787}
{"segment": "pdf_en_extra", "groups": 5, "rows": 5000, "code_attempts": 0, "code_payload_bytes": 0}
{"segment": "code_python_extra", "groups": 8, "rows": 1222, "code_attempts": 1321, "code_payload_bytes": 1482312}
{"segment": "multilingual_cmn_Hani_extra", "groups": 6, "rows": 6000, "code_attempts": 0, "code_payload_bytes": 0}
{"segment": "code_cpp_extra", "groups": 9, "rows": 1214, "code_attempts": 1240, "code_payload_bytes": 1202476}
{"segment": "code_javascript_extra", "groups": 8, "rows": 1462, "code_attempts": 1466, "code_payload_bytes": 1400842}
{"segment": "code_typescript_extra", "groups": 8, "rows": 2886, "code_attempts": 2886, "code_payload_bytes": 2277516}
{"segment": "code_java_extra", "groups": 10, "rows": 339, "code_attempts": 343, "code_payload_bytes": 248343}
{"segment": "multilingual_jpn_Jpan_extra", "groups": 6, "rows": 6000, "code_attempts": 0, "code_payload_bytes": 0}
{"segment": "code_python_extra", "groups": 9, "rows": 1370, "code_attempts": 1477, "code_payload_bytes": 1656982}
{"segment": "finemath4_shard00", "groups": 7, "rows": 6680, "code_attempts": 0, "code_payload_bytes": 0}
{"segment": "code_java_extra", "groups": 11, "rows": 385, "code_attempts": 389, "code_payload_bytes": 294818}
{"segment": "multilingual_cmn_Hani_extra", "groups": 7, "rows": 7000, "code_attempts": 0, "code_payload_bytes": 0}
{"segment": "finemath4_shard53_tail", "groups": 5, "rows": 5000, "code_attempts": 0, "code_payload_bytes": 0}
{"segment": "pdf_en_extra", "groups": 6, "rows": 6000, "code_attempts": 0, "code_payload_bytes": 0}
{"segment": "code_typescript_extra", "groups": 9, "rows": 3271, "code_attempts": 3271, "code_payload_bytes": 2601172}
{"segment": "multilingual_jpn_Jpan_extra", "groups": 7, "rows": 7000, "code_attempts": 0, "code_payload_bytes": 0}
{"segment": "code_cpp_extra", "groups": 10, "rows": 1368, "code_attempts": 1396, "code_payload_bytes": 1338957}
{"segment": "code_java_extra", "groups": 12, "rows": 428, "code_attempts": 433, "code_payload_bytes": 331028}
{"segment": "finemath4_shard00", "groups": 8, "rows": 7680, "code_attempts": 0, "code_payload_bytes": 0}
{"segment": "code_javascript_extra", "groups": 9, "rows": 1652, "code_attempts": 1656, "code_payload_bytes": 1569620}
{"segment": "multilingual_cmn_Hani_extra", "groups": 8, "rows": 8000, "code_attempts": 0, "code_payload_bytes": 0}
{"segment": "code_python_extra", "groups": 10, "rows": 1531, "code_attempts": 1648, "code_payload_bytes": 1843068}
{"segment": "pdf_en_extra", "groups": 7, "rows": 7000, "code_attempts": 0, "code_payload_bytes": 0}
{"segment": "code_typescript_extra", "groups": 10, "rows": 3600, "code_attempts": 3600, "code_payload_bytes": 2830926}
{"segment": "code_java_extra", "groups": 13, "rows": 454, "code_attempts": 459, "code_payload_bytes": 349265}
{"segment": "multilingual_jpn_Jpan_extra", "groups": 8, "rows": 8000, "code_attempts": 0, "code_payload_bytes": 0}
{"segment": "code_cpp_extra", "groups": 11, "rows": 1492, "code_attempts": 1525, "code_payload_bytes": 1457532}
{"segment": "code_javascript_extra", "groups": 10, "rows": 1797, "code_attempts": 1801, "code_payload_bytes": 1711598}
{"segment": "finemath4_shard00", "groups": 9, "rows": 8680, "code_attempts": 0, "code_payload_bytes": 0}
{"segment": "finemath4_shard53_tail", "groups": 6, "rows": 6000, "code_attempts": 0, "code_payload_bytes": 0}
{"segment": "code_python_extra", "groups": 11, "rows": 1679, "code_attempts": 1806, "code_payload_bytes": 2002851}
{"segment": "code_javascript_extra", "groups": 11, "rows": 1974, "code_attempts": 1979, "code_payload_bytes": 1858051}
{"segment": "multilingual_cmn_Hani_extra", "groups": 9, "rows": 9000, "code_attempts": 0, "code_payload_bytes": 0}
{"segment": "pdf_en_extra", "groups": 8, "rows": 8000, "code_attempts": 0, "code_payload_bytes": 0}
{"segment": "code_java_extra", "groups": 14, "rows": 498, "code_attempts": 504, "code_payload_bytes": 379777}
{"segment": "code_cpp_extra", "groups": 12, "rows": 1620, "code_attempts": 1658, "code_payload_bytes": 1588640}
{"segment": "multilingual_jpn_Jpan_extra", "groups": 9, "rows": 9000, "code_attempts": 0, "code_payload_bytes": 0}
{"segment_id": "multilingual_jpn_Jpan_extra", "logical_source_id": "multilingual_jpn_Jpan", "status": "RAW_SEGMENT_READY", "rows_written": 9000, "output_bytes": 11476822, "error_type": null, "stop_reason": null}
{"segment": "finemath4_shard00", "groups": 10, "rows": 9680, "code_attempts": 0, "code_payload_bytes": 0}
{"segment": "code_typescript_extra", "groups": 11, "rows": 3993, "code_attempts": 3993, "code_payload_bytes": 3123741}
{"segment": "code_javascript_extra", "groups": 12, "rows": 2154, "code_attempts": 2160, "code_payload_bytes": 2032994}
{"segment": "code_cpp_extra", "groups": 13, "rows": 1780, "code_attempts": 1822, "code_payload_bytes": 1768862}
{"segment": "code_java_extra", "groups": 15, "rows": 541, "code_attempts": 547, "code_payload_bytes": 413072}
{"segment": "code_python_extra", "groups": 12, "rows": 1817, "code_attempts": 1958, "code_payload_bytes": 2128564}
{"segment": "finemath4_shard53_tail", "groups": 7, "rows": 7000, "code_attempts": 0, "code_payload_bytes": 0}
{"segment": "multilingual_cmn_Hani_extra", "groups": 10, "rows": 10000, "code_attempts": 0, "code_payload_bytes": 0}
{"segment": "pdf_en_extra", "groups": 9, "rows": 9000, "code_attempts": 0, "code_payload_bytes": 0}
{"segment": "code_java_extra", "groups": 16, "rows": 579, "code_attempts": 585, "code_payload_bytes": 448247}
{"segment": "code_typescript_extra", "groups": 12, "rows": 4354, "code_attempts": 4354, "code_payload_bytes": 3430227}
{"segment": "finemath4_shard00", "groups": 11, "rows": 10680, "code_attempts": 0, "code_payload_bytes": 0}
{"segment": "code_cpp_extra", "groups": 14, "rows": 1916, "code_attempts": 1961, "code_payload_bytes": 1887161}
{"segment": "code_python_extra", "groups": 13, "rows": 1983, "code_attempts": 2141, "code_payload_bytes": 2340059}
{"segment": "code_javascript_extra", "groups": 13, "rows": 2357, "code_attempts": 2363, "code_payload_bytes": 2239669}
{"segment": "multilingual_fra_Latn_extra", "groups": 1, "rows": 1000, "code_attempts": 0, "code_payload_bytes": 0}
{"segment": "code_cpp_extra", "groups": 15, "rows": 2054, "code_attempts": 2103, "code_payload_bytes": 2026050}
{"segment": "code_python_extra", "groups": 14, "rows": 2132, "code_attempts": 2308, "code_payload_bytes": 2514862}
{"segment": "multilingual_cmn_Hani_extra", "groups": 11, "rows": 11000, "code_attempts": 0, "code_payload_bytes": 0}
{"segment": "code_java_extra", "groups": 17, "rows": 607, "code_attempts": 613, "code_payload_bytes": 472665}
{"segment": "code_javascript_extra", "groups": 14, "rows": 2528, "code_attempts": 2534, "code_payload_bytes": 2379827}
{"segment": "finemath4_shard00", "groups": 12, "rows": 11680, "code_attempts": 0, "code_payload_bytes": 0}
{"segment": "finemath4_shard53_tail", "groups": 8, "rows": 8000, "code_attempts": 0, "code_payload_bytes": 0}
{"segment": "code_cpp_extra", "groups": 16, "rows": 2182, "code_attempts": 2233, "code_payload_bytes": 2155586}
{"segment": "code_python_extra", "groups": 15, "rows": 2298, "code_attempts": 2491, "code_payload_bytes": 2725099}
{"segment": "code_typescript_extra", "groups": 13, "rows": 4699, "code_attempts": 4699, "code_payload_bytes": 3684176}
{"segment": "multilingual_fra_Latn_extra", "groups": 2, "rows": 2000, "code_attempts": 0, "code_payload_bytes": 0}
{"segment": "code_javascript_extra", "groups": 15, "rows": 2710, "code_attempts": 2716, "code_payload_bytes": 2613170}
{"segment": "code_java_extra", "groups": 18, "rows": 648, "code_attempts": 654, "code_payload_bytes": 507764}
{"segment": "code_cpp_extra", "groups": 17, "rows": 2313, "code_attempts": 2373, "code_payload_bytes": 2293370}
{"segment": "code_python_extra", "groups": 16, "rows": 2443, "code_attempts": 2650, "code_payload_bytes": 2900093}
{"segment": "multilingual_cmn_Hani_extra", "groups": 12, "rows": 12000, "code_attempts": 0, "code_payload_bytes": 0}
{"segment": "pdf_en_extra", "groups": 10, "rows": 10000, "code_attempts": 0, "code_payload_bytes": 0}
{"segment": "code_typescript_extra", "groups": 14, "rows": 5084, "code_attempts": 5084, "code_payload_bytes": 4013600}
{"segment": "finemath4_shard00", "groups": 13, "rows": 12680, "code_attempts": 0, "code_payload_bytes": 0}
{"segment": "finemath4_shard53_tail", "groups": 9, "rows": 9000, "code_attempts": 0, "code_payload_bytes": 0}
{"segment": "code_javascript_extra", "groups": 16, "rows": 2906, "code_attempts": 2912, "code_payload_bytes": 2782688}
{"segment": "code_java_extra", "groups": 19, "rows": 676, "code_attempts": 685, "code_payload_bytes": 533541}
{"segment": "code_cpp_extra", "groups": 18, "rows": 2444, "code_attempts": 2507, "code_payload_bytes": 2429519}
{"segment": "code_python_extra", "groups": 17, "rows": 2582, "code_attempts": 2802, "code_payload_bytes": 3059917}
{"segment": "multilingual_fra_Latn_extra", "groups": 3, "rows": 3000, "code_attempts": 0, "code_payload_bytes": 0}
{"segment": "multilingual_cmn_Hani_extra", "groups": 13, "rows": 13000, "code_attempts": 0, "code_payload_bytes": 0}
{"segment": "finemath4_shard00", "groups": 14, "rows": 13680, "code_attempts": 0, "code_payload_bytes": 0}
{"segment": "pdf_en_extra", "groups": 11, "rows": 11000, "code_attempts": 0, "code_payload_bytes": 0}
{"segment": "code_java_extra", "groups": 20, "rows": 709, "code_attempts": 718, "code_payload_bytes": 564070}
{"segment": "code_javascript_extra", "groups": 17, "rows": 3099, "code_attempts": 3105, "code_payload_bytes": 2955970}
{"segment": "code_cpp_extra", "groups": 19, "rows": 2577, "code_attempts": 2646, "code_payload_bytes": 2549400}
{"segment": "code_typescript_extra", "groups": 15, "rows": 5463, "code_attempts": 5463, "code_payload_bytes": 4318510}
{"segment": "code_java_extra", "groups": 21, "rows": 742, "code_attempts": 751, "code_payload_bytes": 590230}
{"segment": "code_python_extra", "groups": 18, "rows": 2718, "code_attempts": 2950, "code_payload_bytes": 3235087}
{"segment": "code_cpp_extra", "groups": 20, "rows": 2708, "code_attempts": 2779, "code_payload_bytes": 2702554}
{"segment": "finemath4_shard53_tail", "groups": 10, "rows": 10000, "code_attempts": 0, "code_payload_bytes": 0}
{"segment": "multilingual_cmn_Hani_extra", "groups": 14, "rows": 14000, "code_attempts": 0, "code_payload_bytes": 0}
{"segment": "finemath4_shard00", "groups": 15, "rows": 14680, "code_attempts": 0, "code_payload_bytes": 0}
{"segment": "multilingual_fra_Latn_extra", "groups": 4, "rows": 4000, "code_attempts": 0, "code_payload_bytes": 0}
{"segment": "code_typescript_extra", "groups": 16, "rows": 5824, "code_attempts": 5824, "code_payload_bytes": 4581699}
{"segment": "code_javascript_extra", "groups": 18, "rows": 3292, "code_attempts": 3299, "code_payload_bytes": 3126354}
{"segment": "code_java_extra", "groups": 22, "rows": 778, "code_attempts": 789, "code_payload_bytes": 621018}
{"segment": "code_cpp_extra", "groups": 21, "rows": 2842, "code_attempts": 2918, "code_payload_bytes": 2857919}
{"segment": "pdf_en_extra", "groups": 12, "rows": 12000, "code_attempts": 0, "code_payload_bytes": 0}
{"segment": "code_python_extra", "groups": 19, "rows": 2882, "code_attempts": 3129, "code_payload_bytes": 3461476}
{"segment": "finemath4_shard00", "groups": 16, "rows": 15680, "code_attempts": 0, "code_payload_bytes": 0}
{"segment": "code_typescript_extra", "groups": 17, "rows": 6176, "code_attempts": 6176, "code_payload_bytes": 4880842}
{"segment": "code_javascript_extra", "groups": 19, "rows": 3455, "code_attempts": 3462, "code_payload_bytes": 3271708}
{"segment": "code_cpp_extra", "groups": 22, "rows": 2986, "code_attempts": 3065, "code_payload_bytes": 2988501}
{"segment": "code_java_extra", "groups": 23, "rows": 815, "code_attempts": 826, "code_payload_bytes": 653285}
{"segment": "multilingual_cmn_Hani_extra", "groups": 15, "rows": 15000, "code_attempts": 0, "code_payload_bytes": 0}
{"segment": "multilingual_fra_Latn_extra", "groups": 5, "rows": 5000, "code_attempts": 0, "code_payload_bytes": 0}
{"segment": "finemath4_shard53_tail", "groups": 11, "rows": 11000, "code_attempts": 0, "code_payload_bytes": 0}
{"segment": "code_python_extra", "groups": 20, "rows": 3044, "code_attempts": 3304, "code_payload_bytes": 3625069}
{"segment": "code_java_extra", "groups": 24, "rows": 842, "code_attempts": 855, "code_payload_bytes": 683807}
{"segment": "pdf_en_extra", "groups": 13, "rows": 13000, "code_attempts": 0, "code_payload_bytes": 0}
{"segment": "code_javascript_extra", "groups": 20, "rows": 3640, "code_attempts": 3647, "code_payload_bytes": 3411360}
{"segment": "code_cpp_extra", "groups": 23, "rows": 3121, "code_attempts": 3204, "code_payload_bytes": 3112713}
{"segment": "code_typescript_extra", "groups": 18, "rows": 6540, "code_attempts": 6540, "code_payload_bytes": 5154583}
{"segment": "finemath4_shard00", "groups": 17, "rows": 16680, "code_attempts": 0, "code_payload_bytes": 0}
{"segment": "code_java_extra", "groups": 25, "rows": 872, "code_attempts": 885, "code_payload_bytes": 703899}
{"segment": "code_python_extra", "groups": 21, "rows": 3205, "code_attempts": 3476, "code_payload_bytes": 3801971}
{"segment": "multilingual_fra_Latn_extra", "groups": 6, "rows": 6000, "code_attempts": 0, "code_payload_bytes": 0}
{"segment": "multilingual_cmn_Hani_extra", "groups": 16, "rows": 16000, "code_attempts": 0, "code_payload_bytes": 0}
{"segment": "finemath4_shard53_tail", "groups": 12, "rows": 12000, "code_attempts": 0, "code_payload_bytes": 0}
{"segment": "pdf_en_extra", "groups": 14, "rows": 14000, "code_attempts": 0, "code_payload_bytes": 0}
{"segment": "finemath4_shard00", "groups": 18, "rows": 17680, "code_attempts": 0, "code_payload_bytes": 0}
{"segment": "code_cpp_extra", "groups": 24, "rows": 3260, "code_attempts": 3348, "code_payload_bytes": 3258079}
{"segment": "code_javascript_extra", "groups": 21, "rows": 3835, "code_attempts": 3843, "code_payload_bytes": 3611027}
{"segment": "code_typescript_extra", "groups": 19, "rows": 6899, "code_attempts": 6899, "code_payload_bytes": 5489335}
{"segment": "multilingual_fra_Latn_extra", "groups": 7, "rows": 7000, "code_attempts": 0, "code_payload_bytes": 0}
{"segment_id": "multilingual_fra_Latn_extra", "logical_source_id": "multilingual_fra_Latn", "status": "RAW_SEGMENT_READY", "rows_written": 7000, "output_bytes": 12998781, "error_type": null, "stop_reason": null}
{"segment": "code_java_extra", "groups": 26, "rows": 895, "code_attempts": 909, "code_payload_bytes": 720321}
{"segment": "multilingual_cmn_Hani_extra", "groups": 17, "rows": 17000, "code_attempts": 0, "code_payload_bytes": 0}
{"segment": "finemath4_shard00", "groups": 19, "rows": 18680, "code_attempts": 0, "code_payload_bytes": 0}
{"segment": "pdf_en_extra", "groups": 15, "rows": 15000, "code_attempts": 0, "code_payload_bytes": 0}
{"segment": "code_java_extra", "groups": 27, "rows": 938, "code_attempts": 952, "code_payload_bytes": 766477}
{"segment": "finemath4_shard53_tail", "groups": 13, "rows": 13000, "code_attempts": 0, "code_payload_bytes": 0}
{"segment": "code_python_extra", "groups": 22, "rows": 3349, "code_attempts": 3636, "code_payload_bytes": 4005721}
{"segment": "code_cpp_extra", "groups": 25, "rows": 3370, "code_attempts": 3462, "code_payload_bytes": 3388461}
{"segment": "code_javascript_extra", "groups": 22, "rows": 4018, "code_attempts": 4026, "code_payload_bytes": 3763381}
{"segment": "code_python_extra", "groups": 23, "rows": 3517, "code_attempts": 3821, "code_payload_bytes": 4192726}
{"segment": "multilingual_cmn_Hani_extra", "groups": 18, "rows": 18000, "code_attempts": 0, "code_payload_bytes": 0}
{"segment": "code_java_extra", "groups": 28, "rows": 983, "code_attempts": 997, "code_payload_bytes": 792726}
{"segment": "finemath4_shard00", "groups": 20, "rows": 19680, "code_attempts": 0, "code_payload_bytes": 0}
{"segment": "code_cpp_extra", "groups": 26, "rows": 3521, "code_attempts": 3615, "code_payload_bytes": 3528400}
{"segment": "code_typescript_extra", "groups": 20, "rows": 7256, "code_attempts": 7256, "code_payload_bytes": 5780156}
{"segment": "code_javascript_extra", "groups": 23, "rows": 4205, "code_attempts": 4213, "code_payload_bytes": 3922605}
{"segment": "code_java_extra", "groups": 29, "rows": 1022, "code_attempts": 1037, "code_payload_bytes": 845853}
{"segment": "code_python_extra", "groups": 24, "rows": 3671, "code_attempts": 3984, "code_payload_bytes": 4375554}
{"segment": "code_java_extra", "groups": 30, "rows": 1050, "code_attempts": 1066, "code_payload_bytes": 866828}
{"segment": "multilingual_arb_Arab_extra", "groups": 1, "rows": 1000, "code_attempts": 0, "code_payload_bytes": 0}
{"segment": "code_cpp_extra", "groups": 27, "rows": 3674, "code_attempts": 3770, "code_payload_bytes": 3683168}
{"segment": "code_javascript_extra", "groups": 24, "rows": 4387, "code_attempts": 4396, "code_payload_bytes": 4084000}
{"segment": "code_python_extra", "groups": 25, "rows": 3822, "code_attempts": 4149, "code_payload_bytes": 4547996}
{"segment": "multilingual_cmn_Hani_extra", "groups": 19, "rows": 19000, "code_attempts": 0, "code_payload_bytes": 0}
{"segment": "finemath4_shard53_tail", "groups": 14, "rows": 14000, "code_attempts": 0, "code_payload_bytes": 0}
{"segment": "code_typescript_extra", "groups": 21, "rows": 7613, "code_attempts": 7613, "code_payload_bytes": 6066552}
{"segment": "finemath4_shard00", "groups": 21, "rows": 20680, "code_attempts": 0, "code_payload_bytes": 0}
{"segment": "pdf_en_extra", "groups": 16, "rows": 16000, "code_attempts": 0, "code_payload_bytes": 0}
{"segment": "multilingual_cmn_Hani_extra", "groups": 20, "rows": 20000, "code_attempts": 0, "code_payload_bytes": 0}
{"segment": "code_java_extra", "groups": 31, "rows": 1084, "code_attempts": 1100, "code_payload_bytes": 891960}
{"segment": "finemath4_shard53_tail", "groups": 15, "rows": 15000, "code_attempts": 0, "code_payload_bytes": 0}
{"segment": "code_cpp_extra", "groups": 28, "rows": 3802, "code_attempts": 3903, "code_payload_bytes": 3840464}
{"segment": "finemath4_shard00", "groups": 22, "rows": 21680, "code_attempts": 0, "code_payload_bytes": 0}
{"segment": "multilingual_arb_Arab_extra", "groups": 2, "rows": 2000, "code_attempts": 0, "code_payload_bytes": 0}
{"segment": "code_javascript_extra", "groups": 25, "rows": 4553, "code_attempts": 4562, "code_payload_bytes": 4245880}
{"segment": "code_typescript_extra", "groups": 22, "rows": 7989, "code_attempts": 7989, "code_payload_bytes": 6384409}
{"segment": "pdf_en_extra", "groups": 17, "rows": 17000, "code_attempts": 0, "code_payload_bytes": 0}
{"segment": "code_cpp_extra", "groups": 29, "rows": 3940, "code_attempts": 4046, "code_payload_bytes": 3980007}
{"segment": "multilingual_cmn_Hani_extra", "groups": 21, "rows": 21000, "code_attempts": 0, "code_payload_bytes": 0}
{"segment": "code_javascript_extra", "groups": 26, "rows": 4724, "code_attempts": 4733, "code_payload_bytes": 4408340}
{"segment": "code_cpp_extra", "groups": 30, "rows": 4061, "code_attempts": 4172, "code_payload_bytes": 4106482}
{"segment": "code_java_extra", "groups": 32, "rows": 1113, "code_attempts": 1129, "code_payload_bytes": 915358}
{"segment": "finemath4_shard00", "groups": 23, "rows": 22680, "code_attempts": 0, "code_payload_bytes": 0}
{"segment": "finemath4_shard53_tail", "groups": 16, "rows": 16000, "code_attempts": 0, "code_payload_bytes": 0}
{"segment": "code_javascript_extra", "groups": 27, "rows": 4902, "code_attempts": 4911, "code_payload_bytes": 4557338}
{"segment": "code_typescript_extra", "groups": 23, "rows": 8344, "code_attempts": 8344, "code_payload_bytes": 6630671}
{"segment": "multilingual_arb_Arab_extra", "groups": 3, "rows": 3000, "code_attempts": 0, "code_payload_bytes": 0}
{"segment": "code_java_extra", "groups": 33, "rows": 1146, "code_attempts": 1162, "code_payload_bytes": 938466}
{"segment": "code_cpp_extra", "groups": 31, "rows": 4200, "code_attempts": 4313, "code_payload_bytes": 4230252}
{"segment": "multilingual_cmn_Hani_extra", "groups": 22, "rows": 22000, "code_attempts": 0, "code_payload_bytes": 0}
{"segment": "code_javascript_extra", "groups": 28, "rows": 5103, "code_attempts": 5112, "code_payload_bytes": 4735163}
{"segment": "code_java_extra", "groups": 34, "rows": 1183, "code_attempts": 1199, "code_payload_bytes": 963711}
{"segment": "pdf_en_extra", "groups": 18, "rows": 18000, "code_attempts": 0, "code_payload_bytes": 0}
{"segment": "code_typescript_extra", "groups": 24, "rows": 8693, "code_attempts": 8693, "code_payload_bytes": 6881947}
{"segment": "finemath4_shard00", "groups": 24, "rows": 23680, "code_attempts": 0, "code_payload_bytes": 0}
{"segment": "code_cpp_extra", "groups": 32, "rows": 4343, "code_attempts": 4462, "code_payload_bytes": 4360386}
{"segment": "code_java_extra", "groups": 35, "rows": 1212, "code_attempts": 1229, "code_payload_bytes": 988799}
{"segment": "finemath4_shard53_tail", "groups": 17, "rows": 17000, "code_attempts": 0, "code_payload_bytes": 0}
{"segment": "multilingual_arb_Arab_extra", "groups": 4, "rows": 4000, "code_attempts": 0, "code_payload_bytes": 0}
{"segment_id": "multilingual_arb_Arab_extra", "logical_source_id": "multilingual_arb_Arab", "status": "RAW_SEGMENT_READY", "rows_written": 4000, "output_bytes": 7759564, "error_type": null, "stop_reason": null}
{"segment": "multilingual_cmn_Hani_extra", "groups": 23, "rows": 23000, "code_attempts": 0, "code_payload_bytes": 0}
{"segment": "code_typescript_extra", "groups": 25, "rows": 9070, "code_attempts": 9070, "code_payload_bytes": 7140840}
{"segment": "code_java_extra", "groups": 36, "rows": 1247, "code_attempts": 1264, "code_payload_bytes": 1021784}
{"segment": "code_cpp_extra", "groups": 33, "rows": 4495, "code_attempts": 4617, "code_payload_bytes": 4482191}
{"segment": "code_javascript_extra", "groups": 29, "rows": 5279, "code_attempts": 5289, "code_payload_bytes": 4899137}
{"segment": "finemath4_shard00", "groups": 25, "rows": 24680, "code_attempts": 0, "code_payload_bytes": 0}
{"segment": "code_java_extra", "groups": 37, "rows": 1287, "code_attempts": 1304, "code_payload_bytes": 1056882}
{"segment": "pdf_en_extra", "groups": 19, "rows": 19000, "code_attempts": 0, "code_payload_bytes": 0}
{"segment": "code_javascript_extra", "groups": 30, "rows": 5440, "code_attempts": 5450, "code_payload_bytes": 5058982}
{"segment": "code_typescript_extra", "groups": 26, "rows": 9407, "code_attempts": 9407, "code_payload_bytes": 7391240}
{"segment": "multilingual_cmn_Hani_extra", "groups": 24, "rows": 24000, "code_attempts": 0, "code_payload_bytes": 0}
{"segment": "code_java_extra", "groups": 38, "rows": 1333, "code_attempts": 1351, "code_payload_bytes": 1091417}
{"segment": "code_cpp_extra", "groups": 34, "rows": 4612, "code_attempts": 4737, "code_payload_bytes": 4593465}
{"segment": "finemath4_shard53_tail", "groups": 18, "rows": 18000, "code_attempts": 0, "code_payload_bytes": 0}
{"segment": "code_javascript_extra", "groups": 31, "rows": 5602, "code_attempts": 5612, "code_payload_bytes": 5211105}
{"segment": "finemath4_shard00", "groups": 26, "rows": 25680, "code_attempts": 0, "code_payload_bytes": 0}
{"segment": "code_cpp_extra", "groups": 35, "rows": 4739, "code_attempts": 4866, "code_payload_bytes": 4713255}
{"segment": "code_java_extra", "groups": 39, "rows": 1364, "code_attempts": 1383, "code_payload_bytes": 1118034}
{"segment": "code_typescript_extra", "groups": 27, "rows": 9787, "code_attempts": 9787, "code_payload_bytes": 7704393}
{"segment": "code_javascript_extra", "groups": 32, "rows": 5792, "code_attempts": 5802, "code_payload_bytes": 5375246}
{"segment": "multilingual_cmn_Hani_extra", "groups": 25, "rows": 25000, "code_attempts": 0, "code_payload_bytes": 0}
{"segment": "pdf_en_extra", "groups": 20, "rows": 20000, "code_attempts": 0, "code_payload_bytes": 0}
{"segment": "code_cpp_extra", "groups": 36, "rows": 4888, "code_attempts": 5017, "code_payload_bytes": 4855898}
{"segment": "code_java_extra", "groups": 40, "rows": 1391, "code_attempts": 1410, "code_payload_bytes": 1140333}
{"segment": "finemath4_shard00", "groups": 27, "rows": 26680, "code_attempts": 0, "code_payload_bytes": 0}
{"segment": "finemath4_shard53_tail", "groups": 19, "rows": 19000, "code_attempts": 0, "code_payload_bytes": 0}
{"segment": "code_typescript_extra", "groups": 28, "rows": 10144, "code_attempts": 10144, "code_payload_bytes": 7995799}
{"segment": "code_javascript_extra", "groups": 33, "rows": 5980, "code_attempts": 5991, "code_payload_bytes": 5541940}
{"segment": "code_java_extra", "groups": 41, "rows": 1427, "code_attempts": 1447, "code_payload_bytes": 1173486}
{"segment": "code_cpp_extra", "groups": 37, "rows": 5027, "code_attempts": 5162, "code_payload_bytes": 5008004}
{"segment": "code_python_extra", "groups": 26, "rows": 3960, "code_attempts": 4304, "code_payload_bytes": 4715043}
{"segment": "multilingual_cmn_Hani_extra", "groups": 26, "rows": 26000, "code_attempts": 0, "code_payload_bytes": 0}
{"segment": "pdf_en_extra", "groups": 21, "rows": 21000, "code_attempts": 0, "code_payload_bytes": 0}
{"segment": "code_cpp_extra", "groups": 38, "rows": 5179, "code_attempts": 5317, "code_payload_bytes": 5144608}
{"segment": "finemath4_shard00", "groups": 28, "rows": 27680, "code_attempts": 0, "code_payload_bytes": 0}
{"segment": "code_python_extra", "groups": 27, "rows": 4112, "code_attempts": 4466, "code_payload_bytes": 4903195}
{"segment": "finemath4_shard53_tail", "groups": 20, "rows": 20000, "code_attempts": 0, "code_payload_bytes": 0}
{"segment": "code_java_extra", "groups": 42, "rows": 1465, "code_attempts": 1485, "code_payload_bytes": 1204832}
{"segment": "code_typescript_extra", "groups": 29, "rows": 10489, "code_attempts": 10489, "code_payload_bytes": 8246582}
