[rank2]:[W914 18:27:05.265993132 reducer.cpp:1502] Warning: find_unused_parameters=True was specified in DDP constructor, but did not find any unused parameters in the forward pass. This flag results in an extra traversal of the autograd graph every iteration,  which can adversely affect performance. If your model indeed never has any unused parameters in the forward pass, consider turning this flag off. Note that this warning may be a false positive if your model has flow control causing later iterations to have unused parameters. (function operator())
[rank3]:[W914 18:27:05.323596822 reducer.cpp:1502] Warning: find_unused_parameters=True was specified in DDP constructor, but did not find any unused parameters in the forward pass. This flag results in an extra traversal of the autograd graph every iteration,  which can adversely affect performance. If your model indeed never has any unused parameters in the forward pass, consider turning this flag off. Note that this warning may be a false positive if your model has flow control causing later iterations to have unused parameters. (function operator())
[rank0]:[W914 18:27:05.353176414 reducer.cpp:1502] Warning: find_unused_parameters=True was specified in DDP constructor, but did not find any unused parameters in the forward pass. This flag results in an extra traversal of the autograd graph every iteration,  which can adversely affect performance. If your model indeed never has any unused parameters in the forward pass, consider turning this flag off. Note that this warning may be a false positive if your model has flow control causing later iterations to have unused parameters. (function operator())
[rank1]:[W914 18:27:06.472882787 reducer.cpp:1502] Warning: find_unused_parameters=True was specified in DDP constructor, but did not find any unused parameters in the forward pass. This flag results in an extra traversal of the autograd graph every iteration,  which can adversely affect performance. If your model indeed never has any unused parameters in the forward pass, consider turning this flag off. Note that this warning may be a false positive if your model has flow control causing later iterations to have unused parameters. (function operator())
[rank1]: Traceback (most recent call last):
[rank1]:   File "/ssd/scxi253/pretrain500m-20260912-v1/source/cpt-confirmation-v1/train_cpt.py", line 424, in <module>
[rank1]:     if __name__=='__main__':main()
[rank1]:                             ^^^^^^
[rank1]:   File "/ssd/scxi253/pretrain500m-20260912-v1/source/cpt-confirmation-v1/train_cpt.py", line 350, in main
[rank1]:     loss.backward();loss_sum+=loss.detach().float()
[rank1]:     ^^^^^^^^^^^^^^^
[rank1]:   File "/ssd/scxi253/pretraining2/runtime/venv/lib/python3.12/site-packages/torch/_tensor.py", line 631, in backward
[rank1]:     torch.autograd.backward(
[rank1]:   File "/ssd/scxi253/pretraining2/runtime/venv/lib/python3.12/site-packages/torch/autograd/__init__.py", line 381, in backward
[rank1]:     _engine_run_backward(
[rank1]:   File "/ssd/scxi253/pretraining2/runtime/venv/lib/python3.12/site-packages/torch/autograd/graph.py", line 869, in _engine_run_backward
[rank1]:     return Variable._execution_engine.run_backward(  # Calls into the C++ engine to run the backward pass
[rank1]:            ^^^^^^^^^^^^^^^^^^^^^^^^^^^^^^^^^^^^^^^^^^^^^^^^^^^^^^^^^^^^^^^^^^^^^^^^^^^^^^^^^^^^^^^^^^^^^^
[rank1]:   File "/ssd/scxi253/pretraining2/runtime/venv/lib/python3.12/site-packages/torch/autograd/function.py", line 317, in apply
[rank1]:     return user_fn(self, *args)
[rank1]:            ^^^^^^^^^^^^^^^^^^^^
[rank1]:   File "/ssd/scxi253/pretraining2/runtime/venv/lib/python3.12/site-packages/torch/_functorch/_aot_autograd/runtime_wrappers.py", line 2748, in backward
[rank1]:     return impl_fn()
[rank1]:            ^^^^^^^^^
[rank1]:   File "/ssd/scxi253/pretraining2/runtime/venv/lib/python3.12/site-packages/torch/_functorch/_aot_autograd/runtime_wrappers.py", line 2734, in impl_fn
[rank1]:     out = CompiledFunction._backward_impl(ctx, all_args)
[rank1]:           ^^^^^^^^^^^^^^^^^^^^^^^^^^^^^^^^^^^^^^^^^^^^^^
[rank1]:   File "/ssd/scxi253/pretraining2/runtime/venv/lib/python3.12/site-packages/torch/_functorch/_aot_autograd/runtime_wrappers.py", line 2918, in _backward_impl
[rank1]:     out = call_func_at_runtime_with_args(
[rank1]:           ^^^^^^^^^^^^^^^^^^^^^^^^^^^^^^^
[rank1]:   File "/ssd/scxi253/pretraining2/runtime/venv/lib/python3.12/site-packages/torch/_functorch/_aot_autograd/utils.py", line 138, in call_func_at_runtime_with_args
[rank1]:     out = normalize_as_list(f(args))
[rank1]:                             ^^^^^^^
[rank1]:   File "/ssd/scxi253/pretraining2/runtime/venv/lib/python3.12/site-packages/torch/_dynamo/eval_frame.py", line 1263, in _fn
[rank1]:     return fn(*args, **kwargs)
[rank1]:            ^^^^^^^^^^^^^^^^^^^
[rank1]:   File "/ssd/scxi253/pretraining2/runtime/venv/lib/python3.12/site-packages/torch/_inductor/output_code.py", line 656, in __call__
[rank1]:     return self.current_callable(inputs)
[rank1]:            ^^^^^^^^^^^^^^^^^^^^^^^^^^^^^
[rank1]:   File "/ssd/scxi253/pretraining2/runtime/venv/lib/python3.12/site-packages/torch/_inductor/utils.py", line 3401, in run
[rank1]:     out = model(new_inputs)
[rank1]:           ^^^^^^^^^^^^^^^^^
[rank1]:   File "/tmp/p529m-confirmation-v1-1589615-inductor/ga/cgaqwbzotnn5uyxlj2jdwpmhxo5pp5j5wslqafsie5c47v2aw6hh.py", line 275, in call
[rank1]:     triton_poi_fused__to_copy_1.run(buf5, buf8, 4587520, stream=stream1)
[rank1]:   File "/ssd/scxi253/pretraining2/runtime/venv/lib/python3.12/site-packages/torch/_inductor/runtime/triton_heuristics.py", line 1495, in run
[rank1]:     result = launcher(
[rank1]:              ^^^^^^^^^
[rank1]:   File "<string>", line 5, in launcher
[rank1]:   File "/ssd/scxi253/pretraining2/runtime/venv/lib/python3.12/site-packages/torch/_inductor/runtime/static_triton_launcher.py", line 291, in run
[rank1]:     self.C_impl._launch_kernel(
[rank1]: RuntimeError: CUDA driver error: unspecified launch failure
[rank1]:[W914 18:28:19.976159833 CUDAEvent.h:57] Warning: CUDA warning: unspecified launch failure (function ~CUDAEvent)
[rank1]:[W914 18:28:19.976181341 CUDAEvent.h:57] Warning: CUDA warning: unspecified launch failure (function ~CUDAEvent)
[rank1]:[W914 18:28:19.976187628 CUDAEvent.h:57] Warning: CUDA warning: unspecified launch failure (function ~CUDAEvent)
[rank1]:[W914 18:28:19.976192193 CUDAEvent.h:57] Warning: CUDA warning: unspecified launch failure (function ~CUDAEvent)
[rank1]:[W914 18:28:19.976196369 CUDAEvent.h:57] Warning: CUDA warning: unspecified launch failure (function ~CUDAEvent)
[rank1]:[W914 18:28:19.976205749 CUDAGuardImpl.h:126] Warning: CUDA warning: unspecified launch failure (function destroyEvent)
[rank1]:[W914 18:28:19.976219794 CUDAGuardImpl.h:126] Warning: CUDA warning: unspecified launch failure (function destroyEvent)
[rank1]:[W914 18:28:19.976227805 CUDAGuardImpl.h:126] Warning: CUDA warning: unspecified launch failure (function destroyEvent)
[rank1]:[W914 18:28:19.976240684 CUDAGuardImpl.h:126] Warning: CUDA warning: unspecified launch failure (function destroyEvent)
[rank1]:[W914 18:28:19.976250097 CUDAGuardImpl.h:126] Warning: CUDA warning: unspecified launch failure (function destroyEvent)
[rank1]:[W914 18:28:19.976260074 CUDAGuardImpl.h:126] Warning: CUDA warning: unspecified launch failure (function destroyEvent)
[rank1]:[W914 18:28:19.976269114 CUDAGuardImpl.h:126] Warning: CUDA warning: unspecified launch failure (function destroyEvent)
[rank1]:[W914 18:28:19.976279936 CUDAGuardImpl.h:126] Warning: CUDA warning: unspecified launch failure (function destroyEvent)
[rank1]:[W914 18:28:19.976286926 CUDAGuardImpl.h:126] Warning: CUDA warning: unspecified launch failure (function destroyEvent)
[rank1]:[W914 18:28:19.976295225 CUDAGuardImpl.h:126] Warning: CUDA warning: unspecified launch failure (function destroyEvent)
[rank1]:[W914 18:28:19.976301853 CUDAGuardImpl.h:126] Warning: CUDA warning: unspecified launch failure (function destroyEvent)
[rank1]:[W914 18:28:19.976309979 CUDAGuardImpl.h:126] Warning: CUDA warning: unspecified launch failure (function destroyEvent)
[rank1]:[W914 18:28:19.976316569 CUDAGuardImpl.h:126] Warning: CUDA warning: unspecified launch failure (function destroyEvent)
[rank1]:[W914 18:28:19.976324631 CUDAGuardImpl.h:126] Warning: CUDA warning: unspecified launch failure (function destroyEvent)
[rank1]:[W914 18:28:19.976332525 CUDAGuardImpl.h:126] Warning: CUDA warning: unspecified launch failure (function destroyEvent)
[rank1]:[W914 18:28:19.976342372 CUDAGuardImpl.h:126] Warning: CUDA warning: unspecified launch failure (function destroyEvent)
[rank1]:[W914 18:28:19.976349075 CUDAGuardImpl.h:126] Warning: CUDA warning: unspecified launch failure (function destroyEvent)
[rank1]:[W914 18:28:19.976357255 CUDAGuardImpl.h:126] Warning: CUDA warning: unspecified launch failure (function destroyEvent)
[rank1]:[W914 18:28:19.976364148 CUDAGuardImpl.h:126] Warning: CUDA warning: unspecified launch failure (function destroyEvent)
[rank1]:[W914 18:28:19.976372305 CUDAGuardImpl.h:126] Warning: CUDA warning: unspecified launch failure (function destroyEvent)
[rank1]:[W914 18:28:19.976379019 CUDAGuardImpl.h:126] Warning: CUDA warning: unspecified launch failure (function destroyEvent)
[rank1]:[W914 18:28:19.976387101 CUDAGuardImpl.h:126] Warning: CUDA warning: unspecified launch failure (function destroyEvent)
[rank1]:[W914 18:28:19.976394165 CUDAGuardImpl.h:126] Warning: CUDA warning: unspecified launch failure (function destroyEvent)
[rank1]:[W914 18:28:19.976403201 CUDAGuardImpl.h:126] Warning: CUDA warning: unspecified launch failure (function destroyEvent)
[rank1]:[W914 18:28:19.976410127 CUDAGuardImpl.h:126] Warning: CUDA warning: unspecified launch failure (function destroyEvent)
[rank1]:[W914 18:28:19.976418460 CUDAGuardImpl.h:126] Warning: CUDA warning: unspecified launch failure (function destroyEvent)
[rank1]:[W914 18:28:19.976426654 CUDAGuardImpl.h:126] Warning: CUDA warning: unspecified launch failure (function destroyEvent)
[rank1]:[W914 18:28:19.976435475 CUDAGuardImpl.h:126] Warning: CUDA warning: unspecified launch failure (function destroyEvent)
[rank1]:[W914 18:28:19.976442395 CUDAGuardImpl.h:126] Warning: CUDA warning: unspecified launch failure (function destroyEvent)
[rank1]:[W914 18:28:19.976451422 CUDAGuardImpl.h:126] Warning: CUDA warning: unspecified launch failure (function destroyEvent)
[rank1]:[W914 18:28:19.976459879 CUDAGuardImpl.h:126] Warning: CUDA warning: unspecified launch failure (function destroyEvent)
[rank1]:[W914 18:28:19.976469478 CUDAGuardImpl.h:126] Warning: CUDA warning: unspecified launch failure (function destroyEvent)
[rank1]:[W914 18:28:19.976476057 CUDAGuardImpl.h:126] Warning: CUDA warning: unspecified launch failure (function destroyEvent)
[rank1]:[W914 18:28:19.976484235 CUDAGuardImpl.h:126] Warning: CUDA warning: unspecified launch failure (function destroyEvent)
[rank1]:[W914 18:28:19.976491019 CUDAGuardImpl.h:126] Warning: CUDA warning: unspecified launch failure (function destroyEvent)
[rank1]:[W914 18:28:19.976500295 CUDAGuardImpl.h:126] Warning: CUDA warning: unspecified launch failure (function destroyEvent)
[rank1]:[W914 18:28:19.976508495 CUDAGuardImpl.h:126] Warning: CUDA warning: unspecified launch failure (function destroyEvent)
[rank1]:[W914 18:28:19.976516572 CUDAGuardImpl.h:126] Warning: CUDA warning: unspecified launch failure (function destroyEvent)
[rank1]:[W914 18:28:19.976526264 CUDAGuardImpl.h:126] Warning: CUDA warning: unspecified launch failure (function destroyEvent)
[rank1]:[W914 18:28:19.976534971 CUDAGuardImpl.h:126] Warning: CUDA warning: unspecified launch failure (function destroyEvent)
[rank1]:[W914 18:28:19.976542349 CUDAGuardImpl.h:126] Warning: CUDA warning: unspecified launch failure (function destroyEvent)
[rank1]:[W914 18:28:19.976549724 CUDAGuardImpl.h:126] Warning: CUDA warning: unspecified launch failure (function destroyEvent)
[rank1]:[W914 18:28:19.976556557 CUDAGuardImpl.h:126] Warning: CUDA warning: unspecified launch failure (function destroyEvent)
[rank1]:[W914 18:28:19.976564185 CUDAGuardImpl.h:126] Warning: CUDA warning: unspecified launch failure (function destroyEvent)
[rank1]:[W914 18:28:19.976571192 CUDAGuardImpl.h:126] Warning: CUDA warning: unspecified launch failure (function destroyEvent)
[rank1]:[W914 18:28:19.976579048 CUDAGuardImpl.h:126] Warning: CUDA warning: unspecified launch failure (function destroyEvent)
[rank1]:[W914 18:28:19.976585774 CUDAGuardImpl.h:126] Warning: CUDA warning: unspecified launch failure (function destroyEvent)
[rank1]:[W914 18:28:19.976594161 CUDAGuardImpl.h:126] Warning: CUDA warning: unspecified launch failure (function destroyEvent)
[rank1]:[W914 18:28:19.976601224 CUDAGuardImpl.h:126] Warning: CUDA warning: unspecified launch failure (function destroyEvent)
[rank1]:[W914 18:28:19.976609331 CUDAGuardImpl.h:126] Warning: CUDA warning: unspecified launch failure (function destroyEvent)
[rank1]:[W914 18:28:19.976617203 CUDAGuardImpl.h:126] Warning: CUDA warning: unspecified launch failure (function destroyEvent)
[rank1]:[W914 18:28:19.976625486 CUDAGuardImpl.h:126] Warning: CUDA warning: unspecified launch failure (function destroyEvent)
[rank1]:[W914 18:28:19.976631905 CUDAGuardImpl.h:126] Warning: CUDA warning: unspecified launch failure (function destroyEvent)
[rank1]:[W914 18:28:19.976639524 CUDAGuardImpl.h:126] Warning: CUDA warning: unspecified launch failure (function destroyEvent)
[rank1]:[W914 18:28:19.976648346 CUDAGuardImpl.h:126] Warning: CUDA warning: unspecified launch failure (function destroyEvent)
[rank1]:[W914 18:28:20.867509044 CUDAEvent.h:57] Warning: CUDA warning: unspecified launch failure (function ~CUDAEvent)
W0914 18:28:20.969000 16071 torch/distributed/elastic/multiprocessing/api.py:1012] Sending process 16092 closing signal SIGTERM
W0914 18:28:20.977000 16071 torch/distributed/elastic/multiprocessing/api.py:1012] Sending process 16094 closing signal SIGTERM
W0914 18:28:20.977000 16071 torch/distributed/elastic/multiprocessing/api.py:1012] Sending process 16095 closing signal SIGTERM
W0914 18:28:50.978000 16071 torch/distributed/elastic/multiprocessing/api.py:1031] Unable to shutdown process 16092 via 15, forcefully exiting via 9
W0914 18:28:51.191000 16071 torch/distributed/elastic/multiprocessing/api.py:1031] Unable to shutdown process 16094 via 15, forcefully exiting via 9
W0914 18:28:51.404000 16071 torch/distributed/elastic/multiprocessing/api.py:1031] Unable to shutdown process 16095 via 15, forcefully exiting via 9
E0914 18:28:51.608000 16071 torch/distributed/elastic/multiprocessing/api.py:986] failed (exitcode: 1) local_rank: 1 (pid: 16093) of binary: /ssd/scxi253/pretraining2/runtime/protrek-venv/bin/python
Traceback (most recent call last):
  File "<frozen runpy>", line 198, in _run_module_as_main
  File "<frozen runpy>", line 88, in _run_code
  File "/ssd/scxi253/pretraining2/runtime/venv/lib/python3.12/site-packages/torch/distributed/run.py", line 994, in <module>
    main()
  File "/ssd/scxi253/pretraining2/runtime/venv/lib/python3.12/site-packages/torch/distributed/elastic/multiprocessing/errors/__init__.py", line 362, in wrapper
    return f(*args, **kwargs)
           ^^^^^^^^^^^^^^^^^^
  File "/ssd/scxi253/pretraining2/runtime/venv/lib/python3.12/site-packages/torch/distributed/run.py", line 990, in main
    run(args)
  File "/ssd/scxi253/pretraining2/runtime/venv/lib/python3.12/site-packages/torch/distributed/run.py", line 981, in run
    elastic_launch(
  File "/ssd/scxi253/pretraining2/runtime/venv/lib/python3.12/site-packages/torch/distributed/launcher/api.py", line 170, in __call__
    return launch_agent(self._config, self._entrypoint, list(args))
           ^^^^^^^^^^^^^^^^^^^^^^^^^^^^^^^^^^^^^^^^^^^^^^^^^^^^^^^^
  File "/ssd/scxi253/pretraining2/runtime/venv/lib/python3.12/site-packages/torch/distributed/launcher/api.py", line 317, in launch_agent
    raise ChildFailedError(
torch.distributed.elastic.multiprocessing.errors.ChildFailedError: 
============================================================
/ssd/scxi253/pretrain500m-20260912-v1/source/cpt-confirmation-v1/train_cpt.py FAILED
------------------------------------------------------------
Failures:
[1]:
  time      : 2026-09-14_18:28:51
  host      : wqd10nah08g5
  rank      : 0 (local_rank: 0)
  exitcode  : -9 (pid: 16092)
  error_file: <N/A>
  traceback : Signal 9 (SIGKILL) received by PID 16092
[2]:
  time      : 2026-09-14_18:28:51
  host      : wqd10nah08g5
  rank      : 2 (local_rank: 2)
  exitcode  : -9 (pid: 16094)
  error_file: <N/A>
  traceback : Signal 9 (SIGKILL) received by PID 16094
[3]:
  time      : 2026-09-14_18:28:51
  host      : wqd10nah08g5
  rank      : 3 (local_rank: 3)
  exitcode  : -9 (pid: 16095)
  error_file: <N/A>
  traceback : Signal 9 (SIGKILL) received by PID 16095
------------------------------------------------------------
Root Cause (first observed failure):
[0]:
  time      : 2026-09-14_18:28:20
  host      : wqd10nah08g5
  rank      : 1 (local_rank: 1)
  exitcode  : 1 (pid: 16093)
  error_file: <N/A>
  traceback : To enable traceback see: https://pytorch.org/docs/stable/elastic/errors.html
============================================================
srun: error: wqd10nah08g5: task 0: Exited with exit code 1
srun: Terminating StepId=1589615.0
