mixture.py: OK
resume.py: OK
train_cpt.py: OK
test_v2.py: OK
README.md: OK
{"step": 1, "prediction_tokens": 2097152, "loss": 3.081422805786133, "lr": 1.25e-05, "grad_norm": 0.5464538335800171, "step_seconds": 74.87758304306772, "tokens_per_second": 28007.741633350674, "mfu": 0.1333534487396635, "elapsed_seconds": 74.87760861008428, "unix": 1789350432.6209025, "ddp_buckets_rebuilt": false}
{"step": 2, "prediction_tokens": 4194304, "loss": 3.1263234615325928, "lr": 2.5e-05, "grad_norm": 0.36839181184768677, "step_seconds": 12.786575602018274, "tokens_per_second": 164012.0126978312, "mfu": 0.780911499909916, "elapsed_seconds": 87.68701397103723, "unix": 1789350445.4302921, "ddp_buckets_rebuilt": false}
{"step": 3, "prediction_tokens": 6291456, "loss": 3.075544595718384, "lr": 3.7500000000000003e-05, "grad_norm": 0.37825995683670044, "step_seconds": 13.072765760007314, "tokens_per_second": 160421.44703729678, "mfu": 0.7638157154647925, "elapsed_seconds": 100.77386982901953, "unix": 1789350458.517154, "ddp_buckets_rebuilt": false}
{"step": 4, "prediction_tokens": 8388608, "loss": 3.0253777503967285, "lr": 5e-05, "grad_norm": 0.342857301235199, "step_seconds": 13.058030466083437, "tokens_per_second": 160602.47412096977, "mfu": 0.7646776409366532, "elapsed_seconds": 113.8442096801009, "unix": 1789350471.587485, "ddp_buckets_rebuilt": false}
{"step": 5, "prediction_tokens": 10485760, "loss": 3.0000205039978027, "lr": 6.25e-05, "grad_norm": 0.31879985332489014, "step_seconds": 12.965813929913566, "tokens_per_second": 161744.7243448125, "mfu": 0.770116244615134, "elapsed_seconds": 126.8222773669986, "unix": 1789350484.565553, "ddp_buckets_rebuilt": false}
{"step": 6, "prediction_tokens": 12582912, "loss": 3.0129568576812744, "lr": 7.500000000000001e-05, "grad_norm": 0.2685588300228119, "step_seconds": 12.82677188096568, "tokens_per_second": 163498.03516129212, "mfu": 0.7784642952059642, "elapsed_seconds": 139.66641569999047, "unix": 1789350497.4096909, "ddp_buckets_rebuilt": false}
{"step": 7, "prediction_tokens": 14680064, "loss": 2.988393783569336, "lr": 8.75e-05, "grad_norm": 0.24583007395267487, "step_seconds": 12.835636893985793, "tokens_per_second": 163385.1142191964, "mfu": 0.7779266439643708, "elapsed_seconds": 152.51326328201685, "unix": 1789350510.2565408, "ddp_buckets_rebuilt": false}
{"step": 8, "prediction_tokens": 16777216, "loss": 2.9731264114379883, "lr": 0.0001, "grad_norm": 0.19956426322460175, "step_seconds": 12.850929169915617, "tokens_per_second": 163190.69012608763, "mfu": 0.7770009312213175, "elapsed_seconds": 165.38129956799094, "unix": 1789350523.1245804, "ddp_buckets_rebuilt": false}
{"step": 9, "prediction_tokens": 18874368, "loss": 2.9894700050354004, "lr": 0.0001, "grad_norm": 0.18007706105709076, "step_seconds": 12.861904479097575, "tokens_per_second": 163051.4363878359, "mfu": 0.7763379014601587, "elapsed_seconds": 178.25441375910304, "unix": 1789350535.9976876, "ddp_buckets_rebuilt": false}
{"step": 10, "prediction_tokens": 20971520, "loss": 2.9935412406921387, "lr": 0.0001, "grad_norm": 0.14508511126041412, "step_seconds": 12.862692713038996, "tokens_per_second": 163041.44449273078, "mfu": 0.7762903269827461, "elapsed_seconds": 191.13380140904337, "unix": 1789350548.8770866, "ddp_buckets_rebuilt": false}
{"step": 11, "prediction_tokens": 23068672, "loss": 2.9240970611572266, "lr": 0.0001, "grad_norm": 0.12003286927938461, "step_seconds": 12.860525975003839, "tokens_per_second": 163068.9136724343, "mfu": 0.7764211161729446, "elapsed_seconds": 204.0056873470312, "unix": 1789350561.7489629, "ddp_buckets_rebuilt": false}
{"step": 12, "prediction_tokens": 25165824, "loss": 2.907449245452881, "lr": 0.0001, "grad_norm": 0.1427844762802124, "step_seconds": 12.86305496096611, "tokens_per_second": 163036.8529376546, "mfu": 0.7762684651806593, "elapsed_seconds": 216.88186531199608, "unix": 1789350574.6251397, "ddp_buckets_rebuilt": false}
{"step": 13, "prediction_tokens": 27262976, "loss": 2.9193341732025146, "lr": 0.0001, "grad_norm": 0.1265382468700409, "step_seconds": 12.863906058948487, "tokens_per_second": 163026.06614117516, "mfu": 0.7762171059339833, "elapsed_seconds": 229.75856463704258, "unix": 1789350587.501842, "ddp_buckets_rebuilt": false}
{"step": 14, "prediction_tokens": 29360128, "loss": 2.8875155448913574, "lr": 0.0001, "grad_norm": 0.11266709119081497, "step_seconds": 12.861838795943186, "tokens_per_second": 163052.26906291756, "mfu": 0.7763418660816291, "elapsed_seconds": 242.63446813100018, "unix": 1789350600.3777487, "ddp_buckets_rebuilt": false}
{"step": 15, "prediction_tokens": 31457280, "loss": 2.9101479053497314, "lr": 0.0001, "grad_norm": 0.11315664649009705, "step_seconds": 12.867261006962508, "tokens_per_second": 162983.55950541655, "mfu": 0.7760147188030629, "elapsed_seconds": 255.5214518290013, "unix": 1789350613.2647257, "ddp_buckets_rebuilt": false}
{"step": 16, "prediction_tokens": 33554432, "loss": 2.9908294677734375, "lr": 0.0001, "grad_norm": 0.11391985416412354, "step_seconds": 12.866093099000864, "tokens_per_second": 162998.35419058622, "mfu": 0.7760851608371341, "elapsed_seconds": 268.398300742032, "unix": 1789350626.1415756, "ddp_buckets_rebuilt": false}
{"step": 17, "prediction_tokens": 35651584, "loss": 2.853592872619629, "lr": 0.0001, "grad_norm": 0.09138378500938416, "step_seconds": 12.86391762306448, "tokens_per_second": 163025.91958766058, "mfu": 0.776216408147748, "elapsed_seconds": 281.2747559740674, "unix": 1789350639.0180395, "ddp_buckets_rebuilt": false}
{"step": 18, "prediction_tokens": 37748736, "loss": 2.8937954902648926, "lr": 0.0001, "grad_norm": 0.09680993109941483, "step_seconds": 12.865049044019543, "tokens_per_second": 163011.5822197261, "mfu": 0.7761481435413066, "elapsed_seconds": 294.1533632420469, "unix": 1789350651.8966398, "ddp_buckets_rebuilt": false}
{"step": 19, "prediction_tokens": 39845888, "loss": 2.8919126987457275, "lr": 0.0001, "grad_norm": 0.10213066637516022, "step_seconds": 12.860296304919757, "tokens_per_second": 163071.8258954676, "mfu": 0.7764349821600732, "elapsed_seconds": 307.02521658700425, "unix": 1789350664.7684913, "ddp_buckets_rebuilt": false}
{"step": 20, "prediction_tokens": 41943040, "loss": 2.8128926753997803, "lr": 0.0001, "grad_norm": 0.11483792960643768, "step_seconds": 12.861960273934528, "tokens_per_second": 163050.7290751002, "mfu": 0.7763345337272697, "elapsed_seconds": 319.8990597130032, "unix": 1789350677.642335, "ddp_buckets_rebuilt": false}
{"status": "QUALIFICATION_COMPLETED", "formal_promotion": false, "mfu_window_passed": true, "step": 20, "tokens": 41943040, "unix": 1789350717.362353}
{"step": 1, "prediction_tokens": 2097152, "loss": 3.081422805786133, "lr": 1.25e-05, "grad_norm": 0.5464538335800171, "step_seconds": 36.51241829700302, "tokens_per_second": 57436.677651453625, "mfu": 0.2734736398685272, "elapsed_seconds": 36.51245498296339, "unix": 1789350804.5031369, "ddp_buckets_rebuilt": false}
