README.md: OK
candidates.json: OK
run.sbatch: OK
submit.py: OK
summarize_candidate.py: OK
test_summarize_candidate.py: OK
/ssd/scxi253/pretrain500m-20260912-v1/source/mixture-pilot-eval-v1/candidates.json: OK
/ssd/scxi253/pretrain500m-20260912-v1/source/protocol-v5.json: OK
/ssd/scxi253/pretrain500m-20260912-v1/artifacts/eval-hf-home/eval-cache-manifest.json: OK
/ssd/scxi253/pretrain500m-20260912-v1/posttrain/seven-task-confirmation-2gpu-v1/1590907/base/seven-task-aggregate.json: OK
/ssd/scxi253/pretrain500m-20260912-v1/posttrain/mixture-pilots-v1/r4-lr6e5-seed20260916-1590967/train/model-final.pt: OK
{"aliases": 4, "bytes": 140809940, "files": 83, "status": "PASS_FROZEN_OFFLINE_EVAL_CACHE"}
{"argmax_agreement": 0.984375, "argmax_matches": 252, "argmax_total": 256, "checkpoint": "/ssd/scxi253/pretrain500m-20260912-v1/posttrain/mixture-pilots-v1/r4-lr6e5-seed20260916-1590967/train/model-final.pt", "checkpoint_sha256": "121997e8d876c88582368f67cf1fcb163ea6adff72b5eea00964dcb1060fbbbf", "checkpoint_step": 256, "dtype": "bfloat16", "files": [{"bytes": 696, "path": "config.json", "sha256": "880d4cdad66bf97a2d0830ae36ac999c844b2c16e6c4b8b00eea18013141a6a0"}, {"bytes": 115, "path": "generation_config.json", "sha256": "000cfff4d7f7c400a45cd02b275313ed128cf94fec5ecec7a5eee5dbb1833b9e"}, {"bytes": 1057524496, "path": "model.safetensors", "sha256": "183f931ba69b96cd228e7b31450094669484e9ca0b702ec0d60b986b665019c1"}, {"bytes": 293, "path": "special_tokens_map.json", "sha256": "a6188c1e366f8ed715e60ff39c46a8c500fc33508e2affeb23e8c547c5853193"}, {"bytes": 3565402, "path": "tokenizer.json", "sha256": "30d71356c5ba154006df5bbb4a0583fc434525ceeb2f27a7d8a237ce5db26dc6"}, {"bytes": 5307, "path": "tokenizer_config.json", "sha256": "65fb76dbcacdc8505ec00c53fa3cecac07b1124bf08c88a70bdf3b14d617bc87"}], "functional_limits": {"max_abs_logit_difference": 0.5, "mean_abs_logit_difference": 0.025, "minimum_argmax_agreement": 0.97}, "logit_difference_quantiles": {"0.5": 0.015625, "0.9": 0.0390625, "0.99": 0.0673828125, "0.999": 0.109375, "0.9999": 0.140625}, "logit_parity_attention": "eager", "max_abs_logit_difference": 0.21875, "mean_abs_logit_difference": 0.018901856616139412, "parameters_total": 528748800, "sample_shape": [2, 128], "state_tensor_count": 237, "state_tensor_parity": "bitwise_exact", "status": "PASS_HF_EXPORT_BITWISE_STATE_AND_BOUNDED_BF16_LOGIT_DRIFT", "tokenizer_adapter": {"eos_token_id": 50279, "export_class": "PreTrainedTokenizerFast", "original_class": "OLMoTokenizer", "pad_token_id": 1, "token_id_equivalence_samples": 3, "vocab_size": 50280}, "tokenizer_files_copied": ["special_tokens_map.json", "tokenizer.json", "tokenizer_config.json"]}
Passed argument batch_size = auto:1. Detecting largest batch size
Passed argument batch_size = auto:1. Detecting largest batch size
Determined largest batch size: 64
Determined largest batch size: 64
{
  "results": {
    "arc_challenge": {
      "alias": "arc_challenge",
      "acc,none": 0.2593856655290102,
      "acc_stderr,none": 0.012808273573927224,
      "acc_norm,none": 0.29436860068259385,
      "acc_norm_stderr,none": 0.013318528460539387
    },
    "arc_easy": {
      "alias": "arc_easy",
      "acc,none": 0.5976430976430976,
      "acc_stderr,none": 0.01006224471101146,
      "acc_norm,none": 0.5547138047138047,
      "acc_norm_stderr,none": 0.01019817113787389
    },
    "boolq": {
      "alias": "boolq",
      "acc,none": 0.5785932721712538,
      "acc_stderr,none": 0.008636344580414772
    },
    "hellaswag": {
      "alias": "hellaswag",
      "acc,none": 0.3465445130452101,
      "acc_stderr,none": 0.00474896571721416,
      "acc_norm,none": 0.42620991834295957,
      "acc_norm_stderr,none": 0.004935143791573489
    },
    "openbookqa": {
      "alias": "openbookqa",
      "acc,none": 0.212,
      "acc_stderr,none": 0.01829703700401386,
      "acc_norm,none": 0.326,
      "acc_norm_stderr,none": 0.02098400956239367
    },
    "piqa": {
      "alias": "piqa",
      "acc,none": 0.6773667029379761,
      "acc_stderr,none": 0.010907166359856488,
      "acc_norm,none": 0.6713819368879217,
      "acc_norm_stderr,none": 0.010959127105167173
    },
    "winogrande": {
      "alias": "winogrande",
      "acc,none": 0.5177584846093133,
      "acc_stderr,none": 0.014043619596174988
    }
  },
  "group_subtasks": {
    "arc_challenge": [],
    "arc_easy": [],
    "boolq": [],
    "hellaswag": [],
    "openbookqa": [],
    "piqa": [],
    "winogrande": []
  },
  "configs": {
    "arc_challenge": {
      "task": "arc_challenge",
      "tag": [
        "ai2_arc"
      ],
      "dataset_path": "allenai/ai2_arc",
      "dataset_name": "ARC-Challenge",
      "training_split": "train",
      "validation_split": "validation",
      "test_split": "test",
      "doc_to_text": "Question: {{question}}\nAnswer:",
      "doc_to_target": "{{choices.label.index(answerKey)}}",
      "unsafe_code": false,
      "doc_to_choice": "{{choices.text}}",
      "description": "",
      "target_delimiter": " ",
      "fewshot_delimiter": "\n\n",
      "num_fewshot": 0,
      "metric_list": [
        {
          "metric": "acc",
          "aggregation": "mean",
          "higher_is_better": true
        },
        {
          "metric": "acc_norm",
          "aggregation": "mean",
          "higher_is_better": true
        }
      ],
      "output_type": "multiple_choice",
      "repeats": 1,
      "should_decontaminate": true,
      "doc_to_decontamination_query": "Question: {{question}}\nAnswer:",
      "metadata": {
        "version": 1.0,
        "pretrained": "/tmp/p529m-mixture-eval-r4-lr6e5-seed20260916-1591424/export",
        "dtype": "bfloat16",
        "trust_remote_code": false,
        "max_length": 2048,
        "protocol_id": "p500m-english-base-v5",
        "candidate_id": "r4-lr6e5-seed20260916",
        "checkpoint_sha256": "121997e8d876c88582368f67cf1fcb163ea6adff72b5eea00964dcb1060fbbbf",
        "world_size": 2
      }
    },
    "arc_easy": {
      "task": "arc_easy",
      "tag": [
        "ai2_arc"
      ],
      "dataset_path": "allenai/ai2_arc",
      "dataset_name": "ARC-Easy",
      "training_split": "train",
      "validation_split": "validation",
      "test_split": "test",
      "doc_to_text": "Question: {{question}}\nAnswer:",
      "doc_to_target": "{{choices.label.index(answerKey)}}",
      "unsafe_code": false,
      "doc_to_choice": "{{choices.text}}",
      "description": "",
      "target_delimiter": " ",
      "fewshot_delimiter": "\n\n",
      "num_fewshot": 0,
      "metric_list": [
        {
          "metric": "acc",
          "aggregation": "mean",
          "higher_is_better": true
        },
        {
          "metric": "acc_norm",
          "aggregation": "mean",
          "higher_is_better": true
        }
      ],
      "output_type": "multiple_choice",
      "repeats": 1,
      "should_decontaminate": true,
      "doc_to_decontamination_query": "Question: {{question}}\nAnswer:",
      "metadata": {
        "version": 1.0,
        "pretrained": "/tmp/p529m-mixture-eval-r4-lr6e5-seed20260916-1591424/export",
        "dtype": "bfloat16",
        "trust_remote_code": false,
        "max_length": 2048,
        "protocol_id": "p500m-english-base-v5",
        "candidate_id": "r4-lr6e5-seed20260916",
        "checkpoint_sha256": "121997e8d876c88582368f67cf1fcb163ea6adff72b5eea00964dcb1060fbbbf",
        "world_size": 2
      }
    },
    "boolq": {
      "task": "boolq",
      "tag": [
        "super-glue-lm-eval-v1"
      ],
      "dataset_path": "super_glue",
      "dataset_name": "boolq",
      "training_split": "train",
      "validation_split": "validation",
      "doc_to_text": "{{passage}}\nQuestion: {{question}}?\nAnswer:",
      "doc_to_target": "label",
      "unsafe_code": false,
      "doc_to_choice": [
        "no",
        "yes"
      ],
      "description": "",
      "target_delimiter": " ",
      "fewshot_delimiter": "\n\n",
      "num_fewshot": 0,
      "metric_list": [
        {
          "metric": "acc"
        }
      ],
      "output_type": "multiple_choice",
      "repeats": 1,
      "should_decontaminate": true,
      "doc_to_decontamination_query": "passage",
      "metadata": {
        "version": 2.0,
        "pretrained": "/tmp/p529m-mixture-eval-r4-lr6e5-seed20260916-1591424/export",
        "dtype": "bfloat16",
        "trust_remote_code": false,
        "max_length": 2048,
        "protocol_id": "p500m-english-base-v5",
        "candidate_id": "r4-lr6e5-seed20260916",
        "checkpoint_sha256": "121997e8d876c88582368f67cf1fcb163ea6adff72b5eea00964dcb1060fbbbf",
        "world_size": 2
      }
    },
    "hellaswag": {
      "task": "hellaswag",
      "tag": [
        "multiple_choice"
      ],
      "dataset_path": "hellaswag",
      "dataset_kwargs": {
        "trust_remote_code": true
      },
      "training_split": "train",
      "validation_split": "validation",
      "process_docs": "def process_docs(dataset: datasets.Dataset) -> datasets.Dataset:\n    def _process_doc(doc):\n        ctx = doc[\"ctx_a\"] + \" \" + doc[\"ctx_b\"].capitalize()\n        out_doc = {\n            \"query\": preprocess(doc[\"activity_label\"] + \": \" + ctx),\n            \"choices\": [preprocess(ending) for ending in doc[\"endings\"]],\n            \"gold\": int(doc[\"label\"]),\n        }\n        return out_doc\n\n    return dataset.map(_process_doc)\n",
      "doc_to_text": "{{query}}",
      "doc_to_target": "{{label}}",
      "unsafe_code": false,
      "doc_to_choice": "choices",
      "description": "",
      "target_delimiter": " ",
      "fewshot_delimiter": "\n\n",
      "num_fewshot": 0,
      "metric_list": [
        {
          "metric": "acc",
          "aggregation": "mean",
          "higher_is_better": true
        },
        {
          "metric": "acc_norm",
          "aggregation": "mean",
          "higher_is_better": true
        }
      ],
      "output_type": "multiple_choice",
      "repeats": 1,
      "should_decontaminate": false,
      "metadata": {
        "version": 1.0,
        "pretrained": "/tmp/p529m-mixture-eval-r4-lr6e5-seed20260916-1591424/export",
        "dtype": "bfloat16",
        "trust_remote_code": false,
        "max_length": 2048,
        "protocol_id": "p500m-english-base-v5",
        "candidate_id": "r4-lr6e5-seed20260916",
        "checkpoint_sha256": "121997e8d876c88582368f67cf1fcb163ea6adff72b5eea00964dcb1060fbbbf",
        "world_size": 2
      }
    },
    "openbookqa": {
      "task": "openbookqa",
      "dataset_path": "openbookqa",
      "dataset_name": "main",
      "training_split": "train",
      "validation_split": "validation",
      "test_split": "test",
      "doc_to_text": "question_stem",
      "doc_to_target": "{{choices.label.index(answerKey.lstrip())}}",
      "unsafe_code": false,
      "doc_to_choice": "{{choices.text}}",
      "description": "",
      "target_delimiter": " ",
      "fewshot_delimiter": "\n\n",
      "num_fewshot": 0,
      "metric_list": [
        {
          "metric": "acc",
          "aggregation": "mean",
          "higher_is_better": true
        },
        {
          "metric": "acc_norm",
          "aggregation": "mean",
          "higher_is_better": true
        }
      ],
      "output_type": "multiple_choice",
      "repeats": 1,
      "should_decontaminate": true,
      "doc_to_decontamination_query": "question_stem",
      "metadata": {
        "version": 1.0,
        "pretrained": "/tmp/p529m-mixture-eval-r4-lr6e5-seed20260916-1591424/export",
        "dtype": "bfloat16",
        "trust_remote_code": false,
        "max_length": 2048,
        "protocol_id": "p500m-english-base-v5",
        "candidate_id": "r4-lr6e5-seed20260916",
        "checkpoint_sha256": "121997e8d876c88582368f67cf1fcb163ea6adff72b5eea00964dcb1060fbbbf",
        "world_size": 2
      }
    },
    "piqa": {
      "task": "piqa",
      "dataset_path": "baber/piqa",
      "dataset_kwargs": {
        "trust_remote_code": true
      },
      "training_split": "train",
      "validation_split": "validation",
      "doc_to_text": "Question: {{goal}}\nAnswer:",
      "doc_to_target": "label",
      "unsafe_code": false,
      "doc_to_choice": "{{[sol1, sol2]}}",
      "description": "",
      "target_delimiter": " ",
      "fewshot_delimiter": "\n\n",
      "num_fewshot": 0,
      "metric_list": [
        {
          "metric": "acc",
          "aggregation": "mean",
          "higher_is_better": true
        },
        {
          "metric": "acc_norm",
          "aggregation": "mean",
          "higher_is_better": true
        }
      ],
      "output_type": "multiple_choice",
      "repeats": 1,
      "should_decontaminate": true,
      "doc_to_decontamination_query": "goal",
      "metadata": {
        "version": 1.0,
        "pretrained": "/tmp/p529m-mixture-eval-r4-lr6e5-seed20260916-1591424/export",
        "dtype": "bfloat16",
        "trust_remote_code": false,
        "max_length": 2048,
        "protocol_id": "p500m-english-base-v5",
        "candidate_id": "r4-lr6e5-seed20260916",
        "checkpoint_sha256": "121997e8d876c88582368f67cf1fcb163ea6adff72b5eea00964dcb1060fbbbf",
        "world_size": 2
      }
    },
    "winogrande": {
      "task": "winogrande",
      "dataset_path": "winogrande",
      "dataset_name": "winogrande_xl",
      "dataset_kwargs": {
        "trust_remote_code": true
      },
      "training_split": "train",
      "validation_split": "validation",
      "doc_to_text": "def doc_to_text(doc):\n    answer_to_num = {\"1\": 0, \"2\": 1}\n    return answer_to_num[doc[\"answer\"]]\n",
      "doc_to_target": "def doc_to_target(doc):\n    idx = doc[\"sentence\"].index(\"_\") + 1\n    return doc[\"sentence\"][idx:].strip()\n",
      "unsafe_code": false,
      "doc_to_choice": "def doc_to_choice(doc):\n    idx = doc[\"sentence\"].index(\"_\")\n    options = [doc[\"option1\"], doc[\"option2\"]]\n    return [doc[\"sentence\"][:idx] + opt for opt in options]\n",
      "description": "",
      "target_delimiter": " ",
      "fewshot_delimiter": "\n\n",
      "num_fewshot": 0,
      "metric_list": [
        {
          "metric": "acc",
          "aggregation": "mean",
          "higher_is_better": true
        }
      ],
      "output_type": "multiple_choice",
      "repeats": 1,
      "should_decontaminate": true,
      "doc_to_decontamination_query": "sentence",
      "metadata": {
        "version": 1.0,
        "pretrained": "/tmp/p529m-mixture-eval-r4-lr6e5-seed20260916-1591424/export",
        "dtype": "bfloat16",
        "trust_remote_code": false,
        "max_length": 2048,
        "protocol_id": "p500m-english-base-v5",
        "candidate_id": "r4-lr6e5-seed20260916",
        "checkpoint_sha256": "121997e8d876c88582368f67cf1fcb163ea6adff72b5eea00964dcb1060fbbbf",
        "world_size": 2
      }
    }
  },
  "versions": {
    "arc_challenge": 1.0,
    "arc_easy": 1.0,
    "boolq": 2.0,
    "hellaswag": 1.0,
    "openbookqa": 1.0,
    "piqa": 1.0,
    "winogrande": 1.0
  },
  "n-shot": {
    "arc_challenge": 0,
    "arc_easy": 0,
    "boolq": 0,
    "hellaswag": 0,
    "openbookqa": 0,
    "piqa": 0,
    "winogrande": 0
  },
  "higher_is_better": {
    "arc_challenge": {
      "acc": true,
      "acc_norm": true
    },
    "arc_easy": {
      "acc": true,
      "acc_norm": true
    },
    "boolq": {
      "acc": true
    },
    "hellaswag": {
      "acc": true,
      "acc_norm": true
    },
    "openbookqa": {
      "acc": true,
      "acc_norm": true
    },
    "piqa": {
      "acc": true,
      "acc_norm": true
    },
    "winogrande": {
      "acc": true
    }
  },
  "n-samples": {
    "winogrande": {
      "original": 1267,
      "effective": 1267
    },
    "piqa": {
      "original": 1838,
      "effective": 1838
    },
    "openbookqa": {
      "original": 500,
      "effective": 500
    },
    "hellaswag": {
      "original": 10042,
      "effective": 10042
    },
    "boolq": {
      "original": 3270,
      "effective": 3270
    },
    "arc_easy": {
      "original": 2376,
      "effective": 2376
    },
    "arc_challenge": {
      "original": 1172,
      "effective": 1172
    }
  },
  "config": {
    "model": "hf",
    "model_args": "pretrained=/tmp/p529m-mixture-eval-r4-lr6e5-seed20260916-1591424/export,dtype=bfloat16,trust_remote_code=False,max_length=2048",
    "model_num_parameters": 528748800,
    "model_dtype": "torch.bfloat16",
    "model_revision": "main",
    "model_sha": "",
    "batch_size": "auto",
    "batch_sizes": [
      64
    ],
    "device": "cuda",
    "use_cache": null,
    "limit": null,
    "bootstrap_iters": 100000,
    "gen_kwargs": null,
    "random_seed": 42,
    "numpy_seed": 42,
    "torch_seed": 42,
    "fewshot_seed": 1234
  },
  "git_hash": null,
  "date": 1789440937.7336762,
  "pretty_env_info": "PyTorch version: 2.11.0+cu128\nIs debug build: False\nCUDA used to build PyTorch: 12.8\nROCM used to build PyTorch: N/A\n\nOS: Ubuntu 22.04.5 LTS (x86_64)\nGCC version: (Ubuntu 11.4.0-1ubuntu1~22.04.2) 11.4.0\nClang version: Could not collect\nCMake version: Could not collect\nLibc version: glibc-2.35\n\nPython version: 3.12.13 (main, Jul 18 2026, 17:02:19) [Clang 22.1.3 ] (64-bit runtime)\nPython platform: Linux-5.15.0-94-generic-x86_64-with-glibc2.35\nIs CUDA available: True\nCUDA runtime version: Could not collect\nCUDA_MODULE_LOADING set to: \nGPU models and configuration: \nGPU 0: NVIDIA GeForce RTX 5090\nGPU 1: NVIDIA GeForce RTX 5090\n\nNvidia driver version: 580.82.07\ncuDNN version: Could not collect\nIs XPU available: False\nHIP runtime version: N/A\nMIOpen runtime version: N/A\nIs XNNPACK available: True\nCaching allocator config: N/A\n\nCPU:\nArchitecture:                       x86_64\nCPU op-mode(s):                     32-bit, 64-bit\nAddress sizes:                      52 bits physical, 57 bits virtual\nByte Order:                         Little Endian\nCPU(s):                             128\nOn-line CPU(s) list:                0-127\nVendor ID:                          GenuineIntel\nModel name:                         INTEL(R) XEON(R) GOLD 6530\nCPU family:                         6\nModel:                              207\nThread(s) per core:                 2\nCore(s) per socket:                 32\nSocket(s):                          2\nStepping:                           2\nCPU max MHz:                        4000.0000\nCPU min MHz:                        800.0000\nBogoMIPS:                           4200.00\nFlags:                              fpu vme de pse tsc msr pae mce cx8 apic sep mtrr pge mca cmov pat pse36 clflush dts acpi mmx fxsr sse sse2 ss ht tm pbe syscall nx pdpe1gb rdtscp lm constant_tsc art arch_perfmon pebs bts rep_good nopl xtopology nonstop_tsc cpuid aperfmperf tsc_known_freq pni pclmulqdq dtes64 monitor ds_cpl vmx smx est tm2 ssse3 sdbg fma cx16 xtpr pdcm pcid dca sse4_1 sse4_2 x2apic movbe popcnt tsc_deadline_timer aes xsave avx f16c rdrand lahf_lm abm 3dnowprefetch cpuid_fault epb cat_l3 cat_l2 cdp_l3 invpcid_single intel_ppin cdp_l2 ssbd mba ibrs ibpb stibp ibrs_enhanced tpr_shadow vnmi flexpriority ept vpid ept_ad fsgsbase tsc_adjust bmi1 avx2 smep bmi2 erms invpcid cqm rdt_a avx512f avx512dq rdseed adx smap avx512ifma clflushopt clwb intel_pt avx512cd sha_ni avx512bw avx512vl xsaveopt xsavec xgetbv1 xsaves cqm_llc cqm_occup_llc cqm_mbm_total cqm_mbm_local split_lock_detect avx_vnni avx512_bf16 wbnoinvd dtherm ida arat pln pts hwp hwp_act_window hwp_epp hwp_pkg_req avx512vbmi umip pku ospke waitpkg avx512_vbmi2 gfni vaes vpclmulqdq avx512_vnni avx512_bitalg tme avx512_vpopcntdq la57 rdpid bus_lock_detect cldemote movdiri movdir64b enqcmd fsrm md_clear serialize tsxldtrk pconfig arch_lbr amx_bf16 avx512_fp16 amx_tile amx_int8 flush_l1d arch_capabilities\nVirtualization:                     VT-x\nL1d cache:                          3 MiB (64 instances)\nL1i cache:                          2 MiB (64 instances)\nL2 cache:                           128 MiB (64 instances)\nL3 cache:                           320 MiB (2 instances)\nNUMA node(s):                       2\nNUMA node0 CPU(s):                  0-31,64-95\nNUMA node1 CPU(s):                  32-63,96-127\nVulnerability Gather data sampling: Not affected\nVulnerability Itlb multihit:        Not affected\nVulnerability L1tf:                 Not affected\nVulnerability Mds:                  Not affected\nVulnerability Meltdown:             Not affected\nVulnerability Mmio stale data:      Not affected\nVulnerability Retbleed:             Not affected\nVulnerability Spec rstack overflow: Not affected\nVulnerability Spec store bypass:    Mitigation; Speculative Store Bypass disabled via prctl and seccomp\nVulnerability Spectre v1:           Mitigation; usercopy/swapgs barriers and __user pointer sanitization\nVulnerability Spectre v2:           Mitigation; Enhanced IBRS, IBPB conditional, RSB filling, PBRSB-eIBRS SW sequence\nVulnerability Srbds:                Not affected\nVulnerability Tsx async abort:      Not affected\n\nVersions of relevant libraries:\n[pip3] numpy==1.26.4\n[pip3] nvidia-cublas-cu12==12.8.4.1\n[pip3] nvidia-cuda-cupti-cu12==12.8.90\n[pip3] nvidia-cuda-nvrtc-cu12==12.8.93\n[pip3] nvidia-cuda-runtime-cu12==12.8.90\n[pip3] nvidia-cudnn-cu12==9.19.0.56\n[pip3] nvidia-cufft-cu12==11.3.3.83\n[pip3] nvidia-curand-cu12==10.3.9.90\n[pip3] nvidia-cusolver-cu12==11.7.3.90\n[pip3] nvidia-cusparse-cu12==12.5.8.93\n[pip3] nvidia-cusparselt-cu12==0.7.1\n[pip3] nvidia-nccl-cu12==2.28.9\n[pip3] nvidia-nvjitlink-cu12==12.8.93\n[pip3] nvidia-nvtx-cu12==12.8.90\n[pip3] torch==2.11.0+cu128\n[pip3] triton==3.6.0\n[conda] Could not collect",
  "transformers_version": "4.57.6",
  "lm_eval_version": "0.4.9",
  "upper_git_hash": null,
  "tokenizer_pad_token": [
    "<|padding|>",
    "1"
  ],
  "tokenizer_eos_token": [
    "<|endoftext|>",
    "50279"
  ],
  "tokenizer_bos_token": [
    null,
    "None"
  ],
  "eot_token_id": 50279,
  "max_length": 2048
}
hf (pretrained=/tmp/p529m-mixture-eval-r4-lr6e5-seed20260916-1591424/export,dtype=bfloat16,trust_remote_code=False,max_length=2048), gen_kwargs: (None), limit: None, num_fewshot: 0, batch_size: auto (64)
|    Tasks    |Version|Filter|n-shot| Metric |   |Value |   |Stderr|
|-------------|------:|------|-----:|--------|---|-----:|---|-----:|
|arc_challenge|      1|none  |     0|acc     |↑  |0.2594|±  |0.0128|
|             |       |none  |     0|acc_norm|↑  |0.2944|±  |0.0133|
|arc_easy     |      1|none  |     0|acc     |↑  |0.5976|±  |0.0101|
|             |       |none  |     0|acc_norm|↑  |0.5547|±  |0.0102|
|boolq        |      2|none  |     0|acc     |↑  |0.5786|±  |0.0086|
|hellaswag    |      1|none  |     0|acc     |↑  |0.3465|±  |0.0047|
|             |       |none  |     0|acc_norm|↑  |0.4262|±  |0.0049|
|openbookqa   |      1|none  |     0|acc     |↑  |0.2120|±  |0.0183|
|             |       |none  |     0|acc_norm|↑  |0.3260|±  |0.0210|
|piqa         |      1|none  |     0|acc     |↑  |0.6774|±  |0.0109|
|             |       |none  |     0|acc_norm|↑  |0.6714|±  |0.0110|
|winogrande   |      1|none  |     0|acc     |↑  |0.5178|±  |0.0140|

{"aggregate": {"bootstrap_ci_95": [0.47200499538226665, 0.49089056962310906], "bootstrap_replicates": 10000, "bootstrap_seed": 20260912, "name": "seven_task_unweighted_mean", "percentile_method": "linear", "score": 0.4812894310582639, "task_weighting": "unweighted"}, "input_sha256": {"protocol": "a71ce3c8cc85cac6fe6751cb46f7e50dfb78d266602d6377cb2e65249f11c761", "results": "ca139727f3654b2063220b1e82cffd0dd4c55f8e9abcee983b4d7aa8d2d828a2", "samples_arc_challenge": "98debc905e3c5932e2e7b741b624e2177e8f1c0c4bbe87f30f5a0740e9edb1c0", "samples_arc_easy": "2e8335e5543e832d0c658eefb819f25de5bb6b136b1c98f682c4a4ed502a7e6a", "samples_boolq": "2e8bc0fe69a3f1ec192d53b479002b29be3d333174f6a2aa3297ca199fdfe7c6", "samples_hellaswag": "405aa078ef3c416396cbc4af960a5f1a0dc2300a206a445196a16cb66f23c2bf", "samples_openbookqa": "57cfed996af10054050c0078e9506a095161f3527c2a041e6b3e8f16aad86fb7", "samples_piqa": "b9c2c0bffe8add701f1d5a892a68e0a9219873b8c9e665aa5d95c9d421b2cf99", "samples_winogrande": "0c99689ba59c6b22682fc8b635103e4fd3a24227a03fa57aa0f0b52e6ad7ff82"}, "protocol_id": "p500m-english-base-v5", "protocol_sha256": "a71ce3c8cc85cac6fe6751cb46f7e50dfb78d266602d6377cb2e65249f11c761", "status": "PASS_FROZEN_EVALUATION_AGGREGATE", "tasks": {"arc_challenge": {"bootstrap_ci_95": [0.2687713310580205, 0.32081911262798635], "primary_metric": "acc_norm", "sample_log": "/ssd/scxi253/pretrain500m-20260912-v1/posttrain/mixture-pilot-eval-v1/r4-lr6e5-seed20260916-1591424/lm-eval/__tmp__p529m-mixture-eval-r4-lr6e5-seed20260916-1591424__export/samples_arc_challenge_2026-09-15T10-56-30.328282.jsonl", "sample_log_sha256": "98debc905e3c5932e2e7b741b624e2177e8f1c0c4bbe87f30f5a0740e9edb1c0", "samples": 1172, "score": 0.29436860068259385}, "arc_easy": {"bootstrap_ci_95": [0.5349326599326599, 0.5749158249158249], "primary_metric": "acc_norm", "sample_log": "/ssd/scxi253/pretrain500m-20260912-v1/posttrain/mixture-pilot-eval-v1/r4-lr6e5-seed20260916-1591424/lm-eval/__tmp__p529m-mixture-eval-r4-lr6e5-seed20260916-1591424__export/samples_arc_easy_2026-09-15T10-56-30.328282.jsonl", "sample_log_sha256": "2e8335e5543e832d0c658eefb819f25de5bb6b136b1c98f682c4a4ed502a7e6a", "samples": 2376, "score": 0.5547138047138047}, "boolq": {"bootstrap_ci_95": [0.5617660550458716, 0.5954128440366973], "primary_metric": "acc", "sample_log": "/ssd/scxi253/pretrain500m-20260912-v1/posttrain/mixture-pilot-eval-v1/r4-lr6e5-seed20260916-1591424/lm-eval/__tmp__p529m-mixture-eval-r4-lr6e5-seed20260916-1591424__export/samples_boolq_2026-09-15T10-56-30.328282.jsonl", "sample_log_sha256": "2e8bc0fe69a3f1ec192d53b479002b29be3d333174f6a2aa3297ca199fdfe7c6", "samples": 3270, "score": 0.5785932721712538}, "hellaswag": {"bootstrap_ci_95": [0.4164509061939853, 0.43577225652260504], "primary_metric": "acc_norm", "sample_log": "/ssd/scxi253/pretrain500m-20260912-v1/posttrain/mixture-pilot-eval-v1/r4-lr6e5-seed20260916-1591424/lm-eval/__tmp__p529m-mixture-eval-r4-lr6e5-seed20260916-1591424__export/samples_hellaswag_2026-09-15T10-56-30.328282.jsonl", "sample_log_sha256": "405aa078ef3c416396cbc4af960a5f1a0dc2300a206a445196a16cb66f23c2bf", "samples": 10042, "score": 0.42620991834295957}, "openbookqa": {"bootstrap_ci_95": [0.286, 0.368], "primary_metric": "acc_norm", "sample_log": "/ssd/scxi253/pretrain500m-20260912-v1/posttrain/mixture-pilot-eval-v1/r4-lr6e5-seed20260916-1591424/lm-eval/__tmp__p529m-mixture-eval-r4-lr6e5-seed20260916-1591424__export/samples_openbookqa_2026-09-15T10-56-30.328282.jsonl", "sample_log_sha256": "57cfed996af10054050c0078e9506a095161f3527c2a041e6b3e8f16aad86fb7", "samples": 500, "score": 0.326}, "piqa": {"bootstrap_ci_95": [0.6496191512513602, 0.6931447225244831], "primary_metric": "acc_norm", "sample_log": "/ssd/scxi253/pretrain500m-20260912-v1/posttrain/mixture-pilot-eval-v1/r4-lr6e5-seed20260916-1591424/lm-eval/__tmp__p529m-mixture-eval-r4-lr6e5-seed20260916-1591424__export/samples_piqa_2026-09-15T10-56-30.328282.jsonl", "sample_log_sha256": "b9c2c0bffe8add701f1d5a892a68e0a9219873b8c9e665aa5d95c9d421b2cf99", "samples": 1838, "score": 0.6713819368879217}, "winogrande": {"bootstrap_ci_95": [0.49013417521704816, 0.5453827940015785], "primary_metric": "acc", "sample_log": "/ssd/scxi253/pretrain500m-20260912-v1/posttrain/mixture-pilot-eval-v1/r4-lr6e5-seed20260916-1591424/lm-eval/__tmp__p529m-mixture-eval-r4-lr6e5-seed20260916-1591424__export/samples_winogrande_2026-09-15T10-56-30.328282.jsonl", "sample_log_sha256": "0c99689ba59c6b22682fc8b635103e4fd3a24227a03fa57aa0f0b52e6ad7ff82", "samples": 1267, "score": 0.5177584846093133}}}
{"aggregate_delta_vs_base": 0.0013370159081398936, "base_aggregate_score": 0.479952415150124, "base_tasks": {"arc_challenge": 0.2832764505119454, "arc_easy": 0.5526094276094277, "boolq": 0.5629969418960244, "hellaswag": 0.42342162915753834, "openbookqa": 0.332, "piqa": 0.6686615886833515, "winogrande": 0.5367008681925809}, "candidate": {"checkpoint": "/ssd/scxi253/pretrain500m-20260912-v1/posttrain/mixture-pilots-v1/r4-lr6e5-seed20260916-1590967/train/model-final.pt", "checkpoint_sha256": "121997e8d876c88582368f67cf1fcb163ea6adff72b5eea00964dcb1060fbbbf", "development_equal_domain_loss": 2.730034727395478, "expected_step": 256, "id": "r4-lr6e5-seed20260916", "recipe": "R4_current_code_guard", "seed": 20260916}, "candidate_aggregate_score": 0.4812894310582639, "candidate_tasks": {"arc_challenge": 0.29436860068259385, "arc_easy": 0.5547138047138047, "boolq": 0.5785932721712538, "hellaswag": 0.42620991834295957, "openbookqa": 0.326, "piqa": 0.6713819368879217, "winogrande": 0.5177584846093133}, "claim_boundary": "adaptive seven-task capability and retention screen only; no automatic promotion or market-superiority claim", "formal_promotion": false, "input_sha256": {"base_aggregate": "c87aa54ec060154d594c6a7ca44b79b28cec27497cc867b0845ad492397535c1", "candidate_aggregate": "2d7998a0f4799ae11366a6d5d70b5debb571b791f4671b4df257f18f134e1f9c", "export_receipt": "56c51572eed0d96ee9092dd5b7d89e1b7471394162f28b5c4f0bd218fcbcb0ec", "plan": "07eba5dedab5fac362baac69ae738c870aa7e52f3c3dee84fe419d9f1ca08054"}, "protocol_id": "p500m-english-base-v5", "protocol_sha256": "a71ce3c8cc85cac6fe6751cb46f7e50dfb78d266602d6377cb2e65249f11c761", "schema": "p529m-mixture-pilot-capability-result-v1", "status": "PASS_ADAPTIVE_SEVEN_TASK_CAPABILITY_SCREEN", "task_delta_vs_base": {"arc_challenge": 0.011092150170648463, "arc_easy": 0.002104377104377053, "boolq": 0.015596330275229331, "hellaswag": 0.0027882891854212333, "openbookqa": -0.006000000000000005, "piqa": 0.002720348204570233, "winogrande": -0.018942383583267608}}
MIXTURE_CAPABILITY_SCREEN_COMPLETED candidate=r4-lr6e5-seed20260916 result_sha256=f14e4bead964ec758fcea8b1f42ae9294c9f37a9bb069dace95b096cee2b8d62
