mixture.py: OK
resume.py: OK
train_cpt.py: OK
test_v2.py: OK
README.md: OK
{"step": 1, "prediction_tokens": 2097152, "loss": 3.081423044204712, "lr": 1.25e-05, "grad_norm": 0.5464538335800171, "step_seconds": 57.23435611277819, "tokens_per_second": 36641.48847708952, "mfu": 0.08723068284727614, "elapsed_seconds": 57.234389094635844, "unix": 1789352153.6654944, "ddp_buckets_rebuilt": false}
{"step": 2, "prediction_tokens": 4194304, "loss": 3.126316547393799, "lr": 2.5e-05, "grad_norm": 0.3684012293815613, "step_seconds": 7.221489364281297, "tokens_per_second": 290404.36040422175, "mfu": 0.691352117852034, "elapsed_seconds": 64.47596726939082, "unix": 1789352160.9070618, "ddp_buckets_rebuilt": false}
{"step": 3, "prediction_tokens": 6291456, "loss": 3.0755271911621094, "lr": 3.7500000000000003e-05, "grad_norm": 0.37823227047920227, "step_seconds": 7.223163925111294, "tokens_per_second": 290337.0353688446, "mfu": 0.6911918402800041, "elapsed_seconds": 71.71699059568346, "unix": 1789352168.1480763, "ddp_buckets_rebuilt": false}
{"step": 4, "prediction_tokens": 8388608, "loss": 3.0253846645355225, "lr": 5e-05, "grad_norm": 0.34278571605682373, "step_seconds": 7.2233464028686285, "tokens_per_second": 290329.7008111299, "mfu": 0.6911743792404988, "elapsed_seconds": 78.95906503871083, "unix": 1789352175.3901596, "ddp_buckets_rebuilt": false}
{"step": 5, "prediction_tokens": 10485760, "loss": 3.000030994415283, "lr": 6.25e-05, "grad_norm": 0.3188110589981079, "step_seconds": 7.306337524205446, "tokens_per_second": 287031.90799114667, "mfu": 0.6833234776660213, "elapsed_seconds": 86.28316783718765, "unix": 1789352182.7142491, "ddp_buckets_rebuilt": false}
{"step": 6, "prediction_tokens": 12582912, "loss": 3.012944221496582, "lr": 7.500000000000001e-05, "grad_norm": 0.2686016857624054, "step_seconds": 7.29356237500906, "tokens_per_second": 287534.6630592701, "mfu": 0.6845203632107982, "elapsed_seconds": 93.60131494142115, "unix": 1789352190.0323977, "ddp_buckets_rebuilt": false}
{"step": 7, "prediction_tokens": 14680064, "loss": 2.9883711338043213, "lr": 8.75e-05, "grad_norm": 0.24581973254680634, "step_seconds": 7.218570506200194, "tokens_per_second": 290521.78657792544, "mfu": 0.6916316688676191, "elapsed_seconds": 100.8406788315624, "unix": 1789352197.2717712, "ddp_buckets_rebuilt": false}
{"step": 8, "prediction_tokens": 16777216, "loss": 2.973093271255493, "lr": 0.0001, "grad_norm": 0.1995863914489746, "step_seconds": 7.216424548998475, "tokens_per_second": 290608.1794052778, "mfu": 0.6918373402427808, "elapsed_seconds": 108.07635654322803, "unix": 1789352204.5074382, "ddp_buckets_rebuilt": false}
{"step": 9, "prediction_tokens": 18874368, "loss": 2.9894464015960693, "lr": 0.0001, "grad_norm": 0.18001773953437805, "step_seconds": 7.397567754611373, "tokens_per_second": 283492.0976144777, "mfu": 0.6748964161807932, "elapsed_seconds": 115.49156253226101, "unix": 1789352211.9226468, "ddp_buckets_rebuilt": false}
{"step": 10, "prediction_tokens": 20971520, "loss": 2.993529796600342, "lr": 0.0001, "grad_norm": 0.14509175717830658, "step_seconds": 7.301067132502794, "tokens_per_second": 287239.10654977086, "mfu": 0.6838167456118653, "elapsed_seconds": 122.81296150572598, "unix": 1789352219.2440436, "ddp_buckets_rebuilt": false}
{"step": 11, "prediction_tokens": 23068672, "loss": 2.9240939617156982, "lr": 0.0001, "grad_norm": 0.12012577056884766, "step_seconds": 7.222604306414723, "tokens_per_second": 290359.53113718604, "mfu": 0.6912453949066082, "elapsed_seconds": 130.06352025829256, "unix": 1789352226.494604, "ddp_buckets_rebuilt": false}
{"step": 12, "prediction_tokens": 25165824, "loss": 2.9074478149414062, "lr": 0.0001, "grad_norm": 0.14275135099887848, "step_seconds": 7.224294675514102, "tokens_per_second": 290291.5916633426, "mfu": 0.6910836545695758, "elapsed_seconds": 137.30642375349998, "unix": 1789352233.7375057, "ddp_buckets_rebuilt": false}
{"step": 13, "prediction_tokens": 27262976, "loss": 2.919332504272461, "lr": 0.0001, "grad_norm": 0.1265254020690918, "step_seconds": 7.224076688289642, "tokens_per_second": 290300.35124066734, "mfu": 0.6911045080868113, "elapsed_seconds": 144.54726253449917, "unix": 1789352240.978344, "ddp_buckets_rebuilt": false}
{"step": 14, "prediction_tokens": 29360128, "loss": 2.8875503540039062, "lr": 0.0001, "grad_norm": 0.11175110936164856, "step_seconds": 7.22234614007175, "tokens_per_second": 290369.91018256097, "mfu": 0.6912701038159069, "elapsed_seconds": 151.79281353764236, "unix": 1789352248.2238982, "ddp_buckets_rebuilt": false}
{"step": 15, "prediction_tokens": 31457280, "loss": 2.910151958465576, "lr": 0.0001, "grad_norm": 0.11330385506153107, "step_seconds": 7.223519701510668, "tokens_per_second": 290322.7355442, "mfu": 0.6911577973543429, "elapsed_seconds": 159.03365129977465, "unix": 1789352255.4647396, "ddp_buckets_rebuilt": false}
{"step": 16, "prediction_tokens": 33554432, "loss": 2.9908413887023926, "lr": 0.0001, "grad_norm": 0.11516286432743073, "step_seconds": 7.22311201505363, "tokens_per_second": 290339.12192270346, "mfu": 0.6911968076414698, "elapsed_seconds": 166.277210758999, "unix": 1789352262.708298, "ddp_buckets_rebuilt": false}
{"step": 17, "prediction_tokens": 35651584, "loss": 2.8535614013671875, "lr": 0.0001, "grad_norm": 0.09140457212924957, "step_seconds": 7.223910551518202, "tokens_per_second": 290307.0276194457, "mfu": 0.691120402230417, "elapsed_seconds": 173.5224214605987, "unix": 1789352269.9535038, "ddp_buckets_rebuilt": false}
{"step": 18, "prediction_tokens": 37748736, "loss": 2.893775463104248, "lr": 0.0001, "grad_norm": 0.09680396318435669, "step_seconds": 7.222070537507534, "tokens_per_second": 290380.99103415356, "mfu": 0.6912964834825397, "elapsed_seconds": 180.76819004677236, "unix": 1789352277.1992724, "ddp_buckets_rebuilt": false}
{"step": 19, "prediction_tokens": 39845888, "loss": 2.8919262886047363, "lr": 0.0001, "grad_norm": 0.1020587608218193, "step_seconds": 7.222894476726651, "tokens_per_second": 290347.8663238633, "mfu": 0.6912176250295173, "elapsed_seconds": 188.00965438969433, "unix": 1789352284.4407344, "ddp_buckets_rebuilt": false}
{"step": 20, "prediction_tokens": 41943040, "loss": 2.8129451274871826, "lr": 0.0001, "grad_norm": 0.11555235087871552, "step_seconds": 7.22547691129148, "tokens_per_second": 290244.09402273706, "mfu": 0.6909705791516313, "elapsed_seconds": 195.2518110051751, "unix": 1789352291.6828907, "ddp_buckets_rebuilt": false}
{"status": "QUALIFICATION_COMPLETED", "formal_promotion": false, "mfu_window_passed": true, "step": 20, "tokens": 41943040, "unix": 1789352312.8234448}
{
  "accumulation": 32,
  "claim_boundary": "multi-node throughput qualification only; no quality or promotion claim",
  "created_unix": 1789352315.9649026,
  "distinct_gpu_uuids": 8,
  "final_mfu10_median": 0.6911773024979064,
  "finite_training_metrics": true,
  "global_prediction_tokens_per_step": 2097152,
  "gpu_model": "NVIDIA GeForce RTX 5090",
  "gpus_per_node": 4,
  "median_tokens_per_second": 290322.7355442,
  "microbatch": 4,
  "nodes": 2,
  "run_fingerprint_sha256": "20013ffc1b467aeb9ac8009b677366311828a1fadc565596defaa2db68073171",
  "schema_version": 1,
  "status": "PASS_MFU_AND_INTEGRITY",
  "steady_mfu_median": 0.6911577973543429,
  "steady_steps": "6..20",
  "steps": 20,
  "val_loss_equal_domain": 2.96170458372194,
  "validation_microbatch": 2,
  "world_size": 8
}
RECEIPT_SHA256 7c266b38e58187604cad1b2450e07c0b8a96b88b83edc84f1a3b75d00e11a55b
