README.md: OK
build_inputs.py: OK
run.sbatch: OK
submit.py: OK
test_build_inputs.py: OK
README.md: OK
mixture.py: OK
resume.py: OK
test_v2.py: OK
train_cpt.py: OK
{"step": 1, "prediction_tokens": 2097152, "loss": 3.0139451026916504, "lr": 3.125e-06, "grad_norm": 0.47394225001335144, "step_seconds": 68.53180933557451, "tokens_per_second": 30601.147413619783, "mfu": 0.14570144913568434, "elapsed_seconds": 108.14571264758706, "unix": 1789435729.0887861, "ddp_buckets_rebuilt": false}
{"step": 2, "prediction_tokens": 4194304, "loss": 3.0207555294036865, "lr": 6.25e-06, "grad_norm": 0.42274266481399536, "step_seconds": 13.118570877239108, "tokens_per_second": 159861.315658902, "mfu": 0.7611487581629834, "elapsed_seconds": 121.28340578451753, "unix": 1789435742.2264674, "ddp_buckets_rebuilt": false}
{"step": 3, "prediction_tokens": 6291456, "loss": 3.017104148864746, "lr": 9.375000000000001e-06, "grad_norm": 0.39418262243270874, "step_seconds": 13.012593715451658, "tokens_per_second": 161163.25813736583, "mfu": 0.76734770564817, "elapsed_seconds": 134.31651966646314, "unix": 1789435755.259582, "ddp_buckets_rebuilt": false}
{"step": 4, "prediction_tokens": 8388608, "loss": 2.9862051010131836, "lr": 1.25e-05, "grad_norm": 0.36436381936073303, "step_seconds": 12.897975409403443, "tokens_per_second": 162595.4410233286, "mfu": 0.7741667676621398, "elapsed_seconds": 147.2340021720156, "unix": 1789435768.1770666, "ddp_buckets_rebuilt": false}
{"step": 5, "prediction_tokens": 10485760, "loss": 3.010868549346924, "lr": 1.5625e-05, "grad_norm": 0.3467574119567871, "step_seconds": 12.898164014331996, "tokens_per_second": 162593.06345226473, "mfu": 0.7741554473170317, "elapsed_seconds": 160.15060907695442, "unix": 1789435781.0936685, "ddp_buckets_rebuilt": false}
{"step": 6, "prediction_tokens": 12582912, "loss": 2.9659852981567383, "lr": 1.8750000000000002e-05, "grad_norm": 0.3974834978580475, "step_seconds": 12.959010840393603, "tokens_per_second": 161829.63544278534, "mfu": 0.77052053239739, "elapsed_seconds": 173.12562213651836, "unix": 1789435794.0686812, "ddp_buckets_rebuilt": false}
{"step": 7, "prediction_tokens": 14680064, "loss": 2.964388847351074, "lr": 2.1875e-05, "grad_norm": 0.34979933500289917, "step_seconds": 12.958079541102052, "tokens_per_second": 161841.26616509736, "mfu": 0.7705759098338126, "elapsed_seconds": 186.10074560903013, "unix": 1789435807.0438182, "ddp_buckets_rebuilt": false}
{"step": 8, "prediction_tokens": 16777216, "loss": 2.937133312225342, "lr": 2.5e-05, "grad_norm": 0.3485166132450104, "step_seconds": 12.964025119319558, "tokens_per_second": 161767.04231116708, "mfu": 0.7702225072985449, "elapsed_seconds": 199.0818510754034, "unix": 1789435820.0249126, "ddp_buckets_rebuilt": false}
{"step": 9, "prediction_tokens": 18874368, "loss": 2.9745168685913086, "lr": 2.8125000000000003e-05, "grad_norm": 0.3624151945114136, "step_seconds": 12.957900231704116, "tokens_per_second": 161843.5056992409, "mfu": 0.770586572942803, "elapsed_seconds": 212.0564786726609, "unix": 1789435832.9995384, "ddp_buckets_rebuilt": false}
{"step": 10, "prediction_tokens": 20971520, "loss": 2.8690123558044434, "lr": 3.125e-05, "grad_norm": 0.23611070215702057, "step_seconds": 12.963752259500325, "tokens_per_second": 161770.44716842135, "mfu": 0.7702387188683053, "elapsed_seconds": 225.04710644017905, "unix": 1789435845.9901648, "ddp_buckets_rebuilt": false}
{"step": 11, "prediction_tokens": 23068672, "loss": 2.8376262187957764, "lr": 3.4375e-05, "grad_norm": 0.2627546787261963, "step_seconds": 12.990926708094776, "tokens_per_second": 161432.05539703675, "mfu": 0.7686275318497302, "elapsed_seconds": 238.05192966386676, "unix": 1789435858.9949896, "ddp_buckets_rebuilt": false}
{"step": 12, "prediction_tokens": 25165824, "loss": 2.907912254333496, "lr": 3.7500000000000003e-05, "grad_norm": 0.263458788394928, "step_seconds": 12.95791825465858, "tokens_per_second": 161843.2805937821, "mfu": 0.770585501146667, "elapsed_seconds": 251.02343383803964, "unix": 1789435871.9664912, "ddp_buckets_rebuilt": false}
{"step": 13, "prediction_tokens": 27262976, "loss": 2.9008982181549072, "lr": 4.0625000000000005e-05, "grad_norm": 0.2312716692686081, "step_seconds": 12.989218544214964, "tokens_per_second": 161453.28472697173, "mfu": 0.7687286112012296, "elapsed_seconds": 264.0319031905383, "unix": 1789435884.974965, "ddp_buckets_rebuilt": false}
{"step": 14, "prediction_tokens": 29360128, "loss": 2.877054452896118, "lr": 4.375e-05, "grad_norm": 0.17995965480804443, "step_seconds": 12.991238858550787, "tokens_per_second": 161428.17654527706, "mfu": 0.7686090634467408, "elapsed_seconds": 277.0424709357321, "unix": 1789435897.9855344, "ddp_buckets_rebuilt": false}
{"step": 15, "prediction_tokens": 31457280, "loss": 2.895794630050659, "lr": 4.6875e-05, "grad_norm": 0.14397326111793518, "step_seconds": 12.955130425281823, "tokens_per_second": 161878.10783497992, "mfu": 0.7707513243245804, "elapsed_seconds": 290.01588989887387, "unix": 1789435910.958967, "ddp_buckets_rebuilt": false}
{"step": 16, "prediction_tokens": 33554432, "loss": 2.8561949729919434, "lr": 5e-05, "grad_norm": 0.11424597352743149, "step_seconds": 12.985411958768964, "tokens_per_second": 161500.61366238035, "mfu": 0.7689539587799291, "elapsed_seconds": 303.0173333771527, "unix": 1789435923.9603913, "ddp_buckets_rebuilt": false}
{"step": 17, "prediction_tokens": 35651584, "loss": 2.8675484657287598, "lr": 5.3125000000000004e-05, "grad_norm": 0.11158565431833267, "step_seconds": 12.989433770999312, "tokens_per_second": 161450.60954713658, "mfu": 0.7687158738494757, "elapsed_seconds": 316.02179092448205, "unix": 1789435936.9648495, "ddp_buckets_rebuilt": false}
{"step": 18, "prediction_tokens": 37748736, "loss": 2.9272525310516357, "lr": 5.6250000000000005e-05, "grad_norm": 0.1073199063539505, "step_seconds": 13.001353258267045, "tokens_per_second": 161302.5935332158, "mfu": 0.7680111242062011, "elapsed_seconds": 329.04216551594436, "unix": 1789435949.9852262, "ddp_buckets_rebuilt": false}
{"step": 19, "prediction_tokens": 39845888, "loss": 2.832414150238037, "lr": 5.9375e-05, "grad_norm": 0.09405798465013504, "step_seconds": 12.985560601577163, "tokens_per_second": 161498.76500097272, "mfu": 0.7689451567359269, "elapsed_seconds": 342.0437588598579, "unix": 1789435962.9868207, "ddp_buckets_rebuilt": false}
{"step": 20, "prediction_tokens": 41943040, "loss": 2.875180721282959, "lr": 6.25e-05, "grad_norm": 0.09896460175514221, "step_seconds": 12.955994236283004, "tokens_per_second": 161867.31498590572, "mfu": 0.7706999362596441, "elapsed_seconds": 355.0160419214517, "unix": 1789435975.9591048, "ddp_buckets_rebuilt": false}
{"step": 21, "prediction_tokens": 44040192, "loss": 2.869985580444336, "lr": 6.562500000000001e-05, "grad_norm": 0.0984715074300766, "step_seconds": 12.971939284354448, "tokens_per_second": 161668.34842723867, "mfu": 0.7697525954447559, "elapsed_seconds": 368.00263001956046, "unix": 1789435988.9456909, "ddp_buckets_rebuilt": false}
{"step": 22, "prediction_tokens": 46137344, "loss": 2.8236241340637207, "lr": 6.875e-05, "grad_norm": 0.11540491133928299, "step_seconds": 12.983623613603413, "tokens_per_second": 161522.85851869103, "mfu": 0.769059873363996, "elapsed_seconds": 381.0005149971694, "unix": 1789436001.9435737, "ddp_buckets_rebuilt": false}
{"step": 23, "prediction_tokens": 48234496, "loss": 2.781263828277588, "lr": 7.1875e-05, "grad_norm": 0.10907481610774994, "step_seconds": 12.99451589025557, "tokens_per_second": 161387.46665988755, "mfu": 0.7684152311954457, "elapsed_seconds": 394.00909897033125, "unix": 1789436014.9521573, "ddp_buckets_rebuilt": false}
{"step": 24, "prediction_tokens": 50331648, "loss": 2.8008735179901123, "lr": 7.500000000000001e-05, "grad_norm": 0.0911363735795021, "step_seconds": 12.99415581393987, "tokens_per_second": 161391.9388091543, "mfu": 0.7684365244698484, "elapsed_seconds": 407.0187923870981, "unix": 1789436027.961854, "ddp_buckets_rebuilt": false}
{"step": 25, "prediction_tokens": 52428800, "loss": 2.796921968460083, "lr": 7.8125e-05, "grad_norm": 0.0881132185459137, "step_seconds": 12.992335186339915, "tokens_per_second": 161414.55480650903, "mfu": 0.7685442061702661, "elapsed_seconds": 420.025565369986, "unix": 1789436040.968627, "ddp_buckets_rebuilt": false}
{"step": 26, "prediction_tokens": 54525952, "loss": 2.7978947162628174, "lr": 8.125000000000001e-05, "grad_norm": 0.09508397430181503, "step_seconds": 12.964907835237682, "tokens_per_second": 161756.02839999314, "mfu": 0.7701700666891453, "elapsed_seconds": 433.00604286044836, "unix": 1789436053.9491062, "ddp_buckets_rebuilt": false}
{"step": 27, "prediction_tokens": 56623104, "loss": 2.8050944805145264, "lr": 8.4375e-05, "grad_norm": 0.08073092997074127, "step_seconds": 12.997854176908731, "tokens_per_second": 161346.01692375378, "mfu": 0.7682178762878223, "elapsed_seconds": 446.02012727130204, "unix": 1789436066.963188, "ddp_buckets_rebuilt": false}
{"step": 28, "prediction_tokens": 58720256, "loss": 2.771318197250366, "lr": 8.75e-05, "grad_norm": 0.08845558017492294, "step_seconds": 12.977374191395938, "tokens_per_second": 161600.64193806032, "mfu": 0.7694302240821455, "elapsed_seconds": 459.0143198017031, "unix": 1789436079.957379, "ddp_buckets_rebuilt": false}
{"step": 29, "prediction_tokens": 60817408, "loss": 2.8164215087890625, "lr": 9.062500000000001e-05, "grad_norm": 0.07987572997808456, "step_seconds": 12.983411675319076, "tokens_per_second": 161525.49518140894, "mfu": 0.7690724273239403, "elapsed_seconds": 472.0163208497688, "unix": 1789436092.959381, "ddp_buckets_rebuilt": false}
{"step": 30, "prediction_tokens": 62914560, "loss": 2.800919532775879, "lr": 9.375e-05, "grad_norm": 0.08215567469596863, "step_seconds": 12.979245210066438, "tokens_per_second": 161577.34645258816, "mfu": 0.769319307130381, "elapsed_seconds": 485.00984723400325, "unix": 1789436105.952908, "ddp_buckets_rebuilt": false}
{"step": 31, "prediction_tokens": 65011712, "loss": 2.725594997406006, "lr": 9.687500000000001e-05, "grad_norm": 0.10679911822080612, "step_seconds": 13.028554627671838, "tokens_per_second": 160965.82160739304, "mfu": 0.7664076497692015, "elapsed_seconds": 498.05866561923176, "unix": 1789436119.0017266, "ddp_buckets_rebuilt": false}
{"step": 32, "prediction_tokens": 67108864, "loss": 2.830498218536377, "lr": 0.0001, "grad_norm": 0.08834891766309738, "step_seconds": 13.148676062002778, "tokens_per_second": 159495.29748172732, "mfu": 0.7594060333525857, "elapsed_seconds": 511.22567143663764, "unix": 1789436132.1687353, "ddp_buckets_rebuilt": false}
{"step": 33, "prediction_tokens": 69206016, "loss": 2.8157835006713867, "lr": 0.0001, "grad_norm": 0.10769785940647125, "step_seconds": 12.983583454973996, "tokens_per_second": 161523.3581139407, "mfu": 0.7690622520902206, "elapsed_seconds": 524.2254031635821, "unix": 1789436145.168463, "ddp_buckets_rebuilt": false}
{"step": 34, "prediction_tokens": 71303168, "loss": 2.8854212760925293, "lr": 0.0001, "grad_norm": 0.08265148103237152, "step_seconds": 12.9936245623976, "tokens_per_second": 161398.53740802797, "mfu": 0.7684679424230763, "elapsed_seconds": 537.2384978421032, "unix": 1789436158.1815577, "ddp_buckets_rebuilt": false}
{"step": 35, "prediction_tokens": 73400320, "loss": 2.8564043045043945, "lr": 0.0001, "grad_norm": 0.09250679612159729, "step_seconds": 12.983104893937707, "tokens_per_second": 161529.31191207105, "mfu": 0.7690905999493295, "elapsed_seconds": 550.2392098354176, "unix": 1789436171.1822689, "ddp_buckets_rebuilt": false}
{"step": 36, "prediction_tokens": 75497472, "loss": 2.8067116737365723, "lr": 0.0001, "grad_norm": 0.0737476646900177, "step_seconds": 12.973780586384237, "tokens_per_second": 161645.40366906818, "mfu": 0.7696433484132535, "elapsed_seconds": 563.2300230674446, "unix": 1789436184.1730814, "ddp_buckets_rebuilt": false}
{"step": 37, "prediction_tokens": 77594624, "loss": 2.7968695163726807, "lr": 0.0001, "grad_norm": 0.07210908830165863, "step_seconds": 13.001044594682753, "tokens_per_second": 161306.42308985742, "mfu": 0.7680293579000128, "elapsed_seconds": 576.2489395998418, "unix": 1789436197.1920025, "ddp_buckets_rebuilt": false}
{"step": 38, "prediction_tokens": 79691776, "loss": 2.774466037750244, "lr": 0.0001, "grad_norm": 0.080221027135849, "step_seconds": 12.998222718015313, "tokens_per_second": 161341.44224913022, "mfu": 0.7681960948587482, "elapsed_seconds": 589.2790873199701, "unix": 1789436210.2221498, "ddp_buckets_rebuilt": false}
{"step": 39, "prediction_tokens": 81788928, "loss": 2.8204329013824463, "lr": 0.0001, "grad_norm": 0.0692271962761879, "step_seconds": 12.982371623627841, "tokens_per_second": 161538.43541061445, "mfu": 0.7691340397243481, "elapsed_seconds": 602.2803573692217, "unix": 1789436223.2234187, "ddp_buckets_rebuilt": false}
{"step": 40, "prediction_tokens": 83886080, "loss": 2.7463154792785645, "lr": 0.0001, "grad_norm": 0.09373365342617035, "step_seconds": 12.985391833819449, "tokens_per_second": 161500.86395838513, "mfu": 0.7689551505159812, "elapsed_seconds": 615.2829764289781, "unix": 1789436236.2260346, "ddp_buckets_rebuilt": false}
{"step": 41, "prediction_tokens": 85983232, "loss": 2.802868366241455, "lr": 0.0001, "grad_norm": 0.0647846907377243, "step_seconds": 12.995779601857066, "tokens_per_second": 161371.77331787944, "mfu": 0.7683405103805214, "elapsed_seconds": 628.299992355518, "unix": 1789436249.2430508, "ddp_buckets_rebuilt": false}
{"step": 42, "prediction_tokens": 88080384, "loss": 2.8177616596221924, "lr": 0.0001, "grad_norm": 0.06883642822504044, "step_seconds": 12.98444396071136, "tokens_per_second": 161512.65362965196, "mfu": 0.7690112847571322, "elapsed_seconds": 641.3012901861221, "unix": 1789436262.2443511, "ddp_buckets_rebuilt": false}
{"step": 43, "prediction_tokens": 90177536, "loss": 2.7417027950286865, "lr": 0.0001, "grad_norm": 0.06372799724340439, "step_seconds": 12.98985113762319, "tokens_per_second": 161445.42210540874, "mfu": 0.7686911748482639, "elapsed_seconds": 654.309821578674, "unix": 1789436275.252884, "ddp_buckets_rebuilt": false}
{"step": 44, "prediction_tokens": 92274688, "loss": 2.7571587562561035, "lr": 0.0001, "grad_norm": 0.07946531474590302, "step_seconds": 12.981405468657613, "tokens_per_second": 161550.45808124373, "mfu": 0.7691912833469317, "elapsed_seconds": 667.3089811326936, "unix": 1789436288.25204, "ddp_buckets_rebuilt": false}
{"step": 45, "prediction_tokens": 94371840, "loss": 2.771444797515869, "lr": 0.0001, "grad_norm": 0.07667656242847443, "step_seconds": 12.995091901160777, "tokens_per_second": 161380.31311749888, "mfu": 0.768381170985925, "elapsed_seconds": 680.3212791085243, "unix": 1789436301.2643378, "ddp_buckets_rebuilt": false}
{"step": 46, "prediction_tokens": 96468992, "loss": 2.734478712081909, "lr": 0.0001, "grad_norm": 0.08165773749351501, "step_seconds": 12.96347648371011, "tokens_per_second": 161773.88855800207, "mfu": 0.7702551043796777, "elapsed_seconds": 693.3003402203321, "unix": 1789436314.2433987, "ddp_buckets_rebuilt": false}
{"step": 47, "prediction_tokens": 98566144, "loss": 2.7663373947143555, "lr": 0.0001, "grad_norm": 0.07795736938714981, "step_seconds": 12.94986121263355, "tokens_per_second": 161943.9749635365, "mfu": 0.771064937927083, "elapsed_seconds": 706.2722222972661, "unix": 1789436327.2152817, "ddp_buckets_rebuilt": false}
{"step": 48, "prediction_tokens": 100663296, "loss": 2.898770570755005, "lr": 0.0001, "grad_norm": 0.09242098778486252, "step_seconds": 12.992881864309311, "tokens_per_second": 161407.76325849266, "mfu": 0.7685118695269866, "elapsed_seconds": 719.2831836314872, "unix": 1789436340.2262466, "ddp_buckets_rebuilt": false}
{"step": 49, "prediction_tokens": 102760448, "loss": 2.760485887527466, "lr": 0.0001, "grad_norm": 0.06361886113882065, "step_seconds": 12.985878376290202, "tokens_per_second": 161494.81299848066, "mfu": 0.7689263400398633, "elapsed_seconds": 732.28734581545, "unix": 1789436353.2304041, "ddp_buckets_rebuilt": false}
{"step": 50, "prediction_tokens": 104857600, "loss": 2.757686138153076, "lr": 0.0001, "grad_norm": 0.06536329537630081, "step_seconds": 12.99812723044306, "tokens_per_second": 161342.62750469442, "mfu": 0.7682017382240433, "elapsed_seconds": 745.3078837161884, "unix": 1789436366.250943, "ddp_buckets_rebuilt": false}
{"step": 51, "prediction_tokens": 106954752, "loss": 2.7325406074523926, "lr": 0.0001, "grad_norm": 0.07069522887468338, "step_seconds": 12.988137098029256, "tokens_per_second": 161466.7279973669, "mfu": 0.7687926187350396, "elapsed_seconds": 758.3117241114378, "unix": 1789436379.254782, "ddp_buckets_rebuilt": false}
{"step": 52, "prediction_tokens": 109051904, "loss": 2.763321876525879, "lr": 0.0001, "grad_norm": 0.061067014932632446, "step_seconds": 12.989545279182494, "tokens_per_second": 161449.2235814421, "mfu": 0.7687092748416866, "elapsed_seconds": 771.3189892880619, "unix": 1789436392.262048, "ddp_buckets_rebuilt": false}
{"step": 53, "prediction_tokens": 111149056, "loss": 2.7842795848846436, "lr": 0.0001, "grad_norm": 0.05577545240521431, "step_seconds": 12.976382222026587, "tokens_per_second": 161612.9953724866, "mfu": 0.7694890425726217, "elapsed_seconds": 784.3119694050401, "unix": 1789436405.2550318, "ddp_buckets_rebuilt": false}
{"step": 54, "prediction_tokens": 113246208, "loss": 2.755537748336792, "lr": 0.0001, "grad_norm": 0.05918252095580101, "step_seconds": 12.975404668599367, "tokens_per_second": 161625.17112665725, "mfu": 0.7695470150729011, "elapsed_seconds": 797.3055187985301, "unix": 1789436418.2485805, "ddp_buckets_rebuilt": false}
{"step": 55, "prediction_tokens": 115343360, "loss": 2.7629992961883545, "lr": 0.0001, "grad_norm": 0.05718011409044266, "step_seconds": 12.998172670602798, "tokens_per_second": 161342.0634688909, "mfu": 0.7681990526765757, "elapsed_seconds": 810.3205509921536, "unix": 1789436431.2636118, "ddp_buckets_rebuilt": false}
{"step": 56, "prediction_tokens": 117440512, "loss": 2.7597310543060303, "lr": 0.0001, "grad_norm": 0.06353307515382767, "step_seconds": 12.986538491211832, "tokens_per_second": 161486.6041031004, "mfu": 0.7688872549710407, "elapsed_seconds": 823.3241749089211, "unix": 1789436444.2672315, "ddp_buckets_rebuilt": false}
{"step": 57, "prediction_tokens": 119537664, "loss": 2.695847511291504, "lr": 0.0001, "grad_norm": 0.05752601474523544, "step_seconds": 12.987391910515726, "tokens_per_second": 161475.99259724832, "mfu": 0.7688367303368084, "elapsed_seconds": 836.3299315869808, "unix": 1789436457.2729897, "ddp_buckets_rebuilt": false}
{"step": 58, "prediction_tokens": 121634816, "loss": 2.756720542907715, "lr": 0.0001, "grad_norm": 0.06441867351531982, "step_seconds": 12.997141347266734, "tokens_per_second": 161354.86596373946, "mfu": 0.768260009281463, "elapsed_seconds": 849.3461011042818, "unix": 1789436470.2891607, "ddp_buckets_rebuilt": false}
{"step": 59, "prediction_tokens": 123731968, "loss": 2.73016357421875, "lr": 0.0001, "grad_norm": 0.056798890233039856, "step_seconds": 12.99237652681768, "tokens_per_second": 161414.0412011036, "mfu": 0.7685417607373926, "elapsed_seconds": 862.354118604213, "unix": 1789436483.2971783, "ddp_buckets_rebuilt": false}
{"step": 60, "prediction_tokens": 125829120, "loss": 2.7569990158081055, "lr": 0.0001, "grad_norm": 0.06315158307552338, "step_seconds": 12.997001242823899, "tokens_per_second": 161356.60532908785, "mfu": 0.7682682909334028, "elapsed_seconds": 875.3701437655836, "unix": 1789436496.3132071, "ddp_buckets_rebuilt": false}
{"step": 61, "prediction_tokens": 127926272, "loss": 2.74282169342041, "lr": 0.0001, "grad_norm": 0.059224847704172134, "step_seconds": 12.989309393800795, "tokens_per_second": 161452.15549341484, "mfu": 0.7687232345738951, "elapsed_seconds": 888.3786402149126, "unix": 1789436509.321698, "ddp_buckets_rebuilt": false}
{"step": 62, "prediction_tokens": 130023424, "loss": 2.7308225631713867, "lr": 0.0001, "grad_norm": 0.05916798487305641, "step_seconds": 13.026972834952176, "tokens_per_second": 160985.3667901426, "mfu": 0.7665007103793722, "elapsed_seconds": 901.4284557877108, "unix": 1789436522.3715143, "ddp_buckets_rebuilt": false}
{"step": 63, "prediction_tokens": 132120576, "loss": 2.7300920486450195, "lr": 0.0001, "grad_norm": 0.05796562507748604, "step_seconds": 13.167291752062738, "tokens_per_second": 159269.80578002823, "mfu": 0.7583323981956568, "elapsed_seconds": 914.6112648071721, "unix": 1789436535.5543244, "ddp_buckets_rebuilt": false}
{"step": 64, "prediction_tokens": 134217728, "loss": 2.675260066986084, "lr": 0.0001, "grad_norm": 0.06636273115873337, "step_seconds": 12.988307275809348, "tokens_per_second": 161464.61239840963, "mfu": 0.7687825457194857, "elapsed_seconds": 927.6175901303068, "unix": 1789436548.5606477, "ddp_buckets_rebuilt": false}
{"step": 65, "prediction_tokens": 136314880, "loss": 2.7092230319976807, "lr": 0.0001, "grad_norm": 0.06882859021425247, "step_seconds": 12.974567784927785, "tokens_per_second": 161635.59624978076, "mfu": 0.7695966522817934, "elapsed_seconds": 940.6103731486946, "unix": 1789436561.553435, "ddp_buckets_rebuilt": false}
{"step": 66, "prediction_tokens": 138412032, "loss": 2.725684642791748, "lr": 0.0001, "grad_norm": 0.06093580275774002, "step_seconds": 12.996877484954894, "tokens_per_second": 161358.1417865676, "mfu": 0.7682756064787419, "elapsed_seconds": 953.6247027534992, "unix": 1789436574.567763, "ddp_buckets_rebuilt": false}
{"step": 67, "prediction_tokens": 140509184, "loss": 2.7096924781799316, "lr": 0.0001, "grad_norm": 0.06865960359573364, "step_seconds": 12.98485204204917, "tokens_per_second": 161507.57769197065, "mfu": 0.7689871166608875, "elapsed_seconds": 966.6280098576099, "unix": 1789436587.571068, "ddp_buckets_rebuilt": false}
{"step": 68, "prediction_tokens": 142606336, "loss": 2.696376323699951, "lr": 0.0001, "grad_norm": 0.06817598640918732, "step_seconds": 12.998024426400661, "tokens_per_second": 161343.90359664307, "mfu": 0.7682078140892269, "elapsed_seconds": 979.6432732837275, "unix": 1789436600.5863318, "ddp_buckets_rebuilt": false}
{"step": 69, "prediction_tokens": 144703488, "loss": 2.6770758628845215, "lr": 0.0001, "grad_norm": 0.07145591825246811, "step_seconds": 12.960764100775123, "tokens_per_second": 161807.74402603155, "mfu": 0.7704163006474642, "elapsed_seconds": 992.622757377103, "unix": 1789436613.5658166, "ddp_buckets_rebuilt": false}
{"step": 70, "prediction_tokens": 146800640, "loss": 2.730839252471924, "lr": 0.0001, "grad_norm": 0.06046843156218529, "step_seconds": 12.984632229432464, "tokens_per_second": 161510.3118012348, "mfu": 0.7690001345937284, "elapsed_seconds": 1005.6255489764735, "unix": 1789436626.5686126, "ddp_buckets_rebuilt": false}
{"step": 71, "prediction_tokens": 148897792, "loss": 2.752192258834839, "lr": 0.0001, "grad_norm": 0.06582086533308029, "step_seconds": 12.983048591762781, "tokens_per_second": 161530.01239867177, "mfu": 0.7690939351808961, "elapsed_seconds": 1018.6242919880897, "unix": 1789436639.5673518, "ddp_buckets_rebuilt": false}
{"step": 72, "prediction_tokens": 150994944, "loss": 2.721691131591797, "lr": 0.0001, "grad_norm": 0.06133372709155083, "step_seconds": 12.983339075930417, "tokens_per_second": 161526.39838913805, "mfu": 0.7690767277729798, "elapsed_seconds": 1031.6288321008906, "unix": 1789436652.5718908, "ddp_buckets_rebuilt": false}
{"step": 73, "prediction_tokens": 153092096, "loss": 2.7504167556762695, "lr": 0.0001, "grad_norm": 0.05893666297197342, "step_seconds": 12.99786370061338, "tokens_per_second": 161345.898703418, "mfu": 0.768217313404542, "elapsed_seconds": 1044.6471995469183, "unix": 1789436665.590257, "ddp_buckets_rebuilt": false}
{"step": 74, "prediction_tokens": 155189248, "loss": 2.7411816120147705, "lr": 0.0001, "grad_norm": 0.0649825930595398, "step_seconds": 12.993621420115232, "tokens_per_second": 161398.57643946976, "mfu": 0.7684681282637427, "elapsed_seconds": 1057.6586070498452, "unix": 1789436678.601666, "ddp_buckets_rebuilt": false}
{"step": 75, "prediction_tokens": 157286400, "loss": 2.7091927528381348, "lr": 0.0001, "grad_norm": 0.06363693624734879, "step_seconds": 12.97457090113312, "tokens_per_second": 161635.55742848094, "mfu": 0.7695964674416772, "elapsed_seconds": 1070.6519106747583, "unix": 1789436691.5949705, "ddp_buckets_rebuilt": false}
{"step": 76, "prediction_tokens": 159383552, "loss": 2.664108991622925, "lr": 0.0001, "grad_norm": 0.06067674979567528, "step_seconds": 12.941403220407665, "tokens_per_second": 162049.81517714722, "mfu": 0.7715688756484852, "elapsed_seconds": 1083.6115353424102, "unix": 1789436704.554598, "ddp_buckets_rebuilt": false}
{"step": 77, "prediction_tokens": 161480704, "loss": 2.714592933654785, "lr": 0.0001, "grad_norm": 0.06649751216173172, "step_seconds": 12.991036797873676, "tokens_per_second": 161430.68737541055, "mfu": 0.7686210182791542, "elapsed_seconds": 1096.6288127675653, "unix": 1789436717.571871, "ddp_buckets_rebuilt": false}
{"step": 78, "prediction_tokens": 163577856, "loss": 2.7510952949523926, "lr": 0.0001, "grad_norm": 0.05733088403940201, "step_seconds": 12.992857317440212, "tokens_per_second": 161408.06819951828, "mfu": 0.7685133214447442, "elapsed_seconds": 1109.6433645533398, "unix": 1789436730.5864224, "ddp_buckets_rebuilt": false}
{"step": 79, "prediction_tokens": 165675008, "loss": 2.655613422393799, "lr": 0.0001, "grad_norm": 0.07560277730226517, "step_seconds": 12.93814666569233, "tokens_per_second": 162090.6034062012, "mfu": 0.7717630809179973, "elapsed_seconds": 1122.598637348041, "unix": 1789436743.541697, "ddp_buckets_rebuilt": false}
{"step": 80, "prediction_tokens": 167772160, "loss": 2.700626850128174, "lr": 0.0001, "grad_norm": 0.06338757276535034, "step_seconds": 12.983871607109904, "tokens_per_second": 161519.77341270147, "mfu": 0.7690451842280841, "elapsed_seconds": 1135.5991162601858, "unix": 1789436756.542176, "ddp_buckets_rebuilt": false}
{"step": 81, "prediction_tokens": 169869312, "loss": 2.66606068611145, "lr": 0.0001, "grad_norm": 0.0588875412940979, "step_seconds": 12.96060231514275, "tokens_per_second": 161809.76385254526, "mfu": 0.7704259176610381, "elapsed_seconds": 1148.5792841222137, "unix": 1789436769.5223503, "ddp_buckets_rebuilt": false}
{"step": 82, "prediction_tokens": 171966464, "loss": 2.7314388751983643, "lr": 0.0001, "grad_norm": 0.05423199385404587, "step_seconds": 12.99062417820096, "tokens_per_second": 161435.8148794071, "mfu": 0.7686454318984426, "elapsed_seconds": 1161.5887931967154, "unix": 1789436782.531854, "ddp_buckets_rebuilt": false}
{"step": 83, "prediction_tokens": 174063616, "loss": 2.7369792461395264, "lr": 0.0001, "grad_norm": 0.05441712960600853, "step_seconds": 12.98965370748192, "tokens_per_second": 161447.87591928334, "mfu": 0.7687028582087799, "elapsed_seconds": 1174.600115597248, "unix": 1789436795.5431755, "ddp_buckets_rebuilt": false}
{"step": 84, "prediction_tokens": 176160768, "loss": 2.684955596923828, "lr": 0.0001, "grad_norm": 0.04883991926908493, "step_seconds": 12.97888065688312, "tokens_per_second": 161581.88486676718, "mfu": 0.7693409159123565, "elapsed_seconds": 1187.6031889328733, "unix": 1789436808.5462487, "ddp_buckets_rebuilt": false}
{"step": 85, "prediction_tokens": 178257920, "loss": 2.695039749145508, "lr": 0.0001, "grad_norm": 0.053010180592536926, "step_seconds": 12.946065632626414, "tokens_per_second": 161991.45435465735, "mfu": 0.7712910018715777, "elapsed_seconds": 1200.5647483561188, "unix": 1789436821.5078068, "ddp_buckets_rebuilt": false}
{"step": 86, "prediction_tokens": 180355072, "loss": 2.7526848316192627, "lr": 0.0001, "grad_norm": 0.04923269897699356, "step_seconds": 12.95692050550133, "tokens_per_second": 161855.74335426217, "mfu": 0.7706448401720191, "elapsed_seconds": 1213.5372239975259, "unix": 1789436834.4802845, "ddp_buckets_rebuilt": false}
{"step": 87, "prediction_tokens": 182452224, "loss": 2.736630439758301, "lr": 0.0001, "grad_norm": 0.051935501396656036, "step_seconds": 12.998923543840647, "tokens_per_second": 161332.74366350938, "mfu": 0.7681546782244876, "elapsed_seconds": 1226.554605603218, "unix": 1789436847.4976668, "ddp_buckets_rebuilt": false}
{"step": 88, "prediction_tokens": 184549376, "loss": 2.581664800643921, "lr": 0.0001, "grad_norm": 0.06802070140838623, "step_seconds": 12.964293034747243, "tokens_per_second": 161763.69929151997, "mfu": 0.7702065901565995, "elapsed_seconds": 1239.5354853747413, "unix": 1789436860.4785469, "ddp_buckets_rebuilt": false}
{"step": 89, "prediction_tokens": 186646528, "loss": 2.621394634246826, "lr": 0.0001, "grad_norm": 0.0608459934592247, "step_seconds": 12.9742581108585, "tokens_per_second": 161639.45422396352, "mfu": 0.7696150212802351, "elapsed_seconds": 1252.5289352275431, "unix": 1789436873.4719934, "ddp_buckets_rebuilt": false}
{"step": 90, "prediction_tokens": 188743680, "loss": 2.7778263092041016, "lr": 0.0001, "grad_norm": 0.05314565449953079, "step_seconds": 12.957836724817753, "tokens_per_second": 161844.29890086423, "mfu": 0.7705903496190307, "elapsed_seconds": 1265.503331718035, "unix": 1789436886.4463906, "ddp_buckets_rebuilt": false}
{"step": 91, "prediction_tokens": 190840832, "loss": 2.6372714042663574, "lr": 0.0001, "grad_norm": 0.059234295040369034, "step_seconds": 12.988013648428023, "tokens_per_second": 161468.2627203602, "mfu": 0.7687999260219566, "elapsed_seconds": 1278.5066323680803, "unix": 1789436899.449694, "ddp_buckets_rebuilt": false}
{"step": 92, "prediction_tokens": 192937984, "loss": 2.687366247177124, "lr": 0.0001, "grad_norm": 0.05302692577242851, "step_seconds": 13.008402155712247, "tokens_per_second": 161215.18806820552, "mfu": 0.7675949599773817, "elapsed_seconds": 1291.533092030324, "unix": 1789436912.4761567, "ddp_buckets_rebuilt": false}
{"step": 93, "prediction_tokens": 195035136, "loss": 2.635986089706421, "lr": 0.0001, "grad_norm": 0.051173266023397446, "step_seconds": 13.141197394579649, "tokens_per_second": 159586.06640099725, "mfu": 0.7598382120188086, "elapsed_seconds": 1304.6970690516755, "unix": 1789436925.6401289, "ddp_buckets_rebuilt": false}
{"step": 94, "prediction_tokens": 197132288, "loss": 2.6603384017944336, "lr": 0.0001, "grad_norm": 0.051968611776828766, "step_seconds": 12.93383574206382, "tokens_per_second": 162144.62915897236, "mfu": 0.7720203140982766, "elapsed_seconds": 1317.652397369966, "unix": 1789436938.5954564, "ddp_buckets_rebuilt": false}
{"step": 95, "prediction_tokens": 199229440, "loss": 2.682326078414917, "lr": 0.0001, "grad_norm": 0.05101644620299339, "step_seconds": 12.984752777963877, "tokens_per_second": 161508.8123632995, "mfu": 0.7689929953097954, "elapsed_seconds": 1330.6531002959237, "unix": 1789436951.5961585, "ddp_buckets_rebuilt": false}
{"step": 96, "prediction_tokens": 201326592, "loss": 2.7312264442443848, "lr": 0.0001, "grad_norm": 0.04566105827689171, "step_seconds": 12.98762881103903, "tokens_per_second": 161473.0471983842, "mfu": 0.7688227063893736, "elapsed_seconds": 1343.6561325611547, "unix": 1789436964.5991902, "ddp_buckets_rebuilt": false}
{"step": 97, "prediction_tokens": 203423744, "loss": 2.6819357872009277, "lr": 0.0001, "grad_norm": 0.05035258084535599, "step_seconds": 12.941755380481482, "tokens_per_second": 162045.4056149822, "mfu": 0.7715478803704712, "elapsed_seconds": 1356.6152233006433, "unix": 1789436977.5582862, "ddp_buckets_rebuilt": false}
{"step": 98, "prediction_tokens": 205520896, "loss": 2.7483274936676025, "lr": 0.0001, "grad_norm": 0.05642079934477806, "step_seconds": 12.984858880750835, "tokens_per_second": 161507.49263119712, "mfu": 0.7689867116604541, "elapsed_seconds": 1369.6177421556786, "unix": 1789436990.5608053, "ddp_buckets_rebuilt": false}
{"step": 99, "prediction_tokens": 207618048, "loss": 2.7366175651550293, "lr": 0.0001, "grad_norm": 0.11306709796190262, "step_seconds": 12.980179117061198, "tokens_per_second": 161565.72117279147, "mfu": 0.7692639556074433, "elapsed_seconds": 1382.6148647516966, "unix": 1789437003.5579238, "ddp_buckets_rebuilt": false}
{"step": 100, "prediction_tokens": 209715200, "loss": 2.7146828174591064, "lr": 0.0001, "grad_norm": 0.054284706711769104, "step_seconds": 12.983208268880844, "tokens_per_second": 161528.025782858, "mfu": 0.7690844762936514, "elapsed_seconds": 1395.615358017385, "unix": 1789437016.5584161, "ddp_buckets_rebuilt": false}
{"step": 101, "prediction_tokens": 211812352, "loss": 2.7085423469543457, "lr": 0.0001, "grad_norm": 0.06004134938120842, "step_seconds": 12.984083795920014, "tokens_per_second": 161517.13382033067, "mfu": 0.7690326163191638, "elapsed_seconds": 1408.6313540302217, "unix": 1789437029.5744207, "ddp_buckets_rebuilt": false}
{"step": 102, "prediction_tokens": 213909504, "loss": 2.7222983837127686, "lr": 0.0001, "grad_norm": 0.05829716473817825, "step_seconds": 12.93784090783447, "tokens_per_second": 162094.43406666687, "mfu": 0.771781319867454, "elapsed_seconds": 1421.5857854001224, "unix": 1789437042.5288465, "ddp_buckets_rebuilt": false}
{"step": 103, "prediction_tokens": 216006656, "loss": 2.7387773990631104, "lr": 0.0001, "grad_norm": 0.051514629274606705, "step_seconds": 12.956262521445751, "tokens_per_second": 161863.96320147926, "mfu": 0.7706839773858959, "elapsed_seconds": 1434.557863438502, "unix": 1789437055.5009236, "ddp_buckets_rebuilt": false}
{"step": 104, "prediction_tokens": 218103808, "loss": 2.690382480621338, "lr": 0.0001, "grad_norm": 0.050788432359695435, "step_seconds": 12.988103825598955, "tokens_per_second": 161467.14163668832, "mfu": 0.7687945881987245, "elapsed_seconds": 1447.5656337104738, "unix": 1789437068.5086918, "ddp_buckets_rebuilt": false}
{"step": 105, "prediction_tokens": 220200960, "loss": 2.724637269973755, "lr": 0.0001, "grad_norm": 0.043247904628515244, "step_seconds": 12.964814473874867, "tokens_per_second": 161757.19322678534, "mfu": 0.7701756127867907, "elapsed_seconds": 1460.5471822470427, "unix": 1789437081.4902453, "ddp_buckets_rebuilt": false}
{"step": 106, "prediction_tokens": 222298112, "loss": 2.6880202293395996, "lr": 0.0001, "grad_norm": 0.051229726523160934, "step_seconds": 12.980314399115741, "tokens_per_second": 161564.03731968653, "mfu": 0.7692559382663219, "elapsed_seconds": 1473.5430159904063, "unix": 1789437094.4860747, "ddp_buckets_rebuilt": false}
{"step": 107, "prediction_tokens": 224395264, "loss": 2.706791400909424, "lr": 0.0001, "grad_norm": 0.049482300877571106, "step_seconds": 12.989777226001024, "tokens_per_second": 161446.3407272474, "mfu": 0.7686955486886069, "elapsed_seconds": 1486.549386558123, "unix": 1789437107.492449, "ddp_buckets_rebuilt": false}
{"step": 108, "prediction_tokens": 226492416, "loss": 2.7066643238067627, "lr": 0.0001, "grad_norm": 0.04897161200642586, "step_seconds": 12.991010630503297, "tokens_per_second": 161431.01253999607, "mfu": 0.7686225664874836, "elapsed_seconds": 1499.5571460351348, "unix": 1789437120.5002067, "ddp_buckets_rebuilt": false}
{"step": 109, "prediction_tokens": 228589568, "loss": 2.692290782928467, "lr": 0.0001, "grad_norm": 0.04712612181901932, "step_seconds": 12.982622417621315, "tokens_per_second": 161535.31486470217, "mfu": 0.7691191818480938, "elapsed_seconds": 1512.5582836326212, "unix": 1789437133.501342, "ddp_buckets_rebuilt": false}
{"step": 110, "prediction_tokens": 230686720, "loss": 2.703829765319824, "lr": 0.0001, "grad_norm": 0.04365920647978783, "step_seconds": 12.997297155670822, "tokens_per_second": 161352.93168126084, "mfu": 0.7682507995692792, "elapsed_seconds": 1525.571129812859, "unix": 1789437146.5141883, "ddp_buckets_rebuilt": false}
{"step": 111, "prediction_tokens": 232783872, "loss": 2.6880576610565186, "lr": 0.0001, "grad_norm": 0.04301086813211441, "step_seconds": 12.988258332014084, "tokens_per_second": 161465.22084726626, "mfu": 0.7687854427311217, "elapsed_seconds": 1538.577638301067, "unix": 1789437159.5206962, "ddp_buckets_rebuilt": false}
{"step": 112, "prediction_tokens": 234881024, "loss": 2.643193244934082, "lr": 0.0001, "grad_norm": 0.04432014003396034, "step_seconds": 12.951004383154213, "tokens_per_second": 161929.6803518832, "mfu": 0.7709968768964109, "elapsed_seconds": 1551.5504470933229, "unix": 1789437172.4935093, "ddp_buckets_rebuilt": false}
{"step": 113, "prediction_tokens": 236978176, "loss": 2.677927255630493, "lr": 0.0001, "grad_norm": 0.04625982046127319, "step_seconds": 12.983390782028437, "tokens_per_second": 161525.7551134385, "mfu": 0.769073664940062, "elapsed_seconds": 1564.5522684473544, "unix": 1789437185.4953299, "ddp_buckets_rebuilt": false}
{"step": 114, "prediction_tokens": 239075328, "loss": 2.6893889904022217, "lr": 0.0001, "grad_norm": 0.0466584637761116, "step_seconds": 12.999145616777241, "tokens_per_second": 161329.98751035822, "mfu": 0.7681415553339391, "elapsed_seconds": 1577.568169171922, "unix": 1789437198.5112286, "ddp_buckets_rebuilt": false}
{"step": 115, "prediction_tokens": 241172480, "loss": 2.686253547668457, "lr": 0.0001, "grad_norm": 0.04762060567736626, "step_seconds": 12.989864826202393, "tokens_per_second": 161445.25197596732, "mfu": 0.7686903648098093, "elapsed_seconds": 1590.575127727352, "unix": 1789437211.5181866, "ddp_buckets_rebuilt": false}
{"step": 116, "prediction_tokens": 243269632, "loss": 2.618086576461792, "lr": 0.0001, "grad_norm": 0.04914920777082443, "step_seconds": 12.995246040634811, "tokens_per_second": 161378.39895007908, "mfu": 0.7683720570477062, "elapsed_seconds": 1603.5890170130879, "unix": 1789437224.532075, "ddp_buckets_rebuilt": false}
{"step": 117, "prediction_tokens": 245366784, "loss": 2.634136199951172, "lr": 0.0001, "grad_norm": 0.044356122612953186, "step_seconds": 12.983223190531135, "tokens_per_second": 161527.84013830137, "mfu": 0.7690835923829745, "elapsed_seconds": 1616.5877655409276, "unix": 1789437237.530825, "ddp_buckets_rebuilt": false}
{"step": 118, "prediction_tokens": 247463936, "loss": 2.7502808570861816, "lr": 0.0001, "grad_norm": 0.0464918278157711, "step_seconds": 12.986239505931735, "tokens_per_second": 161490.322047586, "mfu": 0.7689049572451431, "elapsed_seconds": 1629.5908209374174, "unix": 1789437250.5338833, "ddp_buckets_rebuilt": false}
{"step": 119, "prediction_tokens": 249561088, "loss": 2.764169454574585, "lr": 0.0001, "grad_norm": 0.04298633337020874, "step_seconds": 12.961053187027574, "tokens_per_second": 161804.135029628, "mfu": 0.7703991171085983, "elapsed_seconds": 1642.570074820891, "unix": 1789437263.5131326, "ddp_buckets_rebuilt": false}
{"step": 120, "prediction_tokens": 251658240, "loss": 2.6851651668548584, "lr": 0.0001, "grad_norm": 0.043611831963062286, "step_seconds": 12.987970942631364, "tokens_per_second": 161468.79364476903, "mfu": 0.7688024539159176, "elapsed_seconds": 1655.5750780962408, "unix": 1789437276.518138, "ddp_buckets_rebuilt": false}
{"step": 121, "prediction_tokens": 253755392, "loss": 2.7260241508483887, "lr": 0.0001, "grad_norm": 0.04635460674762726, "step_seconds": 13.008921486325562, "tokens_per_second": 161208.75217860597, "mfu": 0.7675643167329157, "elapsed_seconds": 1668.5991531256586, "unix": 1789437289.542212, "ddp_buckets_rebuilt": false}
{"step": 122, "prediction_tokens": 255852544, "loss": 2.6759438514709473, "lr": 0.0001, "grad_norm": 0.04156266525387764, "step_seconds": 13.0014457879588, "tokens_per_second": 161301.4455624822, "mfu": 0.7680056583654209, "elapsed_seconds": 1681.6193720251322, "unix": 1789437302.5624323, "ddp_buckets_rebuilt": false}
{"step": 123, "prediction_tokens": 257949696, "loss": 2.654275417327881, "lr": 0.0001, "grad_norm": 0.041501954197883606, "step_seconds": 13.026579971425235, "tokens_per_second": 160990.22188481226, "mfu": 0.7665238269742991, "elapsed_seconds": 1694.6635563625023, "unix": 1789437315.6066184, "ddp_buckets_rebuilt": false}
{"step": 124, "prediction_tokens": 260046848, "loss": 2.7006418704986572, "lr": 0.0001, "grad_norm": 0.04417784884572029, "step_seconds": 13.15792023576796, "tokens_per_second": 159383.24312828606, "mfu": 0.7588725082053853, "elapsed_seconds": 1707.8424230711535, "unix": 1789437328.7854881, "ddp_buckets_rebuilt": false}
{"step": 125, "prediction_tokens": 262144000, "loss": 2.6850106716156006, "lr": 0.0001, "grad_norm": 0.04512658342719078, "step_seconds": 12.990549146197736, "tokens_per_second": 161436.74731516835, "mfu": 0.7686498715111083, "elapsed_seconds": 1720.8512814883143, "unix": 1789437341.7943416, "ddp_buckets_rebuilt": false}
{"step": 126, "prediction_tokens": 264241152, "loss": 2.7040836811065674, "lr": 0.0001, "grad_norm": 0.043072205036878586, "step_seconds": 12.995371718890965, "tokens_per_second": 161376.8382593809, "mfu": 0.7683646261205809, "elapsed_seconds": 1733.8633017772809, "unix": 1789437354.8063605, "ddp_buckets_rebuilt": false}
{"step": 127, "prediction_tokens": 266338304, "loss": 2.6494500637054443, "lr": 0.0001, "grad_norm": 0.04846514016389847, "step_seconds": 12.970257218927145, "tokens_per_second": 161689.31460662806, "mfu": 0.7698524218557916, "elapsed_seconds": 1746.850570416078, "unix": 1789437367.7936296, "ddp_buckets_rebuilt": false}
{"step": 128, "prediction_tokens": 268435456, "loss": 2.693438768386841, "lr": 0.0001, "grad_norm": 0.04413420334458351, "step_seconds": 12.99167922604829, "tokens_per_second": 161422.70475668876, "mfu": 0.7685830105829087, "elapsed_seconds": 1759.8653601529077, "unix": 1789437380.8084188, "ddp_buckets_rebuilt": false}
{"step": 129, "prediction_tokens": 270532608, "loss": 2.6345317363739014, "lr": 0.0001, "grad_norm": 0.05234277993440628, "step_seconds": 13.004681791178882, "tokens_per_second": 161261.3083253221, "mfu": 0.7678145526679945, "elapsed_seconds": 1772.8940126039088, "unix": 1789437393.837075, "ddp_buckets_rebuilt": false}
{"step": 130, "prediction_tokens": 272629760, "loss": 2.7128067016601562, "lr": 0.0001, "grad_norm": 0.044856879860162735, "step_seconds": 12.979011373594403, "tokens_per_second": 161580.257512265, "mfu": 0.7693331675784127, "elapsed_seconds": 1785.8911254256964, "unix": 1789437406.8341863, "ddp_buckets_rebuilt": false}
{"step": 131, "prediction_tokens": 274726912, "loss": 2.682366132736206, "lr": 0.0001, "grad_norm": 0.04504992440342903, "step_seconds": 12.979496768675745, "tokens_per_second": 161574.21488490925, "mfu": 0.769304396776115, "elapsed_seconds": 1798.885446164757, "unix": 1789437419.8285053, "ddp_buckets_rebuilt": false}
{"step": 132, "prediction_tokens": 276824064, "loss": 2.6070196628570557, "lr": 0.0001, "grad_norm": 0.042589932680130005, "step_seconds": 12.976701946929097, "tokens_per_second": 161609.01349023322, "mfu": 0.7694700836098495, "elapsed_seconds": 1811.8841495690867, "unix": 1789437432.8272073, "ddp_buckets_rebuilt": false}
{"step": 133, "prediction_tokens": 278921216, "loss": 2.588129997253418, "lr": 0.0001, "grad_norm": 0.05320579558610916, "step_seconds": 12.980434190481901, "tokens_per_second": 161562.54630817883, "mfu": 0.7692488391031954, "elapsed_seconds": 1824.8826611442491, "unix": 1789437445.8257227, "ddp_buckets_rebuilt": false}
{"step": 134, "prediction_tokens": 281018368, "loss": 2.6644482612609863, "lr": 0.0001, "grad_norm": 0.04422769322991371, "step_seconds": 13.005861979909241, "tokens_per_second": 161246.67501773953, "mfu": 0.7677448790021149, "elapsed_seconds": 1837.9100209958851, "unix": 1789437458.8530831, "ddp_buckets_rebuilt": false}
{"step": 135, "prediction_tokens": 283115520, "loss": 2.6680691242218018, "lr": 0.0001, "grad_norm": 0.05015941709280014, "step_seconds": 12.982815569266677, "tokens_per_second": 161532.91162545996, "mfu": 0.7691077392889154, "elapsed_seconds": 1850.9134742794558, "unix": 1789437471.8565369, "ddp_buckets_rebuilt": false}
{"step": 136, "prediction_tokens": 285212672, "loss": 2.61989688873291, "lr": 0.0001, "grad_norm": 0.04557380452752113, "step_seconds": 12.975095424801111, "tokens_per_second": 161629.02324336054, "mfu": 0.7695653561820863, "elapsed_seconds": 1863.9041122049093, "unix": 1789437484.847171, "ddp_buckets_rebuilt": false}
{"step": 137, "prediction_tokens": 287309824, "loss": 2.6568403244018555, "lr": 0.0001, "grad_norm": 0.049754150211811066, "step_seconds": 12.996477008797228, "tokens_per_second": 161363.11391005822, "mfu": 0.7682992802837818, "elapsed_seconds": 1876.9181767208502, "unix": 1789437497.8612363, "ddp_buckets_rebuilt": false}
{"step": 138, "prediction_tokens": 289406976, "loss": 2.601738214492798, "lr": 0.0001, "grad_norm": 0.04496746137738228, "step_seconds": 12.969064638018608, "tokens_per_second": 161704.18287932902, "mfu": 0.7699232142626707, "elapsed_seconds": 1889.9026075685397, "unix": 1789437510.8456678, "ddp_buckets_rebuilt": false}
{"step": 139, "prediction_tokens": 291504128, "loss": 2.6598715782165527, "lr": 0.0001, "grad_norm": 0.06220017746090889, "step_seconds": 13.00103019643575, "tokens_per_second": 161306.6017318333, "mfu": 0.768030208469255, "elapsed_seconds": 1902.919425882399, "unix": 1789437523.8624866, "ddp_buckets_rebuilt": false}
{"step": 140, "prediction_tokens": 293601280, "loss": 2.6790952682495117, "lr": 0.0001, "grad_norm": 0.04537900909781456, "step_seconds": 12.995262235403061, "tokens_per_second": 161378.19783941857, "mfu": 0.7683710994981646, "elapsed_seconds": 1915.9318349864334, "unix": 1789437536.8748987, "ddp_buckets_rebuilt": false}
{"step": 141, "prediction_tokens": 295698432, "loss": 2.6685914993286133, "lr": 0.0001, "grad_norm": 0.0437433198094368, "step_seconds": 12.98983742017299, "tokens_per_second": 161445.59259403506, "mfu": 0.7686919865969079, "elapsed_seconds": 1928.937366896309, "unix": 1789437549.880426, "ddp_buckets_rebuilt": false}
{"step": 142, "prediction_tokens": 297795584, "loss": 2.6386313438415527, "lr": 0.0001, "grad_norm": 0.04811888188123703, "step_seconds": 12.98308720253408, "tokens_per_second": 161529.53201998607, "mfu": 0.7690916479506268, "elapsed_seconds": 1941.9382361164317, "unix": 1789437562.8812945, "ddp_buckets_rebuilt": false}
{"step": 143, "prediction_tokens": 299892736, "loss": 2.6231353282928467, "lr": 0.0001, "grad_norm": 0.0551338829100132, "step_seconds": 12.982863334007561, "tokens_per_second": 161532.31733609026, "mfu": 0.7691049096949396, "elapsed_seconds": 1954.9395597670227, "unix": 1789437575.8826187, "ddp_buckets_rebuilt": false}
{"step": 144, "prediction_tokens": 301989888, "loss": 2.5840797424316406, "lr": 0.0001, "grad_norm": 0.05722228065133095, "step_seconds": 12.999203917570412, "tokens_per_second": 161329.26395326242, "mfu": 0.7681381102566691, "elapsed_seconds": 1967.9573150640354, "unix": 1789437588.9003768, "ddp_buckets_rebuilt": false}
{"step": 145, "prediction_tokens": 304087040, "loss": 2.64306378364563, "lr": 0.0001, "grad_norm": 0.05667851120233536, "step_seconds": 12.983713722787797, "tokens_per_second": 161521.7375225453, "mfu": 0.7690545359575025, "elapsed_seconds": 1980.9565273560584, "unix": 1789437601.8995917, "ddp_buckets_rebuilt": false}
{"step": 146, "prediction_tokens": 306184192, "loss": 2.7322044372558594, "lr": 0.0001, "grad_norm": 0.0466935858130455, "step_seconds": 12.993008584715426, "tokens_per_second": 161406.1890536288, "mfu": 0.7685043742547735, "elapsed_seconds": 1993.9713454889134, "unix": 1789437614.9144044, "ddp_buckets_rebuilt": false}
{"step": 147, "prediction_tokens": 308281344, "loss": 2.7361958026885986, "lr": 0.0001, "grad_norm": 0.05038938298821449, "step_seconds": 12.987039359286427, "tokens_per_second": 161480.37608744323, "mfu": 0.7688576014781758, "elapsed_seconds": 2006.9732162207365, "unix": 1789437627.9162745, "ddp_buckets_rebuilt": false}
{"step": 148, "prediction_tokens": 310378496, "loss": 2.66995906829834, "lr": 0.0001, "grad_norm": 0.043929386883974075, "step_seconds": 12.99345868639648, "tokens_per_second": 161400.59784048234, "mfu": 0.7684777527739887, "elapsed_seconds": 2019.984892369248, "unix": 1789437640.9279504, "ddp_buckets_rebuilt": false}
{"step": 149, "prediction_tokens": 312475648, "loss": 2.734391212463379, "lr": 0.0001, "grad_norm": 0.0497373603284359, "step_seconds": 12.997869213111699, "tokens_per_second": 161345.83027535636, "mfu": 0.7682169875975516, "elapsed_seconds": 2033.006455667317, "unix": 1789437653.9495153, "ddp_buckets_rebuilt": false}
{"step": 150, "prediction_tokens": 314572800, "loss": 2.667755603790283, "lr": 0.0001, "grad_norm": 0.0620931014418602, "step_seconds": 12.990531412884593, "tokens_per_second": 161436.96769171048, "mfu": 0.7686509207914215, "elapsed_seconds": 2046.0121465753764, "unix": 1789437666.9552102, "ddp_buckets_rebuilt": false}
{"step": 151, "prediction_tokens": 316669952, "loss": 2.6826529502868652, "lr": 0.0001, "grad_norm": 0.05489114671945572, "step_seconds": 12.985061055980623, "tokens_per_second": 161504.97798653782, "mfu": 0.7689747386659134, "elapsed_seconds": 2059.0121966535226, "unix": 1789437679.9552577, "ddp_buckets_rebuilt": false}
{"step": 152, "prediction_tokens": 318767104, "loss": 2.707606077194214, "lr": 0.0001, "grad_norm": 0.0440315306186676, "step_seconds": 12.983079862780869, "tokens_per_second": 161529.62333783312, "mfu": 0.7690920827429065, "elapsed_seconds": 2072.0139667131007, "unix": 1789437692.9570243, "ddp_buckets_rebuilt": false}
{"step": 153, "prediction_tokens": 320864256, "loss": 2.62667179107666, "lr": 0.0001, "grad_norm": 0.04734877124428749, "step_seconds": 13.027624225243926, "tokens_per_second": 160977.3174095934, "mfu": 0.7664623848095885, "elapsed_seconds": 2085.0582987330854, "unix": 1789437706.0013607, "ddp_buckets_rebuilt": false}
{"step": 154, "prediction_tokens": 322961408, "loss": 2.5986955165863037, "lr": 0.0001, "grad_norm": 0.04488164559006691, "step_seconds": 13.152361709624529, "tokens_per_second": 159450.6025838206, "mfu": 0.759193227234372, "elapsed_seconds": 2098.228472089395, "unix": 1789437719.1715367, "ddp_buckets_rebuilt": false}
{"step": 155, "prediction_tokens": 325058560, "loss": 2.7117323875427246, "lr": 0.0001, "grad_norm": 0.04943924397230148, "step_seconds": 12.984199285507202, "tokens_per_second": 161515.69718594925, "mfu": 0.7690257760622145, "elapsed_seconds": 2111.229999922216, "unix": 1789437732.1730657, "ddp_buckets_rebuilt": false}
{"step": 156, "prediction_tokens": 327155712, "loss": 2.601860523223877, "lr": 0.0001, "grad_norm": 0.044360458850860596, "step_seconds": 12.992621138691902, "tokens_per_second": 161411.00226148372, "mfu": 0.7685272914137274, "elapsed_seconds": 2124.242513087578, "unix": 1789437745.1855717, "ddp_buckets_rebuilt": false}
{"step": 157, "prediction_tokens": 329252864, "loss": 2.692268133163452, "lr": 0.0001, "grad_norm": 0.043337661772966385, "step_seconds": 12.97574769333005, "tokens_per_second": 161620.898430231, "mfu": 0.7695266714546503, "elapsed_seconds": 2137.2395064439625, "unix": 1789437758.182566, "ddp_buckets_rebuilt": false}
{"step": 158, "prediction_tokens": 331350016, "loss": 2.6979455947875977, "lr": 0.0001, "grad_norm": 0.045222021639347076, "step_seconds": 12.98287470638752, "tokens_per_second": 161532.17584147293, "mfu": 0.7691042359956659, "elapsed_seconds": 2150.2409801343456, "unix": 1789437771.1840396, "ddp_buckets_rebuilt": false}
{"step": 159, "prediction_tokens": 333447168, "loss": 2.677706480026245, "lr": 0.0001, "grad_norm": 0.04120548069477081, "step_seconds": 12.990843079052866, "tokens_per_second": 161433.09462197727, "mfu": 0.7686324799184338, "elapsed_seconds": 2163.2498495057225, "unix": 1789437784.1929119, "ddp_buckets_rebuilt": false}
{"step": 160, "prediction_tokens": 335544320, "loss": 2.6733415126800537, "lr": 0.0001, "grad_norm": 0.04510990530252457, "step_seconds": 12.976539407856762, "tokens_per_second": 161611.03774171567, "mfu": 0.7694797216920567, "elapsed_seconds": 2176.2462744470686, "unix": 1789437797.1893349, "ddp_buckets_rebuilt": false}
{"step": 161, "prediction_tokens": 337641472, "loss": 2.6308343410491943, "lr": 0.0001, "grad_norm": 0.04070005193352699, "step_seconds": 12.981634298339486, "tokens_per_second": 161547.61040127682, "mfu": 0.7691777246691395, "elapsed_seconds": 2189.246926052496, "unix": 1789437810.1899872, "ddp_buckets_rebuilt": false}
{"step": 162, "prediction_tokens": 339738624, "loss": 2.675072431564331, "lr": 0.0001, "grad_norm": 0.04181230813264847, "step_seconds": 13.00143344141543, "tokens_per_second": 161301.59873907635, "mfu": 0.7680063876861696, "elapsed_seconds": 2202.2657166635618, "unix": 1789437823.2087753, "ddp_buckets_rebuilt": false}
{"step": 163, "prediction_tokens": 341835776, "loss": 2.623147964477539, "lr": 0.0001, "grad_norm": 0.042858269065618515, "step_seconds": 12.993927826173604, "tokens_per_second": 161394.77054626372, "mfu": 0.768450007238806, "elapsed_seconds": 2215.276095905341, "unix": 1789437836.2191544, "ddp_buckets_rebuilt": false}
{"step": 164, "prediction_tokens": 343932928, "loss": 2.690079927444458, "lr": 0.0001, "grad_norm": 0.041526515036821365, "step_seconds": 12.990629522129893, "tokens_per_second": 161435.74846988317, "mfu": 0.7686451157023294, "elapsed_seconds": 2228.284952676855, "unix": 1789437849.2280133, "ddp_buckets_rebuilt": false}
{"step": 165, "prediction_tokens": 346030080, "loss": 2.642052412033081, "lr": 0.0001, "grad_norm": 0.04226882383227348, "step_seconds": 13.002457021735609, "tokens_per_second": 161288.9007434739, "mfu": 0.7679459286342463, "elapsed_seconds": 2241.3044638400897, "unix": 1789437862.247528, "ddp_buckets_rebuilt": false}
{"step": 166, "prediction_tokens": 348127232, "loss": 2.6796443462371826, "lr": 0.0001, "grad_norm": 0.0465555265545845, "step_seconds": 12.96537537779659, "tokens_per_second": 161750.19533884115, "mfu": 0.770142293695824, "elapsed_seconds": 2254.2937949774787, "unix": 1789437875.2368557, "ddp_buckets_rebuilt": false}
{"step": 167, "prediction_tokens": 350224384, "loss": 2.6927330493927, "lr": 0.0001, "grad_norm": 0.04083479940891266, "step_seconds": 12.988795618526638, "tokens_per_second": 161458.54177647666, "mfu": 0.768753641626419, "elapsed_seconds": 2267.3022834639996, "unix": 1789437888.2453454, "ddp_buckets_rebuilt": false}
{"step": 168, "prediction_tokens": 352321536, "loss": 2.6796510219573975, "lr": 0.0001, "grad_norm": 0.04466141015291214, "step_seconds": 12.998380281031132, "tokens_per_second": 161339.48650974824, "mfu": 0.7681867829836662, "elapsed_seconds": 2280.3182827420533, "unix": 1789437901.2613437, "ddp_buckets_rebuilt": false}
{"step": 169, "prediction_tokens": 354418688, "loss": 2.6365249156951904, "lr": 0.0001, "grad_norm": 0.04340478405356407, "step_seconds": 12.99545264057815, "tokens_per_second": 161375.83337818237, "mfu": 0.7683598415729672, "elapsed_seconds": 2293.332919627428, "unix": 1789437914.2759838, "ddp_buckets_rebuilt": false}
{"step": 170, "prediction_tokens": 356515840, "loss": 2.6610140800476074, "lr": 0.0001, "grad_norm": 0.043783728033304214, "step_seconds": 12.9991065422073, "tokens_per_second": 161330.47245906296, "mfu": 0.7681438643234709, "elapsed_seconds": 2306.3494493784383, "unix": 1789437927.2925096, "ddp_buckets_rebuilt": false}
{"step": 171, "prediction_tokens": 358612992, "loss": 2.6778266429901123, "lr": 0.0001, "grad_norm": 0.040431153029203415, "step_seconds": 13.007232767529786, "tokens_per_second": 161229.68178405805, "mfu": 0.7676639690042175, "elapsed_seconds": 2319.3733751662076, "unix": 1789437940.3164349, "ddp_buckets_rebuilt": false}
{"step": 172, "prediction_tokens": 360710144, "loss": 2.658081293106079, "lr": 0.0001, "grad_norm": 0.04271450266242027, "step_seconds": 12.977865042164922, "tokens_per_second": 161594.52985420785, "mfu": 0.7694011225761624, "elapsed_seconds": 2332.3695288393646, "unix": 1789437953.3125892, "ddp_buckets_rebuilt": false}
{"step": 173, "prediction_tokens": 362807296, "loss": 2.6372151374816895, "lr": 0.0001, "grad_norm": 0.041762348264455795, "step_seconds": 12.99012671597302, "tokens_per_second": 161441.99713011913, "mfu": 0.7686748674903664, "elapsed_seconds": 2345.378871987574, "unix": 1789437966.3219342, "ddp_buckets_rebuilt": false}
{"step": 174, "prediction_tokens": 364904448, "loss": 2.645205020904541, "lr": 0.0001, "grad_norm": 0.05001010373234749, "step_seconds": 12.988039588555694, "tokens_per_second": 161467.94023078654, "mfu": 0.7687983905501792, "elapsed_seconds": 2358.385309821926, "unix": 1789437979.328372, "ddp_buckets_rebuilt": false}
{"step": 175, "prediction_tokens": 367001600, "loss": 2.6209099292755127, "lr": 0.0001, "grad_norm": 0.052492182701826096, "step_seconds": 12.993549664504826, "tokens_per_second": 161399.46774736253, "mfu": 0.7684723720540113, "elapsed_seconds": 2371.396173618734, "unix": 1789437992.339235, "ddp_buckets_rebuilt": false}
{"step": 176, "prediction_tokens": 369098752, "loss": 2.6468024253845215, "lr": 0.0001, "grad_norm": 0.042674172669649124, "step_seconds": 12.969718704931438, "tokens_per_second": 161696.0280875333, "mfu": 0.7698843867976096, "elapsed_seconds": 2384.384997091256, "unix": 1789438005.328056, "ddp_buckets_rebuilt": false}
{"step": 177, "prediction_tokens": 371195904, "loss": 2.6514062881469727, "lr": 0.0001, "grad_norm": 0.042022187262773514, "step_seconds": 13.000925243832171, "tokens_per_second": 161307.90391206346, "mfu": 0.7680364085487488, "elapsed_seconds": 2397.40477148816, "unix": 1789438018.3478293, "ddp_buckets_rebuilt": false}
{"step": 178, "prediction_tokens": 373293056, "loss": 2.65578031539917, "lr": 0.0001, "grad_norm": 0.04754272475838661, "step_seconds": 12.99583983514458, "tokens_per_second": 161371.02538988538, "mfu": 0.7683369492659295, "elapsed_seconds": 2410.4189480626956, "unix": 1789438031.3620093, "ddp_buckets_rebuilt": false}
{"step": 179, "prediction_tokens": 375390208, "loss": 2.663017988204956, "lr": 0.0001, "grad_norm": 0.04102879762649536, "step_seconds": 12.982762900181115, "tokens_per_second": 161533.56693980322, "mfu": 0.7691108594415084, "elapsed_seconds": 2423.4219180755317, "unix": 1789438044.3649845, "ddp_buckets_rebuilt": false}
{"step": 180, "prediction_tokens": 377487360, "loss": 2.6493148803710938, "lr": 0.0001, "grad_norm": 0.062450047582387924, "step_seconds": 12.984757728874683, "tokens_per_second": 161508.75078219487, "mfu": 0.7689927021032673, "elapsed_seconds": 2436.4221410416067, "unix": 1789438057.3651984, "ddp_buckets_rebuilt": false}
{"step": 181, "prediction_tokens": 379584512, "loss": 2.630657911300659, "lr": 0.0001, "grad_norm": 0.0449470616877079, "step_seconds": 12.987434844486415, "tokens_per_second": 161475.45878856198, "mfu": 0.7688341887099177, "elapsed_seconds": 2449.426040957682, "unix": 1789438070.3690987, "ddp_buckets_rebuilt": false}
{"step": 182, "prediction_tokens": 381681664, "loss": 2.6653075218200684, "lr": 0.0001, "grad_norm": 0.04384806007146835, "step_seconds": 12.985601952299476, "tokens_per_second": 161498.25073212248, "mfu": 0.768942708144189, "elapsed_seconds": 2462.428049661219, "unix": 1789438083.3711102, "ddp_buckets_rebuilt": false}
{"step": 183, "prediction_tokens": 383778816, "loss": 2.5789542198181152, "lr": 0.0001, "grad_norm": 0.05612383410334587, "step_seconds": 12.998356808908284, "tokens_per_second": 161339.7778527467, "mfu": 0.7681881701570455, "elapsed_seconds": 2475.442113414407, "unix": 1789438096.385177, "ddp_buckets_rebuilt": false}
{"step": 184, "prediction_tokens": 385875968, "loss": 2.665316343307495, "lr": 0.0001, "grad_norm": 0.049244582653045654, "step_seconds": 13.02230835147202, "tokens_per_second": 161043.0304211727, "mfu": 0.7667752646138899, "elapsed_seconds": 2488.4786664461717, "unix": 1789438109.4217274, "ddp_buckets_rebuilt": false}
{"step": 185, "prediction_tokens": 387973120, "loss": 2.629595994949341, "lr": 0.0001, "grad_norm": 0.047378819435834885, "step_seconds": 13.157813877798617, "tokens_per_second": 159384.53146373783, "mfu": 0.7588786423656427, "elapsed_seconds": 2501.6598384082317, "unix": 1789438122.602897, "ddp_buckets_rebuilt": false}
{"step": 186, "prediction_tokens": 390070272, "loss": 2.586766004562378, "lr": 0.0001, "grad_norm": 0.052994292229413986, "step_seconds": 12.96580111887306, "tokens_per_second": 161744.8841589417, "mfu": 0.770117005539223, "elapsed_seconds": 2514.6399087151513, "unix": 1789438135.582968, "ddp_buckets_rebuilt": false}
{"step": 187, "prediction_tokens": 392167424, "loss": 2.5739059448242188, "lr": 0.0001, "grad_norm": 0.06969699263572693, "step_seconds": 12.995905388146639, "tokens_per_second": 161370.2114138796, "mfu": 0.7683330736764947, "elapsed_seconds": 2527.656069821678, "unix": 1789438148.5991316, "ddp_buckets_rebuilt": false}
{"step": 188, "prediction_tokens": 394264576, "loss": 2.5560503005981445, "lr": 0.0001, "grad_norm": 0.16726094484329224, "step_seconds": 12.95449398830533, "tokens_per_second": 161886.06069007434, "mfu": 0.7707891903070665, "elapsed_seconds": 2540.6264707436785, "unix": 1789438161.5695343, "ddp_buckets_rebuilt": false}
{"step": 189, "prediction_tokens": 396361728, "loss": 2.687901020050049, "lr": 0.0001, "grad_norm": 0.12905390560626984, "step_seconds": 12.99436233844608, "tokens_per_second": 161389.3737436589, "mfu": 0.7684243114062415, "elapsed_seconds": 2553.638049433008, "unix": 1789438174.5811086, "ddp_buckets_rebuilt": false}
{"step": 190, "prediction_tokens": 398458880, "loss": 2.5646133422851562, "lr": 0.0001, "grad_norm": 0.08797784894704819, "step_seconds": 12.992692769505084, "tokens_per_second": 161410.11237656508, "mfu": 0.7685230543986751, "elapsed_seconds": 2566.6471570739523, "unix": 1789438187.5902135, "ddp_buckets_rebuilt": false}
{"step": 191, "prediction_tokens": 400556032, "loss": 2.6782212257385254, "lr": 0.0001, "grad_norm": 0.06262720376253128, "step_seconds": 12.987158556468785, "tokens_per_second": 161478.8940076063, "mfu": 0.7688505448414733, "elapsed_seconds": 2579.6501930290833, "unix": 1789438200.5932515, "ddp_buckets_rebuilt": false}
{"step": 192, "prediction_tokens": 402653184, "loss": 2.747039556503296, "lr": 0.0001, "grad_norm": 0.06875777244567871, "step_seconds": 12.99448777269572, "tokens_per_second": 161387.815871171, "mfu": 0.76841689389748, "elapsed_seconds": 2592.6617588838562, "unix": 1789438213.60482, "ddp_buckets_rebuilt": false}
{"step": 193, "prediction_tokens": 404750336, "loss": 2.655341625213623, "lr": 0.0001, "grad_norm": 0.0428297184407711, "step_seconds": 12.985348781570792, "tokens_per_second": 161501.39940610164, "mfu": 0.7689576999467976, "elapsed_seconds": 2605.6658282326534, "unix": 1789438226.6088908, "ddp_buckets_rebuilt": false}
{"step": 194, "prediction_tokens": 406847488, "loss": 2.633540630340576, "lr": 0.0001, "grad_norm": 0.05193682014942169, "step_seconds": 12.990935688838363, "tokens_per_second": 161431.9437976931, "mfu": 0.7686270004910242, "elapsed_seconds": 2618.675972971134, "unix": 1789438239.6190326, "ddp_buckets_rebuilt": false}
{"step": 195, "prediction_tokens": 408944640, "loss": 2.6279354095458984, "lr": 0.0001, "grad_norm": 0.04082796350121498, "step_seconds": 12.990536946803331, "tokens_per_second": 161436.89892018362, "mfu": 0.7686505933490878, "elapsed_seconds": 2631.6825108211488, "unix": 1789438252.6255693, "ddp_buckets_rebuilt": false}
{"step": 196, "prediction_tokens": 411041792, "loss": 2.661344051361084, "lr": 0.0001, "grad_norm": 0.04606305807828903, "step_seconds": 12.961660135537386, "tokens_per_second": 161796.55831664443, "mfu": 0.7703630420540759, "elapsed_seconds": 2644.6593161122873, "unix": 1789438265.602376, "ddp_buckets_rebuilt": false}
{"step": 197, "prediction_tokens": 413138944, "loss": 2.5865931510925293, "lr": 0.0001, "grad_norm": 0.07448573410511017, "step_seconds": 12.984241575933993, "tokens_per_second": 161515.1711199694, "mfu": 0.769023271300724, "elapsed_seconds": 2657.657523910515, "unix": 1789438278.6005874, "ddp_buckets_rebuilt": false}
{"step": 198, "prediction_tokens": 415236096, "loss": 2.6315927505493164, "lr": 0.0001, "grad_norm": 0.04651997238397598, "step_seconds": 12.981415682472289, "tokens_per_second": 161550.33097288516, "mfu": 0.7691906781450486, "elapsed_seconds": 2670.654711571522, "unix": 1789438291.5977724, "ddp_buckets_rebuilt": false}
{"step": 199, "prediction_tokens": 417333248, "loss": 2.616236686706543, "lr": 0.0001, "grad_norm": 0.04218291863799095, "step_seconds": 12.995877366513014, "tokens_per_second": 161370.55935937143, "mfu": 0.7683347303517069, "elapsed_seconds": 2683.6651678942144, "unix": 1789438304.6082265, "ddp_buckets_rebuilt": false}
{"step": 200, "prediction_tokens": 419430400, "loss": 2.670073986053467, "lr": 0.0001, "grad_norm": 0.04534497484564781, "step_seconds": 12.948569614440203, "tokens_per_second": 161960.12860457288, "mfu": 0.7711418503668684, "elapsed_seconds": 2696.6275118943304, "unix": 1789438317.5705705, "ddp_buckets_rebuilt": false}
{"step": 201, "prediction_tokens": 421527552, "loss": 2.6420209407806396, "lr": 0.0001, "grad_norm": 0.042619626969099045, "step_seconds": 12.985146201215684, "tokens_per_second": 161503.91897810608, "mfu": 0.7689696964019399, "elapsed_seconds": 2709.627337691374, "unix": 1789438330.5704, "ddp_buckets_rebuilt": false}
{"step": 202, "prediction_tokens": 423624704, "loss": 2.644458770751953, "lr": 0.0001, "grad_norm": 0.0410018116235733, "step_seconds": 12.975305696949363, "tokens_per_second": 161626.4039538632, "mfu": 0.7695528849413741, "elapsed_seconds": 2722.6171207623556, "unix": 1789438343.5601845, "ddp_buckets_rebuilt": false}
{"step": 203, "prediction_tokens": 425721856, "loss": 2.6916468143463135, "lr": 0.0001, "grad_norm": 0.04922547936439514, "step_seconds": 12.987617005594075, "tokens_per_second": 161473.19397366792, "mfu": 0.7688234052315195, "elapsed_seconds": 2735.6235840748996, "unix": 1789438356.5666428, "ddp_buckets_rebuilt": false}
{"step": 204, "prediction_tokens": 427819008, "loss": 2.6272149085998535, "lr": 0.0001, "grad_norm": 0.04534871131181717, "step_seconds": 12.945123058743775, "tokens_per_second": 162003.24944639904, "mfu": 0.7713471619212721, "elapsed_seconds": 2748.5843056822196, "unix": 1789438369.527364, "ddp_buckets_rebuilt": false}
{"step": 205, "prediction_tokens": 429916160, "loss": 2.6290180683135986, "lr": 0.0001, "grad_norm": 0.039372172206640244, "step_seconds": 12.930506785400212, "tokens_per_second": 162186.37326480402, "mfu": 0.7722190705903238, "elapsed_seconds": 2761.529063763097, "unix": 1789438382.4721217, "ddp_buckets_rebuilt": false}
{"step": 206, "prediction_tokens": 432013312, "loss": 2.648203134536743, "lr": 0.0001, "grad_norm": 0.04464501142501831, "step_seconds": 12.985696384683251, "tokens_per_second": 161497.07631187266, "mfu": 0.7689371163691493, "elapsed_seconds": 2774.53500026837, "unix": 1789438395.4780643, "ddp_buckets_rebuilt": false}
{"step": 207, "prediction_tokens": 434110464, "loss": 2.6515042781829834, "lr": 0.0001, "grad_norm": 0.039614591747522354, "step_seconds": 12.964030359871686, "tokens_per_second": 161766.9769188011, "mfu": 0.7702221959454326, "elapsed_seconds": 2787.5182739822194, "unix": 1789438408.4613361, "ddp_buckets_rebuilt": false}
{"step": 208, "prediction_tokens": 436207616, "loss": 2.6856489181518555, "lr": 0.0001, "grad_norm": 0.03970825672149658, "step_seconds": 12.99138071294874, "tokens_per_second": 161426.41389223022, "mfu": 0.7686006709149259, "elapsed_seconds": 2800.5295110335574, "unix": 1789438421.4725683, "ddp_buckets_rebuilt": false}
{"step": 209, "prediction_tokens": 438304768, "loss": 2.663323402404785, "lr": 0.0001, "grad_norm": 0.040696755051612854, "step_seconds": 12.980022029019892, "tokens_per_second": 161567.67648863178, "mfu": 0.7692732654659137, "elapsed_seconds": 2813.5233154445887, "unix": 1789438434.466375, "ddp_buckets_rebuilt": false}
{"step": 210, "prediction_tokens": 440401920, "loss": 2.6328251361846924, "lr": 0.0001, "grad_norm": 0.041080012917518616, "step_seconds": 12.95201494731009, "tokens_per_second": 161917.04599874187, "mfu": 0.7709367208657661, "elapsed_seconds": 2826.491673508659, "unix": 1789438447.4347339, "ddp_buckets_rebuilt": false}
{"step": 211, "prediction_tokens": 442499072, "loss": 2.6351850032806396, "lr": 0.0001, "grad_norm": 0.04235909879207611, "step_seconds": 12.976062960922718, "tokens_per_second": 161616.97167434776, "mfu": 0.7695079749654351, "elapsed_seconds": 2839.482036789879, "unix": 1789438460.4250987, "ddp_buckets_rebuilt": false}
{"step": 212, "prediction_tokens": 444596224, "loss": 2.6849076747894287, "lr": 0.0001, "grad_norm": 0.039427366107702255, "step_seconds": 12.94023042358458, "tokens_per_second": 162064.50204918892, "mfu": 0.7716388043511845, "elapsed_seconds": 2852.4419090962037, "unix": 1789438473.3849683, "ddp_buckets_rebuilt": false}
{"step": 213, "prediction_tokens": 446693376, "loss": 2.6651668548583984, "lr": 0.0001, "grad_norm": 0.03878732770681381, "step_seconds": 12.985452461056411, "tokens_per_second": 161500.1099337427, "mfu": 0.7689515603733763, "elapsed_seconds": 2865.4435766637325, "unix": 1789438486.3866343, "ddp_buckets_rebuilt": false}
{"step": 214, "prediction_tokens": 448790528, "loss": 2.6055126190185547, "lr": 0.0001, "grad_norm": 0.04093882068991661, "step_seconds": 12.997596492059529, "tokens_per_second": 161349.21570162522, "mfu": 0.7682331066504305, "elapsed_seconds": 2878.456253794022, "unix": 1789438499.3993156, "ddp_buckets_rebuilt": false}
{"step": 215, "prediction_tokens": 450887680, "loss": 2.6199934482574463, "lr": 0.0001, "grad_norm": 0.04830402508378029, "step_seconds": 13.043560709804296, "tokens_per_second": 160780.63702526098, "mfu": 0.7655259291719464, "elapsed_seconds": 2891.516360153444, "unix": 1789438512.459422, "ddp_buckets_rebuilt": false}
{"step": 216, "prediction_tokens": 452984832, "loss": 2.636321783065796, "lr": 0.0001, "grad_norm": 0.0424017533659935, "step_seconds": 13.133536119945347, "tokens_per_second": 159679.15882266802, "mfu": 0.7602814535926505, "elapsed_seconds": 2904.6651388267055, "unix": 1789438525.6082025, "ddp_buckets_rebuilt": false}
{"step": 217, "prediction_tokens": 455081984, "loss": 2.7083911895751953, "lr": 0.0001, "grad_norm": 0.04149860516190529, "step_seconds": 12.993901983834803, "tokens_per_second": 161395.0915290098, "mfu": 0.7684515355361151, "elapsed_seconds": 2917.6781389229, "unix": 1789438538.6211991, "ddp_buckets_rebuilt": false}
{"step": 218, "prediction_tokens": 457179136, "loss": 2.663248062133789, "lr": 0.0001, "grad_norm": 0.04129732400178909, "step_seconds": 12.979803507216275, "tokens_per_second": 161570.39656525338, "mfu": 0.769286216585039, "elapsed_seconds": 2930.676857768558, "unix": 1789438551.6199172, "ddp_buckets_rebuilt": false}
{"step": 219, "prediction_tokens": 459276288, "loss": 2.6752419471740723, "lr": 0.0001, "grad_norm": 0.04534226655960083, "step_seconds": 12.96442655287683, "tokens_per_second": 161762.03331836825, "mfu": 0.7701986579474197, "elapsed_seconds": 2943.662942679599, "unix": 1789438564.6060026, "ddp_buckets_rebuilt": false}
{"step": 220, "prediction_tokens": 461373440, "loss": 2.6187429428100586, "lr": 0.0001, "grad_norm": 0.040821049362421036, "step_seconds": 12.976073273457587, "tokens_per_second": 161616.84323174262, "mfu": 0.7695073634107947, "elapsed_seconds": 2956.654990464449, "unix": 1789438577.5980542, "ddp_buckets_rebuilt": false}
{"step": 221, "prediction_tokens": 463470592, "loss": 2.5875229835510254, "lr": 0.0001, "grad_norm": 0.044364072382450104, "step_seconds": 12.960882185027003, "tokens_per_second": 161806.26982496027, "mfu": 0.7704092815239817, "elapsed_seconds": 2969.632747184485, "unix": 1789438590.575807, "ddp_buckets_rebuilt": false}
{"step": 222, "prediction_tokens": 465567744, "loss": 2.592958450317383, "lr": 0.0001, "grad_norm": 0.05169673636555672, "step_seconds": 12.98178230598569, "tokens_per_second": 161545.76856777494, "mfu": 0.7691689551348908, "elapsed_seconds": 2982.63145821169, "unix": 1789438603.574518, "ddp_buckets_rebuilt": false}
{"step": 223, "prediction_tokens": 467664896, "loss": 2.6102538108825684, "lr": 0.0001, "grad_norm": 0.04707510769367218, "step_seconds": 12.952751548029482, "tokens_per_second": 161907.83805461336, "mfu": 0.7708928790194147, "elapsed_seconds": 2995.5983230220154, "unix": 1789438616.5413845, "ddp_buckets_rebuilt": false}
{"step": 224, "prediction_tokens": 469762048, "loss": 2.606724739074707, "lr": 0.0001, "grad_norm": 0.04292984679341316, "step_seconds": 12.94149762392044, "tokens_per_second": 162048.63308275276, "mfu": 0.771563247334489, "elapsed_seconds": 3008.5567674050108, "unix": 1789438629.4998338, "ddp_buckets_rebuilt": false}
{"step": 225, "prediction_tokens": 471859200, "loss": 2.5964207649230957, "lr": 0.0001, "grad_norm": 0.04510154202580452, "step_seconds": 12.92881225887686, "tokens_per_second": 162207.63036914746, "mfu": 0.7723202821843012, "elapsed_seconds": 3021.5033717444167, "unix": 1789438642.4464302, "ddp_buckets_rebuilt": false}
{"step": 226, "prediction_tokens": 473956352, "loss": 2.6143383979797363, "lr": 0.0001, "grad_norm": 0.043760448694229126, "step_seconds": 12.981866953894496, "tokens_per_second": 161544.71521300447, "mfu": 0.7691639397897329, "elapsed_seconds": 3034.5026413053274, "unix": 1789438655.4457026, "ddp_buckets_rebuilt": false}
{"step": 227, "prediction_tokens": 476053504, "loss": 2.643383264541626, "lr": 0.0001, "grad_norm": 0.044098660349845886, "step_seconds": 12.988546214066446, "tokens_per_second": 161461.64208345415, "mfu": 0.7687684031388969, "elapsed_seconds": 3047.5072446726263, "unix": 1789438668.450305, "ddp_buckets_rebuilt": false}
{"step": 228, "prediction_tokens": 478150656, "loss": 2.6494808197021484, "lr": 0.0001, "grad_norm": 0.05538489669561386, "step_seconds": 12.933226992376149, "tokens_per_second": 162152.26108968974, "mfu": 0.7720566520613666, "elapsed_seconds": 3060.458536218852, "unix": 1789438681.4015992, "ddp_buckets_rebuilt": false}
{"step": 229, "prediction_tokens": 480247808, "loss": 2.596146583557129, "lr": 0.0001, "grad_norm": 0.05204986408352852, "step_seconds": 12.982132804580033, "tokens_per_second": 161541.40706834666, "mfu": 0.7691481886983088, "elapsed_seconds": 3073.4551193350926, "unix": 1789438694.39818, "ddp_buckets_rebuilt": false}
{"step": 230, "prediction_tokens": 482344960, "loss": 2.586468458175659, "lr": 0.0001, "grad_norm": 0.042008377611637115, "step_seconds": 12.934477791190147, "tokens_per_second": 162136.58052962908, "mfu": 0.7719819921052148, "elapsed_seconds": 3086.4072314118966, "unix": 1789438707.3502898, "ddp_buckets_rebuilt": false}
{"step": 231, "prediction_tokens": 484442112, "loss": 2.521324634552002, "lr": 0.0001, "grad_norm": 0.04965592920780182, "step_seconds": 12.952839380130172, "tokens_per_second": 161906.74017135263, "mfu": 0.7708876516604563, "elapsed_seconds": 3099.375819019042, "unix": 1789438720.318877, "ddp_buckets_rebuilt": false}
{"step": 232, "prediction_tokens": 486539264, "loss": 2.6071927547454834, "lr": 0.0001, "grad_norm": 0.043000321835279465, "step_seconds": 12.968227940611541, "tokens_per_second": 161714.6158753518, "mfu": 0.7699728889568512, "elapsed_seconds": 3112.358210230246, "unix": 1789438733.3012753, "ddp_buckets_rebuilt": false}
{"step": 233, "prediction_tokens": 488636416, "loss": 2.637988805770874, "lr": 9.96057350657239e-05, "grad_norm": 0.04648908972740173, "step_seconds": 12.991289917379618, "tokens_per_second": 161427.5420945268, "mfu": 0.7686060426321136, "elapsed_seconds": 3125.3644690150395, "unix": 1789438746.3075306, "ddp_buckets_rebuilt": false}
{"step": 234, "prediction_tokens": 490733568, "loss": 2.6295106410980225, "lr": 9.842915805643155e-05, "grad_norm": 0.04069822281599045, "step_seconds": 12.965312001295388, "tokens_per_second": 161750.98599944758, "mfu": 0.7701460582734909, "elapsed_seconds": 3138.3488095458597, "unix": 1789438759.2918699, "ddp_buckets_rebuilt": false}
{"step": 235, "prediction_tokens": 492830720, "loss": 2.593557596206665, "lr": 9.648882429441257e-05, "grad_norm": 0.04955669119954109, "step_seconds": 12.966049825772643, "tokens_per_second": 161741.78166672526, "mfu": 0.770102233622152, "elapsed_seconds": 3151.3299249606207, "unix": 1789438772.272983, "ddp_buckets_rebuilt": false}
{"step": 236, "prediction_tokens": 494927872, "loss": 2.5731828212738037, "lr": 9.381533400219318e-05, "grad_norm": 0.15627236664295197, "step_seconds": 12.971427298150957, "tokens_per_second": 161674.72952640636, "mfu": 0.7697829778151699, "elapsed_seconds": 3164.3169852988794, "unix": 1789438785.2600424, "ddp_buckets_rebuilt": false}
{"step": 237, "prediction_tokens": 497025024, "loss": 2.557889461517334, "lr": 9.045084971874738e-05, "grad_norm": 0.049142755568027496, "step_seconds": 12.984568135812879, "tokens_per_second": 161511.10903841478, "mfu": 0.769003930484479, "elapsed_seconds": 3177.317841667682, "unix": 1789438798.2609053, "ddp_buckets_rebuilt": false}
{"step": 238, "prediction_tokens": 499122176, "loss": 2.618575096130371, "lr": 8.644843137107059e-05, "grad_norm": 0.045927997678518295, "step_seconds": 12.985456052236259, "tokens_per_second": 161500.06527024086, "mfu": 0.7689513477167444, "elapsed_seconds": 3190.3197637023404, "unix": 1789438811.2628229, "ddp_buckets_rebuilt": false}
{"step": 239, "prediction_tokens": 501219328, "loss": 2.6549623012542725, "lr": 8.18711994874345e-05, "grad_norm": 0.17742128670215607, "step_seconds": 12.928079226985574, "tokens_per_second": 162216.82766473814, "mfu": 0.7723640733296977, "elapsed_seconds": 3203.2733117975295, "unix": 1789438824.2163725, "ddp_buckets_rebuilt": false}
{"step": 240, "prediction_tokens": 503316480, "loss": 2.6311182975769043, "lr": 7.679133974894983e-05, "grad_norm": 0.04861900210380554, "step_seconds": 12.98316115513444, "tokens_per_second": 161528.61194137155, "mfu": 0.7690872671741269, "elapsed_seconds": 3216.274057106115, "unix": 1789438837.2171147, "ddp_buckets_rebuilt": false}
{"step": 241, "prediction_tokens": 505413632, "loss": 2.677295684814453, "lr": 7.128896457825364e-05, "grad_norm": 0.08255475014448166, "step_seconds": 12.980564000084996, "tokens_per_second": 161560.9306333891, "mfu": 0.769241146379945, "elapsed_seconds": 3229.2712432695553, "unix": 1789438850.2143068, "ddp_buckets_rebuilt": false}
{"step": 242, "prediction_tokens": 507510784, "loss": 2.6312406063079834, "lr": 6.545084971874738e-05, "grad_norm": 0.04227721318602562, "step_seconds": 12.940435655415058, "tokens_per_second": 162061.93174975723, "mfu": 0.7716265663672015, "elapsed_seconds": 3242.233173619956, "unix": 1789438863.176234, "ddp_buckets_rebuilt": false}
{"step": 243, "prediction_tokens": 509607936, "loss": 2.5831069946289062, "lr": 5.9369065729286245e-05, "grad_norm": 0.20912350714206696, "step_seconds": 12.978035853244364, "tokens_per_second": 161592.40301957828, "mfu": 0.7693909960641265, "elapsed_seconds": 3255.2327215513214, "unix": 1789438876.17578, "ddp_buckets_rebuilt": false}
{"step": 244, "prediction_tokens": 511705088, "loss": 2.620417833328247, "lr": 5.313952597646568e-05, "grad_norm": 0.04022936522960663, "step_seconds": 12.985008304938674, "tokens_per_second": 161505.63409361674, "mfu": 0.7689778625929641, "elapsed_seconds": 3268.237845385447, "unix": 1789438889.1809022, "ddp_buckets_rebuilt": false}
{"step": 245, "prediction_tokens": 513802240, "loss": 2.574686288833618, "lr": 4.6860474023534335e-05, "grad_norm": 0.10599998384714127, "step_seconds": 13.023425676859915, "tokens_per_second": 161029.2139744944, "mfu": 0.7667094802733316, "elapsed_seconds": 3281.2829882102087, "unix": 1789438902.2260523, "ddp_buckets_rebuilt": false}
{"step": 246, "prediction_tokens": 515899392, "loss": 2.6133828163146973, "lr": 4.063093427071376e-05, "grad_norm": 0.045792728662490845, "step_seconds": 13.157262326218188, "tokens_per_second": 159391.21285292393, "mfu": 0.7589104545089422, "elapsed_seconds": 3294.455932211131, "unix": 1789438915.3989973, "ddp_buckets_rebuilt": false}
{"step": 247, "prediction_tokens": 517996544, "loss": 2.63840913772583, "lr": 3.4549150281252636e-05, "grad_norm": 0.1276146024465561, "step_seconds": 12.964219017885625, "tokens_per_second": 161764.6228520776, "mfu": 0.7702109875116984, "elapsed_seconds": 3307.4366612974554, "unix": 1789438928.3797207, "ddp_buckets_rebuilt": false}
{"step": 248, "prediction_tokens": 520093696, "loss": 2.6274638175964355, "lr": 2.8711035421746367e-05, "grad_norm": 0.09507112950086594, "step_seconds": 12.994326682761312, "tokens_per_second": 161389.81658681468, "mfu": 0.7684264199183395, "elapsed_seconds": 3320.447410101071, "unix": 1789438941.3904698, "ddp_buckets_rebuilt": false}
{"step": 249, "prediction_tokens": 522190848, "loss": 2.6109628677368164, "lr": 2.3208660251050158e-05, "grad_norm": 0.04968896135687828, "step_seconds": 12.98424964491278, "tokens_per_second": 161515.0707474007, "mfu": 0.7690227933961371, "elapsed_seconds": 3333.448743754998, "unix": 1789438954.3918047, "ddp_buckets_rebuilt": false}
{"step": 250, "prediction_tokens": 524288000, "loss": 2.6626274585723877, "lr": 1.8128800512565513e-05, "grad_norm": 0.07590918987989426, "step_seconds": 12.988740988075733, "tokens_per_second": 161459.22086869564, "mfu": 0.7687568749927718, "elapsed_seconds": 3346.4556709453464, "unix": 1789438967.3987312, "ddp_buckets_rebuilt": false}
{"step": 251, "prediction_tokens": 526385152, "loss": 2.6373186111450195, "lr": 1.3551568628929434e-05, "grad_norm": 0.11687884479761124, "step_seconds": 13.000106424093246, "tokens_per_second": 161318.0639901012, "mfu": 0.7680847837966903, "elapsed_seconds": 3359.475233141333, "unix": 1789438980.418294, "ddp_buckets_rebuilt": false}
{"step": 252, "prediction_tokens": 528482304, "loss": 2.6556501388549805, "lr": 9.549150281252633e-06, "grad_norm": 0.038979221135377884, "step_seconds": 12.97592353168875, "tokens_per_second": 161618.70828527198, "mfu": 0.7695162435027164, "elapsed_seconds": 3372.476576782763, "unix": 1789438993.419635, "ddp_buckets_rebuilt": false}
{"step": 253, "prediction_tokens": 530579456, "loss": 2.672666311264038, "lr": 6.184665997806832e-06, "grad_norm": 0.3772042989730835, "step_seconds": 12.94853426143527, "tokens_per_second": 161960.57079958197, "mfu": 0.7711439557929414, "elapsed_seconds": 3385.4422628954053, "unix": 1789439006.3853202, "ddp_buckets_rebuilt": false}
{"step": 254, "prediction_tokens": 532676608, "loss": 2.6142385005950928, "lr": 3.511175705587433e-06, "grad_norm": 0.35948505997657776, "step_seconds": 13.00036050658673, "tokens_per_second": 161314.91114707643, "mfu": 0.768069772143977, "elapsed_seconds": 3398.459058168344, "unix": 1789439019.402118, "ddp_buckets_rebuilt": false}
{"step": 255, "prediction_tokens": 534773760, "loss": 2.595008611679077, "lr": 1.5708419435684462e-06, "grad_norm": 0.06915802508592606, "step_seconds": 13.002354361116886, "tokens_per_second": 161290.1742065625, "mfu": 0.7679519919826207, "elapsed_seconds": 3411.480325214565, "unix": 1789439032.4233885, "ddp_buckets_rebuilt": false}
{"step": 256, "prediction_tokens": 536870912, "loss": 2.652498245239258, "lr": 3.9426493427611177e-07, "grad_norm": 0.11868876963853836, "step_seconds": 12.999593586660922, "tokens_per_second": 161324.42803072854, "mfu": 0.7681150849461614, "elapsed_seconds": 3424.5013173725456, "unix": 1789439045.4443758, "ddp_buckets_rebuilt": false}
{"status": "QUALIFICATION_COMPLETED", "formal_promotion": false, "mfu_window_passed": true, "step": 256, "tokens": 536870912, "unix": 1789439093.9209712, "model_checkpoint_sha256": "d8a69b7b5a7076e6c082aeea8c3b0badefb1c9f8889ceb5db129eb7004658f0b", "model_checkpoint_resumable": false}
