README.md: OK
build_inputs.py: OK
run.sbatch: OK
submit.py: OK
test_build_inputs.py: OK
README.md: OK
mixture.py: OK
resume.py: OK
test_v2.py: OK
train_cpt.py: OK
{"step": 1, "prediction_tokens": 2097152, "loss": 3.0139451026916504, "lr": 1.875e-06, "grad_norm": 0.47394225001335144, "step_seconds": 109.17302634008229, "tokens_per_second": 19209.433596419796, "mfu": 0.09146200546808166, "elapsed_seconds": 149.52724443748593, "unix": 1789433733.8164098, "ddp_buckets_rebuilt": false}
{"step": 2, "prediction_tokens": 4194304, "loss": 3.0229432582855225, "lr": 3.75e-06, "grad_norm": 0.4306883215904236, "step_seconds": 13.16791658103466, "tokens_per_second": 159262.24829070247, "mfu": 0.7582964146708657, "elapsed_seconds": 162.72598299011588, "unix": 1789433747.0151224, "ddp_buckets_rebuilt": false}
{"step": 3, "prediction_tokens": 6291456, "loss": 3.023041009902954, "lr": 5.625e-06, "grad_norm": 0.41283348202705383, "step_seconds": 13.361101372167468, "tokens_per_second": 156959.51565554173, "mfu": 0.7473323982769698, "elapsed_seconds": 176.10575035214424, "unix": 1789433760.3948872, "ddp_buckets_rebuilt": false}
{"step": 4, "prediction_tokens": 8388608, "loss": 2.99519944190979, "lr": 7.5e-06, "grad_norm": 0.3803005516529083, "step_seconds": 13.141303358599544, "tokens_per_second": 159584.77958943424, "mfu": 0.7598320851142532, "elapsed_seconds": 189.26486294530332, "unix": 1789433773.553995, "ddp_buckets_rebuilt": false}
{"step": 5, "prediction_tokens": 10485760, "loss": 3.0242977142333984, "lr": 9.375000000000001e-06, "grad_norm": 0.3708445727825165, "step_seconds": 13.141848992556334, "tokens_per_second": 159578.1538189829, "mfu": 0.7598005377888095, "elapsed_seconds": 202.42530020698905, "unix": 1789433786.714432, "ddp_buckets_rebuilt": false}
{"step": 6, "prediction_tokens": 12582912, "loss": 2.9866015911102295, "lr": 1.125e-05, "grad_norm": 0.4288073182106018, "step_seconds": 13.159411216154695, "tokens_per_second": 159365.18477555472, "mfu": 0.7587865268489873, "elapsed_seconds": 215.60343302600086, "unix": 1789433799.8925695, "ddp_buckets_rebuilt": false}
{"step": 7, "prediction_tokens": 14680064, "loss": 2.9849040508270264, "lr": 1.3125e-05, "grad_norm": 0.34866800904273987, "step_seconds": 13.15997163951397, "tokens_per_second": 159358.39813690152, "mfu": 0.7587542135806917, "elapsed_seconds": 228.78277314826846, "unix": 1789433813.0719151, "ddp_buckets_rebuilt": false}
{"step": 8, "prediction_tokens": 16777216, "loss": 2.9648988246917725, "lr": 1.5e-05, "grad_norm": 0.3455662429332733, "step_seconds": 13.159937331452966, "tokens_per_second": 159358.81358550946, "mfu": 0.7587561916589447, "elapsed_seconds": 241.96205808967352, "unix": 1789433826.2511957, "ddp_buckets_rebuilt": false}
{"step": 9, "prediction_tokens": 18874368, "loss": 3.0110666751861572, "lr": 1.6875e-05, "grad_norm": 0.37679290771484375, "step_seconds": 13.158418998122215, "tokens_per_second": 159377.20179751655, "mfu": 0.7588437435765324, "elapsed_seconds": 255.14418039284647, "unix": 1789433839.4333165, "ddp_buckets_rebuilt": false}
{"step": 10, "prediction_tokens": 20971520, "loss": 2.9024972915649414, "lr": 1.8750000000000002e-05, "grad_norm": 0.34536832571029663, "step_seconds": 13.157321313396096, "tokens_per_second": 159390.4982669071, "mfu": 0.758907052145731, "elapsed_seconds": 268.3178978487849, "unix": 1789433852.6070328, "ddp_buckets_rebuilt": false}
{"step": 11, "prediction_tokens": 23068672, "loss": 2.86283540725708, "lr": 2.0625e-05, "grad_norm": 0.3709838390350342, "step_seconds": 13.15805153362453, "tokens_per_second": 159381.65271969538, "mfu": 0.7588649357822587, "elapsed_seconds": 281.49317896552384, "unix": 1789433865.7823155, "ddp_buckets_rebuilt": false}
{"step": 12, "prediction_tokens": 25165824, "loss": 2.9193437099456787, "lr": 2.25e-05, "grad_norm": 0.2910784184932709, "step_seconds": 13.157898070290685, "tokens_per_second": 159383.51162144772, "mfu": 0.758873786583683, "elapsed_seconds": 294.6733722407371, "unix": 1789433878.9625077, "ddp_buckets_rebuilt": false}
{"step": 13, "prediction_tokens": 27262976, "loss": 2.9138081073760986, "lr": 2.4375e-05, "grad_norm": 0.1897774487733841, "step_seconds": 13.157600246369839, "tokens_per_second": 159387.11928709043, "mfu": 0.7588909637863883, "elapsed_seconds": 307.85267757996917, "unix": 1789433892.1418133, "ddp_buckets_rebuilt": false}
{"step": 14, "prediction_tokens": 29360128, "loss": 2.8951528072357178, "lr": 2.625e-05, "grad_norm": 0.25974395871162415, "step_seconds": 13.155331630259752, "tokens_per_second": 159414.6053434452, "mfu": 0.7590218333315, "elapsed_seconds": 321.02892036549747, "unix": 1789433905.3180625, "ddp_buckets_rebuilt": false}
{"step": 15, "prediction_tokens": 31457280, "loss": 2.9187095165252686, "lr": 2.8125e-05, "grad_norm": 0.2730783522129059, "step_seconds": 13.155079470947385, "tokens_per_second": 159417.66103591392, "mfu": 0.7590363824206171, "elapsed_seconds": 334.2008507270366, "unix": 1789433918.4900024, "ddp_buckets_rebuilt": false}
{"step": 16, "prediction_tokens": 33554432, "loss": 2.87692928314209, "lr": 3e-05, "grad_norm": 0.1891031116247177, "step_seconds": 13.155932493507862, "tokens_per_second": 159407.3244929536, "mfu": 0.7589871669690519, "elapsed_seconds": 347.37586002610624, "unix": 1789433931.6649938, "ddp_buckets_rebuilt": false}
{"step": 17, "prediction_tokens": 35651584, "loss": 2.8901424407958984, "lr": 3.1875e-05, "grad_norm": 0.17930637300014496, "step_seconds": 13.155227527022362, "tokens_per_second": 159415.8668629795, "mfu": 0.7590278398129492, "elapsed_seconds": 360.54855102673173, "unix": 1789433944.8376904, "ddp_buckets_rebuilt": false}
{"step": 18, "prediction_tokens": 37748736, "loss": 2.9475488662719727, "lr": 3.375e-05, "grad_norm": 0.14702734351158142, "step_seconds": 13.155059253796935, "tokens_per_second": 159417.90603449396, "mfu": 0.7590375489340051, "elapsed_seconds": 373.7257566098124, "unix": 1789433958.0148957, "ddp_buckets_rebuilt": false}
{"step": 19, "prediction_tokens": 39845888, "loss": 2.8503196239471436, "lr": 3.5625e-05, "grad_norm": 0.12161920219659805, "step_seconds": 13.154512532055378, "tokens_per_second": 159424.53168747883, "mfu": 0.7590690957001547, "elapsed_seconds": 386.8992499858141, "unix": 1789433971.1883862, "ddp_buckets_rebuilt": false}
{"step": 20, "prediction_tokens": 41943040, "loss": 2.8935327529907227, "lr": 3.7500000000000003e-05, "grad_norm": 0.11862516403198242, "step_seconds": 13.153227489441633, "tokens_per_second": 159440.10712833997, "mfu": 0.7591432551515543, "elapsed_seconds": 400.0691313240677, "unix": 1789433984.3582778, "ddp_buckets_rebuilt": false}
{"step": 21, "prediction_tokens": 44040192, "loss": 2.8881723880767822, "lr": 3.9375e-05, "grad_norm": 0.12054793536663055, "step_seconds": 13.153966512531042, "tokens_per_second": 159431.1493800871, "mfu": 0.7591006045645096, "elapsed_seconds": 413.2397567257285, "unix": 1789433997.5288942, "ddp_buckets_rebuilt": false}
{"step": 22, "prediction_tokens": 46137344, "loss": 2.8419628143310547, "lr": 4.125e-05, "grad_norm": 0.12616823613643646, "step_seconds": 13.152235873043537, "tokens_per_second": 159452.12815854873, "mfu": 0.7592004909635927, "elapsed_seconds": 426.4110441375524, "unix": 1789434010.7001767, "ddp_buckets_rebuilt": false}
{"step": 23, "prediction_tokens": 48234496, "loss": 2.800710916519165, "lr": 4.3125e-05, "grad_norm": 0.11778176575899124, "step_seconds": 13.152052385732532, "tokens_per_second": 159454.35271190145, "mfu": 0.7592110827444428, "elapsed_seconds": 439.57995115965605, "unix": 1789434023.8690827, "ddp_buckets_rebuilt": false}
{"step": 24, "prediction_tokens": 50331648, "loss": 2.819270372390747, "lr": 4.5e-05, "grad_norm": 0.09679722785949707, "step_seconds": 13.152090916410089, "tokens_per_second": 159453.885570647, "mfu": 0.759208858541644, "elapsed_seconds": 452.7500262502581, "unix": 1789434037.039163, "ddp_buckets_rebuilt": false}
{"step": 25, "prediction_tokens": 52428800, "loss": 2.8153603076934814, "lr": 4.6875e-05, "grad_norm": 0.09736331552267075, "step_seconds": 13.152138333767653, "tokens_per_second": 159453.31069212037, "mfu": 0.7592061213686461, "elapsed_seconds": 465.91882650740445, "unix": 1789434050.2079587, "ddp_buckets_rebuilt": false}
{"step": 26, "prediction_tokens": 54525952, "loss": 2.816898822784424, "lr": 4.875e-05, "grad_norm": 0.09663901478052139, "step_seconds": 13.152759166434407, "tokens_per_second": 159445.78422388303, "mfu": 0.7591702855447722, "elapsed_seconds": 479.089790571481, "unix": 1789434063.3789268, "ddp_buckets_rebuilt": false}
{"step": 27, "prediction_tokens": 56623104, "loss": 2.821800708770752, "lr": 5.0625000000000004e-05, "grad_norm": 0.08816906064748764, "step_seconds": 13.152613641694188, "tokens_per_second": 159447.54838323267, "mfu": 0.759178685248557, "elapsed_seconds": 492.25913851708174, "unix": 1789434076.548271, "ddp_buckets_rebuilt": false}
{"step": 28, "prediction_tokens": 58720256, "loss": 2.792515993118286, "lr": 5.25e-05, "grad_norm": 0.09736847132444382, "step_seconds": 13.152928749099374, "tokens_per_second": 159443.72846569243, "mfu": 0.7591604974494633, "elapsed_seconds": 505.42900767736137, "unix": 1789434089.7181468, "ddp_buckets_rebuilt": false}
{"step": 29, "prediction_tokens": 60817408, "loss": 2.8370521068573, "lr": 5.4375e-05, "grad_norm": 0.08943382650613785, "step_seconds": 13.153219390660524, "tokens_per_second": 159440.20529978295, "mfu": 0.7591437225759065, "elapsed_seconds": 518.6093011815101, "unix": 1789434102.8984332, "ddp_buckets_rebuilt": false}
{"step": 30, "prediction_tokens": 62914560, "loss": 2.8212807178497314, "lr": 5.625e-05, "grad_norm": 0.08613818138837814, "step_seconds": 13.152513857930899, "tokens_per_second": 159448.75805893395, "mfu": 0.7591844448856149, "elapsed_seconds": 531.7812763266265, "unix": 1789434116.0704083, "ddp_buckets_rebuilt": false}
{"step": 31, "prediction_tokens": 65011712, "loss": 2.7524523735046387, "lr": 5.8125e-05, "grad_norm": 0.11406532675027847, "step_seconds": 13.15147284977138, "tokens_per_second": 159461.37926570376, "mfu": 0.7592445383223526, "elapsed_seconds": 544.9586745239794, "unix": 1789434129.2478077, "ddp_buckets_rebuilt": false}
{"step": 32, "prediction_tokens": 67108864, "loss": 2.8524329662323, "lr": 6e-05, "grad_norm": 0.09171223640441895, "step_seconds": 13.152854330837727, "tokens_per_second": 159444.63059117823, "mfu": 0.7591647927456106, "elapsed_seconds": 558.1342397015542, "unix": 1789434142.4233756, "ddp_buckets_rebuilt": false}
{"step": 33, "prediction_tokens": 69206016, "loss": 2.8417115211486816, "lr": 6e-05, "grad_norm": 0.10476786643266678, "step_seconds": 13.299051646143198, "tokens_per_second": 157691.84568947714, "mfu": 0.7508192461963549, "elapsed_seconds": 571.4568990562111, "unix": 1789434155.7460341, "ddp_buckets_rebuilt": false}
{"step": 34, "prediction_tokens": 71303168, "loss": 2.9079813957214355, "lr": 6e-05, "grad_norm": 0.08178061991930008, "step_seconds": 13.155739355832338, "tokens_per_second": 159409.6647308742, "mfu": 0.7589983095596138, "elapsed_seconds": 584.6308367624879, "unix": 1789434168.9199696, "ddp_buckets_rebuilt": false}
{"step": 35, "prediction_tokens": 73400320, "loss": 2.8790178298950195, "lr": 6e-05, "grad_norm": 0.08169622719287872, "step_seconds": 13.156419172883034, "tokens_per_second": 159401.42773213575, "mfu": 0.7589590906820829, "elapsed_seconds": 597.8066087663174, "unix": 1789434182.0957394, "ddp_buckets_rebuilt": false}
{"step": 36, "prediction_tokens": 75497472, "loss": 2.828944444656372, "lr": 6e-05, "grad_norm": 0.07184382528066635, "step_seconds": 13.154318448156118, "tokens_per_second": 159426.88389864578, "mfu": 0.7590802952990151, "elapsed_seconds": 610.9788431655616, "unix": 1789434195.2679765, "ddp_buckets_rebuilt": false}
{"step": 37, "prediction_tokens": 77594624, "loss": 2.8198764324188232, "lr": 6e-05, "grad_norm": 0.0747714564204216, "step_seconds": 13.154861308634281, "tokens_per_second": 159420.3048437706, "mfu": 0.7590489704007587, "elapsed_seconds": 624.1533774547279, "unix": 1789434208.4425144, "ddp_buckets_rebuilt": false}
{"step": 38, "prediction_tokens": 79691776, "loss": 2.799229621887207, "lr": 6e-05, "grad_norm": 0.08467385172843933, "step_seconds": 13.15478428453207, "tokens_per_second": 159421.2382840756, "mfu": 0.7590534147963653, "elapsed_seconds": 637.3273943979293, "unix": 1789434221.616534, "ddp_buckets_rebuilt": false}
{"step": 39, "prediction_tokens": 81788928, "loss": 2.8418772220611572, "lr": 6e-05, "grad_norm": 0.07051556557416916, "step_seconds": 13.154273128136992, "tokens_per_second": 159427.43316726421, "mfu": 0.7590829105353847, "elapsed_seconds": 650.5034527424723, "unix": 1789434234.7925842, "ddp_buckets_rebuilt": false}
{"step": 40, "prediction_tokens": 83886080, "loss": 2.7741942405700684, "lr": 6e-05, "grad_norm": 0.09522034227848053, "step_seconds": 13.152901098132133, "tokens_per_second": 159444.06365967583, "mfu": 0.7591620934108325, "elapsed_seconds": 663.6743352357298, "unix": 1789434247.9634686, "ddp_buckets_rebuilt": false}
{"step": 41, "prediction_tokens": 85983232, "loss": 2.8263633251190186, "lr": 6e-05, "grad_norm": 0.06996826827526093, "step_seconds": 13.154916713014245, "tokens_per_second": 159419.63341548745, "mfu": 0.7590457735247552, "elapsed_seconds": 676.8504545222968, "unix": 1789434261.1395864, "ddp_buckets_rebuilt": false}
{"step": 42, "prediction_tokens": 88080384, "loss": 2.8413357734680176, "lr": 6e-05, "grad_norm": 0.0714435949921608, "step_seconds": 13.154228424653411, "tokens_per_second": 159427.97496731597, "mfu": 0.7590854902116175, "elapsed_seconds": 690.022708825767, "unix": 1789434274.3118453, "ddp_buckets_rebuilt": false}
{"step": 43, "prediction_tokens": 90177536, "loss": 2.763007402420044, "lr": 6e-05, "grad_norm": 0.06959525495767593, "step_seconds": 13.153367383405566, "tokens_per_second": 159438.4113870179, "mfu": 0.7591351812069848, "elapsed_seconds": 703.1970593780279, "unix": 1789434287.486192, "ddp_buckets_rebuilt": false}
{"step": 44, "prediction_tokens": 92274688, "loss": 2.7844362258911133, "lr": 6e-05, "grad_norm": 0.08138063549995422, "step_seconds": 13.15433649532497, "tokens_per_second": 159426.66517200047, "mfu": 0.7590792538743667, "elapsed_seconds": 716.3699885904789, "unix": 1789434300.6591234, "ddp_buckets_rebuilt": false}
{"step": 45, "prediction_tokens": 94371840, "loss": 2.796560287475586, "lr": 6e-05, "grad_norm": 0.07675951719284058, "step_seconds": 13.154951587319374, "tokens_per_second": 159419.21078763492, "mfu": 0.7590437612639166, "elapsed_seconds": 729.544454690069, "unix": 1789434313.8335862, "ddp_buckets_rebuilt": false}
{"step": 46, "prediction_tokens": 96468992, "loss": 2.757701873779297, "lr": 6e-05, "grad_norm": 0.08706799894571304, "step_seconds": 13.153399320319295, "tokens_per_second": 159438.02426497702, "mfu": 0.759133338000206, "elapsed_seconds": 742.7176280505955, "unix": 1789434327.006761, "ddp_buckets_rebuilt": false}
{"step": 47, "prediction_tokens": 98566144, "loss": 2.7921698093414307, "lr": 6e-05, "grad_norm": 0.08067946135997772, "step_seconds": 13.153974751010537, "tokens_per_second": 159431.04952659947, "mfu": 0.7591001291314269, "elapsed_seconds": 755.8907128628343, "unix": 1789434340.1798503, "ddp_buckets_rebuilt": false}
{"step": 48, "prediction_tokens": 100663296, "loss": 2.9275364875793457, "lr": 6e-05, "grad_norm": 0.10104823857545853, "step_seconds": 13.153487395495176, "tokens_per_second": 159436.95667494505, "mfu": 0.7591282548766016, "elapsed_seconds": 769.061472620815, "unix": 1789434353.3506057, "ddp_buckets_rebuilt": false}
{"step": 49, "prediction_tokens": 102760448, "loss": 2.784848213195801, "lr": 6e-05, "grad_norm": 0.06588056683540344, "step_seconds": 13.15416512079537, "tokens_per_second": 159428.7422076389, "mfu": 0.7590891432781308, "elapsed_seconds": 782.234749654308, "unix": 1789434366.5238848, "ddp_buckets_rebuilt": false}
{"step": 50, "prediction_tokens": 104857600, "loss": 2.783100128173828, "lr": 6e-05, "grad_norm": 0.06997676193714142, "step_seconds": 13.1523343231529, "tokens_per_second": 159450.93460012253, "mfu": 0.7591948080658248, "elapsed_seconds": 795.4041816331446, "unix": 1789434379.693314, "ddp_buckets_rebuilt": false}
{"step": 51, "prediction_tokens": 106954752, "loss": 2.7579610347747803, "lr": 6e-05, "grad_norm": 0.07949431985616684, "step_seconds": 13.154298722743988, "tokens_per_second": 159427.12296581737, "mfu": 0.7590814335711481, "elapsed_seconds": 808.5753018613905, "unix": 1789434392.8644338, "ddp_buckets_rebuilt": false}
{"step": 52, "prediction_tokens": 109051904, "loss": 2.7862792015075684, "lr": 6e-05, "grad_norm": 0.06273330748081207, "step_seconds": 13.153096046298742, "tokens_per_second": 159441.70046489814, "mfu": 0.7591508415156325, "elapsed_seconds": 821.74569013156, "unix": 1789434406.0348253, "ddp_buckets_rebuilt": false}
{"step": 53, "prediction_tokens": 111149056, "loss": 2.806096076965332, "lr": 6e-05, "grad_norm": 0.05833285674452782, "step_seconds": 13.154770446941257, "tokens_per_second": 159421.40598033994, "mfu": 0.7590542132497173, "elapsed_seconds": 834.9213473722339, "unix": 1789434419.2104836, "ddp_buckets_rebuilt": false}
{"step": 54, "prediction_tokens": 113246208, "loss": 2.7806379795074463, "lr": 6e-05, "grad_norm": 0.06397990882396698, "step_seconds": 13.153442155569792, "tokens_per_second": 159437.50504212818, "mfu": 0.7591308658209613, "elapsed_seconds": 848.0919580496848, "unix": 1789434432.3810925, "ddp_buckets_rebuilt": false}
{"step": 55, "prediction_tokens": 115343360, "loss": 2.7863752841949463, "lr": 6e-05, "grad_norm": 0.061516713351011276, "step_seconds": 13.152975555509329, "tokens_per_second": 159443.16106643833, "mfu": 0.759157795887576, "elapsed_seconds": 861.2636535279453, "unix": 1789434445.5527856, "ddp_buckets_rebuilt": false}
{"step": 56, "prediction_tokens": 117440512, "loss": 2.7842326164245605, "lr": 6e-05, "grad_norm": 0.06475288420915604, "step_seconds": 13.152020871639252, "tokens_per_second": 159454.73478697526, "mfu": 0.7592129019210633, "elapsed_seconds": 874.4344478659332, "unix": 1789434458.7235796, "ddp_buckets_rebuilt": false}
{"step": 57, "prediction_tokens": 119537664, "loss": 2.7181029319763184, "lr": 6e-05, "grad_norm": 0.05771058797836304, "step_seconds": 13.152886733412743, "tokens_per_second": 159444.2377940145, "mfu": 0.7591629225178311, "elapsed_seconds": 887.6058856677264, "unix": 1789434471.8950245, "ddp_buckets_rebuilt": false}
{"step": 58, "prediction_tokens": 121634816, "loss": 2.783982753753662, "lr": 6e-05, "grad_norm": 0.07032200694084167, "step_seconds": 13.154514061287045, "tokens_per_second": 159424.5131541418, "mfu": 0.7590690074572524, "elapsed_seconds": 900.7776519153267, "unix": 1789434485.0667922, "ddp_buckets_rebuilt": false}
{"step": 59, "prediction_tokens": 123731968, "loss": 2.7529611587524414, "lr": 6e-05, "grad_norm": 0.059336282312870026, "step_seconds": 13.153337439522147, "tokens_per_second": 159438.77435232804, "mfu": 0.7591369093961587, "elapsed_seconds": 913.948952505365, "unix": 1789434498.2380872, "ddp_buckets_rebuilt": false}
{"step": 60, "prediction_tokens": 125829120, "loss": 2.7860360145568848, "lr": 6e-05, "grad_norm": 0.06525832414627075, "step_seconds": 13.155650420114398, "tokens_per_second": 159410.74238287366, "mfu": 0.7590034405913317, "elapsed_seconds": 927.1232916377485, "unix": 1789434511.4124236, "ddp_buckets_rebuilt": false}
{"step": 61, "prediction_tokens": 127926272, "loss": 2.7695980072021484, "lr": 6e-05, "grad_norm": 0.06204891577363014, "step_seconds": 13.155153149738908, "tokens_per_second": 159416.76817663066, "mfu": 0.7590321312437024, "elapsed_seconds": 940.2963498737663, "unix": 1789434524.5854824, "ddp_buckets_rebuilt": false}
{"step": 62, "prediction_tokens": 130023424, "loss": 2.757150650024414, "lr": 6e-05, "grad_norm": 0.06237843260169029, "step_seconds": 13.154786022379994, "tokens_per_second": 159421.21722330977, "mfu": 0.7590533145195992, "elapsed_seconds": 953.4687997251749, "unix": 1789434537.7579322, "ddp_buckets_rebuilt": false}
{"step": 63, "prediction_tokens": 132120576, "loss": 2.7552690505981445, "lr": 6e-05, "grad_norm": 0.06175529956817627, "step_seconds": 13.154829220846295, "tokens_per_second": 159420.69370818353, "mfu": 0.7590508219035053, "elapsed_seconds": 966.6481095179915, "unix": 1789434550.9372525, "ddp_buckets_rebuilt": false}
{"step": 64, "prediction_tokens": 134217728, "loss": 2.7034637928009033, "lr": 6e-05, "grad_norm": 0.0723574236035347, "step_seconds": 13.334065891802311, "tokens_per_second": 157277.75886343222, "mfu": 0.7488476518045742, "elapsed_seconds": 980.0015384461731, "unix": 1789434564.2906744, "ddp_buckets_rebuilt": false}
{"step": 65, "prediction_tokens": 136314880, "loss": 2.7398688793182373, "lr": 6e-05, "grad_norm": 0.07296979427337646, "step_seconds": 13.154747102409601, "tokens_per_second": 159421.68889099034, "mfu": 0.7590555602741011, "elapsed_seconds": 993.1779410298914, "unix": 1789434577.4670765, "ddp_buckets_rebuilt": false}
{"step": 66, "prediction_tokens": 138412032, "loss": 2.755282163619995, "lr": 6e-05, "grad_norm": 0.06509456038475037, "step_seconds": 13.154952814802527, "tokens_per_second": 159419.19591229493, "mfu": 0.7590436904378602, "elapsed_seconds": 1006.350945841521, "unix": 1789434590.640079, "ddp_buckets_rebuilt": false}
{"step": 67, "prediction_tokens": 140509184, "loss": 2.7383205890655518, "lr": 6e-05, "grad_norm": 0.07397547364234924, "step_seconds": 13.15563103184104, "tokens_per_second": 159410.97731641977, "mfu": 0.7590045591820059, "elapsed_seconds": 1019.5260001532733, "unix": 1789434603.8151357, "ddp_buckets_rebuilt": false}
{"step": 68, "prediction_tokens": 142606336, "loss": 2.7259867191314697, "lr": 6e-05, "grad_norm": 0.07404247671365738, "step_seconds": 13.154413901269436, "tokens_per_second": 159425.72704038295, "mfu": 0.7590747871419821, "elapsed_seconds": 1032.6977542508394, "unix": 1789434616.9868927, "ddp_buckets_rebuilt": false}
{"step": 69, "prediction_tokens": 144703488, "loss": 2.7108960151672363, "lr": 6e-05, "grad_norm": 0.07299251109361649, "step_seconds": 13.155510617420077, "tokens_per_second": 159412.43642972116, "mfu": 0.7590115064679882, "elapsed_seconds": 1045.8752961922437, "unix": 1789434630.16443, "ddp_buckets_rebuilt": false}
{"step": 70, "prediction_tokens": 146800640, "loss": 2.758925437927246, "lr": 6e-05, "grad_norm": 0.06582015007734299, "step_seconds": 13.1535355579108, "tokens_per_second": 159436.3728874957, "mfu": 0.75912547528549, "elapsed_seconds": 1059.0469375196844, "unix": 1789434643.3360767, "ddp_buckets_rebuilt": false}
{"step": 71, "prediction_tokens": 148897792, "loss": 2.7842984199523926, "lr": 6e-05, "grad_norm": 0.0694269984960556, "step_seconds": 13.154459109529853, "tokens_per_second": 159425.17913797774, "mfu": 0.7590721784105726, "elapsed_seconds": 1072.219235189259, "unix": 1789434656.5083663, "ddp_buckets_rebuilt": false}
{"step": 72, "prediction_tokens": 150994944, "loss": 2.7494826316833496, "lr": 6e-05, "grad_norm": 0.06730429083108902, "step_seconds": 13.154432475566864, "tokens_per_second": 159425.50192836256, "mfu": 0.7590737153146044, "elapsed_seconds": 1085.3937353175133, "unix": 1789434669.6828682, "ddp_buckets_rebuilt": false}
{"step": 73, "prediction_tokens": 153092096, "loss": 2.7816238403320312, "lr": 6e-05, "grad_norm": 0.07007044553756714, "step_seconds": 13.154143895953894, "tokens_per_second": 159428.9994535537, "mfu": 0.7590903681048363, "elapsed_seconds": 1098.5655210986733, "unix": 1789434682.8546576, "ddp_buckets_rebuilt": false}
{"step": 74, "prediction_tokens": 155189248, "loss": 2.7731873989105225, "lr": 6e-05, "grad_norm": 0.07387837022542953, "step_seconds": 13.154792297631502, "tokens_per_second": 159421.14117435276, "mfu": 0.7590529524271883, "elapsed_seconds": 1111.7377629056573, "unix": 1789434696.0268967, "ddp_buckets_rebuilt": false}
{"step": 75, "prediction_tokens": 157286400, "loss": 2.7405247688293457, "lr": 6e-05, "grad_norm": 0.06971029937267303, "step_seconds": 13.155069135129452, "tokens_per_second": 159417.78628891736, "mfu": 0.7590369787885853, "elapsed_seconds": 1124.9149340502918, "unix": 1789434709.204066, "ddp_buckets_rebuilt": false}
{"step": 76, "prediction_tokens": 159383552, "loss": 2.6966564655303955, "lr": 6e-05, "grad_norm": 0.07332907617092133, "step_seconds": 13.154622515663505, "tokens_per_second": 159423.19876551942, "mfu": 0.7590627492498584, "elapsed_seconds": 1138.092504741624, "unix": 1789434722.3816369, "ddp_buckets_rebuilt": false}
{"step": 77, "prediction_tokens": 161480704, "loss": 2.7472281455993652, "lr": 6e-05, "grad_norm": 0.07244917750358582, "step_seconds": 13.156146686524153, "tokens_per_second": 159404.72920905586, "mfu": 0.7589748100263626, "elapsed_seconds": 1151.2662048842758, "unix": 1789434735.5553393, "ddp_buckets_rebuilt": false}
{"step": 78, "prediction_tokens": 163577856, "loss": 2.7842278480529785, "lr": 6e-05, "grad_norm": 0.07022673636674881, "step_seconds": 13.15535368770361, "tokens_per_second": 159414.3380546447, "mfu": 0.7590205606875352, "elapsed_seconds": 1164.44121453166, "unix": 1789434748.730352, "ddp_buckets_rebuilt": false}
{"step": 79, "prediction_tokens": 165675008, "loss": 2.6949758529663086, "lr": 6e-05, "grad_norm": 0.09207039326429367, "step_seconds": 13.155051169916987, "tokens_per_second": 159418.00399802122, "mfu": 0.7590380153684068, "elapsed_seconds": 1177.617985598743, "unix": 1789434761.9071207, "ddp_buckets_rebuilt": false}
{"step": 80, "prediction_tokens": 167772160, "loss": 2.7364654541015625, "lr": 6e-05, "grad_norm": 0.0744941458106041, "step_seconds": 13.15403501316905, "tokens_per_second": 159430.3191302482, "mfu": 0.7590966514903636, "elapsed_seconds": 1190.7932849824429, "unix": 1789434775.0824172, "ddp_buckets_rebuilt": false}
{"step": 81, "prediction_tokens": 169869312, "loss": 2.6976418495178223, "lr": 6e-05, "grad_norm": 0.070074662566185, "step_seconds": 13.15254888869822, "tokens_per_second": 159448.33337985535, "mfu": 0.7591824228582597, "elapsed_seconds": 1203.964390218258, "unix": 1789434788.2535217, "ddp_buckets_rebuilt": false}
{"step": 82, "prediction_tokens": 171966464, "loss": 2.7575478553771973, "lr": 6e-05, "grad_norm": 0.06282363831996918, "step_seconds": 13.15151353739202, "tokens_per_second": 159460.88593053835, "mfu": 0.7592421894023094, "elapsed_seconds": 1217.1379042398185, "unix": 1789434801.42704, "ddp_buckets_rebuilt": false}
{"step": 83, "prediction_tokens": 174063616, "loss": 2.764782428741455, "lr": 6e-05, "grad_norm": 0.06432627886533737, "step_seconds": 13.15361356548965, "tokens_per_second": 159435.4273491942, "mfu": 0.7591209732876111, "elapsed_seconds": 1230.3091974835843, "unix": 1789434814.5983362, "ddp_buckets_rebuilt": false}
{"step": 84, "prediction_tokens": 176160768, "loss": 2.7118945121765137, "lr": 6e-05, "grad_norm": 0.06106644123792648, "step_seconds": 13.152421522885561, "tokens_per_second": 159449.87745039194, "mfu": 0.7591897746516977, "elapsed_seconds": 1243.4844182506204, "unix": 1789434827.7735496, "ddp_buckets_rebuilt": false}
{"step": 85, "prediction_tokens": 178257920, "loss": 2.720334053039551, "lr": 6e-05, "grad_norm": 0.05980809032917023, "step_seconds": 13.150970052927732, "tokens_per_second": 159467.47590175844, "mfu": 0.759273566276632, "elapsed_seconds": 1256.6545265819877, "unix": 1789434840.9436588, "ddp_buckets_rebuilt": false}
{"step": 86, "prediction_tokens": 180355072, "loss": 2.777440071105957, "lr": 6e-05, "grad_norm": 0.059517476707696915, "step_seconds": 13.150994647294283, "tokens_per_second": 159467.17767324718, "mfu": 0.7592721463192142, "elapsed_seconds": 1269.8283989056945, "unix": 1789434854.11753, "ddp_buckets_rebuilt": false}
{"step": 87, "prediction_tokens": 182452224, "loss": 2.7636590003967285, "lr": 6e-05, "grad_norm": 0.05803114175796509, "step_seconds": 13.153080167248845, "tokens_per_second": 159441.89295081666, "mfu": 0.7591517580001317, "elapsed_seconds": 1283.0069122780114, "unix": 1789434867.2960505, "ddp_buckets_rebuilt": false}
{"step": 88, "prediction_tokens": 184549376, "loss": 2.6149423122406006, "lr": 6e-05, "grad_norm": 0.07841932028532028, "step_seconds": 13.15426879376173, "tokens_per_second": 159427.48569913302, "mfu": 0.7590831606557251, "elapsed_seconds": 1296.178970579058, "unix": 1789434880.468103, "ddp_buckets_rebuilt": false}
{"step": 89, "prediction_tokens": 186646528, "loss": 2.651431083679199, "lr": 6e-05, "grad_norm": 0.07196913659572601, "step_seconds": 13.154094725847244, "tokens_per_second": 159429.5954003725, "mfu": 0.7590932055904356, "elapsed_seconds": 1309.3544855434448, "unix": 1789434893.6436195, "ddp_buckets_rebuilt": false}
{"step": 90, "prediction_tokens": 188743680, "loss": 2.80505108833313, "lr": 6e-05, "grad_norm": 0.06116475909948349, "step_seconds": 13.150406520813704, "tokens_per_second": 159474.30953413865, "mfu": 0.7593061032964764, "elapsed_seconds": 1322.5221662186086, "unix": 1789434906.8112993, "ddp_buckets_rebuilt": false}
{"step": 91, "prediction_tokens": 190840832, "loss": 2.6682825088500977, "lr": 6e-05, "grad_norm": 0.07258190959692001, "step_seconds": 13.151023380458355, "tokens_per_second": 159466.82925955742, "mfu": 0.7592704874147682, "elapsed_seconds": 1335.69074979797, "unix": 1789434919.9798825, "ddp_buckets_rebuilt": false}
{"step": 92, "prediction_tokens": 192937984, "loss": 2.715023994445801, "lr": 6e-05, "grad_norm": 0.06315694749355316, "step_seconds": 13.151617377996445, "tokens_per_second": 159459.6268827497, "mfu": 0.7592361946895994, "elapsed_seconds": 1348.8616597242653, "unix": 1789434933.1507952, "ddp_buckets_rebuilt": false}
{"step": 93, "prediction_tokens": 195035136, "loss": 2.6640162467956543, "lr": 6e-05, "grad_norm": 0.06241674721240997, "step_seconds": 13.153314689174294, "tokens_per_second": 159439.05012217493, "mfu": 0.7591382224209867, "elapsed_seconds": 1362.0365180391818, "unix": 1789434946.3256552, "ddp_buckets_rebuilt": false}
{"step": 94, "prediction_tokens": 197132288, "loss": 2.6907262802124023, "lr": 6e-05, "grad_norm": 0.06665097922086716, "step_seconds": 13.300769736990333, "tokens_per_second": 157671.4762731122, "mfu": 0.7507222611571239, "elapsed_seconds": 1375.3593184705824, "unix": 1789434959.6484501, "ddp_buckets_rebuilt": false}
{"step": 95, "prediction_tokens": 199229440, "loss": 2.7096476554870605, "lr": 6e-05, "grad_norm": 0.0551358237862587, "step_seconds": 13.153242958709598, "tokens_per_second": 159439.9196139947, "mfu": 0.7591423623382402, "elapsed_seconds": 1388.5349642653018, "unix": 1789434972.8240983, "ddp_buckets_rebuilt": false}
{"step": 96, "prediction_tokens": 201326592, "loss": 2.7596664428710938, "lr": 6e-05, "grad_norm": 0.05542803928256035, "step_seconds": 13.15371878258884, "tokens_per_second": 159434.15201911825, "mfu": 0.7591149010499372, "elapsed_seconds": 1401.7086479570717, "unix": 1789434985.9977844, "ddp_buckets_rebuilt": false}
{"step": 97, "prediction_tokens": 203423744, "loss": 2.7124433517456055, "lr": 6e-05, "grad_norm": 0.05937669798731804, "step_seconds": 13.153929583728313, "tokens_per_second": 159431.59697268115, "mfu": 0.7591027356901401, "elapsed_seconds": 1414.8840240892023, "unix": 1789434999.1731577, "ddp_buckets_rebuilt": false}
{"step": 98, "prediction_tokens": 205520896, "loss": 2.777078866958618, "lr": 6e-05, "grad_norm": 0.06780378520488739, "step_seconds": 13.153459308668971, "tokens_per_second": 159437.2971236428, "mfu": 0.7591298758572776, "elapsed_seconds": 1428.0572406742722, "unix": 1789435012.3463717, "ddp_buckets_rebuilt": false}
{"step": 99, "prediction_tokens": 207618048, "loss": 2.7681784629821777, "lr": 6e-05, "grad_norm": 0.13267859816551208, "step_seconds": 13.154198782518506, "tokens_per_second": 159428.33422793073, "mfu": 0.7590872007616005, "elapsed_seconds": 1441.2324681784958, "unix": 1789435025.5216024, "ddp_buckets_rebuilt": false}
{"step": 100, "prediction_tokens": 209715200, "loss": 2.739126205444336, "lr": 6e-05, "grad_norm": 0.06061704456806183, "step_seconds": 13.151864118874073, "tokens_per_second": 159456.63527578601, "mfu": 0.7592219507312288, "elapsed_seconds": 1454.4028779901564, "unix": 1789435038.6920116, "ddp_buckets_rebuilt": false}
{"step": 101, "prediction_tokens": 211812352, "loss": 2.7364392280578613, "lr": 6e-05, "grad_norm": 0.06885351985692978, "step_seconds": 13.151886826381087, "tokens_per_second": 159456.3599645161, "mfu": 0.7592206398898264, "elapsed_seconds": 1467.5719928182662, "unix": 1789435051.8611283, "ddp_buckets_rebuilt": false}
{"step": 102, "prediction_tokens": 213909504, "loss": 2.7499935626983643, "lr": 6e-05, "grad_norm": 0.05996255949139595, "step_seconds": 13.154059613123536, "tokens_per_second": 159430.02097297128, "mfu": 0.7590952318721144, "elapsed_seconds": 1480.745764831081, "unix": 1789435065.0349004, "ddp_buckets_rebuilt": false}
{"step": 103, "prediction_tokens": 216006656, "loss": 2.764662027359009, "lr": 6e-05, "grad_norm": 0.06385867297649384, "step_seconds": 13.153265887871385, "tokens_per_second": 159439.64167361523, "mfu": 0.7591410389788409, "elapsed_seconds": 1493.9173201732337, "unix": 1789435078.2064517, "ddp_buckets_rebuilt": false}
{"step": 104, "prediction_tokens": 218103808, "loss": 2.718108654022217, "lr": 6e-05, "grad_norm": 0.06459340453147888, "step_seconds": 13.151305371895432, "tokens_per_second": 159463.40995789287, "mfu": 0.7592542070707399, "elapsed_seconds": 1507.088067829609, "unix": 1789435091.377199, "ddp_buckets_rebuilt": false}
{"step": 105, "prediction_tokens": 220200960, "loss": 2.7459588050842285, "lr": 6e-05, "grad_norm": 0.05185031145811081, "step_seconds": 13.151343435049057, "tokens_per_second": 159462.94843239922, "mfu": 0.7592520096063007, "elapsed_seconds": 1520.2590450569987, "unix": 1789435104.5481815, "ddp_buckets_rebuilt": false}
{"step": 106, "prediction_tokens": 222298112, "loss": 2.713930130004883, "lr": 6e-05, "grad_norm": 0.06373295933008194, "step_seconds": 13.151161259040236, "tokens_per_second": 159465.1573874054, "mfu": 0.7592625271186386, "elapsed_seconds": 1533.4297395013273, "unix": 1789435117.7188752, "ddp_buckets_rebuilt": false}
{"step": 107, "prediction_tokens": 224395264, "loss": 2.7359509468078613, "lr": 6e-05, "grad_norm": 0.0613800510764122, "step_seconds": 13.154085451737046, "tokens_per_second": 159429.70780405437, "mfu": 0.7590937407788426, "elapsed_seconds": 1546.6067714262754, "unix": 1789435130.8959036, "ddp_buckets_rebuilt": false}
{"step": 108, "prediction_tokens": 226492416, "loss": 2.732499361038208, "lr": 6e-05, "grad_norm": 0.0575002059340477, "step_seconds": 13.150212194770575, "tokens_per_second": 159476.66615098206, "mfu": 0.7593173238721137, "elapsed_seconds": 1559.7766560744494, "unix": 1789435144.06579, "ddp_buckets_rebuilt": false}
{"step": 109, "prediction_tokens": 228589568, "loss": 2.71903920173645, "lr": 6e-05, "grad_norm": 0.06627266108989716, "step_seconds": 13.153355607762933, "tokens_per_second": 159438.5541254803, "mfu": 0.7591358608285864, "elapsed_seconds": 1572.9493320379406, "unix": 1789435157.238465, "ddp_buckets_rebuilt": false}
{"step": 110, "prediction_tokens": 230686720, "loss": 2.728938102722168, "lr": 6e-05, "grad_norm": 0.05185922235250473, "step_seconds": 13.151158338412642, "tokens_per_second": 159465.19280165006, "mfu": 0.75926269573672, "elapsed_seconds": 1586.122227376327, "unix": 1789435170.4113626, "ddp_buckets_rebuilt": false}
{"step": 111, "prediction_tokens": 232783872, "loss": 2.7124860286712646, "lr": 6e-05, "grad_norm": 0.05372899770736694, "step_seconds": 13.152469465509057, "tokens_per_second": 159449.29623289045, "mfu": 0.7591870072968961, "elapsed_seconds": 1599.2929234206676, "unix": 1789435183.5820584, "ddp_buckets_rebuilt": false}
{"step": 112, "prediction_tokens": 234881024, "loss": 2.668031930923462, "lr": 6e-05, "grad_norm": 0.052938591688871384, "step_seconds": 13.153435306623578, "tokens_per_second": 159437.58806066067, "mfu": 0.7591312610976588, "elapsed_seconds": 1612.4653566572815, "unix": 1789435196.754492, "ddp_buckets_rebuilt": false}
{"step": 113, "prediction_tokens": 236978176, "loss": 2.7039127349853516, "lr": 6e-05, "grad_norm": 0.05273013934493065, "step_seconds": 13.15385876223445, "tokens_per_second": 159432.45536595347, "mfu": 0.7591068227638047, "elapsed_seconds": 1625.6376273650676, "unix": 1789435209.9267628, "ddp_buckets_rebuilt": false}
{"step": 114, "prediction_tokens": 239075328, "loss": 2.716931104660034, "lr": 6e-05, "grad_norm": 0.0572945810854435, "step_seconds": 13.151318985968828, "tokens_per_second": 159463.24488345665, "mfu": 0.7592534211007157, "elapsed_seconds": 1638.8095640540123, "unix": 1789435223.098698, "ddp_buckets_rebuilt": false}
{"step": 115, "prediction_tokens": 241172480, "loss": 2.7151107788085938, "lr": 6e-05, "grad_norm": 0.05922670662403107, "step_seconds": 13.151664096862078, "tokens_per_second": 159459.0604317799, "mfu": 0.7592334976427845, "elapsed_seconds": 1651.98347312212, "unix": 1789435236.2726116, "ddp_buckets_rebuilt": false}
{"step": 116, "prediction_tokens": 243269632, "loss": 2.642411947250366, "lr": 6e-05, "grad_norm": 0.054222818464040756, "step_seconds": 13.152926560491323, "tokens_per_second": 159443.75499665693, "mfu": 0.7591606237715233, "elapsed_seconds": 1665.1576059181243, "unix": 1789435249.4467416, "ddp_buckets_rebuilt": false}
{"step": 117, "prediction_tokens": 245366784, "loss": 2.6606063842773438, "lr": 6e-05, "grad_norm": 0.05454490706324577, "step_seconds": 13.15386600792408, "tokens_per_second": 159432.36754400912, "mfu": 0.7591064046165901, "elapsed_seconds": 1678.3298997227103, "unix": 1789435262.6190352, "ddp_buckets_rebuilt": false}
{"step": 118, "prediction_tokens": 247463936, "loss": 2.7767319679260254, "lr": 6e-05, "grad_norm": 0.0547170527279377, "step_seconds": 13.153704274445772, "tokens_per_second": 159434.32787022748, "mfu": 0.7591157383310072, "elapsed_seconds": 1691.5042253620923, "unix": 1789435275.7933567, "ddp_buckets_rebuilt": false}
{"step": 119, "prediction_tokens": 249561088, "loss": 2.7888708114624023, "lr": 6e-05, "grad_norm": 0.05104757472872734, "step_seconds": 13.152895539999008, "tokens_per_second": 159444.13103733645, "mfu": 0.7591624142165415, "elapsed_seconds": 1704.6772074457258, "unix": 1789435288.966343, "ddp_buckets_rebuilt": false}
{"step": 120, "prediction_tokens": 251658240, "loss": 2.708754539489746, "lr": 6e-05, "grad_norm": 0.05052224174141884, "step_seconds": 13.15513532049954, "tokens_per_second": 159416.98423520016, "mfu": 0.7590331599648236, "elapsed_seconds": 1717.8504571858793, "unix": 1789435302.1395938, "ddp_buckets_rebuilt": false}
{"step": 121, "prediction_tokens": 253755392, "loss": 2.7521135807037354, "lr": 6e-05, "grad_norm": 0.05417143553495407, "step_seconds": 13.155643176287413, "tokens_per_second": 159410.83015842535, "mfu": 0.7590038585176567, "elapsed_seconds": 1731.027061605826, "unix": 1789435315.316194, "ddp_buckets_rebuilt": false}
{"step": 122, "prediction_tokens": 255852544, "loss": 2.6999197006225586, "lr": 6e-05, "grad_norm": 0.048973411321640015, "step_seconds": 13.153195699676871, "tokens_per_second": 159440.49247678416, "mfu": 0.7591450899136952, "elapsed_seconds": 1744.197930853814, "unix": 1789435328.4870627, "ddp_buckets_rebuilt": false}
{"step": 123, "prediction_tokens": 257949696, "loss": 2.675924062728882, "lr": 6e-05, "grad_norm": 0.04853731393814087, "step_seconds": 13.156979262828827, "tokens_per_second": 159394.6420456013, "mfu": 0.7589267819471166, "elapsed_seconds": 1757.3733743932098, "unix": 1789435341.6625068, "ddp_buckets_rebuilt": false}
{"step": 124, "prediction_tokens": 260046848, "loss": 2.726677417755127, "lr": 6e-05, "grad_norm": 0.05125962570309639, "step_seconds": 13.157387459650636, "tokens_per_second": 159389.6969615946, "mfu": 0.7589032368853535, "elapsed_seconds": 1770.5520885344595, "unix": 1789435354.8412228, "ddp_buckets_rebuilt": false}
{"step": 125, "prediction_tokens": 262144000, "loss": 2.7126030921936035, "lr": 6e-05, "grad_norm": 0.054246656596660614, "step_seconds": 13.308234196156263, "tokens_per_second": 157583.03987509536, "mfu": 0.7503011883400421, "elapsed_seconds": 1783.8856085333973, "unix": 1789435368.1747427, "ddp_buckets_rebuilt": false}
{"step": 126, "prediction_tokens": 264241152, "loss": 2.7292470932006836, "lr": 6e-05, "grad_norm": 0.04926556348800659, "step_seconds": 13.153017293661833, "tokens_per_second": 159442.65510930135, "mfu": 0.7591553868704545, "elapsed_seconds": 1797.0591885074973, "unix": 1789435381.3483222, "ddp_buckets_rebuilt": false}
{"step": 127, "prediction_tokens": 266338304, "loss": 2.675373077392578, "lr": 6e-05, "grad_norm": 0.05461539328098297, "step_seconds": 13.156824896112084, "tokens_per_second": 159396.51219495368, "mfu": 0.7589356863018148, "elapsed_seconds": 1810.2385938894004, "unix": 1789435394.5277255, "ddp_buckets_rebuilt": false}
{"step": 128, "prediction_tokens": 268435456, "loss": 2.7162904739379883, "lr": 6e-05, "grad_norm": 0.048492029309272766, "step_seconds": 13.154766773805022, "tokens_per_second": 159421.4504947394, "mfu": 0.7590544251964271, "elapsed_seconds": 1823.412060705945, "unix": 1789435407.7011979, "ddp_buckets_rebuilt": false}
{"step": 129, "prediction_tokens": 270532608, "loss": 2.6624348163604736, "lr": 6e-05, "grad_norm": 0.05669645965099335, "step_seconds": 13.15491402707994, "tokens_per_second": 159419.66596535142, "mfu": 0.7590459285046416, "elapsed_seconds": 1836.584129517898, "unix": 1789435420.873264, "ddp_buckets_rebuilt": false}
{"step": 130, "prediction_tokens": 272629760, "loss": 2.7397656440734863, "lr": 6e-05, "grad_norm": 0.04969661682844162, "step_seconds": 13.152781639248133, "tokens_per_second": 159445.51179516746, "mfu": 0.7591689884280952, "elapsed_seconds": 1849.7574438005686, "unix": 1789435434.0466008, "ddp_buckets_rebuilt": false}
{"step": 131, "prediction_tokens": 274726912, "loss": 2.7089807987213135, "lr": 6e-05, "grad_norm": 0.051454219967126846, "step_seconds": 13.152704743668437, "tokens_per_second": 159446.44397263956, "mfu": 0.7591734268109669, "elapsed_seconds": 1862.9309371616691, "unix": 1789435447.2200704, "ddp_buckets_rebuilt": false}
{"step": 132, "prediction_tokens": 276824064, "loss": 2.6323773860931396, "lr": 6e-05, "grad_norm": 0.0465887188911438, "step_seconds": 13.152684412896633, "tokens_per_second": 159446.6904371, "mfu": 0.7591746003038613, "elapsed_seconds": 1876.1011595260352, "unix": 1789435460.3902905, "ddp_buckets_rebuilt": false}
{"step": 133, "prediction_tokens": 278921216, "loss": 2.6196255683898926, "lr": 6e-05, "grad_norm": 0.05972928926348686, "step_seconds": 13.154149988666177, "tokens_per_second": 159428.92560955585, "mfu": 0.7590900165109125, "elapsed_seconds": 1889.2722317017615, "unix": 1789435473.561366, "ddp_buckets_rebuilt": false}
{"step": 134, "prediction_tokens": 281018368, "loss": 2.6903626918792725, "lr": 6e-05, "grad_norm": 0.04988172650337219, "step_seconds": 13.153043335303664, "tokens_per_second": 159442.33942962092, "mfu": 0.7591538838226674, "elapsed_seconds": 1902.4474386963993, "unix": 1789435486.7365744, "ddp_buckets_rebuilt": false}
{"step": 135, "prediction_tokens": 283115520, "loss": 2.6923341751098633, "lr": 6e-05, "grad_norm": 0.05353228375315666, "step_seconds": 13.154747046530247, "tokens_per_second": 159421.6895681893, "mfu": 0.759055563498453, "elapsed_seconds": 1915.6222201325, "unix": 1789435499.9113526, "ddp_buckets_rebuilt": false}
{"step": 136, "prediction_tokens": 285212672, "loss": 2.646951198577881, "lr": 6e-05, "grad_norm": 0.04916705563664436, "step_seconds": 13.152334628626704, "tokens_per_second": 159450.93089674326, "mfu": 0.7591947904329002, "elapsed_seconds": 1928.7962387502193, "unix": 1789435513.085371, "ddp_buckets_rebuilt": false}
{"step": 137, "prediction_tokens": 287309824, "loss": 2.6861746311187744, "lr": 6e-05, "grad_norm": 0.05092818662524223, "step_seconds": 13.15254090167582, "tokens_per_second": 159448.4302065765, "mfu": 0.7591828838799788, "elapsed_seconds": 1941.9676744546741, "unix": 1789435526.256808, "ddp_buckets_rebuilt": false}
{"step": 138, "prediction_tokens": 289406976, "loss": 2.627531051635742, "lr": 6e-05, "grad_norm": 0.04982738941907883, "step_seconds": 13.155266616493464, "tokens_per_second": 159415.39317574058, "mfu": 0.7590255844427103, "elapsed_seconds": 1955.1425748784095, "unix": 1789435539.4317102, "ddp_buckets_rebuilt": false}
{"step": 139, "prediction_tokens": 291504128, "loss": 2.6893694400787354, "lr": 6e-05, "grad_norm": 0.06535527855157852, "step_seconds": 13.1547322422266, "tokens_per_second": 159421.8689809707, "mfu": 0.7590564177377367, "elapsed_seconds": 1968.3204969037324, "unix": 1789435552.6096346, "ddp_buckets_rebuilt": false}
{"step": 140, "prediction_tokens": 293601280, "loss": 2.7055585384368896, "lr": 6e-05, "grad_norm": 0.04957878962159157, "step_seconds": 13.152989313006401, "tokens_per_second": 159442.99429531358, "mfu": 0.7591570018390973, "elapsed_seconds": 1981.4930595662445, "unix": 1789435565.7821968, "ddp_buckets_rebuilt": false}
{"step": 141, "prediction_tokens": 295698432, "loss": 2.694498300552368, "lr": 6e-05, "grad_norm": 0.04696325212717056, "step_seconds": 13.153034258633852, "tokens_per_second": 159442.4494578806, "mfu": 0.7591544077009608, "elapsed_seconds": 1994.6638778448105, "unix": 1789435578.9530132, "ddp_buckets_rebuilt": false}
{"step": 142, "prediction_tokens": 297795584, "loss": 2.663306713104248, "lr": 6e-05, "grad_norm": 0.05110154673457146, "step_seconds": 13.15362911298871, "tokens_per_second": 159435.23889761663, "mfu": 0.7591200760118466, "elapsed_seconds": 2007.8354360461235, "unix": 1789435592.124573, "ddp_buckets_rebuilt": false}
{"step": 143, "prediction_tokens": 299892736, "loss": 2.6561567783355713, "lr": 6e-05, "grad_norm": 0.06351343542337418, "step_seconds": 13.154193475842476, "tokens_per_second": 159428.39854464628, "mfu": 0.7590875069932113, "elapsed_seconds": 2021.0092989355326, "unix": 1789435605.2984405, "ddp_buckets_rebuilt": false}
{"step": 144, "prediction_tokens": 301989888, "loss": 2.614042282104492, "lr": 6e-05, "grad_norm": 0.06631830334663391, "step_seconds": 13.154968399554491, "tokens_per_second": 159419.00704763553, "mfu": 0.7590427911952863, "elapsed_seconds": 2034.1857219859958, "unix": 1789435618.474867, "ddp_buckets_rebuilt": false}
{"step": 145, "prediction_tokens": 304087040, "loss": 2.6699512004852295, "lr": 6e-05, "grad_norm": 0.06309486925601959, "step_seconds": 13.153596568852663, "tokens_per_second": 159435.63336631408, "mfu": 0.7591219541983107, "elapsed_seconds": 2047.3658424653113, "unix": 1789435631.6549742, "ddp_buckets_rebuilt": false}
{"step": 146, "prediction_tokens": 306184192, "loss": 2.756000518798828, "lr": 6e-05, "grad_norm": 0.04733119159936905, "step_seconds": 13.153063628822565, "tokens_per_second": 159442.09343019294, "mfu": 0.7591527125439352, "elapsed_seconds": 2060.538339998573, "unix": 1789435644.8274744, "ddp_buckets_rebuilt": false}
{"step": 147, "prediction_tokens": 308281344, "loss": 2.7607407569885254, "lr": 6e-05, "grad_norm": 0.05190322548151016, "step_seconds": 13.153085896745324, "tokens_per_second": 159441.82349777943, "mfu": 0.7591514273129183, "elapsed_seconds": 2073.709896977991, "unix": 1789435657.9990351, "ddp_buckets_rebuilt": false}
{"step": 148, "prediction_tokens": 310378496, "loss": 2.697064161300659, "lr": 6e-05, "grad_norm": 0.04925728961825371, "step_seconds": 13.152838069945574, "tokens_per_second": 159444.8277130411, "mfu": 0.7591657313032628, "elapsed_seconds": 2086.8812328763306, "unix": 1789435671.1703696, "ddp_buckets_rebuilt": false}
{"step": 149, "prediction_tokens": 312475648, "loss": 2.758120059967041, "lr": 6e-05, "grad_norm": 0.04587090387940407, "step_seconds": 13.153013540431857, "tokens_per_second": 159442.70060647588, "mfu": 0.7591556034964578, "elapsed_seconds": 2100.0527736768126, "unix": 1789435684.3419054, "ddp_buckets_rebuilt": false}
{"step": 150, "prediction_tokens": 314572800, "loss": 2.6910157203674316, "lr": 6e-05, "grad_norm": 0.06474335491657257, "step_seconds": 13.151943175122142, "tokens_per_second": 159455.6767829499, "mfu": 0.7592173870528371, "elapsed_seconds": 2113.222018405795, "unix": 1789435697.5111532, "ddp_buckets_rebuilt": false}
{"step": 151, "prediction_tokens": 316669952, "loss": 2.705286979675293, "lr": 6e-05, "grad_norm": 0.05475549027323723, "step_seconds": 13.152725940570235, "tokens_per_second": 159446.18700913023, "mfu": 0.7591722033288805, "elapsed_seconds": 2126.393748898059, "unix": 1789435710.6828933, "ddp_buckets_rebuilt": false}
{"step": 152, "prediction_tokens": 318767104, "loss": 2.7286157608032227, "lr": 6e-05, "grad_norm": 0.04361927881836891, "step_seconds": 13.152177289128304, "tokens_per_second": 159452.83840824766, "mfu": 0.7592038726802643, "elapsed_seconds": 2139.5663963425905, "unix": 1789435723.8555355, "ddp_buckets_rebuilt": false}
{"step": 153, "prediction_tokens": 320864256, "loss": 2.653193473815918, "lr": 6e-05, "grad_norm": 0.045528754591941833, "step_seconds": 13.153039950877428, "tokens_per_second": 159442.38045594172, "mfu": 0.7591540791615647, "elapsed_seconds": 2152.738304235041, "unix": 1789435737.0274363, "ddp_buckets_rebuilt": false}
{"step": 154, "prediction_tokens": 322961408, "loss": 2.6214146614074707, "lr": 6e-05, "grad_norm": 0.04506823047995567, "step_seconds": 13.153418362140656, "tokens_per_second": 159437.79345118455, "mfu": 0.7591322390249425, "elapsed_seconds": 2165.9084484484047, "unix": 1789435750.197582, "ddp_buckets_rebuilt": false}
{"step": 155, "prediction_tokens": 325058560, "loss": 2.735701560974121, "lr": 6e-05, "grad_norm": 0.05234000086784363, "step_seconds": 13.303364535793662, "tokens_per_second": 157640.72271773513, "mfu": 0.7505758340469262, "elapsed_seconds": 2179.230935201049, "unix": 1789435763.5200686, "ddp_buckets_rebuilt": false}
{"step": 156, "prediction_tokens": 327155712, "loss": 2.6266632080078125, "lr": 6e-05, "grad_norm": 0.046625226736068726, "step_seconds": 13.153105933219194, "tokens_per_second": 159441.58061583608, "mfu": 0.7591502708774865, "elapsed_seconds": 2192.408194510266, "unix": 1789435776.6973307, "ddp_buckets_rebuilt": false}
{"step": 157, "prediction_tokens": 329252864, "loss": 2.715174436569214, "lr": 6e-05, "grad_norm": 0.04221970960497856, "step_seconds": 13.153315683826804, "tokens_per_second": 159439.03806540876, "mfu": 0.759138165015025, "elapsed_seconds": 2205.5787615664303, "unix": 1789435789.8678927, "ddp_buckets_rebuilt": false}
{"step": 158, "prediction_tokens": 331350016, "loss": 2.7222847938537598, "lr": 6e-05, "grad_norm": 0.043013378977775574, "step_seconds": 13.151130264624953, "tokens_per_second": 159465.5332128449, "mfu": 0.7592643165388331, "elapsed_seconds": 2218.746536310762, "unix": 1789435803.0356672, "ddp_buckets_rebuilt": false}
{"step": 159, "prediction_tokens": 333447168, "loss": 2.7031867504119873, "lr": 6e-05, "grad_norm": 0.04265035316348076, "step_seconds": 13.152762144804, "tokens_per_second": 159445.7481182749, "mfu": 0.7591701136348972, "elapsed_seconds": 2231.9177546575665, "unix": 1789435816.2068868, "ddp_buckets_rebuilt": false}
{"step": 160, "prediction_tokens": 335544320, "loss": 2.699439764022827, "lr": 6e-05, "grad_norm": 0.0438547320663929, "step_seconds": 13.154275842010975, "tokens_per_second": 159427.40027560465, "mfu": 0.7590827539281048, "elapsed_seconds": 2245.0939281843603, "unix": 1789435829.3830664, "ddp_buckets_rebuilt": false}
{"step": 161, "prediction_tokens": 337641472, "loss": 2.65444016456604, "lr": 6e-05, "grad_norm": 0.04309668391942978, "step_seconds": 13.152272967621684, "tokens_per_second": 159451.67844088827, "mfu": 0.759198349719869, "elapsed_seconds": 2258.263897905126, "unix": 1789435842.5530338, "ddp_buckets_rebuilt": false}
{"step": 162, "prediction_tokens": 339738624, "loss": 2.698031425476074, "lr": 6e-05, "grad_norm": 0.03972580283880234, "step_seconds": 13.15329304896295, "tokens_per_second": 159439.31243631392, "mfu": 0.7591394713790622, "elapsed_seconds": 2271.4379368741065, "unix": 1789435855.7270696, "ddp_buckets_rebuilt": false}
{"step": 163, "prediction_tokens": 341835776, "loss": 2.6477930545806885, "lr": 6e-05, "grad_norm": 0.043464869260787964, "step_seconds": 13.153516808524728, "tokens_per_second": 159436.6001525042, "mfu": 0.7591265573639043, "elapsed_seconds": 2284.61070802249, "unix": 1789435868.899841, "ddp_buckets_rebuilt": false}
{"step": 164, "prediction_tokens": 343932928, "loss": 2.715590000152588, "lr": 6e-05, "grad_norm": 0.04376713186502457, "step_seconds": 13.154704064130783, "tokens_per_second": 159422.21047133624, "mfu": 0.7590580436781125, "elapsed_seconds": 2297.781969582662, "unix": 1789435882.071102, "ddp_buckets_rebuilt": false}
{"step": 165, "prediction_tokens": 346030080, "loss": 2.6663014888763428, "lr": 6e-05, "grad_norm": 0.0435020737349987, "step_seconds": 13.155338315293193, "tokens_per_second": 159414.5243351167, "mfu": 0.7590214476260003, "elapsed_seconds": 2310.9557492937893, "unix": 1789435895.2448912, "ddp_buckets_rebuilt": false}
{"step": 166, "prediction_tokens": 348127232, "loss": 2.7008867263793945, "lr": 6e-05, "grad_norm": 0.046699848026037216, "step_seconds": 13.153975175693631, "tokens_per_second": 159431.04437928315, "mfu": 0.759100104623475, "elapsed_seconds": 2324.1330661661923, "unix": 1789435908.4222023, "ddp_buckets_rebuilt": false}
{"step": 167, "prediction_tokens": 350224384, "loss": 2.715259552001953, "lr": 6e-05, "grad_norm": 0.04108221456408501, "step_seconds": 13.154192142188549, "tokens_per_second": 159428.41470849028, "mfu": 0.7590875839542305, "elapsed_seconds": 2337.3060482144356, "unix": 1789435921.5951836, "ddp_buckets_rebuilt": false}
{"step": 168, "prediction_tokens": 352321536, "loss": 2.7066595554351807, "lr": 6e-05, "grad_norm": 0.04754187539219856, "step_seconds": 13.154797894880176, "tokens_per_second": 159421.07334208518, "mfu": 0.7590526294569562, "elapsed_seconds": 2350.479215329513, "unix": 1789435934.7683527, "ddp_buckets_rebuilt": false}
{"step": 169, "prediction_tokens": 354418688, "loss": 2.659123182296753, "lr": 6e-05, "grad_norm": 0.044051170349121094, "step_seconds": 13.152873625978827, "tokens_per_second": 159444.3966874145, "mfu": 0.7591636790580459, "elapsed_seconds": 2363.652391154319, "unix": 1789435947.9415314, "ddp_buckets_rebuilt": false}
{"step": 170, "prediction_tokens": 356515840, "loss": 2.684717893600464, "lr": 6e-05, "grad_norm": 0.04352497309446335, "step_seconds": 13.153683494776487, "tokens_per_second": 159434.579738277, "mfu": 0.7591169375520466, "elapsed_seconds": 2376.82918690145, "unix": 1789435961.1183217, "ddp_buckets_rebuilt": false}
{"step": 171, "prediction_tokens": 358612992, "loss": 2.702556610107422, "lr": 6e-05, "grad_norm": 0.043476443737745285, "step_seconds": 13.152658386155963, "tokens_per_second": 159447.00595336608, "mfu": 0.7591761025735825, "elapsed_seconds": 2390.005300205201, "unix": 1789435974.2944329, "ddp_buckets_rebuilt": false}
{"step": 172, "prediction_tokens": 360710144, "loss": 2.6815905570983887, "lr": 6e-05, "grad_norm": 0.040817175060510635, "step_seconds": 13.151057509705424, "tokens_per_second": 159466.41541581813, "mfu": 0.7592685169777872, "elapsed_seconds": 2403.174248378724, "unix": 1789435987.4633815, "ddp_buckets_rebuilt": false}
{"step": 173, "prediction_tokens": 362807296, "loss": 2.65944766998291, "lr": 6e-05, "grad_norm": 0.04361141845583916, "step_seconds": 13.151243140920997, "tokens_per_second": 159464.16453016273, "mfu": 0.7592577998207669, "elapsed_seconds": 2416.3413478750736, "unix": 1789436000.6304853, "ddp_buckets_rebuilt": false}
{"step": 174, "prediction_tokens": 364904448, "loss": 2.6725656986236572, "lr": 6e-05, "grad_norm": 0.04748694971203804, "step_seconds": 13.153538024052978, "tokens_per_second": 159436.34299494792, "mfu": 0.759125332957901, "elapsed_seconds": 2429.511828418821, "unix": 1789436013.8009667, "ddp_buckets_rebuilt": false}
{"step": 175, "prediction_tokens": 367001600, "loss": 2.648348331451416, "lr": 6e-05, "grad_norm": 0.054287947714328766, "step_seconds": 13.151054080575705, "tokens_per_second": 159466.45699659342, "mfu": 0.7592687149566123, "elapsed_seconds": 2442.682527013123, "unix": 1789436026.9716594, "ddp_buckets_rebuilt": false}
{"step": 176, "prediction_tokens": 369098752, "loss": 2.6720948219299316, "lr": 6e-05, "grad_norm": 0.0427745021879673, "step_seconds": 13.149782652035356, "tokens_per_second": 159481.87551794993, "mfu": 0.7593421272661184, "elapsed_seconds": 2455.849206842482, "unix": 1789436040.138338, "ddp_buckets_rebuilt": false}
{"step": 177, "prediction_tokens": 371195904, "loss": 2.678860902786255, "lr": 6e-05, "grad_norm": 0.04464871436357498, "step_seconds": 13.152212787419558, "tokens_per_second": 159452.40803935152, "mfu": 0.7592018235619425, "elapsed_seconds": 2469.018988765776, "unix": 1789436053.3081226, "ddp_buckets_rebuilt": false}
{"step": 178, "prediction_tokens": 373293056, "loss": 2.6814424991607666, "lr": 6e-05, "grad_norm": 0.04535629600286484, "step_seconds": 13.15191287919879, "tokens_per_second": 159456.04409506687, "mfu": 0.759219135938492, "elapsed_seconds": 2482.1887263171375, "unix": 1789436066.4778624, "ddp_buckets_rebuilt": false}
{"step": 179, "prediction_tokens": 375390208, "loss": 2.686807632446289, "lr": 6e-05, "grad_norm": 0.042380865663290024, "step_seconds": 13.151856757700443, "tokens_per_second": 159456.7245246275, "mfu": 0.7592223756723384, "elapsed_seconds": 2495.3579908534884, "unix": 1789436079.6471233, "ddp_buckets_rebuilt": false}
{"step": 180, "prediction_tokens": 377487360, "loss": 2.6749019622802734, "lr": 6e-05, "grad_norm": 0.06658434867858887, "step_seconds": 13.152880031615496, "tokens_per_second": 159444.31903576167, "mfu": 0.7591633093347087, "elapsed_seconds": 2508.5297050513327, "unix": 1789436092.8188362, "ddp_buckets_rebuilt": false}
{"step": 181, "prediction_tokens": 379584512, "loss": 2.654985189437866, "lr": 6e-05, "grad_norm": 0.04389426112174988, "step_seconds": 13.15186945721507, "tokens_per_second": 159456.5705523719, "mfu": 0.7592216425632016, "elapsed_seconds": 2521.698525454849, "unix": 1789436105.9876585, "ddp_buckets_rebuilt": false}
{"step": 182, "prediction_tokens": 381681664, "loss": 2.6876742839813232, "lr": 6e-05, "grad_norm": 0.04329903796315193, "step_seconds": 13.152720533311367, "tokens_per_second": 159446.2525595847, "mfu": 0.7591725154347007, "elapsed_seconds": 2534.8718340583146, "unix": 1789436119.1609704, "ddp_buckets_rebuilt": false}
{"step": 183, "prediction_tokens": 383778816, "loss": 2.6098389625549316, "lr": 6e-05, "grad_norm": 0.05998257175087929, "step_seconds": 13.153138041496277, "tokens_per_second": 159441.19140115342, "mfu": 0.7591484177069985, "elapsed_seconds": 2548.0431706905365, "unix": 1789436132.3323064, "ddp_buckets_rebuilt": false}
{"step": 184, "prediction_tokens": 385875968, "loss": 2.6927342414855957, "lr": 6e-05, "grad_norm": 0.04734087362885475, "step_seconds": 13.150493880733848, "tokens_per_second": 159473.250131878, "mfu": 0.7593010591573628, "elapsed_seconds": 2561.2096603307873, "unix": 1789436145.498792, "ddp_buckets_rebuilt": false}
{"step": 185, "prediction_tokens": 387973120, "loss": 2.6554410457611084, "lr": 6e-05, "grad_norm": 0.0516933910548687, "step_seconds": 13.151880908757448, "tokens_per_second": 159456.43171111506, "mfu": 0.7592209814973909, "elapsed_seconds": 2574.3868127744645, "unix": 1789436158.6759431, "ddp_buckets_rebuilt": false}
{"step": 186, "prediction_tokens": 390070272, "loss": 2.6140239238739014, "lr": 6e-05, "grad_norm": 0.054983969777822495, "step_seconds": 13.313096383586526, "tokens_per_second": 157525.4876533111, "mfu": 0.7500271645591163, "elapsed_seconds": 2587.7213702183217, "unix": 1789436172.0105093, "ddp_buckets_rebuilt": false}
{"step": 187, "prediction_tokens": 392167424, "loss": 2.598175048828125, "lr": 6e-05, "grad_norm": 0.07282707095146179, "step_seconds": 13.150971554219723, "tokens_per_second": 159467.45769722934, "mfu": 0.7592734795992852, "elapsed_seconds": 2600.8926335256547, "unix": 1789436185.1817696, "ddp_buckets_rebuilt": false}
{"step": 188, "prediction_tokens": 394264576, "loss": 2.579620122909546, "lr": 6e-05, "grad_norm": 0.09123599529266357, "step_seconds": 13.153545001521707, "tokens_per_second": 159436.25841986967, "mfu": 0.7591249302700118, "elapsed_seconds": 2614.0668127629906, "unix": 1789436198.3559456, "ddp_buckets_rebuilt": false}
{"step": 189, "prediction_tokens": 396361728, "loss": 2.703573226928711, "lr": 6e-05, "grad_norm": 0.05567106977105141, "step_seconds": 13.152631264179945, "tokens_per_second": 159447.33474825014, "mfu": 0.7591776680668768, "elapsed_seconds": 2627.2393200062215, "unix": 1789436211.5284543, "ddp_buckets_rebuilt": false}
{"step": 190, "prediction_tokens": 398458880, "loss": 2.5801336765289307, "lr": 6e-05, "grad_norm": 0.06340037286281586, "step_seconds": 13.15372260287404, "tokens_per_second": 159434.10571405693, "mfu": 0.7591146805773371, "elapsed_seconds": 2640.409217013046, "unix": 1789436224.698354, "ddp_buckets_rebuilt": false}
{"step": 191, "prediction_tokens": 400556032, "loss": 2.6959660053253174, "lr": 6e-05, "grad_norm": 0.05336989462375641, "step_seconds": 13.153425071388483, "tokens_per_second": 159437.71212577587, "mfu": 0.7591318518097268, "elapsed_seconds": 2653.5812114756554, "unix": 1789436237.870354, "ddp_buckets_rebuilt": false}
{"step": 192, "prediction_tokens": 402653184, "loss": 2.7714695930480957, "lr": 6e-05, "grad_norm": 0.06859315931797028, "step_seconds": 13.154064625501633, "tokens_per_second": 159429.96022189793, "mfu": 0.7590949426176201, "elapsed_seconds": 2666.751879014075, "unix": 1789436251.0410147, "ddp_buckets_rebuilt": false}
{"step": 193, "prediction_tokens": 404750336, "loss": 2.67582368850708, "lr": 6e-05, "grad_norm": 0.04150301590561867, "step_seconds": 13.153234209865332, "tokens_per_second": 159440.02566510002, "mfu": 0.7591428672800817, "elapsed_seconds": 2679.9226369913667, "unix": 1789436264.211772, "ddp_buckets_rebuilt": false}
{"step": 194, "prediction_tokens": 406847488, "loss": 2.6537249088287354, "lr": 6e-05, "grad_norm": 0.04340749233961105, "step_seconds": 13.152835261076689, "tokens_per_second": 159444.86176346496, "mfu": 0.7591658934277751, "elapsed_seconds": 2693.094724206254, "unix": 1789436277.3838594, "ddp_buckets_rebuilt": false}
{"step": 195, "prediction_tokens": 408944640, "loss": 2.6519250869750977, "lr": 6e-05, "grad_norm": 0.04275893419981003, "step_seconds": 13.15158811956644, "tokens_per_second": 159459.98163369606, "mfu": 0.759237883767668, "elapsed_seconds": 2706.264974720776, "unix": 1789436290.5541098, "ddp_buckets_rebuilt": false}
{"step": 196, "prediction_tokens": 411041792, "loss": 2.685969829559326, "lr": 6e-05, "grad_norm": 0.044670674949884415, "step_seconds": 13.153066232800484, "tokens_per_second": 159442.06186464897, "mfu": 0.7591525622506984, "elapsed_seconds": 2719.4437528979033, "unix": 1789436303.7328863, "ddp_buckets_rebuilt": false}
{"step": 197, "prediction_tokens": 413138944, "loss": 2.614713191986084, "lr": 6e-05, "grad_norm": 0.09228017926216125, "step_seconds": 13.153298445045948, "tokens_per_second": 159439.24702703528, "mfu": 0.7591391599454236, "elapsed_seconds": 2732.6164146624506, "unix": 1789436316.9055467, "ddp_buckets_rebuilt": false}
{"step": 198, "prediction_tokens": 415236096, "loss": 2.6565184593200684, "lr": 6e-05, "grad_norm": 0.0455760732293129, "step_seconds": 13.154301084578037, "tokens_per_second": 159427.09434092842, "mfu": 0.7590812972792716, "elapsed_seconds": 2745.788242774084, "unix": 1789436330.0773747, "ddp_buckets_rebuilt": false}
{"step": 199, "prediction_tokens": 417333248, "loss": 2.64267635345459, "lr": 6e-05, "grad_norm": 0.04565363749861717, "step_seconds": 13.153329884633422, "tokens_per_second": 159438.86592930584, "mfu": 0.7591373454222395, "elapsed_seconds": 2758.961600597948, "unix": 1789436343.250739, "ddp_buckets_rebuilt": false}
{"step": 200, "prediction_tokens": 419430400, "loss": 2.6940536499023438, "lr": 6e-05, "grad_norm": 0.04679776355624199, "step_seconds": 13.153277872130275, "tokens_per_second": 159439.49640443124, "mfu": 0.7591403473076973, "elapsed_seconds": 2772.1356551013887, "unix": 1789436356.424789, "ddp_buckets_rebuilt": false}
{"step": 201, "prediction_tokens": 421527552, "loss": 2.6617350578308105, "lr": 6e-05, "grad_norm": 0.04340128228068352, "step_seconds": 13.153387449681759, "tokens_per_second": 159438.16815422248, "mfu": 0.759134023101039, "elapsed_seconds": 2785.3062136620283, "unix": 1789436369.5953472, "ddp_buckets_rebuilt": false}
{"step": 202, "prediction_tokens": 423624704, "loss": 2.668971538543701, "lr": 6e-05, "grad_norm": 0.04544701799750328, "step_seconds": 13.152655174955726, "tokens_per_second": 159447.04488210377, "mfu": 0.7591762879252432, "elapsed_seconds": 2798.4842464737594, "unix": 1789436382.7733788, "ddp_buckets_rebuilt": false}
{"step": 203, "prediction_tokens": 425721856, "loss": 2.712470054626465, "lr": 6e-05, "grad_norm": 0.04954195022583008, "step_seconds": 13.153248807415366, "tokens_per_second": 159439.84871765636, "mfu": 0.7591420247790273, "elapsed_seconds": 2811.6533365976065, "unix": 1789436395.9424748, "ddp_buckets_rebuilt": false}
{"step": 204, "prediction_tokens": 427819008, "loss": 2.6506786346435547, "lr": 6e-05, "grad_norm": 0.04681806638836861, "step_seconds": 13.152251582592726, "tokens_per_second": 159451.9377028663, "mfu": 0.75919958414567, "elapsed_seconds": 2824.8257339410484, "unix": 1789436409.1148772, "ddp_buckets_rebuilt": false}
{"step": 205, "prediction_tokens": 429916160, "loss": 2.6505959033966064, "lr": 6e-05, "grad_norm": 0.04149364307522774, "step_seconds": 13.151745123788714, "tokens_per_second": 159458.07801633087, "mfu": 0.7592288200614951, "elapsed_seconds": 2837.9970876052976, "unix": 1789436422.2862175, "ddp_buckets_rebuilt": false}
{"step": 206, "prediction_tokens": 432013312, "loss": 2.672243118286133, "lr": 6e-05, "grad_norm": 0.045262157917022705, "step_seconds": 13.151573415845633, "tokens_per_second": 159460.15991312894, "mfu": 0.7592387326107315, "elapsed_seconds": 2851.16809543781, "unix": 1789436435.4572294, "ddp_buckets_rebuilt": false}
{"step": 207, "prediction_tokens": 434110464, "loss": 2.6750948429107666, "lr": 6e-05, "grad_norm": 0.040714558213949203, "step_seconds": 13.153238812461495, "tokens_per_second": 159439.96987366636, "mfu": 0.7591426016399532, "elapsed_seconds": 2864.338045038283, "unix": 1789436448.627183, "ddp_buckets_rebuilt": false}
{"step": 208, "prediction_tokens": 436207616, "loss": 2.7073473930358887, "lr": 6e-05, "grad_norm": 0.04300503805279732, "step_seconds": 13.15258251875639, "tokens_per_second": 159447.92568374556, "mfu": 0.7591804816920283, "elapsed_seconds": 2877.508765384555, "unix": 1789436461.7978985, "ddp_buckets_rebuilt": false}
{"step": 209, "prediction_tokens": 438304768, "loss": 2.684394598007202, "lr": 6e-05, "grad_norm": 0.04265918582677841, "step_seconds": 13.152257535606623, "tokens_per_second": 159451.86553125634, "mfu": 0.7591992405144977, "elapsed_seconds": 2890.684687074274, "unix": 1789436474.9738207, "ddp_buckets_rebuilt": false}
{"step": 210, "prediction_tokens": 440401920, "loss": 2.6576032638549805, "lr": 6e-05, "grad_norm": 0.04122830554842949, "step_seconds": 13.152168098837137, "tokens_per_second": 159452.94982850942, "mfu": 0.7592044031863066, "elapsed_seconds": 2903.8559845089912, "unix": 1789436488.1451178, "ddp_buckets_rebuilt": false}
{"step": 211, "prediction_tokens": 442499072, "loss": 2.6576290130615234, "lr": 6e-05, "grad_norm": 0.044518958777189255, "step_seconds": 13.15410509891808, "tokens_per_second": 159429.4696773017, "mfu": 0.7590926069843325, "elapsed_seconds": 2917.028974350542, "unix": 1789436501.31811, "ddp_buckets_rebuilt": false}
{"step": 212, "prediction_tokens": 444596224, "loss": 2.706561803817749, "lr": 6e-05, "grad_norm": 0.04017845168709755, "step_seconds": 13.15158486738801, "tokens_per_second": 159460.02106562143, "mfu": 0.7592380715151597, "elapsed_seconds": 2930.202148249373, "unix": 1789436514.4912841, "ddp_buckets_rebuilt": false}
{"step": 213, "prediction_tokens": 446693376, "loss": 2.6834330558776855, "lr": 6e-05, "grad_norm": 0.03967403993010521, "step_seconds": 13.152991024777293, "tokens_per_second": 159442.97354490965, "mfu": 0.7591569030400596, "elapsed_seconds": 2943.372359758243, "unix": 1789436527.6614933, "ddp_buckets_rebuilt": false}
{"step": 214, "prediction_tokens": 448790528, "loss": 2.6268081665039062, "lr": 6e-05, "grad_norm": 0.043396804481744766, "step_seconds": 13.152587670832872, "tokens_per_second": 159447.86322547283, "mfu": 0.759180184309034, "elapsed_seconds": 2956.542504752055, "unix": 1789436540.8316379, "ddp_buckets_rebuilt": false}
{"step": 215, "prediction_tokens": 450887680, "loss": 2.6428351402282715, "lr": 6e-05, "grad_norm": 0.04761096090078354, "step_seconds": 13.152132112532854, "tokens_per_second": 159453.38611688625, "mfu": 0.7592064804890915, "elapsed_seconds": 2969.719944657758, "unix": 1789436554.009079, "ddp_buckets_rebuilt": false}
{"step": 216, "prediction_tokens": 452984832, "loss": 2.6594271659851074, "lr": 6e-05, "grad_norm": 0.041776541620492935, "step_seconds": 13.152754098176956, "tokens_per_second": 159445.84566442072, "mfu": 0.7591705780820177, "elapsed_seconds": 2982.895265955478, "unix": 1789436567.1844053, "ddp_buckets_rebuilt": false}
{"step": 217, "prediction_tokens": 455081984, "loss": 2.7307205200195312, "lr": 6e-05, "grad_norm": 0.03982428088784218, "step_seconds": 13.342200005427003, "tokens_per_second": 157181.87398981978, "mfu": 0.7483911145105085, "elapsed_seconds": 2996.257425526157, "unix": 1789436580.5465653, "ddp_buckets_rebuilt": false}
{"step": 218, "prediction_tokens": 457179136, "loss": 2.6880404949188232, "lr": 6e-05, "grad_norm": 0.04006214439868927, "step_seconds": 13.15336038917303, "tokens_per_second": 159438.49616758284, "mfu": 0.759135584873259, "elapsed_seconds": 3009.433170631528, "unix": 1789436593.7223036, "ddp_buckets_rebuilt": false}
{"step": 219, "prediction_tokens": 459276288, "loss": 2.699284791946411, "lr": 6e-05, "grad_norm": 0.04151454195380211, "step_seconds": 13.154089672490954, "tokens_per_second": 159429.65664783004, "mfu": 0.7590934972083674, "elapsed_seconds": 3022.6073508467525, "unix": 1789436606.8964891, "ddp_buckets_rebuilt": false}
{"step": 220, "prediction_tokens": 461373440, "loss": 2.644353151321411, "lr": 6e-05, "grad_norm": 0.041783273220062256, "step_seconds": 13.155038949102163, "tokens_per_second": 159418.152094725, "mfu": 0.7590387205022393, "elapsed_seconds": 3035.7775437962264, "unix": 1789436620.0666828, "ddp_buckets_rebuilt": false}
{"step": 221, "prediction_tokens": 463470592, "loss": 2.6114704608917236, "lr": 6e-05, "grad_norm": 0.04172383248806, "step_seconds": 13.153183342888951, "tokens_per_second": 159440.6422635164, "mfu": 0.7591458030942715, "elapsed_seconds": 3048.953237950802, "unix": 1789436633.2423725, "ddp_buckets_rebuilt": false}
{"step": 222, "prediction_tokens": 465567744, "loss": 2.6150739192962646, "lr": 6e-05, "grad_norm": 0.048831578344106674, "step_seconds": 13.15347670763731, "tokens_per_second": 159437.08622544864, "mfu": 0.7591288717062863, "elapsed_seconds": 3062.1231928858906, "unix": 1789436646.412325, "ddp_buckets_rebuilt": false}
{"step": 223, "prediction_tokens": 467664896, "loss": 2.6352834701538086, "lr": 6e-05, "grad_norm": 0.04792124778032303, "step_seconds": 13.152332989498973, "tokens_per_second": 159450.95076853657, "mfu": 0.7591948850486036, "elapsed_seconds": 3075.296240810305, "unix": 1789436659.5853727, "ddp_buckets_rebuilt": false}
{"step": 224, "prediction_tokens": 469762048, "loss": 2.6316709518432617, "lr": 6e-05, "grad_norm": 0.04286826774477959, "step_seconds": 13.15350592136383, "tokens_per_second": 159436.73211822717, "mfu": 0.7591271856931895, "elapsed_seconds": 3088.4682624507695, "unix": 1789436672.7574008, "ddp_buckets_rebuilt": false}
{"step": 225, "prediction_tokens": 471859200, "loss": 2.6198277473449707, "lr": 6e-05, "grad_norm": 0.039932239800691605, "step_seconds": 13.151205033063889, "tokens_per_second": 159464.62660474682, "mfu": 0.759259999899594, "elapsed_seconds": 3101.6368966866285, "unix": 1789436685.9260314, "ddp_buckets_rebuilt": false}
{"step": 226, "prediction_tokens": 473956352, "loss": 2.6377954483032227, "lr": 6e-05, "grad_norm": 0.045747339725494385, "step_seconds": 13.153211515396833, "tokens_per_second": 159440.30076191842, "mfu": 0.7591441771004147, "elapsed_seconds": 3114.8221227955073, "unix": 1789436699.1112545, "ddp_buckets_rebuilt": false}
{"step": 227, "prediction_tokens": 476053504, "loss": 2.6685380935668945, "lr": 6e-05, "grad_norm": 0.04475313425064087, "step_seconds": 13.15249185450375, "tokens_per_second": 159449.02480832036, "mfu": 0.7591857149612637, "elapsed_seconds": 3127.99238730222, "unix": 1789436712.281521, "ddp_buckets_rebuilt": false}
{"step": 228, "prediction_tokens": 478150656, "loss": 2.6705429553985596, "lr": 6e-05, "grad_norm": 0.05152229592204094, "step_seconds": 13.152939915657043, "tokens_per_second": 159443.59310146203, "mfu": 0.759159852938842, "elapsed_seconds": 3141.162661097944, "unix": 1789436725.451797, "ddp_buckets_rebuilt": false}
{"step": 229, "prediction_tokens": 480247808, "loss": 2.6211957931518555, "lr": 6e-05, "grad_norm": 0.05230990797281265, "step_seconds": 13.154018349945545, "tokens_per_second": 159430.52109309865, "mfu": 0.7590976130974428, "elapsed_seconds": 3154.3355281297117, "unix": 1789436738.6246603, "ddp_buckets_rebuilt": false}
{"step": 230, "prediction_tokens": 482344960, "loss": 2.608776092529297, "lr": 6e-05, "grad_norm": 0.043203528970479965, "step_seconds": 13.153137743473053, "tokens_per_second": 159441.195013765, "mfu": 0.7591484349077504, "elapsed_seconds": 3167.5051436573267, "unix": 1789436751.794275, "ddp_buckets_rebuilt": false}
{"step": 231, "prediction_tokens": 484442112, "loss": 2.5474753379821777, "lr": 6e-05, "grad_norm": 0.04714997112751007, "step_seconds": 13.152827041223645, "tokens_per_second": 159444.96140845594, "mfu": 0.7591663678681414, "elapsed_seconds": 3180.676387913525, "unix": 1789436764.9655209, "ddp_buckets_rebuilt": false}
{"step": 232, "prediction_tokens": 486539264, "loss": 2.6317014694213867, "lr": 6e-05, "grad_norm": 0.046737346798181534, "step_seconds": 13.152028875425458, "tokens_per_second": 159454.63774935325, "mfu": 0.7592124398951805, "elapsed_seconds": 3193.847821649164, "unix": 1789436778.1369576, "ddp_buckets_rebuilt": false}
{"step": 233, "prediction_tokens": 488636416, "loss": 2.6621952056884766, "lr": 5.976344103943434e-05, "grad_norm": 0.04218039661645889, "step_seconds": 13.152346851304173, "tokens_per_second": 159450.78271654982, "mfu": 0.7591940849015478, "elapsed_seconds": 3207.019627202302, "unix": 1789436791.308759, "ddp_buckets_rebuilt": false}
{"step": 234, "prediction_tokens": 490733568, "loss": 2.6495468616485596, "lr": 5.9057494833858934e-05, "grad_norm": 0.03904159739613533, "step_seconds": 13.150803495198488, "tokens_per_second": 159469.49559132982, "mfu": 0.7592831826381814, "elapsed_seconds": 3220.190112270415, "unix": 1789436804.4792447, "ddp_buckets_rebuilt": false}
{"step": 235, "prediction_tokens": 492830720, "loss": 2.61820912361145, "lr": 5.789329457664754e-05, "grad_norm": 0.04571153596043587, "step_seconds": 13.15044186078012, "tokens_per_second": 159473.88096931909, "mfu": 0.7593040627679166, "elapsed_seconds": 3233.35783630237, "unix": 1789436817.6469681, "ddp_buckets_rebuilt": false}
{"step": 236, "prediction_tokens": 494927872, "loss": 2.5958080291748047, "lr": 5.6289200401315906e-05, "grad_norm": 0.0622212290763855, "step_seconds": 13.151637820526958, "tokens_per_second": 159459.37902325625, "mfu": 0.759235014554525, "elapsed_seconds": 3246.5300363581628, "unix": 1789436830.8191714, "ddp_buckets_rebuilt": false}
{"step": 237, "prediction_tokens": 497025024, "loss": 2.587021827697754, "lr": 5.427050983124843e-05, "grad_norm": 0.05164901167154312, "step_seconds": 13.150667080655694, "tokens_per_second": 159471.1498008233, "mfu": 0.7592910588369761, "elapsed_seconds": 3259.7044154182076, "unix": 1789436843.9935513, "ddp_buckets_rebuilt": false}
{"step": 238, "prediction_tokens": 499122176, "loss": 2.642413854598999, "lr": 5.186905882264235e-05, "grad_norm": 0.042330365628004074, "step_seconds": 13.153781075030565, "tokens_per_second": 159433.39698582652, "mfu": 0.7591113061048437, "elapsed_seconds": 3272.880100576207, "unix": 1789436857.1692336, "ddp_buckets_rebuilt": false}
{"step": 239, "prediction_tokens": 501219328, "loss": 2.6771159172058105, "lr": 4.912271969246069e-05, "grad_norm": 0.11792754381895065, "step_seconds": 13.15467944741249, "tokens_per_second": 159422.50880256205, "mfu": 0.7590594641245858, "elapsed_seconds": 3286.0510337334126, "unix": 1789436870.3401654, "ddp_buckets_rebuilt": false}
{"step": 240, "prediction_tokens": 503316480, "loss": 2.6533894538879395, "lr": 4.60748038493699e-05, "grad_norm": 0.04504471644759178, "step_seconds": 13.15141442976892, "tokens_per_second": 159462.0876103627, "mfu": 0.7592479109685447, "elapsed_seconds": 3299.2267445717007, "unix": 1789436883.5158844, "ddp_buckets_rebuilt": false}
{"step": 241, "prediction_tokens": 505413632, "loss": 2.698331594467163, "lr": 4.277337874695218e-05, "grad_norm": 0.051055919378995895, "step_seconds": 13.151651736348867, "tokens_per_second": 159459.21029856944, "mfu": 0.7592342112045382, "elapsed_seconds": 3312.3947718702257, "unix": 1789436896.683907, "ddp_buckets_rebuilt": false}
{"step": 242, "prediction_tokens": 507510784, "loss": 2.6497507095336914, "lr": 3.927050983124842e-05, "grad_norm": 0.042181819677352905, "step_seconds": 13.152158096432686, "tokens_per_second": 159453.07109475965, "mfu": 0.7592049805721199, "elapsed_seconds": 3325.570482125506, "unix": 1789436909.8596141, "ddp_buckets_rebuilt": false}
{"step": 243, "prediction_tokens": 509607936, "loss": 2.6080822944641113, "lr": 3.562143943757174e-05, "grad_norm": 0.04086146876215935, "step_seconds": 13.153305875137448, "tokens_per_second": 159439.15696236215, "mfu": 0.7591387311198892, "elapsed_seconds": 3338.745853325352, "unix": 1789436923.0349874, "ddp_buckets_rebuilt": false}
{"step": 244, "prediction_tokens": 511705088, "loss": 2.6429553031921387, "lr": 3.1883715585879403e-05, "grad_norm": 0.0379272997379303, "step_seconds": 13.151773266494274, "tokens_per_second": 159457.7368013747, "mfu": 0.7592271954324278, "elapsed_seconds": 3351.925093749538, "unix": 1789436936.214231, "ddp_buckets_rebuilt": false}
{"step": 245, "prediction_tokens": 513802240, "loss": 2.599208354949951, "lr": 2.81162844141206e-05, "grad_norm": 0.04286652058362961, "step_seconds": 13.152154987677932, "tokens_per_second": 159453.10878443814, "mfu": 0.7592051600242397, "elapsed_seconds": 3365.09568814002, "unix": 1789436949.3848236, "ddp_buckets_rebuilt": false}
{"step": 246, "prediction_tokens": 515899392, "loss": 2.635645866394043, "lr": 2.4378560562428255e-05, "grad_norm": 0.04336726665496826, "step_seconds": 13.151637403294444, "tokens_per_second": 159459.38408206648, "mfu": 0.7592350386410722, "elapsed_seconds": 3378.264420978725, "unix": 1789436962.553558, "ddp_buckets_rebuilt": false}
{"step": 247, "prediction_tokens": 517996544, "loss": 2.658034324645996, "lr": 2.072949016875158e-05, "grad_norm": 0.043538663536310196, "step_seconds": 13.31180271320045, "tokens_per_second": 157540.7963280879, "mfu": 0.7501000538553633, "elapsed_seconds": 3391.5953715164214, "unix": 1789436975.8845074, "ddp_buckets_rebuilt": false}
{"step": 248, "prediction_tokens": 520093696, "loss": 2.6494860649108887, "lr": 1.722662125304782e-05, "grad_norm": 0.03858529031276703, "step_seconds": 13.151457285508513, "tokens_per_second": 159461.56798234332, "mfu": 0.7592454368601587, "elapsed_seconds": 3404.7646214347333, "unix": 1789436989.053756, "ddp_buckets_rebuilt": false}
{"step": 249, "prediction_tokens": 522190848, "loss": 2.6335723400115967, "lr": 1.3925196150630094e-05, "grad_norm": 0.044179756194353104, "step_seconds": 13.150767497718334, "tokens_per_second": 159469.93210577688, "mfu": 0.759285261017356, "elapsed_seconds": 3417.9345775377005, "unix": 1789437002.2237117, "ddp_buckets_rebuilt": false}
{"step": 250, "prediction_tokens": 524288000, "loss": 2.6844756603240967, "lr": 1.0877280307539308e-05, "grad_norm": 0.049284227192401886, "step_seconds": 13.153562549501657, "tokens_per_second": 159436.04571823424, "mfu": 0.7591239175322834, "elapsed_seconds": 3431.1053531058133, "unix": 1789437015.3944857, "ddp_buckets_rebuilt": false}
{"step": 251, "prediction_tokens": 526385152, "loss": 2.656559705734253, "lr": 8.13094117735766e-06, "grad_norm": 0.05331610515713692, "step_seconds": 13.153760006651282, "tokens_per_second": 159433.65235032127, "mfu": 0.7591125219735313, "elapsed_seconds": 3444.278634518385, "unix": 1789437028.5677676, "ddp_buckets_rebuilt": false}
{"step": 252, "prediction_tokens": 528482304, "loss": 2.6770548820495605, "lr": 5.72949016875158e-06, "grad_norm": 0.038361769169569016, "step_seconds": 13.152977302670479, "tokens_per_second": 159443.13988698288, "mfu": 0.7591576950456923, "elapsed_seconds": 3457.4481096286327, "unix": 1789437041.7372446, "ddp_buckets_rebuilt": false}
{"step": 253, "prediction_tokens": 530579456, "loss": 2.691279888153076, "lr": 3.710799598684099e-06, "grad_norm": 0.03954910486936569, "step_seconds": 13.153387324884534, "tokens_per_second": 159438.1696669462, "mfu": 0.7591340303035804, "elapsed_seconds": 3470.6174147985876, "unix": 1789437054.9065535, "ddp_buckets_rebuilt": false}
{"step": 254, "prediction_tokens": 532676608, "loss": 2.6359610557556152, "lr": 2.1067054233524597e-06, "grad_norm": 0.03561538830399513, "step_seconds": 13.150750255212188, "tokens_per_second": 159470.1411935651, "mfu": 0.7592862565484493, "elapsed_seconds": 3483.785846013576, "unix": 1789437068.0749762, "ddp_buckets_rebuilt": false}
{"step": 255, "prediction_tokens": 534773760, "loss": 2.617180824279785, "lr": 9.425051661410677e-07, "grad_norm": 0.04008800536394119, "step_seconds": 13.150885339826345, "tokens_per_second": 159468.50313179693, "mfu": 0.759278457233928, "elapsed_seconds": 3496.9579052217305, "unix": 1789437081.247036, "ddp_buckets_rebuilt": false}
{"step": 256, "prediction_tokens": 536870912, "loss": 2.674114227294922, "lr": 2.3655896056566706e-07, "grad_norm": 0.03702018782496452, "step_seconds": 13.152293033897877, "tokens_per_second": 159451.43516761184, "mfu": 0.7591971914211808, "elapsed_seconds": 3510.1344680301845, "unix": 1789437094.4236052, "ddp_buckets_rebuilt": false}
{"status": "QUALIFICATION_COMPLETED", "formal_promotion": false, "mfu_window_passed": true, "step": 256, "tokens": 536870912, "unix": 1789437143.4670827, "model_checkpoint_sha256": "223cd66c158967deb4cd291bc20f037362427b747f16bc731c43fd457610e92f", "model_checkpoint_resumable": false}
