[rank0]:[W914 09:47:12.584075307 reducer.cpp:1502] Warning: find_unused_parameters=True was specified in DDP constructor, but did not find any unused parameters in the forward pass. This flag results in an extra traversal of the autograd graph every iteration,  which can adversely affect performance. If your model indeed never has any unused parameters in the forward pass, consider turning this flag off. Note that this warning may be a false positive if your model has flow control causing later iterations to have unused parameters. (function operator())
[rank3]:[W914 09:47:12.628878510 reducer.cpp:1502] Warning: find_unused_parameters=True was specified in DDP constructor, but did not find any unused parameters in the forward pass. This flag results in an extra traversal of the autograd graph every iteration,  which can adversely affect performance. If your model indeed never has any unused parameters in the forward pass, consider turning this flag off. Note that this warning may be a false positive if your model has flow control causing later iterations to have unused parameters. (function operator())
[rank2]:[W914 09:47:12.670680246 reducer.cpp:1502] Warning: find_unused_parameters=True was specified in DDP constructor, but did not find any unused parameters in the forward pass. This flag results in an extra traversal of the autograd graph every iteration,  which can adversely affect performance. If your model indeed never has any unused parameters in the forward pass, consider turning this flag off. Note that this warning may be a false positive if your model has flow control causing later iterations to have unused parameters. (function operator())
[rank1]:[W914 09:47:12.686691244 reducer.cpp:1502] Warning: find_unused_parameters=True was specified in DDP constructor, but did not find any unused parameters in the forward pass. This flag results in an extra traversal of the autograd graph every iteration,  which can adversely affect performance. If your model indeed never has any unused parameters in the forward pass, consider turning this flag off. Note that this warning may be a false positive if your model has flow control causing later iterations to have unused parameters. (function operator())
[rank0]: Traceback (most recent call last):
[rank0]:   File "/ssd/scxi253/pretrain500m-20260912-v1/source/cpt-v5/train_cpt.py", line 431, in <module>
[rank0]:     if __name__=='__main__':main()
[rank0]:                             ^^^^^^
[rank0]:   File "/ssd/scxi253/pretrain500m-20260912-v1/source/cpt-v5/train_cpt.py", line 368, in main
[rank0]:     if model._has_rebuilt_buckets:raise RuntimeError('fixed-reduction policy unexpectedly rebuilt buckets')
[rank0]:                                   ^^^^^^^^^^^^^^^^^^^^^^^^^^^^^^^^^^^^^^^^^^^^^^^^^^^^^^^^^^^^^^^^^^^^^^^^^
[rank0]: RuntimeError: fixed-reduction policy unexpectedly rebuilt buckets
[rank0]:[W914 09:53:38.016981873 ProcessGroupNCCL.cpp:1575] Warning: WARNING: destroy_process_group() was not called before program exit, which can leak resources. For more info, please see https://pytorch.org/docs/stable/distributed.html#shutdown (function operator())
W0914 09:53:39.570000 401202 torch/distributed/elastic/multiprocessing/api.py:1012] Sending process 401243 closing signal SIGTERM
W0914 09:53:39.576000 401202 torch/distributed/elastic/multiprocessing/api.py:1012] Sending process 401244 closing signal SIGTERM
W0914 09:53:39.577000 401202 torch/distributed/elastic/multiprocessing/api.py:1012] Sending process 401245 closing signal SIGTERM
W0914 09:54:09.577000 401202 torch/distributed/elastic/multiprocessing/api.py:1031] Unable to shutdown process 401243 via 15, forcefully exiting via 9
W0914 09:54:09.882000 401202 torch/distributed/elastic/multiprocessing/api.py:1031] Unable to shutdown process 401244 via 15, forcefully exiting via 9
W0914 09:54:10.118000 401202 torch/distributed/elastic/multiprocessing/api.py:1031] Unable to shutdown process 401245 via 15, forcefully exiting via 9
E0914 09:54:10.351000 401202 torch/distributed/elastic/multiprocessing/api.py:986] failed (exitcode: 1) local_rank: 0 (pid: 401242) of binary: /ssd/scxi253/pretraining2/runtime/protrek-venv/bin/python
Traceback (most recent call last):
  File "<frozen runpy>", line 198, in _run_module_as_main
  File "<frozen runpy>", line 88, in _run_code
  File "/ssd/scxi253/pretraining2/runtime/venv/lib/python3.12/site-packages/torch/distributed/run.py", line 994, in <module>
    main()
  File "/ssd/scxi253/pretraining2/runtime/venv/lib/python3.12/site-packages/torch/distributed/elastic/multiprocessing/errors/__init__.py", line 362, in wrapper
    return f(*args, **kwargs)
           ^^^^^^^^^^^^^^^^^^
  File "/ssd/scxi253/pretraining2/runtime/venv/lib/python3.12/site-packages/torch/distributed/run.py", line 990, in main
    run(args)
  File "/ssd/scxi253/pretraining2/runtime/venv/lib/python3.12/site-packages/torch/distributed/run.py", line 981, in run
    elastic_launch(
  File "/ssd/scxi253/pretraining2/runtime/venv/lib/python3.12/site-packages/torch/distributed/launcher/api.py", line 170, in __call__
    return launch_agent(self._config, self._entrypoint, list(args))
           ^^^^^^^^^^^^^^^^^^^^^^^^^^^^^^^^^^^^^^^^^^^^^^^^^^^^^^^^
  File "/ssd/scxi253/pretraining2/runtime/venv/lib/python3.12/site-packages/torch/distributed/launcher/api.py", line 317, in launch_agent
    raise ChildFailedError(
torch.distributed.elastic.multiprocessing.errors.ChildFailedError: 
============================================================
/ssd/scxi253/pretrain500m-20260912-v1/source/cpt-v5/train_cpt.py FAILED
------------------------------------------------------------
Failures:
[1]:
  time      : 2026-09-14_09:54:10
  host      : wqd10nbj04g5
  rank      : 1 (local_rank: 1)
  exitcode  : -9 (pid: 401243)
  error_file: <N/A>
  traceback : Signal 9 (SIGKILL) received by PID 401243
[2]:
  time      : 2026-09-14_09:54:10
  host      : wqd10nbj04g5
  rank      : 2 (local_rank: 2)
  exitcode  : -9 (pid: 401244)
  error_file: <N/A>
  traceback : Signal 9 (SIGKILL) received by PID 401244
[3]:
  time      : 2026-09-14_09:54:10
  host      : wqd10nbj04g5
  rank      : 3 (local_rank: 3)
  exitcode  : -9 (pid: 401245)
  error_file: <N/A>
  traceback : Signal 9 (SIGKILL) received by PID 401245
------------------------------------------------------------
Root Cause (first observed failure):
[0]:
  time      : 2026-09-14_09:53:39
  host      : wqd10nbj04g5
  rank      : 0 (local_rank: 0)
  exitcode  : 1 (pid: 401242)
  error_file: <N/A>
  traceback : To enable traceback see: https://pytorch.org/docs/stable/elastic/errors.html
============================================================
srun: error: wqd10nbj04g5: task 0: Exited with exit code 1
srun: Terminating StepId=1588569.1
