[rank3]: Traceback (most recent call last):
[rank3]:   File "/ssd/scxi253/pretrain500m-20260912-v1/source/cpt-v7/train_cpt.py", line 437, in <module>
[rank3]:     if __name__=='__main__':main()
[rank3]:                             ^^^^^^
[rank3]:   File "/ssd/scxi253/pretrain500m-20260912-v1/source/cpt-v7/train_cpt.py", line 363, in main
[rank3]:     loss.backward();loss_sum+=loss.detach().float()
[rank3]:     ^^^^^^^^^^^^^^^
[rank3]:   File "/ssd/scxi253/pretraining2/runtime/venv/lib/python3.12/site-packages/torch/_tensor.py", line 631, in backward
[rank3]:     torch.autograd.backward(
[rank3]:   File "/ssd/scxi253/pretraining2/runtime/venv/lib/python3.12/site-packages/torch/autograd/__init__.py", line 381, in backward
[rank3]:     _engine_run_backward(
[rank3]:   File "/ssd/scxi253/pretraining2/runtime/venv/lib/python3.12/site-packages/torch/autograd/graph.py", line 869, in _engine_run_backward
[rank3]:     return Variable._execution_engine.run_backward(  # Calls into the C++ engine to run the backward pass
[rank3]:            ^^^^^^^^^^^^^^^^^^^^^^^^^^^^^^^^^^^^^^^^^^^^^^^^^^^^^^^^^^^^^^^^^^^^^^^^^^^^^^^^^^^^^^^^^^^^^^
[rank3]: RuntimeError: expect_autograd_hooks_ INTERNAL ASSERT FAILED at "/pytorch/torch/csrc/distributed/c10d/reducer.cpp":1705, please report a bug to PyTorch. 
[rank2]: Traceback (most recent call last):
[rank2]:   File "/ssd/scxi253/pretrain500m-20260912-v1/source/cpt-v7/train_cpt.py", line 437, in <module>
[rank2]:     if __name__=='__main__':main()
[rank2]:                             ^^^^^^
[rank2]:   File "/ssd/scxi253/pretrain500m-20260912-v1/source/cpt-v7/train_cpt.py", line 363, in main
[rank2]:     loss.backward();loss_sum+=loss.detach().float()
[rank2]:     ^^^^^^^^^^^^^^^
[rank2]:   File "/ssd/scxi253/pretraining2/runtime/venv/lib/python3.12/site-packages/torch/_tensor.py", line 631, in backward
[rank2]:     torch.autograd.backward(
[rank2]:   File "/ssd/scxi253/pretraining2/runtime/venv/lib/python3.12/site-packages/torch/autograd/__init__.py", line 381, in backward
[rank2]:     _engine_run_backward(
[rank2]:   File "/ssd/scxi253/pretraining2/runtime/venv/lib/python3.12/site-packages/torch/autograd/graph.py", line 869, in _engine_run_backward
[rank2]:     return Variable._execution_engine.run_backward(  # Calls into the C++ engine to run the backward pass
[rank2]:            ^^^^^^^^^^^^^^^^^^^^^^^^^^^^^^^^^^^^^^^^^^^^^^^^^^^^^^^^^^^^^^^^^^^^^^^^^^^^^^^^^^^^^^^^^^^^^^
[rank2]: RuntimeError: expect_autograd_hooks_ INTERNAL ASSERT FAILED at "/pytorch/torch/csrc/distributed/c10d/reducer.cpp":1705, please report a bug to PyTorch. 
[rank0]: Traceback (most recent call last):
[rank0]:   File "/ssd/scxi253/pretrain500m-20260912-v1/source/cpt-v7/train_cpt.py", line 437, in <module>
[rank0]:     if __name__=='__main__':main()
[rank0]:                             ^^^^^^
[rank0]:   File "/ssd/scxi253/pretrain500m-20260912-v1/source/cpt-v7/train_cpt.py", line 363, in main
[rank0]:     loss.backward();loss_sum+=loss.detach().float()
[rank0]:     ^^^^^^^^^^^^^^^
[rank0]:   File "/ssd/scxi253/pretraining2/runtime/venv/lib/python3.12/site-packages/torch/_tensor.py", line 631, in backward
[rank0]:     torch.autograd.backward(
[rank0]:   File "/ssd/scxi253/pretraining2/runtime/venv/lib/python3.12/site-packages/torch/autograd/__init__.py", line 381, in backward
[rank0]:     _engine_run_backward(
[rank0]:   File "/ssd/scxi253/pretraining2/runtime/venv/lib/python3.12/site-packages/torch/autograd/graph.py", line 869, in _engine_run_backward
[rank0]:     return Variable._execution_engine.run_backward(  # Calls into the C++ engine to run the backward pass
[rank0]:            ^^^^^^^^^^^^^^^^^^^^^^^^^^^^^^^^^^^^^^^^^^^^^^^^^^^^^^^^^^^^^^^^^^^^^^^^^^^^^^^^^^^^^^^^^^^^^^
[rank0]: RuntimeError: expect_autograd_hooks_ INTERNAL ASSERT FAILED at "/pytorch/torch/csrc/distributed/c10d/reducer.cpp":1705, please report a bug to PyTorch. 
[rank1]: Traceback (most recent call last):
[rank1]:   File "/ssd/scxi253/pretrain500m-20260912-v1/source/cpt-v7/train_cpt.py", line 437, in <module>
[rank1]:     if __name__=='__main__':main()
[rank1]:                             ^^^^^^
[rank1]:   File "/ssd/scxi253/pretrain500m-20260912-v1/source/cpt-v7/train_cpt.py", line 363, in main
[rank1]:     loss.backward();loss_sum+=loss.detach().float()
[rank1]:     ^^^^^^^^^^^^^^^
[rank1]:   File "/ssd/scxi253/pretraining2/runtime/venv/lib/python3.12/site-packages/torch/_tensor.py", line 631, in backward
[rank1]:     torch.autograd.backward(
[rank1]:   File "/ssd/scxi253/pretraining2/runtime/venv/lib/python3.12/site-packages/torch/autograd/__init__.py", line 381, in backward
[rank1]:     _engine_run_backward(
[rank1]:   File "/ssd/scxi253/pretraining2/runtime/venv/lib/python3.12/site-packages/torch/autograd/graph.py", line 869, in _engine_run_backward
[rank1]:     return Variable._execution_engine.run_backward(  # Calls into the C++ engine to run the backward pass
[rank1]:            ^^^^^^^^^^^^^^^^^^^^^^^^^^^^^^^^^^^^^^^^^^^^^^^^^^^^^^^^^^^^^^^^^^^^^^^^^^^^^^^^^^^^^^^^^^^^^^
[rank1]: RuntimeError: expect_autograd_hooks_ INTERNAL ASSERT FAILED at "/pytorch/torch/csrc/distributed/c10d/reducer.cpp":1705, please report a bug to PyTorch. 
[rank0]:[W914 10:02:00.830721074 ProcessGroupNCCL.cpp:1575] Warning: WARNING: destroy_process_group() was not called before program exit, which can leak resources. For more info, please see https://pytorch.org/docs/stable/distributed.html#shutdown (function operator())
W0914 10:02:01.119000 409734 torch/distributed/elastic/multiprocessing/api.py:1012] Sending process 409780 closing signal SIGTERM
W0914 10:02:01.126000 409734 torch/distributed/elastic/multiprocessing/api.py:1012] Sending process 409781 closing signal SIGTERM
W0914 10:02:01.126000 409734 torch/distributed/elastic/multiprocessing/api.py:1012] Sending process 409783 closing signal SIGTERM
E0914 10:02:01.492000 409734 torch/distributed/elastic/multiprocessing/api.py:986] failed (exitcode: 1) local_rank: 2 (pid: 409782) of binary: /ssd/scxi253/pretraining2/runtime/protrek-venv/bin/python
Traceback (most recent call last):
  File "<frozen runpy>", line 198, in _run_module_as_main
  File "<frozen runpy>", line 88, in _run_code
  File "/ssd/scxi253/pretraining2/runtime/venv/lib/python3.12/site-packages/torch/distributed/run.py", line 994, in <module>
    main()
  File "/ssd/scxi253/pretraining2/runtime/venv/lib/python3.12/site-packages/torch/distributed/elastic/multiprocessing/errors/__init__.py", line 362, in wrapper
    return f(*args, **kwargs)
           ^^^^^^^^^^^^^^^^^^
  File "/ssd/scxi253/pretraining2/runtime/venv/lib/python3.12/site-packages/torch/distributed/run.py", line 990, in main
    run(args)
  File "/ssd/scxi253/pretraining2/runtime/venv/lib/python3.12/site-packages/torch/distributed/run.py", line 981, in run
    elastic_launch(
  File "/ssd/scxi253/pretraining2/runtime/venv/lib/python3.12/site-packages/torch/distributed/launcher/api.py", line 170, in __call__
    return launch_agent(self._config, self._entrypoint, list(args))
           ^^^^^^^^^^^^^^^^^^^^^^^^^^^^^^^^^^^^^^^^^^^^^^^^^^^^^^^^
  File "/ssd/scxi253/pretraining2/runtime/venv/lib/python3.12/site-packages/torch/distributed/launcher/api.py", line 317, in launch_agent
    raise ChildFailedError(
torch.distributed.elastic.multiprocessing.errors.ChildFailedError: 
============================================================
/ssd/scxi253/pretrain500m-20260912-v1/source/cpt-v7/train_cpt.py FAILED
------------------------------------------------------------
Failures:
[1]:
  time      : 2026-09-14_10:02:01
  host      : wqd10nbj04g5
  rank      : 0 (local_rank: 0)
  exitcode  : 1 (pid: 409780)
  error_file: <N/A>
  traceback : To enable traceback see: https://pytorch.org/docs/stable/elastic/errors.html
[2]:
  time      : 2026-09-14_10:02:01
  host      : wqd10nbj04g5
  rank      : 1 (local_rank: 1)
  exitcode  : -15 (pid: 409781)
  error_file: <N/A>
  traceback : Signal 15 (SIGTERM) received by PID 409781
[3]:
  time      : 2026-09-14_10:02:01
  host      : wqd10nbj04g5
  rank      : 3 (local_rank: 3)
  exitcode  : -15 (pid: 409783)
  error_file: <N/A>
  traceback : Signal 15 (SIGTERM) received by PID 409783
------------------------------------------------------------
Root Cause (first observed failure):
[0]:
  time      : 2026-09-14_10:02:01
  host      : wqd10nbj04g5
  rank      : 2 (local_rank: 2)
  exitcode  : 1 (pid: 409782)
  error_file: <N/A>
  traceback : To enable traceback see: https://pytorch.org/docs/stable/elastic/errors.html
============================================================
srun: error: wqd10nbj04g5: task 0: Exited with exit code 1
srun: Terminating StepId=1588605.0
