README.md: OK
build_inputs.py: OK
run.sbatch: OK
submit.py: OK
test_build_inputs.py: OK
README.md: OK
mixture.py: OK
resume.py: OK
test_v2.py: OK
train_cpt.py: OK
{"step": 1, "prediction_tokens": 2097152, "loss": 3.0462560653686523, "lr": 1.875e-06, "grad_norm": 0.5616458058357239, "step_seconds": 54.985071551054716, "tokens_per_second": 38140.38866990931, "mfu": 0.18159808927068852, "elapsed_seconds": 95.27456068620086, "unix": 1789434863.177317, "ddp_buckets_rebuilt": false}
{"step": 2, "prediction_tokens": 4194304, "loss": 3.0009937286376953, "lr": 3.75e-06, "grad_norm": 0.488579124212265, "step_seconds": 13.044405814260244, "tokens_per_second": 160770.22057282037, "mfu": 0.7654763332468351, "elapsed_seconds": 108.33228717371821, "unix": 1789434876.2350252, "ddp_buckets_rebuilt": false}
{"step": 3, "prediction_tokens": 6291456, "loss": 3.0380547046661377, "lr": 5.625e-06, "grad_norm": 0.4780616760253906, "step_seconds": 13.047588679939508, "tokens_per_second": 160731.00183057907, "mfu": 0.7652896007854472, "elapsed_seconds": 121.38972286134958, "unix": 1789434889.2924612, "ddp_buckets_rebuilt": false}
{"step": 4, "prediction_tokens": 8388608, "loss": 3.0044031143188477, "lr": 7.5e-06, "grad_norm": 0.43048372864723206, "step_seconds": 13.053986802697182, "tokens_per_second": 160652.22308687272, "mfu": 0.7649145110228328, "elapsed_seconds": 134.4544643945992, "unix": 1789434902.3572063, "ddp_buckets_rebuilt": false}
{"step": 5, "prediction_tokens": 10485760, "loss": 3.04658842086792, "lr": 9.375000000000001e-06, "grad_norm": 0.3893188238143921, "step_seconds": 13.058194886893034, "tokens_per_second": 160600.45191276664, "mfu": 0.7646680125831254, "elapsed_seconds": 147.5250910781324, "unix": 1789434915.4278305, "ddp_buckets_rebuilt": false}
{"step": 6, "prediction_tokens": 12582912, "loss": 2.9969098567962646, "lr": 1.125e-05, "grad_norm": 0.44219544529914856, "step_seconds": 13.06194768473506, "tokens_per_second": 160554.31017005618, "mfu": 0.76444831759301, "elapsed_seconds": 160.59643230587244, "unix": 1789434928.4991739, "ddp_buckets_rebuilt": false}
{"step": 7, "prediction_tokens": 14680064, "loss": 2.9674344062805176, "lr": 1.3125e-05, "grad_norm": 0.3334367275238037, "step_seconds": 13.073831107467413, "tokens_per_second": 160408.37477257638, "mfu": 0.763753474402799, "elapsed_seconds": 173.6822440698743, "unix": 1789434941.5849786, "ddp_buckets_rebuilt": false}
{"step": 8, "prediction_tokens": 16777216, "loss": 2.9593734741210938, "lr": 1.5e-05, "grad_norm": 0.3560277819633484, "step_seconds": 13.078311890363693, "tokens_per_second": 160353.41698382454, "mfu": 0.7634918035133318, "elapsed_seconds": 186.7711922377348, "unix": 1789434954.6739316, "ddp_buckets_rebuilt": false}
{"step": 9, "prediction_tokens": 18874368, "loss": 3.021967887878418, "lr": 1.6875e-05, "grad_norm": 0.3749487102031708, "step_seconds": 13.07881273701787, "tokens_per_second": 160347.27632916445, "mfu": 0.7634625659729701, "elapsed_seconds": 199.86108664795756, "unix": 1789434967.7638304, "ddp_buckets_rebuilt": false}
{"step": 10, "prediction_tokens": 20971520, "loss": 2.9620490074157715, "lr": 1.8750000000000002e-05, "grad_norm": 0.32354867458343506, "step_seconds": 13.079216968268156, "tokens_per_second": 160342.32057530337, "mfu": 0.7634389701087576, "elapsed_seconds": 212.95430655404925, "unix": 1789434980.8570433, "ddp_buckets_rebuilt": false}
{"step": 11, "prediction_tokens": 23068672, "loss": 2.937925338745117, "lr": 2.0625e-05, "grad_norm": 0.3491695821285248, "step_seconds": 13.09179275482893, "tokens_per_second": 160188.2980637974, "mfu": 0.762705621688105, "elapsed_seconds": 226.05866606533527, "unix": 1789434993.961402, "ddp_buckets_rebuilt": false}
{"step": 12, "prediction_tokens": 25165824, "loss": 2.8765039443969727, "lr": 2.25e-05, "grad_norm": 0.31393536925315857, "step_seconds": 13.09902674332261, "tokens_per_second": 160099.83345282113, "mfu": 0.7622844145404695, "elapsed_seconds": 239.1694140844047, "unix": 1789435007.0721545, "ddp_buckets_rebuilt": false}
{"step": 13, "prediction_tokens": 27262976, "loss": 2.8919734954833984, "lr": 2.4375e-05, "grad_norm": 0.28169628977775574, "step_seconds": 13.115402691066265, "tokens_per_second": 159899.93211786807, "mfu": 0.7613326229689593, "elapsed_seconds": 252.29735253751278, "unix": 1789435020.2000897, "ddp_buckets_rebuilt": false}
{"step": 14, "prediction_tokens": 29360128, "loss": 2.8320071697235107, "lr": 2.625e-05, "grad_norm": 0.20357371866703033, "step_seconds": 13.107931230217218, "tokens_per_second": 159991.07434783567, "mfu": 0.7617665790819196, "elapsed_seconds": 265.4184851460159, "unix": 1789435033.321221, "ddp_buckets_rebuilt": false}
{"step": 15, "prediction_tokens": 31457280, "loss": 2.894808053970337, "lr": 2.8125e-05, "grad_norm": 0.2749219238758087, "step_seconds": 13.118725001811981, "tokens_per_second": 159859.43753759132, "mfu": 0.7611398158513467, "elapsed_seconds": 278.5514420866966, "unix": 1789435046.454195, "ddp_buckets_rebuilt": false}
{"step": 16, "prediction_tokens": 33554432, "loss": 2.887080669403076, "lr": 3e-05, "grad_norm": 0.22539232671260834, "step_seconds": 13.11359104514122, "tokens_per_second": 159922.02233399873, "mfu": 0.7614378012636963, "elapsed_seconds": 291.67466431856155, "unix": 1789435059.5773995, "ddp_buckets_rebuilt": false}
{"step": 17, "prediction_tokens": 35651584, "loss": 2.8795533180236816, "lr": 3.1875e-05, "grad_norm": 0.20740041136741638, "step_seconds": 13.114655017852783, "tokens_per_second": 159909.04809506453, "mfu": 0.7613760269325381, "elapsed_seconds": 304.80201518535614, "unix": 1789435072.7047575, "ddp_buckets_rebuilt": false}
{"step": 18, "prediction_tokens": 37748736, "loss": 2.9295945167541504, "lr": 3.375e-05, "grad_norm": 0.1738397777080536, "step_seconds": 13.116347916424274, "tokens_per_second": 159888.4089811272, "mfu": 0.7612777577804408, "elapsed_seconds": 317.9297541230917, "unix": 1789435085.832491, "ddp_buckets_rebuilt": false}
{"step": 19, "prediction_tokens": 39845888, "loss": 2.8632779121398926, "lr": 3.5625e-05, "grad_norm": 0.15246988832950592, "step_seconds": 13.118208207190037, "tokens_per_second": 159865.7352343714, "mfu": 0.761169801117411, "elapsed_seconds": 331.05926441401243, "unix": 1789435098.9620001, "ddp_buckets_rebuilt": false}
{"step": 20, "prediction_tokens": 41943040, "loss": 2.853994846343994, "lr": 3.7500000000000003e-05, "grad_norm": 0.14215882122516632, "step_seconds": 13.115866973996162, "tokens_per_second": 159894.27188899252, "mfu": 0.761305672883119, "elapsed_seconds": 344.18758776783943, "unix": 1789435112.0903237, "ddp_buckets_rebuilt": false}
{"step": 21, "prediction_tokens": 44040192, "loss": 2.8564488887786865, "lr": 3.9375e-05, "grad_norm": 0.14638051390647888, "step_seconds": 13.11878827959299, "tokens_per_second": 159858.66646405426, "mfu": 0.7611361445337249, "elapsed_seconds": 357.3189969025552, "unix": 1789435125.2217333, "ddp_buckets_rebuilt": false}
{"step": 22, "prediction_tokens": 46137344, "loss": 2.917856216430664, "lr": 4.125e-05, "grad_norm": 0.14462578296661377, "step_seconds": 13.116386946290731, "tokens_per_second": 159887.9332080903, "mfu": 0.7612754924790781, "elapsed_seconds": 370.4453998915851, "unix": 1789435138.3481429, "ddp_buckets_rebuilt": false}
{"step": 23, "prediction_tokens": 48234496, "loss": 2.786027193069458, "lr": 4.3125e-05, "grad_norm": 0.14063838124275208, "step_seconds": 13.117009494453669, "tokens_per_second": 159880.34474525228, "mfu": 0.7612393614798947, "elapsed_seconds": 383.57489221543074, "unix": 1789435151.4776297, "ddp_buckets_rebuilt": false}
{"step": 24, "prediction_tokens": 50331648, "loss": 2.848043441772461, "lr": 4.5e-05, "grad_norm": 0.11198627203702927, "step_seconds": 13.119036953896284, "tokens_per_second": 159855.63630698953, "mfu": 0.7611217170264988, "elapsed_seconds": 396.70409744232893, "unix": 1789435164.6068332, "ddp_buckets_rebuilt": false}
{"step": 25, "prediction_tokens": 52428800, "loss": 2.856508255004883, "lr": 4.6875e-05, "grad_norm": 0.12648041546344757, "step_seconds": 13.124529458582401, "tokens_per_second": 159788.7380738537, "mfu": 0.7608031940188232, "elapsed_seconds": 409.84239476546645, "unix": 1789435177.7451308, "ddp_buckets_rebuilt": false}
{"step": 26, "prediction_tokens": 54525952, "loss": 2.809140205383301, "lr": 4.875e-05, "grad_norm": 0.12418285012245178, "step_seconds": 13.124477706849575, "tokens_per_second": 159789.3681441899, "mfu": 0.7608061939769557, "elapsed_seconds": 422.97906209528446, "unix": 1789435190.881801, "ddp_buckets_rebuilt": false}
{"step": 27, "prediction_tokens": 56623104, "loss": 2.8314437866210938, "lr": 5.0625000000000004e-05, "grad_norm": 0.11881176382303238, "step_seconds": 13.116223521530628, "tokens_per_second": 159889.92537047493, "mfu": 0.761284977775248, "elapsed_seconds": 436.1197235248983, "unix": 1789435204.0224638, "ddp_buckets_rebuilt": false}
{"step": 28, "prediction_tokens": 58720256, "loss": 2.8029258251190186, "lr": 5.25e-05, "grad_norm": 0.11212188005447388, "step_seconds": 13.119847845286131, "tokens_per_second": 159845.7561955257, "mfu": 0.7610746747852898, "elapsed_seconds": 449.25135711207986, "unix": 1789435217.154093, "ddp_buckets_rebuilt": false}
{"step": 29, "prediction_tokens": 60817408, "loss": 2.821089744567871, "lr": 5.4375e-05, "grad_norm": 0.10345327854156494, "step_seconds": 13.118692766875029, "tokens_per_second": 159859.8303403638, "mfu": 0.761141686105831, "elapsed_seconds": 462.38270069658756, "unix": 1789435230.2854357, "ddp_buckets_rebuilt": false}
{"step": 30, "prediction_tokens": 62914560, "loss": 2.7854833602905273, "lr": 5.625e-05, "grad_norm": 0.10710345953702927, "step_seconds": 13.106535252183676, "tokens_per_second": 160008.11500892992, "mfu": 0.7618477148962766, "elapsed_seconds": 475.50695042684674, "unix": 1789435243.4096904, "ddp_buckets_rebuilt": false}
{"step": 31, "prediction_tokens": 65011712, "loss": 2.732447385787964, "lr": 5.8125e-05, "grad_norm": 0.1298702359199524, "step_seconds": 13.249995961785316, "tokens_per_second": 158275.67087933118, "mfu": 0.7535990170021316, "elapsed_seconds": 488.7685474678874, "unix": 1789435256.6712868, "ddp_buckets_rebuilt": false}
{"step": 32, "prediction_tokens": 67108864, "loss": 2.798830032348633, "lr": 6e-05, "grad_norm": 0.11055076122283936, "step_seconds": 13.085731450468302, "tokens_per_second": 160262.49720453715, "mfu": 0.7630589065562924, "elapsed_seconds": 501.86589381471276, "unix": 1789435269.7686312, "ddp_buckets_rebuilt": false}
{"step": 33, "prediction_tokens": 69206016, "loss": 2.7958407402038574, "lr": 6e-05, "grad_norm": 0.1180010512471199, "step_seconds": 13.091165117919445, "tokens_per_second": 160195.97805923148, "mfu": 0.762742188502054, "elapsed_seconds": 514.9701197035611, "unix": 1789435282.8728545, "ddp_buckets_rebuilt": false}
{"step": 34, "prediction_tokens": 71303168, "loss": 2.837374448776245, "lr": 6e-05, "grad_norm": 0.11311641335487366, "step_seconds": 13.085984487086535, "tokens_per_second": 160259.39829513815, "mfu": 0.7630441516981142, "elapsed_seconds": 528.0664668306708, "unix": 1789435295.969203, "ddp_buckets_rebuilt": false}
{"step": 35, "prediction_tokens": 73400320, "loss": 2.8420066833496094, "lr": 6e-05, "grad_norm": 0.10110533237457275, "step_seconds": 13.08518547937274, "tokens_per_second": 160269.1840559627, "mfu": 0.7630907447069895, "elapsed_seconds": 541.1657996475697, "unix": 1789435309.0685418, "ddp_buckets_rebuilt": false}
{"step": 36, "prediction_tokens": 75497472, "loss": 2.8170974254608154, "lr": 6e-05, "grad_norm": 0.08347044885158539, "step_seconds": 13.087340656667948, "tokens_per_second": 160242.79148961476, "mfu": 0.7629650816032068, "elapsed_seconds": 554.2675885185599, "unix": 1789435322.170325, "ddp_buckets_rebuilt": false}
{"step": 37, "prediction_tokens": 77594624, "loss": 2.788684844970703, "lr": 6e-05, "grad_norm": 0.09234941750764847, "step_seconds": 13.086854577064514, "tokens_per_second": 160248.74332105613, "mfu": 0.7629934200983063, "elapsed_seconds": 567.365967374295, "unix": 1789435335.268703, "ddp_buckets_rebuilt": false}
{"step": 38, "prediction_tokens": 79691776, "loss": 2.795207977294922, "lr": 6e-05, "grad_norm": 0.09980888664722443, "step_seconds": 13.094464048743248, "tokens_per_second": 160155.61936658842, "mfu": 0.762550028387146, "elapsed_seconds": 580.47507243976, "unix": 1789435348.3778074, "ddp_buckets_rebuilt": false}
{"step": 39, "prediction_tokens": 81788928, "loss": 2.7990922927856445, "lr": 6e-05, "grad_norm": 0.08570556342601776, "step_seconds": 13.098788496106863, "tokens_per_second": 160102.74542743413, "mfu": 0.7622982793447927, "elapsed_seconds": 593.5876652225852, "unix": 1789435361.4904013, "ddp_buckets_rebuilt": false}
{"step": 40, "prediction_tokens": 83886080, "loss": 2.7913928031921387, "lr": 6e-05, "grad_norm": 0.10920946300029755, "step_seconds": 13.10109392926097, "tokens_per_second": 160074.57173603366, "mfu": 0.76216413575831, "elapsed_seconds": 606.6997415758669, "unix": 1789435374.6024814, "ddp_buckets_rebuilt": false}
{"step": 41, "prediction_tokens": 85983232, "loss": 2.791154384613037, "lr": 6e-05, "grad_norm": 0.08915885537862778, "step_seconds": 13.105797987431288, "tokens_per_second": 160017.1162420792, "mfu": 0.7618905725282513, "elapsed_seconds": 619.8195072077215, "unix": 1789435387.7222466, "ddp_buckets_rebuilt": false}
{"step": 42, "prediction_tokens": 88080384, "loss": 2.7935280799865723, "lr": 6e-05, "grad_norm": 0.0914398729801178, "step_seconds": 13.1071482822299, "tokens_per_second": 160000.63132292684, "mfu": 0.7618120827717425, "elapsed_seconds": 632.9396893121302, "unix": 1789435400.842424, "ddp_buckets_rebuilt": false}
{"step": 43, "prediction_tokens": 90177536, "loss": 2.7537224292755127, "lr": 6e-05, "grad_norm": 0.08428622782230377, "step_seconds": 13.113581296056509, "tokens_per_second": 159922.14122549814, "mfu": 0.7614383673425926, "elapsed_seconds": 646.0691474154592, "unix": 1789435413.9718823, "ddp_buckets_rebuilt": false}
{"step": 44, "prediction_tokens": 92274688, "loss": 2.754514217376709, "lr": 6e-05, "grad_norm": 0.09797284007072449, "step_seconds": 13.107207242399454, "tokens_per_second": 159999.91159185237, "mfu": 0.7618086559113337, "elapsed_seconds": 659.1877566576004, "unix": 1789435427.0904942, "ddp_buckets_rebuilt": false}
{"step": 45, "prediction_tokens": 94371840, "loss": 2.728872537612915, "lr": 6e-05, "grad_norm": 0.09301994740962982, "step_seconds": 13.104820650070906, "tokens_per_second": 160029.0500723986, "mfu": 0.7619473931548695, "elapsed_seconds": 672.3048652820289, "unix": 1789435440.2076056, "ddp_buckets_rebuilt": false}
{"step": 46, "prediction_tokens": 96468992, "loss": 2.7681384086608887, "lr": 6e-05, "grad_norm": 0.1025780439376831, "step_seconds": 13.100127823650837, "tokens_per_second": 160086.37688357692, "mfu": 0.76222034368676, "elapsed_seconds": 685.4204432331026, "unix": 1789435453.3231812, "ddp_buckets_rebuilt": false}
{"step": 47, "prediction_tokens": 98566144, "loss": 2.7613484859466553, "lr": 6e-05, "grad_norm": 0.09176584333181381, "step_seconds": 13.097454935312271, "tokens_per_second": 160119.04681922842, "mfu": 0.7623758952712563, "elapsed_seconds": 698.5291254632175, "unix": 1789435466.4318607, "ddp_buckets_rebuilt": false}
{"step": 48, "prediction_tokens": 100663296, "loss": 2.873462438583374, "lr": 6e-05, "grad_norm": 0.11234595626592636, "step_seconds": 13.093349553644657, "tokens_per_second": 160169.25168061658, "mfu": 0.7626149360156781, "elapsed_seconds": 711.6328389681876, "unix": 1789435479.535573, "ddp_buckets_rebuilt": false}
{"step": 49, "prediction_tokens": 102760448, "loss": 2.7604360580444336, "lr": 6e-05, "grad_norm": 0.0869806632399559, "step_seconds": 13.08865588158369, "tokens_per_second": 160226.6893540065, "mfu": 0.7628884143965629, "elapsed_seconds": 724.7346185855567, "unix": 1789435492.6373563, "ddp_buckets_rebuilt": false}
{"step": 50, "prediction_tokens": 104857600, "loss": 2.717538595199585, "lr": 6e-05, "grad_norm": 0.084163136780262, "step_seconds": 13.084578897804022, "tokens_per_second": 160276.61389637567, "mfu": 0.7631261204561527, "elapsed_seconds": 737.8329905979335, "unix": 1789435505.7357304, "ddp_buckets_rebuilt": false}
{"step": 51, "prediction_tokens": 106954752, "loss": 2.7473254203796387, "lr": 6e-05, "grad_norm": 0.07907916605472565, "step_seconds": 13.088169559836388, "tokens_per_second": 160232.64295379558, "mfu": 0.7629167613113081, "elapsed_seconds": 750.9314589500427, "unix": 1789435518.8341951, "ddp_buckets_rebuilt": false}
{"step": 52, "prediction_tokens": 109051904, "loss": 2.7390482425689697, "lr": 6e-05, "grad_norm": 0.07571213692426682, "step_seconds": 13.079047463834286, "tokens_per_second": 160344.39861151736, "mfu": 0.7634488642765691, "elapsed_seconds": 764.0220480151474, "unix": 1789435531.9247835, "ddp_buckets_rebuilt": false}
{"step": 53, "prediction_tokens": 111149056, "loss": 2.7492384910583496, "lr": 6e-05, "grad_norm": 0.0772443637251854, "step_seconds": 13.0803567096591, "tokens_per_second": 160328.34933709205, "mfu": 0.7633724487582314, "elapsed_seconds": 777.1156946308911, "unix": 1789435545.018432, "ddp_buckets_rebuilt": false}
{"step": 54, "prediction_tokens": 113246208, "loss": 2.763258695602417, "lr": 6e-05, "grad_norm": 0.07941833138465881, "step_seconds": 13.079920709133148, "tokens_per_second": 160333.69365424736, "mfu": 0.7633978946914718, "elapsed_seconds": 790.2126971706748, "unix": 1789435558.1154363, "ddp_buckets_rebuilt": false}
{"step": 55, "prediction_tokens": 115343360, "loss": 2.726306676864624, "lr": 6e-05, "grad_norm": 0.07237254083156586, "step_seconds": 13.08458524569869, "tokens_per_second": 160276.5361393017, "mfu": 0.7631257502308733, "elapsed_seconds": 803.3137990757823, "unix": 1789435571.2165418, "ddp_buckets_rebuilt": false}
{"step": 56, "prediction_tokens": 117440512, "loss": 2.8104186058044434, "lr": 6e-05, "grad_norm": 0.073769211769104, "step_seconds": 13.089763641357422, "tokens_per_second": 160213.1296988433, "mfu": 0.7628238527191735, "elapsed_seconds": 816.4178346805274, "unix": 1789435584.3205705, "ddp_buckets_rebuilt": false}
{"step": 57, "prediction_tokens": 119537664, "loss": 2.7027313709259033, "lr": 6e-05, "grad_norm": 0.0782371461391449, "step_seconds": 13.087044831365347, "tokens_per_second": 160246.41368797145, "mfu": 0.7629823280006209, "elapsed_seconds": 829.5194184593856, "unix": 1789435597.4221537, "ddp_buckets_rebuilt": false}
{"step": 58, "prediction_tokens": 121634816, "loss": 2.7527716159820557, "lr": 6e-05, "grad_norm": 0.07747497409582138, "step_seconds": 13.090742096304893, "tokens_per_second": 160201.15472231022, "mfu": 0.7627668361828113, "elapsed_seconds": 842.6202676855028, "unix": 1789435610.5230057, "ddp_buckets_rebuilt": false}
{"step": 59, "prediction_tokens": 123731968, "loss": 2.7448010444641113, "lr": 6e-05, "grad_norm": 0.07953129708766937, "step_seconds": 13.095705524086952, "tokens_per_second": 160140.43658378732, "mfu": 0.7624777385012104, "elapsed_seconds": 855.7269278950989, "unix": 1789435623.6296747, "ddp_buckets_rebuilt": false}
{"step": 60, "prediction_tokens": 125829120, "loss": 2.7444019317626953, "lr": 6e-05, "grad_norm": 0.07785037159919739, "step_seconds": 13.095406629145145, "tokens_per_second": 160144.09169491363, "mfu": 0.7624951416064161, "elapsed_seconds": 868.836444798857, "unix": 1789435636.7391806, "ddp_buckets_rebuilt": false}
{"step": 61, "prediction_tokens": 127926272, "loss": 2.7230052947998047, "lr": 6e-05, "grad_norm": 0.07348467409610748, "step_seconds": 13.09723586589098, "tokens_per_second": 160121.72503219516, "mfu": 0.76238864706468, "elapsed_seconds": 881.949982509017, "unix": 1789435649.852718, "ddp_buckets_rebuilt": false}
{"step": 62, "prediction_tokens": 130023424, "loss": 2.746701717376709, "lr": 6e-05, "grad_norm": 0.07432087510824203, "step_seconds": 13.256862673908472, "tokens_per_second": 158193.68817386296, "mfu": 0.7532086721948167, "elapsed_seconds": 895.2222730256617, "unix": 1789435663.1250088, "ddp_buckets_rebuilt": false}
{"step": 63, "prediction_tokens": 132120576, "loss": 2.726764678955078, "lr": 6e-05, "grad_norm": 0.07253170758485794, "step_seconds": 13.11242837458849, "tokens_per_second": 159936.20251640194, "mfu": 0.7615053174616098, "elapsed_seconds": 908.3473113402724, "unix": 1789435676.2500527, "ddp_buckets_rebuilt": false}
{"step": 64, "prediction_tokens": 134217728, "loss": 2.690225601196289, "lr": 6e-05, "grad_norm": 0.08055264502763748, "step_seconds": 13.109146066009998, "tokens_per_second": 159976.24783795743, "mfu": 0.7616959855206493, "elapsed_seconds": 921.4690979272127, "unix": 1789435689.3718333, "ddp_buckets_rebuilt": false}
{"step": 65, "prediction_tokens": 136314880, "loss": 2.7182741165161133, "lr": 6e-05, "grad_norm": 0.0786602571606636, "step_seconds": 13.113985523581505, "tokens_per_second": 159917.211760598, "mfu": 0.7614148966481867, "elapsed_seconds": 934.5933016836643, "unix": 1789435702.4960365, "ddp_buckets_rebuilt": false}
{"step": 66, "prediction_tokens": 138412032, "loss": 2.723050594329834, "lr": 6e-05, "grad_norm": 0.08282175660133362, "step_seconds": 13.114825744181871, "tokens_per_second": 159906.966429223, "mfu": 0.7613661154829566, "elapsed_seconds": 947.721149880439, "unix": 1789435715.623885, "ddp_buckets_rebuilt": false}
{"step": 67, "prediction_tokens": 140509184, "loss": 2.711542844772339, "lr": 6e-05, "grad_norm": 0.08534368872642517, "step_seconds": 13.11198466643691, "tokens_per_second": 159941.61474030203, "mfu": 0.761531086719691, "elapsed_seconds": 960.8470747061074, "unix": 1789435728.7498128, "ddp_buckets_rebuilt": false}
{"step": 68, "prediction_tokens": 142606336, "loss": 2.7067840099334717, "lr": 6e-05, "grad_norm": 0.0773586705327034, "step_seconds": 13.119006134569645, "tokens_per_second": 159856.0118417686, "mfu": 0.7611235050627698, "elapsed_seconds": 973.9790693558753, "unix": 1789435741.8818126, "ddp_buckets_rebuilt": false}
{"step": 69, "prediction_tokens": 144703488, "loss": 2.656740427017212, "lr": 6e-05, "grad_norm": 0.08823882788419724, "step_seconds": 13.118309915065765, "tokens_per_second": 159864.49577559676, "mfu": 0.7611638996740053, "elapsed_seconds": 987.1090703345835, "unix": 1789435755.0118058, "ddp_buckets_rebuilt": false}
{"step": 70, "prediction_tokens": 146800640, "loss": 2.711854934692383, "lr": 6e-05, "grad_norm": 0.07235357165336609, "step_seconds": 13.116181280463934, "tokens_per_second": 159890.4403009152, "mfu": 0.7612874295170187, "elapsed_seconds": 1000.2377773635089, "unix": 1789435768.1405125, "ddp_buckets_rebuilt": false}
{"step": 71, "prediction_tokens": 148897792, "loss": 2.74792742729187, "lr": 6e-05, "grad_norm": 0.07746767997741699, "step_seconds": 13.117106229066849, "tokens_per_second": 159879.1656770162, "mfu": 0.7612337475743668, "elapsed_seconds": 1013.3658447228372, "unix": 1789435781.268579, "ddp_buckets_rebuilt": false}
{"step": 72, "prediction_tokens": 150994944, "loss": 2.7076306343078613, "lr": 6e-05, "grad_norm": 0.07617803663015366, "step_seconds": 13.119526520371437, "tokens_per_second": 159849.67115571073, "mfu": 0.7610933151115677, "elapsed_seconds": 1026.5004683583975, "unix": 1789435794.40321, "ddp_buckets_rebuilt": false}
{"step": 73, "prediction_tokens": 153092096, "loss": 2.741279125213623, "lr": 6e-05, "grad_norm": 0.07725687325000763, "step_seconds": 13.114532392472029, "tokens_per_second": 159910.5432995691, "mfu": 0.7613831460598091, "elapsed_seconds": 1039.6310732625425, "unix": 1789435807.5338094, "ddp_buckets_rebuilt": false}
{"step": 74, "prediction_tokens": 155189248, "loss": 2.701270580291748, "lr": 6e-05, "grad_norm": 0.07679513841867447, "step_seconds": 13.116765633225441, "tokens_per_second": 159883.31717140743, "mfu": 0.7612535141125525, "elapsed_seconds": 1052.7659942284226, "unix": 1789435820.6687293, "ddp_buckets_rebuilt": false}
{"step": 75, "prediction_tokens": 157286400, "loss": 2.705559730529785, "lr": 6e-05, "grad_norm": 0.08294782042503357, "step_seconds": 13.116520684212446, "tokens_per_second": 159886.30296784526, "mfu": 0.7612677304052273, "elapsed_seconds": 1065.89465688169, "unix": 1789435833.7973921, "ddp_buckets_rebuilt": false}
{"step": 76, "prediction_tokens": 159383552, "loss": 2.6827785968780518, "lr": 6e-05, "grad_norm": 0.07441813498735428, "step_seconds": 13.116390649229288, "tokens_per_second": 159887.88806951456, "mfu": 0.7612752775604736, "elapsed_seconds": 1079.023139551282, "unix": 1789435846.9258764, "ddp_buckets_rebuilt": false}
{"step": 77, "prediction_tokens": 161480704, "loss": 2.6656713485717773, "lr": 6e-05, "grad_norm": 0.07685066014528275, "step_seconds": 13.113001983612776, "tokens_per_second": 159929.20634197994, "mfu": 0.7614720065292477, "elapsed_seconds": 1092.149937570095, "unix": 1789435860.0526807, "ddp_buckets_rebuilt": false}
{"step": 78, "prediction_tokens": 163577856, "loss": 2.7193589210510254, "lr": 6e-05, "grad_norm": 0.07403484731912613, "step_seconds": 13.115099046379328, "tokens_per_second": 159903.6341688139, "mfu": 0.7613502495690437, "elapsed_seconds": 1105.2803068123758, "unix": 1789435873.1830418, "ddp_buckets_rebuilt": false}
{"step": 79, "prediction_tokens": 165675008, "loss": 2.6622567176818848, "lr": 6e-05, "grad_norm": 0.07909141480922699, "step_seconds": 13.11166262626648, "tokens_per_second": 159945.54312271532, "mfu": 0.7615497909533148, "elapsed_seconds": 1118.4074027240276, "unix": 1789435886.3101377, "ddp_buckets_rebuilt": false}
{"step": 80, "prediction_tokens": 167772160, "loss": 2.6852169036865234, "lr": 6e-05, "grad_norm": 0.10917874425649643, "step_seconds": 13.114525727927685, "tokens_per_second": 159910.62456296582, "mfu": 0.7613835329797667, "elapsed_seconds": 1131.537112671882, "unix": 1789435899.4398484, "ddp_buckets_rebuilt": false}
{"step": 81, "prediction_tokens": 169869312, "loss": 2.698831081390381, "lr": 6e-05, "grad_norm": 0.07830728590488434, "step_seconds": 13.116705659776926, "tokens_per_second": 159884.048205109, "mfu": 0.7612569947882358, "elapsed_seconds": 1144.6672578454018, "unix": 1789435912.5699987, "ddp_buckets_rebuilt": false}
{"step": 82, "prediction_tokens": 171966464, "loss": 2.7237801551818848, "lr": 6e-05, "grad_norm": 0.06945288926362991, "step_seconds": 13.11624288186431, "tokens_per_second": 159889.6893636904, "mfu": 0.7612838540745563, "elapsed_seconds": 1157.7966384515166, "unix": 1789435925.6993768, "ddp_buckets_rebuilt": false}
{"step": 83, "prediction_tokens": 174063616, "loss": 2.7235519886016846, "lr": 6e-05, "grad_norm": 0.07599140703678131, "step_seconds": 13.117583144456148, "tokens_per_second": 159873.35295727203, "mfu": 0.7612060714327274, "elapsed_seconds": 1170.9260915517807, "unix": 1789435938.8288276, "ddp_buckets_rebuilt": false}
{"step": 84, "prediction_tokens": 176160768, "loss": 2.693370819091797, "lr": 6e-05, "grad_norm": 0.06616252660751343, "step_seconds": 13.118871543556452, "tokens_per_second": 159857.65185954966, "mfu": 0.7611313136904687, "elapsed_seconds": 1184.0562981702387, "unix": 1789435951.959033, "ddp_buckets_rebuilt": false}
{"step": 85, "prediction_tokens": 178257920, "loss": 2.690309524536133, "lr": 6e-05, "grad_norm": 0.07092739641666412, "step_seconds": 13.113763224333525, "tokens_per_second": 159919.92261295253, "mfu": 0.7614278038477473, "elapsed_seconds": 1197.1862073913217, "unix": 1789435965.0889416, "ddp_buckets_rebuilt": false}
{"step": 86, "prediction_tokens": 180355072, "loss": 2.7130279541015625, "lr": 6e-05, "grad_norm": 0.06644473224878311, "step_seconds": 13.117602862417698, "tokens_per_second": 159873.1126407554, "mfu": 0.7612049272120793, "elapsed_seconds": 1210.3148730099201, "unix": 1789435978.217615, "ddp_buckets_rebuilt": false}
{"step": 87, "prediction_tokens": 182452224, "loss": 2.692763328552246, "lr": 6e-05, "grad_norm": 0.07132679224014282, "step_seconds": 13.113017491996288, "tokens_per_second": 159929.01719836993, "mfu": 0.7614711059585044, "elapsed_seconds": 1223.437521982938, "unix": 1789435991.3402596, "ddp_buckets_rebuilt": false}
{"step": 88, "prediction_tokens": 184549376, "loss": 2.5823166370391846, "lr": 6e-05, "grad_norm": 0.07670684158802032, "step_seconds": 13.118339817970991, "tokens_per_second": 159864.13136874858, "mfu": 0.7611621646212265, "elapsed_seconds": 1236.5660114176571, "unix": 1789436004.4687464, "ddp_buckets_rebuilt": false}
{"step": 89, "prediction_tokens": 186646528, "loss": 2.6143805980682373, "lr": 6e-05, "grad_norm": 0.08343779295682907, "step_seconds": 13.117771405726671, "tokens_per_second": 159871.0585156615, "mfu": 0.7611951468924449, "elapsed_seconds": 1249.6941583119333, "unix": 1789436017.5968938, "ddp_buckets_rebuilt": false}
{"step": 90, "prediction_tokens": 188743680, "loss": 2.7158150672912598, "lr": 6e-05, "grad_norm": 0.06881702691316605, "step_seconds": 13.116311453282833, "tokens_per_second": 159888.85346841253, "mfu": 0.7612798741207439, "elapsed_seconds": 1262.8263433352113, "unix": 1789436030.7290807, "ddp_buckets_rebuilt": false}
{"step": 91, "prediction_tokens": 190840832, "loss": 2.6343696117401123, "lr": 6e-05, "grad_norm": 0.07472500950098038, "step_seconds": 13.12501272931695, "tokens_per_second": 159782.85455797342, "mfu": 0.7607751807950646, "elapsed_seconds": 1275.9636438302696, "unix": 1789436043.8663838, "ddp_buckets_rebuilt": false}
{"step": 92, "prediction_tokens": 192937984, "loss": 2.665350914001465, "lr": 6e-05, "grad_norm": 0.06679661571979523, "step_seconds": 13.275569450110197, "tokens_per_second": 157970.77540674477, "mfu": 0.7521473161364648, "elapsed_seconds": 1289.2502391450107, "unix": 1789436057.1529756, "ddp_buckets_rebuilt": false}
{"step": 93, "prediction_tokens": 195035136, "loss": 2.6579480171203613, "lr": 6e-05, "grad_norm": 0.07283098995685577, "step_seconds": 13.116693679243326, "tokens_per_second": 159884.19424009757, "mfu": 0.7612576901056097, "elapsed_seconds": 1302.3774839490652, "unix": 1789436070.2802203, "ddp_buckets_rebuilt": false}
{"step": 94, "prediction_tokens": 197132288, "loss": 2.635326385498047, "lr": 6e-05, "grad_norm": 0.07413540780544281, "step_seconds": 13.120846640318632, "tokens_per_second": 159833.58829572235, "mfu": 0.7610167396820625, "elapsed_seconds": 1315.5095633976161, "unix": 1789436083.4122977, "ddp_buckets_rebuilt": false}
{"step": 95, "prediction_tokens": 199229440, "loss": 2.643808603286743, "lr": 6e-05, "grad_norm": 0.06694324314594269, "step_seconds": 13.117904413491488, "tokens_per_second": 159869.43751801725, "mfu": 0.7611874288254515, "elapsed_seconds": 1328.6410718150437, "unix": 1789436096.5438108, "ddp_buckets_rebuilt": false}
{"step": 96, "prediction_tokens": 201326592, "loss": 2.676654100418091, "lr": 6e-05, "grad_norm": 0.07236428558826447, "step_seconds": 13.119623485952616, "tokens_per_second": 159848.48972574962, "mfu": 0.7610876899611424, "elapsed_seconds": 1341.7702572271228, "unix": 1789436109.672993, "ddp_buckets_rebuilt": false}
{"step": 97, "prediction_tokens": 203423744, "loss": 2.6436946392059326, "lr": 6e-05, "grad_norm": 0.06953440606594086, "step_seconds": 13.124102871865034, "tokens_per_second": 159793.93185768125, "mfu": 0.7608279232167172, "elapsed_seconds": 1354.9090450704098, "unix": 1789436122.8117826, "ddp_buckets_rebuilt": false}
{"step": 98, "prediction_tokens": 205520896, "loss": 2.7133045196533203, "lr": 6e-05, "grad_norm": 0.07349330931901932, "step_seconds": 13.119827717542648, "tokens_per_second": 159846.00142240265, "mfu": 0.7610758423856696, "elapsed_seconds": 1368.0383603200316, "unix": 1789436135.941095, "ddp_buckets_rebuilt": false}
{"step": 99, "prediction_tokens": 207618048, "loss": 2.7464866638183594, "lr": 6e-05, "grad_norm": 0.07075036317110062, "step_seconds": 13.12147255986929, "tokens_per_second": 159825.9639252632, "mfu": 0.7609804377156809, "elapsed_seconds": 1381.1711138226092, "unix": 1789436149.0738556, "ddp_buckets_rebuilt": false}
{"step": 100, "prediction_tokens": 209715200, "loss": 2.7371973991394043, "lr": 6e-05, "grad_norm": 0.06218055635690689, "step_seconds": 13.120166510343552, "tokens_per_second": 159841.87383191116, "mfu": 0.7610561896612824, "elapsed_seconds": 1394.3075898997486, "unix": 1789436162.2103267, "ddp_buckets_rebuilt": false}
{"step": 101, "prediction_tokens": 211812352, "loss": 2.633244037628174, "lr": 6e-05, "grad_norm": 0.07386953383684158, "step_seconds": 13.125026550143957, "tokens_per_second": 159782.6863045087, "mfu": 0.7607743796887108, "elapsed_seconds": 1407.4431616216898, "unix": 1789436175.345897, "ddp_buckets_rebuilt": false}
{"step": 102, "prediction_tokens": 213909504, "loss": 2.675751209259033, "lr": 6e-05, "grad_norm": 0.059360045939683914, "step_seconds": 13.117462534457445, "tokens_per_second": 159874.82293096872, "mfu": 0.7612130704283829, "elapsed_seconds": 1420.5737877748907, "unix": 1789436188.4765236, "ddp_buckets_rebuilt": false}
{"step": 103, "prediction_tokens": 216006656, "loss": 2.6506900787353516, "lr": 6e-05, "grad_norm": 0.06884384155273438, "step_seconds": 13.12344504147768, "tokens_per_second": 159801.94174409128, "mfu": 0.7608660607427903, "elapsed_seconds": 1433.7068456374109, "unix": 1789436201.6095812, "ddp_buckets_rebuilt": false}
{"step": 104, "prediction_tokens": 218103808, "loss": 2.653576612472534, "lr": 6e-05, "grad_norm": 0.06551627069711685, "step_seconds": 13.130678687244654, "tokens_per_second": 159713.90740352258, "mfu": 0.760446902244542, "elapsed_seconds": 1446.85051368922, "unix": 1789436214.753257, "ddp_buckets_rebuilt": false}
{"step": 105, "prediction_tokens": 220200960, "loss": 2.712956666946411, "lr": 6e-05, "grad_norm": 0.05668216571211815, "step_seconds": 13.12074713781476, "tokens_per_second": 159834.80040979414, "mfu": 0.7610225109289503, "elapsed_seconds": 1459.9806178361177, "unix": 1789436227.8833563, "ddp_buckets_rebuilt": false}
{"step": 106, "prediction_tokens": 222298112, "loss": 2.64335560798645, "lr": 6e-05, "grad_norm": 0.053813524544239044, "step_seconds": 13.117400735616684, "tokens_per_second": 159875.57613497027, "mfu": 0.7612166566636647, "elapsed_seconds": 1473.109057277441, "unix": 1789436241.0117917, "ddp_buckets_rebuilt": false}
{"step": 107, "prediction_tokens": 224395264, "loss": 2.6719799041748047, "lr": 6e-05, "grad_norm": 0.07206249982118607, "step_seconds": 13.129779607057571, "tokens_per_second": 159724.8440387172, "mfu": 0.7604989749193012, "elapsed_seconds": 1486.2490329109132, "unix": 1789436254.1517682, "ddp_buckets_rebuilt": false}
{"step": 108, "prediction_tokens": 226492416, "loss": 2.6783344745635986, "lr": 6e-05, "grad_norm": 0.05832066014409065, "step_seconds": 13.13527724519372, "tokens_per_second": 159657.9928122462, "mfu": 0.7601806757247753, "elapsed_seconds": 1499.3948409222066, "unix": 1789436267.2975786, "ddp_buckets_rebuilt": false}
{"step": 109, "prediction_tokens": 228589568, "loss": 2.6979758739471436, "lr": 6e-05, "grad_norm": 0.05451999604701996, "step_seconds": 13.130258336663246, "tokens_per_second": 159719.02046619923, "mfu": 0.760471247104277, "elapsed_seconds": 1512.5350361801684, "unix": 1789436280.4377768, "ddp_buckets_rebuilt": false}
{"step": 110, "prediction_tokens": 230686720, "loss": 2.68057918548584, "lr": 6e-05, "grad_norm": 0.05708857625722885, "step_seconds": 13.12587434798479, "tokens_per_second": 159772.3659698125, "mfu": 0.7607252414096626, "elapsed_seconds": 1525.6713191196322, "unix": 1789436293.5740547, "ddp_buckets_rebuilt": false}
{"step": 111, "prediction_tokens": 232783872, "loss": 2.65698504447937, "lr": 6e-05, "grad_norm": 0.0580330491065979, "step_seconds": 13.123494811356068, "tokens_per_second": 159801.33570710794, "mfu": 0.7608631752148226, "elapsed_seconds": 1538.8064549863338, "unix": 1789436306.7091894, "ddp_buckets_rebuilt": false}
{"step": 112, "prediction_tokens": 234881024, "loss": 2.6421916484832764, "lr": 6e-05, "grad_norm": 0.05987345054745674, "step_seconds": 13.126783158630133, "tokens_per_second": 159761.30440009886, "mfu": 0.7606725738833373, "elapsed_seconds": 1551.9455871507525, "unix": 1789436319.848323, "ddp_buckets_rebuilt": false}
{"step": 113, "prediction_tokens": 236978176, "loss": 2.6690807342529297, "lr": 6e-05, "grad_norm": 0.057894106954336166, "step_seconds": 13.140573967248201, "tokens_per_second": 159593.63763158128, "mfu": 0.7598742609699451, "elapsed_seconds": 1565.0961968787014, "unix": 1789436332.9989402, "ddp_buckets_rebuilt": false}
{"step": 114, "prediction_tokens": 239075328, "loss": 2.6362674236297607, "lr": 6e-05, "grad_norm": 0.057824719697237015, "step_seconds": 13.13144139200449, "tokens_per_second": 159704.6308470691, "mfu": 0.760402733713866, "elapsed_seconds": 1578.2424654960632, "unix": 1789436346.1452038, "ddp_buckets_rebuilt": false}
{"step": 115, "prediction_tokens": 241172480, "loss": 2.692493200302124, "lr": 6e-05, "grad_norm": 0.06128436699509621, "step_seconds": 13.127141248434782, "tokens_per_second": 159756.94633818726, "mfu": 0.7606518238138266, "elapsed_seconds": 1591.3803492337465, "unix": 1789436359.2830837, "ddp_buckets_rebuilt": false}
{"step": 116, "prediction_tokens": 243269632, "loss": 2.598130226135254, "lr": 6e-05, "grad_norm": 0.06248590722680092, "step_seconds": 13.119397457689047, "tokens_per_second": 159851.2436842819, "mfu": 0.7611008024024372, "elapsed_seconds": 1604.5114353820682, "unix": 1789436372.4141707, "ddp_buckets_rebuilt": false}
{"step": 117, "prediction_tokens": 245366784, "loss": 2.586162567138672, "lr": 6e-05, "grad_norm": 0.05944287031888962, "step_seconds": 13.116137936711311, "tokens_per_second": 159890.96867685363, "mfu": 0.7612899452769306, "elapsed_seconds": 1617.6389574073255, "unix": 1789436385.5416992, "ddp_buckets_rebuilt": false}
{"step": 118, "prediction_tokens": 247463936, "loss": 2.7229952812194824, "lr": 6e-05, "grad_norm": 0.05941106751561165, "step_seconds": 13.118543989956379, "tokens_per_second": 159861.643304744, "mfu": 0.7611503181853362, "elapsed_seconds": 1630.7689982801676, "unix": 1789436398.671736, "ddp_buckets_rebuilt": false}
{"step": 119, "prediction_tokens": 249561088, "loss": 2.6771678924560547, "lr": 6e-05, "grad_norm": 0.05677167698740959, "step_seconds": 13.115959886461496, "tokens_per_second": 159893.13921009426, "mfu": 0.7613002798514575, "elapsed_seconds": 1643.9002198018134, "unix": 1789436411.8029563, "ddp_buckets_rebuilt": false}
{"step": 120, "prediction_tokens": 251658240, "loss": 2.7385473251342773, "lr": 6e-05, "grad_norm": 0.053038980811834335, "step_seconds": 13.11665816232562, "tokens_per_second": 159884.6271700176, "mfu": 0.7612597514177518, "elapsed_seconds": 1657.0332978442311, "unix": 1789436424.936033, "ddp_buckets_rebuilt": false}
{"step": 121, "prediction_tokens": 253755392, "loss": 2.6810553073883057, "lr": 6e-05, "grad_norm": 0.057227153331041336, "step_seconds": 13.121867723762989, "tokens_per_second": 159821.15078040084, "mfu": 0.7609575208566538, "elapsed_seconds": 1670.1672141961753, "unix": 1789436438.0699515, "ddp_buckets_rebuilt": false}
{"step": 122, "prediction_tokens": 255852544, "loss": 2.6769425868988037, "lr": 6e-05, "grad_norm": 0.051375970244407654, "step_seconds": 13.119769129902124, "tokens_per_second": 159846.7152307005, "mfu": 0.7610792410459223, "elapsed_seconds": 1683.2987161539495, "unix": 1789436451.2014577, "ddp_buckets_rebuilt": false}
{"step": 123, "prediction_tokens": 257949696, "loss": 2.6139450073242188, "lr": 6e-05, "grad_norm": 0.06410267949104309, "step_seconds": 13.268491968512535, "tokens_per_second": 158055.0378277164, "mfu": 0.7525485153685493, "elapsed_seconds": 1696.5805103480816, "unix": 1789436464.4832482, "ddp_buckets_rebuilt": false}
{"step": 124, "prediction_tokens": 260046848, "loss": 2.676929473876953, "lr": 6e-05, "grad_norm": 0.13661564886569977, "step_seconds": 13.123146187514067, "tokens_per_second": 159805.58092047484, "mfu": 0.7608833879777982, "elapsed_seconds": 1709.7159934081137, "unix": 1789436477.618728, "ddp_buckets_rebuilt": false}
{"step": 125, "prediction_tokens": 262144000, "loss": 2.614330530166626, "lr": 6e-05, "grad_norm": 0.10404471307992935, "step_seconds": 13.133374352008104, "tokens_per_second": 159681.12564151068, "mfu": 0.7602908182204434, "elapsed_seconds": 1722.8607984185219, "unix": 1789436490.7635367, "ddp_buckets_rebuilt": false}
{"step": 126, "prediction_tokens": 264241152, "loss": 2.6205716133117676, "lr": 6e-05, "grad_norm": 0.13953335583209991, "step_seconds": 13.125535506755114, "tokens_per_second": 159776.49056076162, "mfu": 0.7607448798523084, "elapsed_seconds": 1736.0011454559863, "unix": 1789436503.9038873, "ddp_buckets_rebuilt": false}
{"step": 127, "prediction_tokens": 266338304, "loss": 2.5208029747009277, "lr": 6e-05, "grad_norm": 0.08575069904327393, "step_seconds": 13.131598975509405, "tokens_per_second": 159702.71433899362, "mfu": 0.7603936086310675, "elapsed_seconds": 1749.1467935591936, "unix": 1789436517.0495286, "ddp_buckets_rebuilt": false}
{"step": 128, "prediction_tokens": 268435456, "loss": 2.6182920932769775, "lr": 6e-05, "grad_norm": 0.06521313637495041, "step_seconds": 13.122595887631178, "tokens_per_second": 159812.28241408317, "mfu": 0.7609152958444185, "elapsed_seconds": 1762.2828709743917, "unix": 1789436530.1856062, "ddp_buckets_rebuilt": false}
{"step": 129, "prediction_tokens": 270532608, "loss": 2.683140277862549, "lr": 6e-05, "grad_norm": 0.06294923275709152, "step_seconds": 13.128519020974636, "tokens_per_second": 159740.18064410068, "mfu": 0.7605719972017337, "elapsed_seconds": 1775.4246883019805, "unix": 1789436543.3274267, "ddp_buckets_rebuilt": false}
{"step": 130, "prediction_tokens": 272629760, "loss": 2.629210948944092, "lr": 6e-05, "grad_norm": 0.05974273756146431, "step_seconds": 13.125147048383951, "tokens_per_second": 159781.2193851355, "mfu": 0.7607673952356263, "elapsed_seconds": 1788.560945454985, "unix": 1789436556.4636874, "ddp_buckets_rebuilt": false}
{"step": 131, "prediction_tokens": 274726912, "loss": 2.695819616317749, "lr": 6e-05, "grad_norm": 0.054949309676885605, "step_seconds": 13.128343340009451, "tokens_per_second": 159742.31825647014, "mfu": 0.7605821750298951, "elapsed_seconds": 1801.7024435959756, "unix": 1789436569.605178, "ddp_buckets_rebuilt": false}
{"step": 132, "prediction_tokens": 276824064, "loss": 2.611193895339966, "lr": 6e-05, "grad_norm": 0.05471322312951088, "step_seconds": 13.118904553353786, "tokens_per_second": 159857.24962560786, "mfu": 0.7611293985312945, "elapsed_seconds": 1814.835438746959, "unix": 1789436582.738173, "ddp_buckets_rebuilt": false}
{"step": 133, "prediction_tokens": 278921216, "loss": 2.5868868827819824, "lr": 6e-05, "grad_norm": 0.06538431346416473, "step_seconds": 13.119914416223764, "tokens_per_second": 159844.94513216589, "mfu": 0.761070813063856, "elapsed_seconds": 1827.9705126136541, "unix": 1789436595.8732524, "ddp_buckets_rebuilt": false}
{"step": 134, "prediction_tokens": 281018368, "loss": 2.631849765777588, "lr": 6e-05, "grad_norm": 0.05548813194036484, "step_seconds": 13.126043990254402, "tokens_per_second": 159770.30105620986, "mfu": 0.7607154097226289, "elapsed_seconds": 1841.1074334941804, "unix": 1789436609.010176, "ddp_buckets_rebuilt": false}
{"step": 135, "prediction_tokens": 283115520, "loss": 2.6261205673217773, "lr": 6e-05, "grad_norm": 0.061500079929828644, "step_seconds": 13.130184691399336, "tokens_per_second": 159719.91630656173, "mfu": 0.7604755124750242, "elapsed_seconds": 1854.2516267895699, "unix": 1789436622.154363, "ddp_buckets_rebuilt": false}
{"step": 136, "prediction_tokens": 285212672, "loss": 2.580925703048706, "lr": 6e-05, "grad_norm": 0.05301709845662117, "step_seconds": 13.126131545752287, "tokens_per_second": 159769.23533717394, "mfu": 0.7607103355074105, "elapsed_seconds": 1867.387484870851, "unix": 1789436635.2902207, "ddp_buckets_rebuilt": false}
{"step": 137, "prediction_tokens": 287309824, "loss": 2.5982983112335205, "lr": 6e-05, "grad_norm": 0.05881665274500847, "step_seconds": 13.127001490443945, "tokens_per_second": 159758.64720718304, "mfu": 0.7606599221728234, "elapsed_seconds": 1880.5248629041016, "unix": 1789436648.4275982, "ddp_buckets_rebuilt": false}
{"step": 138, "prediction_tokens": 289406976, "loss": 2.5986502170562744, "lr": 6e-05, "grad_norm": 0.05012168735265732, "step_seconds": 13.13304352387786, "tokens_per_second": 159685.14809130577, "mfu": 0.7603099703377251, "elapsed_seconds": 1893.6710072010756, "unix": 1789436661.573749, "ddp_buckets_rebuilt": false}
{"step": 139, "prediction_tokens": 291504128, "loss": 2.613574504852295, "lr": 6e-05, "grad_norm": 0.06820368766784668, "step_seconds": 13.126857187598944, "tokens_per_second": 159760.40342552046, "mfu": 0.7606682840670133, "elapsed_seconds": 1906.8079668432474, "unix": 1789436674.710703, "ddp_buckets_rebuilt": false}
{"step": 140, "prediction_tokens": 293601280, "loss": 2.6485891342163086, "lr": 6e-05, "grad_norm": 0.05638757720589638, "step_seconds": 13.126298446208239, "tokens_per_second": 159767.20387656576, "mfu": 0.7607006631003445, "elapsed_seconds": 1919.9454637654126, "unix": 1789436687.8481987, "ddp_buckets_rebuilt": false}
{"step": 141, "prediction_tokens": 295698432, "loss": 2.603579521179199, "lr": 6e-05, "grad_norm": 0.05655423924326897, "step_seconds": 13.129494063556194, "tokens_per_second": 159728.3177743389, "mfu": 0.7605155144400962, "elapsed_seconds": 1933.0882886871696, "unix": 1789436700.991024, "ddp_buckets_rebuilt": false}
{"step": 142, "prediction_tokens": 297795584, "loss": 2.62402606010437, "lr": 6e-05, "grad_norm": 0.050283804535865784, "step_seconds": 13.129039872437716, "tokens_per_second": 159733.8434779705, "mfu": 0.760541824009987, "elapsed_seconds": 1946.2288672067225, "unix": 1789436714.1316097, "ddp_buckets_rebuilt": false}
{"step": 143, "prediction_tokens": 299892736, "loss": 2.5695345401763916, "lr": 6e-05, "grad_norm": 0.07174921780824661, "step_seconds": 13.137111909687519, "tokens_per_second": 159635.69576152627, "mfu": 0.7600745126271164, "elapsed_seconds": 1959.377045404166, "unix": 1789436727.2797813, "ddp_buckets_rebuilt": false}
{"step": 144, "prediction_tokens": 301989888, "loss": 2.5559890270233154, "lr": 6e-05, "grad_norm": 0.06466569751501083, "step_seconds": 13.136472906917334, "tokens_per_second": 159643.46098530703, "mfu": 0.7601114852393662, "elapsed_seconds": 1972.52419199422, "unix": 1789436740.4269273, "ddp_buckets_rebuilt": false}
{"step": 145, "prediction_tokens": 304087040, "loss": 2.6390111446380615, "lr": 6e-05, "grad_norm": 0.05440051481127739, "step_seconds": 13.128123853355646, "tokens_per_second": 159744.988958491, "mfu": 0.7605948910614019, "elapsed_seconds": 1985.6644678004086, "unix": 1789436753.567204, "ddp_buckets_rebuilt": false}
{"step": 146, "prediction_tokens": 306184192, "loss": 2.6617627143859863, "lr": 6e-05, "grad_norm": 0.05400102585554123, "step_seconds": 13.134611818939447, "tokens_per_second": 159666.08141216726, "mfu": 0.7602191880300183, "elapsed_seconds": 1998.8113432340324, "unix": 1789436766.7140858, "ddp_buckets_rebuilt": false}
{"step": 147, "prediction_tokens": 308281344, "loss": 2.70979380607605, "lr": 6e-05, "grad_norm": 0.06137513741850853, "step_seconds": 13.12912517413497, "tokens_per_second": 159732.8056656428, "mfu": 0.7605368826671663, "elapsed_seconds": 2011.9533046483994, "unix": 1789436779.856041, "ddp_buckets_rebuilt": false}
{"step": 148, "prediction_tokens": 310378496, "loss": 2.6613337993621826, "lr": 6e-05, "grad_norm": 0.05109187588095665, "step_seconds": 13.12273046374321, "tokens_per_second": 159810.6435085458, "mfu": 0.7609074925124532, "elapsed_seconds": 2025.0965067744255, "unix": 1789436792.9992416, "ddp_buckets_rebuilt": false}
{"step": 149, "prediction_tokens": 312475648, "loss": 2.59771728515625, "lr": 6e-05, "grad_norm": 0.05292272940278053, "step_seconds": 13.12693889066577, "tokens_per_second": 159759.4090646092, "mfu": 0.7606635496097142, "elapsed_seconds": 2038.2362699843943, "unix": 1789436806.139007, "ddp_buckets_rebuilt": false}
{"step": 150, "prediction_tokens": 314572800, "loss": 2.6308951377868652, "lr": 6e-05, "grad_norm": 0.06715274602174759, "step_seconds": 13.123633034527302, "tokens_per_second": 159799.6526177278, "mfu": 0.7608551615100294, "elapsed_seconds": 2051.3689643256366, "unix": 1789436819.2717063, "ddp_buckets_rebuilt": false}
{"step": 151, "prediction_tokens": 316669952, "loss": 2.66463565826416, "lr": 6e-05, "grad_norm": 0.05832895636558533, "step_seconds": 13.125896599143744, "tokens_per_second": 159772.0951220053, "mfu": 0.7607239518201753, "elapsed_seconds": 2064.505198445171, "unix": 1789436832.4079368, "ddp_buckets_rebuilt": false}
{"step": 152, "prediction_tokens": 318767104, "loss": 2.649623394012451, "lr": 6e-05, "grad_norm": 0.04877269268035889, "step_seconds": 13.12052633613348, "tokens_per_second": 159837.49022510744, "mfu": 0.7610353179647048, "elapsed_seconds": 2077.636712998152, "unix": 1789436845.5394468, "ddp_buckets_rebuilt": false}
{"step": 153, "prediction_tokens": 320864256, "loss": 2.5815272331237793, "lr": 6e-05, "grad_norm": 0.054690610617399216, "step_seconds": 13.129067704081535, "tokens_per_second": 159733.50486630836, "mfu": 0.7605402117760011, "elapsed_seconds": 2090.7762460559607, "unix": 1789436858.6789815, "ddp_buckets_rebuilt": false}
{"step": 154, "prediction_tokens": 322961408, "loss": 2.5943503379821777, "lr": 6e-05, "grad_norm": 0.048680368810892105, "step_seconds": 13.2793670296669, "tokens_per_second": 157925.59956471095, "mfu": 0.7519322200957418, "elapsed_seconds": 2104.0694385133684, "unix": 1789436871.972181, "ddp_buckets_rebuilt": false}
{"step": 155, "prediction_tokens": 325058560, "loss": 2.63875412940979, "lr": 6e-05, "grad_norm": 0.052885886281728745, "step_seconds": 13.128193385899067, "tokens_per_second": 159744.14288050795, "mfu": 0.7605908626246066, "elapsed_seconds": 2117.2113442979753, "unix": 1789436885.1140833, "ddp_buckets_rebuilt": false}
{"step": 156, "prediction_tokens": 327155712, "loss": 2.5983498096466064, "lr": 6e-05, "grad_norm": 0.05549829825758934, "step_seconds": 13.130353022366762, "tokens_per_second": 159717.86869916052, "mfu": 0.7604657631881238, "elapsed_seconds": 2130.3522958010435, "unix": 1789436898.2550306, "ddp_buckets_rebuilt": false}
{"step": 157, "prediction_tokens": 329252864, "loss": 2.6294758319854736, "lr": 6e-05, "grad_norm": 0.04808759689331055, "step_seconds": 13.131557047367096, "tokens_per_second": 159703.2242585797, "mfu": 0.7603960365146247, "elapsed_seconds": 2143.4972351826727, "unix": 1789436911.3999696, "ddp_buckets_rebuilt": false}
{"step": 158, "prediction_tokens": 331350016, "loss": 2.679558277130127, "lr": 6e-05, "grad_norm": 0.04977845773100853, "step_seconds": 13.126689251512289, "tokens_per_second": 159762.44731765802, "mfu": 0.760678015664404, "elapsed_seconds": 2156.6361992768943, "unix": 1789436924.5389404, "ddp_buckets_rebuilt": false}
{"step": 159, "prediction_tokens": 333447168, "loss": 2.634432077407837, "lr": 6e-05, "grad_norm": 0.047326747328042984, "step_seconds": 13.135838028043509, "tokens_per_second": 159651.17684329092, "mfu": 0.760148222805915, "elapsed_seconds": 2169.7838246673346, "unix": 1789436937.6865668, "ddp_buckets_rebuilt": false}
{"step": 160, "prediction_tokens": 335544320, "loss": 2.612924098968506, "lr": 6e-05, "grad_norm": 0.0478820875287056, "step_seconds": 13.127452354878187, "tokens_per_second": 159753.1602710936, "mfu": 0.760633797187092, "elapsed_seconds": 2182.9234913922846, "unix": 1789436950.826226, "ddp_buckets_rebuilt": false}
{"step": 161, "prediction_tokens": 337641472, "loss": 2.648869752883911, "lr": 6e-05, "grad_norm": 0.045910049229860306, "step_seconds": 13.127695597708225, "tokens_per_second": 159750.2002077281, "mfu": 0.7606197034174678, "elapsed_seconds": 2196.0611033923924, "unix": 1789436963.9638388, "ddp_buckets_rebuilt": false}
{"step": 162, "prediction_tokens": 339738624, "loss": 2.650609016418457, "lr": 6e-05, "grad_norm": 0.048412904143333435, "step_seconds": 13.122575387358665, "tokens_per_second": 159812.5320750867, "mfu": 0.7609164845570351, "elapsed_seconds": 2209.195749476552, "unix": 1789436977.0984862, "ddp_buckets_rebuilt": false}
{"step": 163, "prediction_tokens": 341835776, "loss": 2.581735134124756, "lr": 6e-05, "grad_norm": 0.046091753989458084, "step_seconds": 13.13018098846078, "tokens_per_second": 159719.96135034572, "mfu": 0.760475726942296, "elapsed_seconds": 2222.3390073254704, "unix": 1789436990.2417474, "ddp_buckets_rebuilt": false}
{"step": 164, "prediction_tokens": 343932928, "loss": 2.6239538192749023, "lr": 6e-05, "grad_norm": 0.04755521938204765, "step_seconds": 13.1310153901577, "tokens_per_second": 159709.8120509334, "mfu": 0.7604274030146962, "elapsed_seconds": 2235.480291288346, "unix": 1789437003.3830266, "ddp_buckets_rebuilt": false}
{"step": 165, "prediction_tokens": 346030080, "loss": 2.5706393718719482, "lr": 6e-05, "grad_norm": 0.050570763647556305, "step_seconds": 13.130166113376617, "tokens_per_second": 159720.14229610428, "mfu": 0.7604765884805541, "elapsed_seconds": 2248.6231618225574, "unix": 1789437016.525897, "ddp_buckets_rebuilt": false}
{"step": 166, "prediction_tokens": 348127232, "loss": 2.611052989959717, "lr": 6e-05, "grad_norm": 0.048818688839673996, "step_seconds": 13.123207192867994, "tokens_per_second": 159804.83803835156, "mfu": 0.7608798508881447, "elapsed_seconds": 2261.7617378234863, "unix": 1789437029.664479, "ddp_buckets_rebuilt": false}
{"step": 167, "prediction_tokens": 350224384, "loss": 2.6551339626312256, "lr": 6e-05, "grad_norm": 0.045611727982759476, "step_seconds": 13.125568445771933, "tokens_per_second": 159776.08959675525, "mfu": 0.7607429707396863, "elapsed_seconds": 2274.898398388177, "unix": 1789437042.8011346, "ddp_buckets_rebuilt": false}
{"step": 168, "prediction_tokens": 352321536, "loss": 2.6149063110351562, "lr": 6e-05, "grad_norm": 0.04886486008763313, "step_seconds": 13.135401107370853, "tokens_per_second": 159656.48729395826, "mfu": 0.7601735074904185, "elapsed_seconds": 2288.0455332249403, "unix": 1789437055.9482696, "ddp_buckets_rebuilt": false}
{"step": 169, "prediction_tokens": 354418688, "loss": 2.620515823364258, "lr": 6e-05, "grad_norm": 0.04778869450092316, "step_seconds": 13.132602214813232, "tokens_per_second": 159690.5141643952, "mfu": 0.7603355198576411, "elapsed_seconds": 2301.192626465112, "unix": 1789437069.095362, "ddp_buckets_rebuilt": false}
{"step": 170, "prediction_tokens": 356515840, "loss": 2.624143600463867, "lr": 6e-05, "grad_norm": 0.04177533835172653, "step_seconds": 13.130147956311703, "tokens_per_second": 159720.36316558736, "mfu": 0.7604776401079105, "elapsed_seconds": 2314.335308767855, "unix": 1789437082.23805, "ddp_buckets_rebuilt": false}
{"step": 171, "prediction_tokens": 358612992, "loss": 2.6691718101501465, "lr": 6e-05, "grad_norm": 0.04392063990235329, "step_seconds": 13.118714239448309, "tokens_per_second": 159859.5686834774, "mfu": 0.7611404402771367, "elapsed_seconds": 2327.4680972769856, "unix": 1789437095.3708353, "ddp_buckets_rebuilt": false}
{"step": 172, "prediction_tokens": 360710144, "loss": 2.6282265186309814, "lr": 6e-05, "grad_norm": 0.045277345925569534, "step_seconds": 13.13534838333726, "tokens_per_second": 159657.12813984632, "mfu": 0.7601765587542584, "elapsed_seconds": 2340.6175901554525, "unix": 1789437108.5203254, "ddp_buckets_rebuilt": false}
{"step": 173, "prediction_tokens": 362807296, "loss": 2.6019821166992188, "lr": 6e-05, "grad_norm": 0.045432910323143005, "step_seconds": 13.125975325703621, "tokens_per_second": 159771.1368459838, "mfu": 0.7607193891741045, "elapsed_seconds": 2353.753579892218, "unix": 1789437121.6563148, "ddp_buckets_rebuilt": false}
{"step": 174, "prediction_tokens": 364904448, "loss": 2.602518081665039, "lr": 6e-05, "grad_norm": 0.05168227478861809, "step_seconds": 13.1262167096138, "tokens_per_second": 159768.19874259888, "mfu": 0.7607053999626836, "elapsed_seconds": 2366.8903126828372, "unix": 1789437134.7930539, "ddp_buckets_rebuilt": false}
{"step": 175, "prediction_tokens": 367001600, "loss": 2.605350971221924, "lr": 6e-05, "grad_norm": 0.05493650585412979, "step_seconds": 13.123253397643566, "tokens_per_second": 159804.27539230234, "mfu": 0.7608771719577238, "elapsed_seconds": 2380.024166215211, "unix": 1789437147.926903, "ddp_buckets_rebuilt": false}
{"step": 176, "prediction_tokens": 369098752, "loss": 2.605567216873169, "lr": 6e-05, "grad_norm": 0.04997900873422623, "step_seconds": 13.13439092040062, "tokens_per_second": 159668.76672923283, "mfu": 0.7602319736482356, "elapsed_seconds": 2393.1695091985166, "unix": 1789437161.0722446, "ddp_buckets_rebuilt": false}
{"step": 177, "prediction_tokens": 371195904, "loss": 2.630357027053833, "lr": 6e-05, "grad_norm": 0.04743006080389023, "step_seconds": 13.123788729310036, "tokens_per_second": 159797.75682584115, "mfu": 0.7608461350633601, "elapsed_seconds": 2406.30428936705, "unix": 1789437174.2070239, "ddp_buckets_rebuilt": false}
{"step": 178, "prediction_tokens": 373293056, "loss": 2.5775680541992188, "lr": 6e-05, "grad_norm": 0.049433495849370956, "step_seconds": 13.124238774180412, "tokens_per_second": 159792.277181498, "mfu": 0.7608200447958695, "elapsed_seconds": 2419.4414579831064, "unix": 1789437187.3441994, "ddp_buckets_rebuilt": false}
{"step": 179, "prediction_tokens": 375390208, "loss": 2.6065762042999268, "lr": 6e-05, "grad_norm": 0.0457540899515152, "step_seconds": 13.127555701881647, "tokens_per_second": 159751.9026104306, "mfu": 0.7606278090789129, "elapsed_seconds": 2432.5832532271743, "unix": 1789437200.485991, "ddp_buckets_rebuilt": false}
{"step": 180, "prediction_tokens": 377487360, "loss": 2.616424798965454, "lr": 6e-05, "grad_norm": 0.04714827612042427, "step_seconds": 13.136651813983917, "tokens_per_second": 159641.2868130972, "mfu": 0.7601011333385905, "elapsed_seconds": 2445.7338494695723, "unix": 1789437213.6365845, "ddp_buckets_rebuilt": false}
{"step": 181, "prediction_tokens": 379584512, "loss": 2.582266092300415, "lr": 6e-05, "grad_norm": 0.0722903311252594, "step_seconds": 13.128180168569088, "tokens_per_second": 159744.30370942876, "mfu": 0.7605916283804297, "elapsed_seconds": 2458.8726177215576, "unix": 1789437226.7753544, "ddp_buckets_rebuilt": false}
{"step": 182, "prediction_tokens": 381681664, "loss": 2.6232945919036865, "lr": 6e-05, "grad_norm": 0.04304160550236702, "step_seconds": 13.129762280732393, "tokens_per_second": 159725.05481515988, "mfu": 0.7604999784905964, "elapsed_seconds": 2472.0130204819143, "unix": 1789437239.9157636, "ddp_buckets_rebuilt": false}
{"step": 183, "prediction_tokens": 383778816, "loss": 2.595717430114746, "lr": 6e-05, "grad_norm": 0.057445112615823746, "step_seconds": 13.126194510608912, "tokens_per_second": 159768.46894239075, "mfu": 0.7607066864667712, "elapsed_seconds": 2485.154004160315, "unix": 1789437253.0567403, "ddp_buckets_rebuilt": false}
{"step": 184, "prediction_tokens": 385875968, "loss": 2.6243088245391846, "lr": 6e-05, "grad_norm": 0.0495128408074379, "step_seconds": 13.282776322215796, "tokens_per_second": 157885.06477312712, "mfu": 0.7517392215197619, "elapsed_seconds": 2498.447886839509, "unix": 1789437266.3506238, "ddp_buckets_rebuilt": false}
{"step": 185, "prediction_tokens": 387973120, "loss": 2.5695061683654785, "lr": 6e-05, "grad_norm": 0.052395038306713104, "step_seconds": 13.123988837003708, "tokens_per_second": 159795.3203135148, "mfu": 0.7608345340808222, "elapsed_seconds": 2511.5879139192402, "unix": 1789437279.490652, "ddp_buckets_rebuilt": false}
{"step": 186, "prediction_tokens": 390070272, "loss": 2.5813982486724854, "lr": 6e-05, "grad_norm": 0.05408141389489174, "step_seconds": 13.130133721977472, "tokens_per_second": 159720.53631790105, "mfu": 0.7604784645391869, "elapsed_seconds": 2524.7306222952902, "unix": 1789437292.6333637, "ddp_buckets_rebuilt": false}
{"step": 187, "prediction_tokens": 392167424, "loss": 2.553361654281616, "lr": 6e-05, "grad_norm": 0.05934905633330345, "step_seconds": 13.115845616906881, "tokens_per_second": 159894.5322516363, "mfu": 0.7613069125495271, "elapsed_seconds": 2537.860015746206, "unix": 1789437305.7627516, "ddp_buckets_rebuilt": false}
{"step": 188, "prediction_tokens": 394264576, "loss": 2.576291084289551, "lr": 6e-05, "grad_norm": 0.062016766518354416, "step_seconds": 13.126145888119936, "tokens_per_second": 159769.06076429234, "mfu": 0.7607095043123744, "elapsed_seconds": 2550.9963856451213, "unix": 1789437318.8991206, "ddp_buckets_rebuilt": false}
{"step": 189, "prediction_tokens": 396361728, "loss": 2.693683385848999, "lr": 6e-05, "grad_norm": 0.05634342133998871, "step_seconds": 13.130434326827526, "tokens_per_second": 159716.87971624755, "mfu": 0.7604610543371241, "elapsed_seconds": 2564.138040550053, "unix": 1789437332.0407774, "ddp_buckets_rebuilt": false}
{"step": 190, "prediction_tokens": 398458880, "loss": 2.6313986778259277, "lr": 6e-05, "grad_norm": 0.08155231922864914, "step_seconds": 13.129287242889404, "tokens_per_second": 159730.83391375883, "mfu": 0.7605274945516507, "elapsed_seconds": 2577.2825303040445, "unix": 1789437345.185271, "ddp_buckets_rebuilt": false}
{"step": 191, "prediction_tokens": 400556032, "loss": 2.6838572025299072, "lr": 6e-05, "grad_norm": 0.05693942680954933, "step_seconds": 13.125352896749973, "tokens_per_second": 159778.71349419374, "mfu": 0.7607554639202199, "elapsed_seconds": 2590.4194358065724, "unix": 1789437358.3221724, "ddp_buckets_rebuilt": false}
{"step": 192, "prediction_tokens": 402653184, "loss": 2.7137844562530518, "lr": 6e-05, "grad_norm": 0.06787291169166565, "step_seconds": 13.125233076512814, "tokens_per_second": 159780.17211387938, "mfu": 0.760762408855946, "elapsed_seconds": 2603.5597756803036, "unix": 1789437371.4625106, "ddp_buckets_rebuilt": false}
{"step": 193, "prediction_tokens": 404750336, "loss": 2.6194229125976562, "lr": 6e-05, "grad_norm": 0.04614546149969101, "step_seconds": 13.129650641232729, "tokens_per_second": 159726.41293394694, "mfu": 0.7605064449107177, "elapsed_seconds": 2616.7018534317613, "unix": 1789437384.6045907, "ddp_buckets_rebuilt": false}
{"step": 194, "prediction_tokens": 406847488, "loss": 2.6091675758361816, "lr": 6e-05, "grad_norm": 0.04934138059616089, "step_seconds": 13.13049529492855, "tokens_per_second": 159716.13811171253, "mfu": 0.7604575233304603, "elapsed_seconds": 2629.843806479126, "unix": 1789437397.746548, "ddp_buckets_rebuilt": false}
{"step": 195, "prediction_tokens": 408944640, "loss": 2.577146291732788, "lr": 6e-05, "grad_norm": 0.05872837454080582, "step_seconds": 13.12936757132411, "tokens_per_second": 159729.8566444583, "mfu": 0.7605228414727528, "elapsed_seconds": 2642.986483771354, "unix": 1789437410.8892224, "ddp_buckets_rebuilt": false}
{"step": 196, "prediction_tokens": 411041792, "loss": 2.6213667392730713, "lr": 6e-05, "grad_norm": 0.04852139577269554, "step_seconds": 13.12945181503892, "tokens_per_second": 159728.83175502048, "mfu": 0.7605179616597746, "elapsed_seconds": 2656.127734605223, "unix": 1789437424.0304716, "ddp_buckets_rebuilt": false}
{"step": 197, "prediction_tokens": 413138944, "loss": 2.5597074031829834, "lr": 6e-05, "grad_norm": 0.04599887132644653, "step_seconds": 13.140421722084284, "tokens_per_second": 159595.48668635558, "mfu": 0.7598830648868868, "elapsed_seconds": 2669.278760936111, "unix": 1789437437.1814964, "ddp_buckets_rebuilt": false}
{"step": 198, "prediction_tokens": 415236096, "loss": 2.597529411315918, "lr": 6e-05, "grad_norm": 0.04477297514677048, "step_seconds": 13.132783778011799, "tokens_per_second": 159688.30641308957, "mfu": 0.7603250080764907, "elapsed_seconds": 2682.4237946160138, "unix": 1789437450.3265364, "ddp_buckets_rebuilt": false}
{"step": 199, "prediction_tokens": 417333248, "loss": 2.5862951278686523, "lr": 6e-05, "grad_norm": 0.047223128378391266, "step_seconds": 13.122065756469965, "tokens_per_second": 159818.73882669566, "mfu": 0.7609460368052441, "elapsed_seconds": 2695.558791294694, "unix": 1789437463.4615283, "ddp_buckets_rebuilt": false}
{"step": 200, "prediction_tokens": 419430400, "loss": 2.633239507675171, "lr": 6e-05, "grad_norm": 0.04430459812283516, "step_seconds": 13.124791890382767, "tokens_per_second": 159785.54307872072, "mfu": 0.7607879816669932, "elapsed_seconds": 2708.695393782109, "unix": 1789437476.598129, "ddp_buckets_rebuilt": false}
{"step": 201, "prediction_tokens": 421527552, "loss": 2.6026885509490967, "lr": 6e-05, "grad_norm": 0.042523279786109924, "step_seconds": 13.125262394547462, "tokens_per_second": 159779.81521125286, "mfu": 0.7607607095330683, "elapsed_seconds": 2721.832740049809, "unix": 1789437489.735476, "ddp_buckets_rebuilt": false}
{"step": 202, "prediction_tokens": 423624704, "loss": 2.6076250076293945, "lr": 6e-05, "grad_norm": 0.046005893498659134, "step_seconds": 13.121559847146273, "tokens_per_second": 159824.90073054057, "mfu": 0.7609753755194923, "elapsed_seconds": 2734.9680555425584, "unix": 1789437502.8707983, "ddp_buckets_rebuilt": false}
{"step": 203, "prediction_tokens": 425721856, "loss": 2.6516542434692383, "lr": 6e-05, "grad_norm": 0.05225730687379837, "step_seconds": 13.117696847766638, "tokens_per_second": 159871.9671858442, "mfu": 0.7611994733499015, "elapsed_seconds": 2748.095714431256, "unix": 1789437515.9984508, "ddp_buckets_rebuilt": false}
{"step": 204, "prediction_tokens": 427819008, "loss": 2.630415916442871, "lr": 6e-05, "grad_norm": 0.04519857466220856, "step_seconds": 13.107680425047874, "tokens_per_second": 159994.13565137636, "mfu": 0.7617811548870714, "elapsed_seconds": 2761.215735387057, "unix": 1789437529.1184697, "ddp_buckets_rebuilt": false}
{"step": 205, "prediction_tokens": 429916160, "loss": 2.5841429233551025, "lr": 6e-05, "grad_norm": 0.043864861130714417, "step_seconds": 13.096954207867384, "tokens_per_second": 160125.16854798453, "mfu": 0.762405042699584, "elapsed_seconds": 2774.3257818073034, "unix": 1789437542.2285168, "ddp_buckets_rebuilt": false}
{"step": 206, "prediction_tokens": 432013312, "loss": 2.5912163257598877, "lr": 6e-05, "grad_norm": 0.04499569162726402, "step_seconds": 13.104172863066196, "tokens_per_second": 160036.96089134886, "mfu": 0.7619850589903796, "elapsed_seconds": 2787.4456200934947, "unix": 1789437555.3483622, "ddp_buckets_rebuilt": false}
{"step": 207, "prediction_tokens": 434110464, "loss": 2.5870349407196045, "lr": 6e-05, "grad_norm": 0.04578781872987747, "step_seconds": 13.097171481698751, "tokens_per_second": 160122.51217222298, "mfu": 0.7623923948797923, "elapsed_seconds": 2800.564313046634, "unix": 1789437568.467049, "ddp_buckets_rebuilt": false}
{"step": 208, "prediction_tokens": 436207616, "loss": 2.62467622756958, "lr": 6e-05, "grad_norm": 0.04906320571899414, "step_seconds": 13.10106986016035, "tokens_per_second": 160074.8658227773, "mfu": 0.7621655359955017, "elapsed_seconds": 2813.6768822818995, "unix": 1789437581.579616, "ddp_buckets_rebuilt": false}
{"step": 209, "prediction_tokens": 438304768, "loss": 2.618114948272705, "lr": 6e-05, "grad_norm": 0.04696471989154816, "step_seconds": 13.109903927892447, "tokens_per_second": 159966.99987542463, "mfu": 0.7616519531344003, "elapsed_seconds": 2826.797370221466, "unix": 1789437594.700109, "ddp_buckets_rebuilt": false}
{"step": 210, "prediction_tokens": 440401920, "loss": 2.616333246231079, "lr": 6e-05, "grad_norm": 0.042676765471696854, "step_seconds": 13.115770138800144, "tokens_per_second": 159895.4524062627, "mfu": 0.7613112936879429, "elapsed_seconds": 2839.923738256097, "unix": 1789437607.826478, "ddp_buckets_rebuilt": false}
{"step": 211, "prediction_tokens": 442499072, "loss": 2.5751307010650635, "lr": 6e-05, "grad_norm": 0.044232867658138275, "step_seconds": 13.117641892284155, "tokens_per_second": 159872.63695874732, "mfu": 0.7612026623441328, "elapsed_seconds": 2853.0510854385793, "unix": 1789437620.9538233, "ddp_buckets_rebuilt": false}
{"step": 212, "prediction_tokens": 444596224, "loss": 2.6243324279785156, "lr": 6e-05, "grad_norm": 0.042260587215423584, "step_seconds": 13.121341802179813, "tokens_per_second": 159827.55663385018, "mfu": 0.7609880210897955, "elapsed_seconds": 2866.1834731660783, "unix": 1789437634.086208, "ddp_buckets_rebuilt": false}
{"step": 213, "prediction_tokens": 446693376, "loss": 2.643162250518799, "lr": 6e-05, "grad_norm": 0.04030970484018326, "step_seconds": 13.125459935516119, "tokens_per_second": 159777.41049098983, "mfu": 0.7607492599222955, "elapsed_seconds": 2879.3220821134746, "unix": 1789437647.2248168, "ddp_buckets_rebuilt": false}
{"step": 214, "prediction_tokens": 448790528, "loss": 2.615851879119873, "lr": 6e-05, "grad_norm": 0.042449209839105606, "step_seconds": 13.130219355225563, "tokens_per_second": 159719.49464540937, "mfu": 0.7604735048169415, "elapsed_seconds": 2892.4656496979296, "unix": 1789437660.3683906, "ddp_buckets_rebuilt": false}
{"step": 215, "prediction_tokens": 450887680, "loss": 2.6157760620117188, "lr": 6e-05, "grad_norm": 0.05302758514881134, "step_seconds": 13.282855097204447, "tokens_per_second": 157884.128423668, "mfu": 0.7517347632727803, "elapsed_seconds": 2905.7631197571754, "unix": 1789437673.6658568, "ddp_buckets_rebuilt": false}
{"step": 216, "prediction_tokens": 452984832, "loss": 2.6296849250793457, "lr": 6e-05, "grad_norm": 0.0412442684173584, "step_seconds": 13.124847449362278, "tokens_per_second": 159784.8666882523, "mfu": 0.7607847611645038, "elapsed_seconds": 2918.9014226719737, "unix": 1789437686.8041582, "ddp_buckets_rebuilt": false}
{"step": 217, "prediction_tokens": 455081984, "loss": 2.6568102836608887, "lr": 6e-05, "grad_norm": 0.042838290333747864, "step_seconds": 13.125279922038317, "tokens_per_second": 159779.60184138446, "mfu": 0.7607596936136778, "elapsed_seconds": 2932.037616044283, "unix": 1789437699.940352, "ddp_buckets_rebuilt": false}
{"step": 218, "prediction_tokens": 457179136, "loss": 2.609344959259033, "lr": 6e-05, "grad_norm": 0.042059276252985, "step_seconds": 13.125139076262712, "tokens_per_second": 159781.31643517403, "mfu": 0.7607678573206278, "elapsed_seconds": 2945.173822041601, "unix": 1789437713.0765676, "ddp_buckets_rebuilt": false}
{"step": 219, "prediction_tokens": 459276288, "loss": 2.5976314544677734, "lr": 6e-05, "grad_norm": 0.044007375836372375, "step_seconds": 13.127773106098175, "tokens_per_second": 159749.257017995, "mfu": 0.7606152126018435, "elapsed_seconds": 2958.313047695905, "unix": 1789437726.215783, "ddp_buckets_rebuilt": false}
{"step": 220, "prediction_tokens": 461373440, "loss": 2.5974478721618652, "lr": 6e-05, "grad_norm": 0.04494194686412811, "step_seconds": 13.126857679337263, "tokens_per_second": 159760.3974408199, "mfu": 0.7606682555720183, "elapsed_seconds": 2971.455298591405, "unix": 1789437739.3580346, "ddp_buckets_rebuilt": false}
{"step": 221, "prediction_tokens": 463470592, "loss": 2.5769238471984863, "lr": 6e-05, "grad_norm": 0.043408896774053574, "step_seconds": 13.120998814702034, "tokens_per_second": 159831.73458183292, "mfu": 0.7610079135816445, "elapsed_seconds": 2984.5874620452523, "unix": 1789437752.4902, "ddp_buckets_rebuilt": false}
{"step": 222, "prediction_tokens": 465567744, "loss": 2.549581527709961, "lr": 6e-05, "grad_norm": 0.04494939371943474, "step_seconds": 13.129099071025848, "tokens_per_second": 159733.12324439167, "mfu": 0.7605383947570007, "elapsed_seconds": 2997.72783748433, "unix": 1789437765.6305776, "ddp_buckets_rebuilt": false}
{"step": 223, "prediction_tokens": 467664896, "loss": 2.6253795623779297, "lr": 6e-05, "grad_norm": 0.04988650605082512, "step_seconds": 13.123971220105886, "tokens_per_second": 159795.53481397225, "mfu": 0.760835555383294, "elapsed_seconds": 3010.8677131272852, "unix": 1789437778.7704487, "ddp_buckets_rebuilt": false}
{"step": 224, "prediction_tokens": 469762048, "loss": 2.599716901779175, "lr": 6e-05, "grad_norm": 0.04590616375207901, "step_seconds": 13.125968910753727, "tokens_per_second": 159771.21492965476, "mfu": 0.7607197609544127, "elapsed_seconds": 3024.0070893652737, "unix": 1789437791.9098248, "ddp_buckets_rebuilt": false}
{"step": 225, "prediction_tokens": 471859200, "loss": 2.5700175762176514, "lr": 6e-05, "grad_norm": 0.04159896820783615, "step_seconds": 13.119850244373083, "tokens_per_second": 159845.7269662387, "mfu": 0.7610745356156889, "elapsed_seconds": 3037.139696843922, "unix": 1789437805.042439, "ddp_buckets_rebuilt": false}
{"step": 226, "prediction_tokens": 473956352, "loss": 2.573507785797119, "lr": 6e-05, "grad_norm": 0.049097903072834015, "step_seconds": 13.129770766943693, "tokens_per_second": 159724.9515794988, "mfu": 0.7604994869539484, "elapsed_seconds": 3050.2837574630976, "unix": 1789437818.1864936, "ddp_buckets_rebuilt": false}
{"step": 227, "prediction_tokens": 476053504, "loss": 2.562376022338867, "lr": 6e-05, "grad_norm": 0.04690715670585632, "step_seconds": 13.120932344347239, "tokens_per_second": 159832.54428588646, "mfu": 0.7610117688310043, "elapsed_seconds": 3063.4196196869016, "unix": 1789437831.3223534, "ddp_buckets_rebuilt": false}
{"step": 228, "prediction_tokens": 478150656, "loss": 2.6180355548858643, "lr": 6e-05, "grad_norm": 0.05100985988974571, "step_seconds": 13.128094710409641, "tokens_per_second": 159745.34357503592, "mfu": 0.7605965794995438, "elapsed_seconds": 3076.5596836470068, "unix": 1789437844.462421, "ddp_buckets_rebuilt": false}
{"step": 229, "prediction_tokens": 480247808, "loss": 2.6002349853515625, "lr": 6e-05, "grad_norm": 0.0550970733165741, "step_seconds": 13.125582903623581, "tokens_per_second": 159775.9136031238, "mfu": 0.7607421327800243, "elapsed_seconds": 3089.7011153139174, "unix": 1789437857.6038578, "ddp_buckets_rebuilt": false}
{"step": 230, "prediction_tokens": 482344960, "loss": 2.556643009185791, "lr": 6e-05, "grad_norm": 0.04536222293972969, "step_seconds": 13.134408712387085, "tokens_per_second": 159668.5504405061, "mfu": 0.7602309438312653, "elapsed_seconds": 3102.8514744862914, "unix": 1789437870.7542083, "ddp_buckets_rebuilt": false}
{"step": 231, "prediction_tokens": 484442112, "loss": 2.4978456497192383, "lr": 6e-05, "grad_norm": 0.05201638117432594, "step_seconds": 13.126033868640661, "tokens_per_second": 159770.4242566595, "mfu": 0.7607159963177588, "elapsed_seconds": 3115.9902068674564, "unix": 1789437883.8929446, "ddp_buckets_rebuilt": false}
{"step": 232, "prediction_tokens": 486539264, "loss": 2.558032989501953, "lr": 6e-05, "grad_norm": 0.04235159233212471, "step_seconds": 13.12492510676384, "tokens_per_second": 159783.92127504386, "mfu": 0.7607802597622315, "elapsed_seconds": 3129.1269240118563, "unix": 1789437897.0296648, "ddp_buckets_rebuilt": false}
{"step": 233, "prediction_tokens": 488636416, "loss": 2.576819658279419, "lr": 5.976344103943434e-05, "grad_norm": 0.04353250190615654, "step_seconds": 13.128606971353292, "tokens_per_second": 159739.1105222359, "mfu": 0.7605669020232967, "elapsed_seconds": 3142.269630264491, "unix": 1789437910.1723664, "ddp_buckets_rebuilt": false}
{"step": 234, "prediction_tokens": 490733568, "loss": 2.579859495162964, "lr": 5.9057494833858934e-05, "grad_norm": 0.04204625263810158, "step_seconds": 13.122167509049177, "tokens_per_second": 159817.49955209633, "mfu": 0.7609401362387536, "elapsed_seconds": 3155.4063870571554, "unix": 1789437923.3091223, "ddp_buckets_rebuilt": false}
{"step": 235, "prediction_tokens": 492830720, "loss": 2.5928826332092285, "lr": 5.789329457664754e-05, "grad_norm": 0.05241791903972626, "step_seconds": 13.124358467757702, "tokens_per_second": 159790.8198828936, "mfu": 0.7608131061502161, "elapsed_seconds": 3168.5450332202017, "unix": 1789437936.4477718, "ddp_buckets_rebuilt": false}
{"step": 236, "prediction_tokens": 494927872, "loss": 2.5644688606262207, "lr": 5.6289200401315906e-05, "grad_norm": 0.06473448127508163, "step_seconds": 13.11705244332552, "tokens_per_second": 159879.82125261036, "mfu": 0.7612368689708554, "elapsed_seconds": 3181.671972371638, "unix": 1789437949.5747132, "ddp_buckets_rebuilt": false}
{"step": 237, "prediction_tokens": 497025024, "loss": 2.548053741455078, "lr": 5.427050983124843e-05, "grad_norm": 0.051770444959402084, "step_seconds": 13.117802556604147, "tokens_per_second": 159870.67886947197, "mfu": 0.7611933392804876, "elapsed_seconds": 3194.8041250891984, "unix": 1789437962.7068605, "ddp_buckets_rebuilt": false}
{"step": 238, "prediction_tokens": 499122176, "loss": 2.5741751194000244, "lr": 5.186905882264235e-05, "grad_norm": 0.04401290416717529, "step_seconds": 13.125478189438581, "tokens_per_second": 159777.18828465036, "mfu": 0.7607482019297558, "elapsed_seconds": 3207.940240226686, "unix": 1789437975.842975, "ddp_buckets_rebuilt": false}
{"step": 239, "prediction_tokens": 501219328, "loss": 2.6073849201202393, "lr": 4.912271969246069e-05, "grad_norm": 0.10324995219707489, "step_seconds": 13.119704656302929, "tokens_per_second": 159847.50075852452, "mfu": 0.7610829811848375, "elapsed_seconds": 3221.0744202695787, "unix": 1789437988.9771655, "ddp_buckets_rebuilt": false}
{"step": 240, "prediction_tokens": 503316480, "loss": 2.593794822692871, "lr": 4.60748038493699e-05, "grad_norm": 0.04580787196755409, "step_seconds": 13.116625532507896, "tokens_per_second": 159885.02490998726, "mfu": 0.7612616451797463, "elapsed_seconds": 3234.204605925828, "unix": 1789438002.1073425, "ddp_buckets_rebuilt": false}
{"step": 241, "prediction_tokens": 505413632, "loss": 2.6228904724121094, "lr": 4.277337874695218e-05, "grad_norm": 0.05392516031861305, "step_seconds": 13.12156854569912, "tokens_per_second": 159824.79477938538, "mfu": 0.7609748710535441, "elapsed_seconds": 3247.3426883518696, "unix": 1789438015.2454228, "ddp_buckets_rebuilt": false}
{"step": 242, "prediction_tokens": 507510784, "loss": 2.5765419006347656, "lr": 3.927050983124842e-05, "grad_norm": 0.043726060539484024, "step_seconds": 13.128343932330608, "tokens_per_second": 159742.3110492584, "mfu": 0.7605821407141494, "elapsed_seconds": 3260.482113931328, "unix": 1789438028.3848484, "ddp_buckets_rebuilt": false}
{"step": 243, "prediction_tokens": 509607936, "loss": 2.560668706893921, "lr": 3.562143943757174e-05, "grad_norm": 0.04208013415336609, "step_seconds": 13.135938629508018, "tokens_per_second": 159649.95415622956, "mfu": 0.7601424012177808, "elapsed_seconds": 3273.629822604358, "unix": 1789438041.5325656, "ddp_buckets_rebuilt": false}
{"step": 244, "prediction_tokens": 511705088, "loss": 2.556753635406494, "lr": 3.1883715585879403e-05, "grad_norm": 0.04446791857481003, "step_seconds": 13.13400213420391, "tokens_per_second": 159673.49316462665, "mfu": 0.7602544776568866, "elapsed_seconds": 3286.7730477415025, "unix": 1789438054.6757836, "ddp_buckets_rebuilt": false}
{"step": 245, "prediction_tokens": 513802240, "loss": 2.5502099990844727, "lr": 2.81162844141206e-05, "grad_norm": 0.0443645641207695, "step_seconds": 13.274244781583548, "tokens_per_second": 157986.53968695467, "mfu": 0.7522223747099266, "elapsed_seconds": 3300.0639158450067, "unix": 1789438067.9666557, "ddp_buckets_rebuilt": false}
{"step": 246, "prediction_tokens": 515899392, "loss": 2.576295852661133, "lr": 2.4378560562428255e-05, "grad_norm": 0.05971835181117058, "step_seconds": 13.135343603789806, "tokens_per_second": 159657.1862341637, "mfu": 0.7601768353591226, "elapsed_seconds": 3313.214504752308, "unix": 1789438081.1172438, "ddp_buckets_rebuilt": false}
{"step": 247, "prediction_tokens": 517996544, "loss": 2.5968246459960938, "lr": 2.072949016875158e-05, "grad_norm": 0.048622339963912964, "step_seconds": 13.132471263408661, "tokens_per_second": 159692.10653012033, "mfu": 0.7603431015992853, "elapsed_seconds": 3326.359781190753, "unix": 1789438094.2625217, "ddp_buckets_rebuilt": false}
{"step": 248, "prediction_tokens": 520093696, "loss": 2.6061761379241943, "lr": 1.722662125304782e-05, "grad_norm": 0.038825102150440216, "step_seconds": 13.134633537381887, "tokens_per_second": 159665.81740034014, "mfu": 0.7602179309887289, "elapsed_seconds": 3339.5071681030095, "unix": 1789438107.409905, "ddp_buckets_rebuilt": false}
{"step": 249, "prediction_tokens": 522190848, "loss": 2.5481038093566895, "lr": 1.3925196150630094e-05, "grad_norm": 0.04207780584692955, "step_seconds": 13.136102631688118, "tokens_per_second": 159647.96095160345, "mfu": 0.7601329109591795, "elapsed_seconds": 3352.6555574573576, "unix": 1789438120.5582926, "ddp_buckets_rebuilt": false}
{"step": 250, "prediction_tokens": 524288000, "loss": 2.6353511810302734, "lr": 1.0877280307539308e-05, "grad_norm": 0.05009773373603821, "step_seconds": 13.144958641380072, "tokens_per_second": 159540.4030711977, "mfu": 0.7596207948993058, "elapsed_seconds": 3365.812589239329, "unix": 1789438133.715332, "ddp_buckets_rebuilt": false}
{"step": 251, "prediction_tokens": 526385152, "loss": 2.5976064205169678, "lr": 8.13094117735766e-06, "grad_norm": 0.039103902876377106, "step_seconds": 13.136686194688082, "tokens_per_second": 159640.86900758877, "mfu": 0.7600991440384114, "elapsed_seconds": 3378.962672058493, "unix": 1789438146.8654087, "ddp_buckets_rebuilt": false}
{"step": 252, "prediction_tokens": 528482304, "loss": 2.6011593341827393, "lr": 5.72949016875158e-06, "grad_norm": 0.03896420821547508, "step_seconds": 13.14040995016694, "tokens_per_second": 159595.6296609572, "mfu": 0.7598837456328197, "elapsed_seconds": 3392.117325309664, "unix": 1789438160.020061, "ddp_buckets_rebuilt": false}
{"step": 253, "prediction_tokens": 530579456, "loss": 2.61470890045166, "lr": 3.710799598684099e-06, "grad_norm": 0.04214198887348175, "step_seconds": 13.133747559040785, "tokens_per_second": 159676.58816134304, "mfu": 0.7602692138855827, "elapsed_seconds": 3405.266458865255, "unix": 1789438173.1691968, "ddp_buckets_rebuilt": false}
{"step": 254, "prediction_tokens": 532676608, "loss": 2.5416507720947266, "lr": 2.1067054233524597e-06, "grad_norm": 0.03776036947965622, "step_seconds": 13.126537825912237, "tokens_per_second": 159764.29031120072, "mfu": 0.7606867907219627, "elapsed_seconds": 3418.4076451174915, "unix": 1789438186.3103867, "ddp_buckets_rebuilt": false}
{"step": 255, "prediction_tokens": 534773760, "loss": 2.576911449432373, "lr": 9.425051661410677e-07, "grad_norm": 0.038532037287950516, "step_seconds": 13.129483487457037, "tokens_per_second": 159728.4464391511, "mfu": 0.7605161270527324, "elapsed_seconds": 3431.556582957506, "unix": 1789438199.459323, "ddp_buckets_rebuilt": false}
{"step": 256, "prediction_tokens": 536870912, "loss": 2.5812573432922363, "lr": 2.3655896056566706e-07, "grad_norm": 0.03816993162035942, "step_seconds": 13.128325201570988, "tokens_per_second": 159742.5389606472, "mfu": 0.7605832258701789, "elapsed_seconds": 3444.701510142535, "unix": 1789438212.6042442, "ddp_buckets_rebuilt": false}
{"status": "QUALIFICATION_COMPLETED", "formal_promotion": false, "mfu_window_passed": true, "step": 256, "tokens": 536870912, "unix": 1789438258.8386762, "model_checkpoint_sha256": "121997e8d876c88582368f67cf1fcb163ea6adff72b5eea00964dcb1060fbbbf", "model_checkpoint_resumable": false}
