README.md: OK
build_inputs.py: OK
run.sbatch: OK
submit.py: OK
test_build_inputs.py: OK
README.md: OK
mixture.py: OK
resume.py: OK
test_v2.py: OK
train_cpt.py: OK
{"step": 1, "prediction_tokens": 2097152, "loss": 3.037764549255371, "lr": 1.875e-06, "grad_norm": 0.5941351652145386, "step_seconds": 59.10453035309911, "tokens_per_second": 35482.085509711476, "mfu": 0.1689410925428335, "elapsed_seconds": 99.09912248328328, "unix": 1789427753.141705, "ddp_buckets_rebuilt": false}
{"step": 2, "prediction_tokens": 4194304, "loss": 2.9984474182128906, "lr": 3.75e-06, "grad_norm": 0.5299001336097717, "step_seconds": 12.946005061268806, "tokens_per_second": 161992.2122751328, "mfu": 0.7712946105634385, "elapsed_seconds": 112.06071534007788, "unix": 1789427766.103306, "ddp_buckets_rebuilt": false}
{"step": 3, "prediction_tokens": 6291456, "loss": 2.949016809463501, "lr": 5.625e-06, "grad_norm": 0.5166429877281189, "step_seconds": 13.01798677071929, "tokens_per_second": 161096.49187207807, "mfu": 0.7670298109798979, "elapsed_seconds": 125.09127925336361, "unix": 1789427779.1338472, "ddp_buckets_rebuilt": false}
{"step": 4, "prediction_tokens": 8388608, "loss": 3.034433603286743, "lr": 7.5e-06, "grad_norm": 0.5508356094360352, "step_seconds": 12.942687422037125, "tokens_per_second": 162033.73624161258, "mfu": 0.7714923189045079, "elapsed_seconds": 138.04492062702775, "unix": 1789427792.0874975, "ddp_buckets_rebuilt": false}
{"step": 5, "prediction_tokens": 10485760, "loss": 3.011122703552246, "lr": 9.375000000000001e-06, "grad_norm": 0.44208160042762756, "step_seconds": 12.94403414055705, "tokens_per_second": 162016.87798621244, "mfu": 0.7714120515796099, "elapsed_seconds": 151.0033147521317, "unix": 1789427805.045891, "ddp_buckets_rebuilt": false}
{"step": 6, "prediction_tokens": 12582912, "loss": 2.996504545211792, "lr": 1.125e-05, "grad_norm": 0.4209866523742676, "step_seconds": 12.947726249694824, "tokens_per_second": 161970.67806012885, "mfu": 0.7711920795606083, "elapsed_seconds": 163.9635002836585, "unix": 1789427818.0060704, "ddp_buckets_rebuilt": false}
{"step": 7, "prediction_tokens": 14680064, "loss": 2.963205337524414, "lr": 1.3125e-05, "grad_norm": 0.3970218002796173, "step_seconds": 12.948791813105345, "tokens_per_second": 161957.34940131582, "mfu": 0.7711286177276958, "elapsed_seconds": 176.92295885831118, "unix": 1789427830.9655302, "ddp_buckets_rebuilt": false}
{"step": 8, "prediction_tokens": 16777216, "loss": 2.9652318954467773, "lr": 1.5e-05, "grad_norm": 0.38467666506767273, "step_seconds": 12.94932633265853, "tokens_per_second": 161950.6641601061, "mfu": 0.7710967872437302, "elapsed_seconds": 189.884246237576, "unix": 1789427843.9268224, "ddp_buckets_rebuilt": false}
{"step": 9, "prediction_tokens": 18874368, "loss": 2.9462971687316895, "lr": 1.6875e-05, "grad_norm": 0.38940030336380005, "step_seconds": 12.953036785125732, "tokens_per_second": 161904.2727036958, "mfu": 0.770875903290095, "elapsed_seconds": 202.84846875816584, "unix": 1789427856.8910408, "ddp_buckets_rebuilt": false}
{"step": 10, "prediction_tokens": 20971520, "loss": 2.9639694690704346, "lr": 1.8750000000000002e-05, "grad_norm": 0.4025580883026123, "step_seconds": 12.952579155564308, "tokens_per_second": 161909.99296839524, "mfu": 0.7709031392249075, "elapsed_seconds": 215.8143954128027, "unix": 1789427869.8569665, "ddp_buckets_rebuilt": false}
{"step": 11, "prediction_tokens": 23068672, "loss": 2.886046886444092, "lr": 2.0625e-05, "grad_norm": 0.3915250599384308, "step_seconds": 12.953343600034714, "tokens_per_second": 161900.43781393862, "mfu": 0.7708576442036841, "elapsed_seconds": 228.78177024796605, "unix": 1789427882.8243496, "ddp_buckets_rebuilt": false}
{"step": 12, "prediction_tokens": 25165824, "loss": 2.86995267868042, "lr": 2.25e-05, "grad_norm": 0.3536129295825958, "step_seconds": 12.956402443349361, "tokens_per_second": 161862.2151611605, "mfu": 0.7706756544297614, "elapsed_seconds": 241.7495783790946, "unix": 1789427895.7921493, "ddp_buckets_rebuilt": false}
{"step": 13, "prediction_tokens": 27262976, "loss": 2.9035110473632812, "lr": 2.4375e-05, "grad_norm": 0.22679199278354645, "step_seconds": 12.958038121461868, "tokens_per_second": 161841.7834816038, "mfu": 0.7705783729363765, "elapsed_seconds": 254.72790597751737, "unix": 1789427908.7704759, "ddp_buckets_rebuilt": false}
{"step": 14, "prediction_tokens": 29360128, "loss": 2.9091691970825195, "lr": 2.625e-05, "grad_norm": 0.25302445888519287, "step_seconds": 12.953330423682928, "tokens_per_second": 161900.60250186466, "mfu": 0.7708584283334147, "elapsed_seconds": 267.7008085139096, "unix": 1789427921.7433825, "ddp_buckets_rebuilt": false}
{"step": 15, "prediction_tokens": 31457280, "loss": 2.8947744369506836, "lr": 2.8125e-05, "grad_norm": 0.3062039315700531, "step_seconds": 12.952388647943735, "tokens_per_second": 161912.3743891776, "mfu": 0.7709144778997062, "elapsed_seconds": 280.6696774698794, "unix": 1789427934.7122827, "ddp_buckets_rebuilt": false}
{"step": 16, "prediction_tokens": 33554432, "loss": 2.8862972259521484, "lr": 3e-05, "grad_norm": 0.25639763474464417, "step_seconds": 12.950950425118208, "tokens_per_second": 161930.35500565267, "mfu": 0.7710000891299442, "elapsed_seconds": 293.63651084527373, "unix": 1789427947.6790817, "ddp_buckets_rebuilt": false}
{"step": 17, "prediction_tokens": 35651584, "loss": 2.8453993797302246, "lr": 3.1875e-05, "grad_norm": 0.23122715950012207, "step_seconds": 12.950372692197561, "tokens_per_second": 161937.57892879084, "mfu": 0.7710344844438012, "elapsed_seconds": 306.60069865733385, "unix": 1789427960.643269, "ddp_buckets_rebuilt": false}
{"step": 18, "prediction_tokens": 37748736, "loss": 2.7894046306610107, "lr": 3.375e-05, "grad_norm": 0.2015438675880432, "step_seconds": 12.950932830572128, "tokens_per_second": 161930.5749968402, "mfu": 0.771001136575466, "elapsed_seconds": 319.56541220098734, "unix": 1789427973.6079862, "ddp_buckets_rebuilt": false}
{"step": 19, "prediction_tokens": 39845888, "loss": 2.8095591068267822, "lr": 3.5625e-05, "grad_norm": 0.17945681512355804, "step_seconds": 12.949598789215088, "tokens_per_second": 161947.25675567548, "mfu": 0.7710805635460818, "elapsed_seconds": 332.52854961156845, "unix": 1789427986.5711281, "ddp_buckets_rebuilt": false}
{"step": 20, "prediction_tokens": 41943040, "loss": 2.78579044342041, "lr": 3.7500000000000003e-05, "grad_norm": 0.14992044866085052, "step_seconds": 12.947405904531479, "tokens_per_second": 161974.68554423054, "mfu": 0.7712111604216332, "elapsed_seconds": 345.48955607786775, "unix": 1789427999.5321348, "ddp_buckets_rebuilt": false}
{"step": 21, "prediction_tokens": 44040192, "loss": 2.8885984420776367, "lr": 3.9375e-05, "grad_norm": 0.1558370739221573, "step_seconds": 12.947021193802357, "tokens_per_second": 161979.49849683503, "mfu": 0.7712340763652616, "elapsed_seconds": 358.4506781511009, "unix": 1789428012.4932473, "ddp_buckets_rebuilt": false}
{"step": 22, "prediction_tokens": 46137344, "loss": 2.8776204586029053, "lr": 4.125e-05, "grad_norm": 0.1471114605665207, "step_seconds": 12.946878552436829, "tokens_per_second": 161981.28309508853, "mfu": 0.771242573384937, "elapsed_seconds": 371.4097547158599, "unix": 1789428025.4523287, "ddp_buckets_rebuilt": false}
{"step": 23, "prediction_tokens": 48234496, "loss": 2.873044490814209, "lr": 4.3125e-05, "grad_norm": 0.1341012567281723, "step_seconds": 12.94642848521471, "tokens_per_second": 161986.9141821641, "mfu": 0.7712693847177288, "elapsed_seconds": 384.36950363218784, "unix": 1789428038.4120798, "ddp_buckets_rebuilt": false}
{"step": 24, "prediction_tokens": 50331648, "loss": 2.854517698287964, "lr": 4.5e-05, "grad_norm": 0.11922437697649002, "step_seconds": 12.948203418403864, "tokens_per_second": 161964.70909772883, "mfu": 0.7711636594997602, "elapsed_seconds": 397.3315661922097, "unix": 1789428051.3741372, "ddp_buckets_rebuilt": false}
{"step": 25, "prediction_tokens": 52428800, "loss": 2.817345142364502, "lr": 4.6875e-05, "grad_norm": 0.14877866208553314, "step_seconds": 12.948466554284096, "tokens_per_second": 161961.41768664814, "mfu": 0.7711479880820293, "elapsed_seconds": 410.29655008390546, "unix": 1789428064.3391216, "ddp_buckets_rebuilt": false}
{"step": 26, "prediction_tokens": 54525952, "loss": 2.793311595916748, "lr": 4.875e-05, "grad_norm": 0.13740117847919464, "step_seconds": 12.94765042886138, "tokens_per_second": 161971.62655282038, "mfu": 0.771196595625244, "elapsed_seconds": 423.2585544846952, "unix": 1789428077.3011286, "ddp_buckets_rebuilt": false}
{"step": 27, "prediction_tokens": 56623104, "loss": 2.8430848121643066, "lr": 5.0625000000000004e-05, "grad_norm": 0.11713360995054245, "step_seconds": 12.946069288998842, "tokens_per_second": 161991.40860323474, "mfu": 0.7712907840350214, "elapsed_seconds": 436.22229386121035, "unix": 1789428090.2648678, "ddp_buckets_rebuilt": false}
{"step": 28, "prediction_tokens": 58720256, "loss": 2.8185079097747803, "lr": 5.25e-05, "grad_norm": 0.11420266330242157, "step_seconds": 12.949395649135113, "tokens_per_second": 161949.79725869047, "mfu": 0.7710926596601854, "elapsed_seconds": 449.1866816878319, "unix": 1789428103.2292523, "ddp_buckets_rebuilt": false}
{"step": 29, "prediction_tokens": 60817408, "loss": 2.853519916534424, "lr": 5.4375e-05, "grad_norm": 0.10555531084537506, "step_seconds": 12.948289699852467, "tokens_per_second": 161963.62983938295, "mfu": 0.771158520819734, "elapsed_seconds": 462.1467976719141, "unix": 1789428116.1893673, "ddp_buckets_rebuilt": false}
{"step": 30, "prediction_tokens": 62914560, "loss": 2.7620790004730225, "lr": 5.625e-05, "grad_norm": 0.11916904151439667, "step_seconds": 12.949386142194271, "tokens_per_second": 161949.91615599763, "mfu": 0.7710932257667342, "elapsed_seconds": 475.1107974871993, "unix": 1789428129.1533682, "ddp_buckets_rebuilt": false}
{"step": 31, "prediction_tokens": 65011712, "loss": 2.793055772781372, "lr": 5.8125e-05, "grad_norm": 0.11212126910686493, "step_seconds": 13.194398563355207, "tokens_per_second": 158942.59900746203, "mfu": 0.7567744663872342, "elapsed_seconds": 488.31700209900737, "unix": 1789428142.3595746, "ddp_buckets_rebuilt": false}
{"step": 32, "prediction_tokens": 67108864, "loss": 2.745077133178711, "lr": 6e-05, "grad_norm": 0.11012285202741623, "step_seconds": 12.951663557440042, "tokens_per_second": 161921.43894868993, "mfu": 0.7709576370479196, "elapsed_seconds": 501.2802158854902, "unix": 1789428155.3227925, "ddp_buckets_rebuilt": false}
{"step": 33, "prediction_tokens": 69206016, "loss": 2.775338649749756, "lr": 6e-05, "grad_norm": 0.08697989583015442, "step_seconds": 12.95071004703641, "tokens_per_second": 161933.36059437948, "mfu": 0.7710143996597777, "elapsed_seconds": 514.2443700991571, "unix": 1789428168.2869399, "ddp_buckets_rebuilt": false}
{"step": 34, "prediction_tokens": 71303168, "loss": 2.685260772705078, "lr": 6e-05, "grad_norm": 0.11728309839963913, "step_seconds": 12.963636793196201, "tokens_per_second": 161771.8880477015, "mfu": 0.7702455793365195, "elapsed_seconds": 527.2220549285412, "unix": 1789428181.2646246, "ddp_buckets_rebuilt": false}
{"step": 35, "prediction_tokens": 73400320, "loss": 2.7621068954467773, "lr": 6e-05, "grad_norm": 0.11523301154375076, "step_seconds": 12.950985103845596, "tokens_per_second": 161929.9214063093, "mfu": 0.7709980246304723, "elapsed_seconds": 540.1856015399098, "unix": 1789428194.2281713, "ddp_buckets_rebuilt": false}
{"step": 36, "prediction_tokens": 75497472, "loss": 2.741647481918335, "lr": 6e-05, "grad_norm": 0.09820176661014557, "step_seconds": 12.95206493884325, "tokens_per_second": 161916.4210419174, "mfu": 0.7709337452546315, "elapsed_seconds": 553.148906506598, "unix": 1789428207.1914792, "ddp_buckets_rebuilt": false}
{"step": 37, "prediction_tokens": 77594624, "loss": 2.7597849369049072, "lr": 6e-05, "grad_norm": 0.08889241516590118, "step_seconds": 12.951481085270643, "tokens_per_second": 161923.72024424543, "mfu": 0.7709684989958019, "elapsed_seconds": 566.1129097267985, "unix": 1789428220.1554875, "ddp_buckets_rebuilt": false}
{"step": 38, "prediction_tokens": 79691776, "loss": 2.8865785598754883, "lr": 6e-05, "grad_norm": 0.12118601053953171, "step_seconds": 12.951507441699505, "tokens_per_second": 161923.39072808425, "mfu": 0.770966930068286, "elapsed_seconds": 579.0803646184504, "unix": 1789428233.1229346, "ddp_buckets_rebuilt": false}
{"step": 39, "prediction_tokens": 81788928, "loss": 2.6983425617218018, "lr": 6e-05, "grad_norm": 0.09575897455215454, "step_seconds": 12.9524831995368, "tokens_per_second": 161911.19244802397, "mfu": 0.7709088503153366, "elapsed_seconds": 592.0452269352973, "unix": 1789428246.0877974, "ddp_buckets_rebuilt": false}
{"step": 40, "prediction_tokens": 83886080, "loss": 2.7284059524536133, "lr": 6e-05, "grad_norm": 0.09369689971208572, "step_seconds": 12.9493791423738, "tokens_per_second": 161950.00369844472, "mfu": 0.7710936425831768, "elapsed_seconds": 605.0063852407038, "unix": 1789428259.0489557, "ddp_buckets_rebuilt": false}
{"step": 41, "prediction_tokens": 85983232, "loss": 2.7344295978546143, "lr": 6e-05, "grad_norm": 0.09403639286756516, "step_seconds": 12.948189593851566, "tokens_per_second": 161964.8820245751, "mfu": 0.7711644828575172, "elapsed_seconds": 617.9663838110864, "unix": 1789428272.0089593, "ddp_buckets_rebuilt": false}
{"step": 42, "prediction_tokens": 88080384, "loss": 2.734168529510498, "lr": 6e-05, "grad_norm": 0.10507705062627792, "step_seconds": 12.94907633960247, "tokens_per_second": 161953.79075696928, "mfu": 0.7711116739304178, "elapsed_seconds": 630.9319691099226, "unix": 1789428284.9745443, "ddp_buckets_rebuilt": false}
{"step": 43, "prediction_tokens": 90177536, "loss": 2.754012107849121, "lr": 6e-05, "grad_norm": 0.08729317039251328, "step_seconds": 12.949300661683083, "tokens_per_second": 161950.98521462726, "mfu": 0.7710983158827827, "elapsed_seconds": 643.8942779153585, "unix": 1789428297.9368494, "ddp_buckets_rebuilt": false}
{"step": 44, "prediction_tokens": 92274688, "loss": 2.7914795875549316, "lr": 6e-05, "grad_norm": 0.09509644657373428, "step_seconds": 12.950964447110891, "tokens_per_second": 161930.1796838639, "mfu": 0.7709992543691314, "elapsed_seconds": 656.8572071902454, "unix": 1789428310.8997781, "ddp_buckets_rebuilt": false}
{"step": 45, "prediction_tokens": 94371840, "loss": 2.796194076538086, "lr": 6e-05, "grad_norm": 0.10215350985527039, "step_seconds": 12.949913188815117, "tokens_per_second": 161943.32498007145, "mfu": 0.7710618431564363, "elapsed_seconds": 669.822398442775, "unix": 1789428323.8649695, "ddp_buckets_rebuilt": false}
{"step": 46, "prediction_tokens": 96468992, "loss": 2.7435145378112793, "lr": 6e-05, "grad_norm": 0.1022176444530487, "step_seconds": 12.950706157833338, "tokens_per_second": 161933.40922429322, "mfu": 0.7710146312017133, "elapsed_seconds": 682.7847182638943, "unix": 1789428336.8272913, "ddp_buckets_rebuilt": false}
{"step": 47, "prediction_tokens": 98566144, "loss": 2.711853504180908, "lr": 6e-05, "grad_norm": 0.08366020768880844, "step_seconds": 12.95292491838336, "tokens_per_second": 161905.67097502665, "mfu": 0.7708825608887933, "elapsed_seconds": 695.7492276653647, "unix": 1789428349.7918043, "ddp_buckets_rebuilt": false}
{"step": 48, "prediction_tokens": 100663296, "loss": 2.6944828033447266, "lr": 6e-05, "grad_norm": 0.08864931762218475, "step_seconds": 12.957418479025364, "tokens_per_second": 161849.52298906876, "mfu": 0.7706152231053586, "elapsed_seconds": 708.7195109501481, "unix": 1789428362.762082, "ddp_buckets_rebuilt": false}
{"step": 49, "prediction_tokens": 102760448, "loss": 2.7299184799194336, "lr": 6e-05, "grad_norm": 0.0863630622625351, "step_seconds": 12.96869146078825, "tokens_per_second": 161708.83595626333, "mfu": 0.7699453689891949, "elapsed_seconds": 721.7041392661631, "unix": 1789428375.7467096, "ddp_buckets_rebuilt": false}
{"step": 50, "prediction_tokens": 104857600, "loss": 2.699388027191162, "lr": 6e-05, "grad_norm": 0.08786643296480179, "step_seconds": 12.973070282489061, "tokens_per_second": 161654.25410750436, "mfu": 0.7696854880653459, "elapsed_seconds": 734.6923690997064, "unix": 1789428388.7349389, "ddp_buckets_rebuilt": false}
{"step": 51, "prediction_tokens": 106954752, "loss": 2.67706036567688, "lr": 6e-05, "grad_norm": 0.08948968350887299, "step_seconds": 12.976040050387383, "tokens_per_second": 161617.25702575897, "mfu": 0.7695093336110297, "elapsed_seconds": 747.6829306073487, "unix": 1789428401.7255056, "ddp_buckets_rebuilt": false}
{"step": 52, "prediction_tokens": 109051904, "loss": 2.700571060180664, "lr": 6e-05, "grad_norm": 0.0836229920387268, "step_seconds": 12.974017921835184, "tokens_per_second": 161642.44666800616, "mfu": 0.7696292692241954, "elapsed_seconds": 760.6733075380325, "unix": 1789428414.7158859, "ddp_buckets_rebuilt": false}
{"step": 53, "prediction_tokens": 111149056, "loss": 2.669468402862549, "lr": 6e-05, "grad_norm": 0.09325694292783737, "step_seconds": 12.973508428782225, "tokens_per_second": 161648.7946581503, "mfu": 0.7696594939523926, "elapsed_seconds": 773.6591805294156, "unix": 1789428427.7017524, "ddp_buckets_rebuilt": false}
{"step": 54, "prediction_tokens": 113246208, "loss": 2.7166624069213867, "lr": 6e-05, "grad_norm": 0.08727999776601791, "step_seconds": 12.964289996773005, "tokens_per_second": 161763.73719825852, "mfu": 0.7702067706422089, "elapsed_seconds": 786.6354594193399, "unix": 1789428440.6780329, "ddp_buckets_rebuilt": false}
{"step": 55, "prediction_tokens": 115343360, "loss": 2.652137279510498, "lr": 6e-05, "grad_norm": 0.08124738931655884, "step_seconds": 12.952028837054968, "tokens_per_second": 161916.87235903734, "mfu": 0.7709358941138722, "elapsed_seconds": 799.6003782823682, "unix": 1789428453.642948, "ddp_buckets_rebuilt": false}
{"step": 56, "prediction_tokens": 117440512, "loss": 2.714221954345703, "lr": 6e-05, "grad_norm": 0.0848991796374321, "step_seconds": 12.950457941740751, "tokens_per_second": 161936.51293524134, "mfu": 0.7710294089215395, "elapsed_seconds": 812.5653415694833, "unix": 1789428466.607913, "ddp_buckets_rebuilt": false}
{"step": 57, "prediction_tokens": 119537664, "loss": 2.748271942138672, "lr": 6e-05, "grad_norm": 0.08316874504089355, "step_seconds": 12.947153151035309, "tokens_per_second": 161977.84760368752, "mfu": 0.7712262159566075, "elapsed_seconds": 825.5250868052244, "unix": 1789428479.5676618, "ddp_buckets_rebuilt": false}
{"step": 58, "prediction_tokens": 121634816, "loss": 2.6832945346832275, "lr": 6e-05, "grad_norm": 0.08092286437749863, "step_seconds": 12.946945361793041, "tokens_per_second": 161980.44723265615, "mfu": 0.7712385935875121, "elapsed_seconds": 838.4835171028972, "unix": 1789428492.5260885, "ddp_buckets_rebuilt": false}
{"step": 59, "prediction_tokens": 123731968, "loss": 2.7775328159332275, "lr": 6e-05, "grad_norm": 0.08283066004514694, "step_seconds": 12.946313377469778, "tokens_per_second": 161988.35443375204, "mfu": 0.7712762421973078, "elapsed_seconds": 851.4433983117342, "unix": 1789428505.4859684, "ddp_buckets_rebuilt": false}
{"step": 60, "prediction_tokens": 125829120, "loss": 2.6954479217529297, "lr": 6e-05, "grad_norm": 0.08778273314237595, "step_seconds": 12.948419228196144, "tokens_per_second": 161962.00965082253, "mfu": 0.771150806605037, "elapsed_seconds": 864.4065150544047, "unix": 1789428518.4490857, "ddp_buckets_rebuilt": false}
{"step": 61, "prediction_tokens": 127926272, "loss": 2.696944236755371, "lr": 6e-05, "grad_norm": 0.08257441967725754, "step_seconds": 13.105452328920364, "tokens_per_second": 160021.33672045218, "mfu": 0.7619106675203337, "elapsed_seconds": 877.525082744658, "unix": 1789428531.5676537, "ddp_buckets_rebuilt": false}
{"step": 62, "prediction_tokens": 130023424, "loss": 2.7011570930480957, "lr": 6e-05, "grad_norm": 0.08531336486339569, "step_seconds": 12.946854062378407, "tokens_per_second": 161981.58949624724, "mfu": 0.7712440322548361, "elapsed_seconds": 890.4878476858139, "unix": 1789428544.5304215, "ddp_buckets_rebuilt": false}
{"step": 63, "prediction_tokens": 132120576, "loss": 2.7112009525299072, "lr": 6e-05, "grad_norm": 0.08341433107852936, "step_seconds": 12.945669960230589, "tokens_per_second": 161996.40547322013, "mfu": 0.7713145756657133, "elapsed_seconds": 903.4466605745256, "unix": 1789428557.4892318, "ddp_buckets_rebuilt": false}
{"step": 64, "prediction_tokens": 134217728, "loss": 2.6510426998138428, "lr": 6e-05, "grad_norm": 0.11403726041316986, "step_seconds": 12.96168464794755, "tokens_per_second": 161796.25233607876, "mfu": 0.7703615851867494, "elapsed_seconds": 916.4203732311726, "unix": 1789428570.4629428, "ddp_buckets_rebuilt": false}
{"step": 65, "prediction_tokens": 136314880, "loss": 2.717195987701416, "lr": 6e-05, "grad_norm": 0.08849260210990906, "step_seconds": 12.946989849209785, "tokens_per_second": 161979.89064832695, "mfu": 0.7712359435187995, "elapsed_seconds": 929.3816180378199, "unix": 1789428583.4241877, "ddp_buckets_rebuilt": false}
{"step": 66, "prediction_tokens": 138412032, "loss": 2.6764469146728516, "lr": 6e-05, "grad_norm": 0.07676167786121368, "step_seconds": 12.945997230708599, "tokens_per_second": 161992.3102582969, "mfu": 0.7712950770913373, "elapsed_seconds": 942.3381085693836, "unix": 1789428596.3806787, "ddp_buckets_rebuilt": false}
{"step": 67, "prediction_tokens": 140509184, "loss": 2.6545326709747314, "lr": 6e-05, "grad_norm": 0.08353058248758316, "step_seconds": 12.945295110344887, "tokens_per_second": 162001.09631522553, "mfu": 0.7713369102033244, "elapsed_seconds": 955.2975545711815, "unix": 1789428609.3401284, "ddp_buckets_rebuilt": false}
{"step": 68, "prediction_tokens": 142606336, "loss": 2.668952465057373, "lr": 6e-05, "grad_norm": 0.07845509797334671, "step_seconds": 12.944739449769258, "tokens_per_second": 162008.05030783234, "mfu": 0.7713700202951257, "elapsed_seconds": 968.2534247972071, "unix": 1789428622.2959943, "ddp_buckets_rebuilt": false}
{"step": 69, "prediction_tokens": 144703488, "loss": 2.6875786781311035, "lr": 6e-05, "grad_norm": 0.08061262965202332, "step_seconds": 12.945848915725946, "tokens_per_second": 161994.16613401755, "mfu": 0.7713039134848966, "elapsed_seconds": 981.2127262428403, "unix": 1789428635.2552962, "ddp_buckets_rebuilt": false}
{"step": 70, "prediction_tokens": 146800640, "loss": 2.647451400756836, "lr": 6e-05, "grad_norm": 0.0742781013250351, "step_seconds": 12.945142712444067, "tokens_per_second": 162003.0034882523, "mfu": 0.7713459908390926, "elapsed_seconds": 994.1741050854325, "unix": 1789428648.216674, "ddp_buckets_rebuilt": false}
{"step": 71, "prediction_tokens": 148897792, "loss": 2.5535781383514404, "lr": 6e-05, "grad_norm": 0.11534774303436279, "step_seconds": 12.94825791195035, "tokens_per_second": 161964.0274592054, "mfu": 0.7711604140096708, "elapsed_seconds": 1007.1381167583168, "unix": 1789428661.180688, "ddp_buckets_rebuilt": false}
{"step": 72, "prediction_tokens": 150994944, "loss": 2.7017641067504883, "lr": 6e-05, "grad_norm": 0.0778517872095108, "step_seconds": 12.946383196860552, "tokens_per_second": 161987.48083623472, "mfu": 0.7712720827315691, "elapsed_seconds": 1020.0970032736659, "unix": 1789428674.1395795, "ddp_buckets_rebuilt": false}
{"step": 73, "prediction_tokens": 153092096, "loss": 2.634545087814331, "lr": 6e-05, "grad_norm": 0.08896312862634659, "step_seconds": 12.94567071646452, "tokens_per_second": 161996.39601004275, "mfu": 0.7713145306086231, "elapsed_seconds": 1033.0528012514114, "unix": 1789428687.0953734, "ddp_buckets_rebuilt": false}
{"step": 74, "prediction_tokens": 155189248, "loss": 2.641674041748047, "lr": 6e-05, "grad_norm": 0.08335084468126297, "step_seconds": 12.946042813360691, "tokens_per_second": 161991.73988793537, "mfu": 0.7712923613830961, "elapsed_seconds": 1046.012566294521, "unix": 1789428700.0551364, "ddp_buckets_rebuilt": false}
{"step": 75, "prediction_tokens": 157286400, "loss": 2.655522346496582, "lr": 6e-05, "grad_norm": 0.07816861569881439, "step_seconds": 12.947607923299074, "tokens_per_second": 161972.158287725, "mfu": 0.7711991273782242, "elapsed_seconds": 1058.9750168807805, "unix": 1789428713.0175865, "ddp_buckets_rebuilt": false}
{"step": 76, "prediction_tokens": 159383552, "loss": 2.619856595993042, "lr": 6e-05, "grad_norm": 0.0744832456111908, "step_seconds": 12.945412386208773, "tokens_per_second": 161999.62870508272, "mfu": 0.771329922461274, "elapsed_seconds": 1071.9321747012436, "unix": 1789428725.9747458, "ddp_buckets_rebuilt": false}
{"step": 77, "prediction_tokens": 161480704, "loss": 2.6645028591156006, "lr": 6e-05, "grad_norm": 0.07809767127037048, "step_seconds": 12.945939179509878, "tokens_per_second": 161993.03665193, "mfu": 0.7712985356742312, "elapsed_seconds": 1084.890954323113, "unix": 1789428738.9335318, "ddp_buckets_rebuilt": false}
{"step": 78, "prediction_tokens": 163577856, "loss": 2.6743264198303223, "lr": 6e-05, "grad_norm": 0.08042201399803162, "step_seconds": 12.947345290333033, "tokens_per_second": 161975.44384375162, "mfu": 0.7712147709182465, "elapsed_seconds": 1097.8507649414241, "unix": 1789428751.8933392, "ddp_buckets_rebuilt": false}
{"step": 79, "prediction_tokens": 165675008, "loss": 2.76440691947937, "lr": 6e-05, "grad_norm": 0.07933218777179718, "step_seconds": 12.945623930543661, "tokens_per_second": 161996.98147047352, "mfu": 0.7713173181653125, "elapsed_seconds": 1110.811397522688, "unix": 1789428764.853969, "ddp_buckets_rebuilt": false}
{"step": 80, "prediction_tokens": 167772160, "loss": 2.695448398590088, "lr": 6e-05, "grad_norm": 0.07838448137044907, "step_seconds": 12.944230750203133, "tokens_per_second": 162014.41711529205, "mfu": 0.7714003346183342, "elapsed_seconds": 1123.7669640555978, "unix": 1789428777.8095338, "ddp_buckets_rebuilt": false}
{"step": 81, "prediction_tokens": 169869312, "loss": 2.7011237144470215, "lr": 6e-05, "grad_norm": 0.084406279027462, "step_seconds": 12.94467942416668, "tokens_per_second": 162008.80155323006, "mfu": 0.771373597204894, "elapsed_seconds": 1136.7259199917316, "unix": 1789428790.7684915, "ddp_buckets_rebuilt": false}
{"step": 82, "prediction_tokens": 171966464, "loss": 2.6861345767974854, "lr": 6e-05, "grad_norm": 0.07141317427158356, "step_seconds": 12.94473696872592, "tokens_per_second": 162008.08135898426, "mfu": 0.7713701681391844, "elapsed_seconds": 1149.6846287436783, "unix": 1789428803.7271993, "ddp_buckets_rebuilt": false}
{"step": 83, "prediction_tokens": 174063616, "loss": 2.660187244415283, "lr": 6e-05, "grad_norm": 0.07476839423179626, "step_seconds": 12.94437738507986, "tokens_per_second": 162012.58180383788, "mfu": 0.7713915961375551, "elapsed_seconds": 1162.646752871573, "unix": 1789428816.68933, "ddp_buckets_rebuilt": false}
{"step": 84, "prediction_tokens": 176160768, "loss": 2.703756332397461, "lr": 6e-05, "grad_norm": 0.07231251895427704, "step_seconds": 12.94499707967043, "tokens_per_second": 162004.8260415206, "mfu": 0.7713546685742354, "elapsed_seconds": 1175.605558797717, "unix": 1789428829.6481276, "ddp_buckets_rebuilt": false}
{"step": 85, "prediction_tokens": 178257920, "loss": 2.6738178730010986, "lr": 6e-05, "grad_norm": 0.06388144940137863, "step_seconds": 12.946180254220963, "tokens_per_second": 161990.02013093757, "mfu": 0.771284173092528, "elapsed_seconds": 1188.5619032159448, "unix": 1789428842.6044724, "ddp_buckets_rebuilt": false}
{"step": 86, "prediction_tokens": 180355072, "loss": 2.6772658824920654, "lr": 6e-05, "grad_norm": 0.07193955779075623, "step_seconds": 12.945517748594284, "tokens_per_second": 161998.31020491425, "mfu": 0.7713236446775479, "elapsed_seconds": 1201.5198817439377, "unix": 1789428855.5624523, "ddp_buckets_rebuilt": false}
{"step": 87, "prediction_tokens": 182452224, "loss": 2.663870096206665, "lr": 6e-05, "grad_norm": 0.07233372330665588, "step_seconds": 12.945116396993399, "tokens_per_second": 162003.33281569253, "mfu": 0.7713475588680503, "elapsed_seconds": 1214.478684861213, "unix": 1789428868.5212588, "ddp_buckets_rebuilt": false}
{"step": 88, "prediction_tokens": 184549376, "loss": 2.6805131435394287, "lr": 6e-05, "grad_norm": 0.07101363688707352, "step_seconds": 12.945651020854712, "tokens_per_second": 161996.64247256523, "mfu": 0.7713157040922901, "elapsed_seconds": 1227.4403226301074, "unix": 1789428881.4828928, "ddp_buckets_rebuilt": false}
{"step": 89, "prediction_tokens": 186646528, "loss": 2.6459317207336426, "lr": 6e-05, "grad_norm": 0.06478483229875565, "step_seconds": 12.944523066282272, "tokens_per_second": 162010.75846993813, "mfu": 0.7713829146855868, "elapsed_seconds": 1240.3958201259375, "unix": 1789428894.4383903, "ddp_buckets_rebuilt": false}
{"step": 90, "prediction_tokens": 188743680, "loss": 2.6417171955108643, "lr": 6e-05, "grad_norm": 0.06318008154630661, "step_seconds": 12.946300208568573, "tokens_per_second": 161988.51920736316, "mfu": 0.7712770267350115, "elapsed_seconds": 1253.3542320206761, "unix": 1789428907.396802, "ddp_buckets_rebuilt": false}
{"step": 91, "prediction_tokens": 190840832, "loss": 2.63767409324646, "lr": 6e-05, "grad_norm": 0.061105288565158844, "step_seconds": 12.947432700544596, "tokens_per_second": 161974.35032134128, "mfu": 0.7712095643226344, "elapsed_seconds": 1266.3149605356157, "unix": 1789428920.3575335, "ddp_buckets_rebuilt": false}
{"step": 92, "prediction_tokens": 192937984, "loss": 2.6598076820373535, "lr": 6e-05, "grad_norm": 0.07274927943944931, "step_seconds": 13.191543035209179, "tokens_per_second": 158977.00476756587, "mfu": 0.7569382827643781, "elapsed_seconds": 1279.5184315145016, "unix": 1789428933.561008, "ddp_buckets_rebuilt": false}
{"step": 93, "prediction_tokens": 195035136, "loss": 2.517672300338745, "lr": 6e-05, "grad_norm": 0.07419780641794205, "step_seconds": 12.946133524179459, "tokens_per_second": 161990.60484608434, "mfu": 0.7712869571006917, "elapsed_seconds": 1292.4753847755492, "unix": 1789428946.5179546, "ddp_buckets_rebuilt": false}
{"step": 94, "prediction_tokens": 197132288, "loss": 2.643719434738159, "lr": 6e-05, "grad_norm": 0.06777691841125488, "step_seconds": 12.94646517559886, "tokens_per_second": 161986.45510997507, "mfu": 0.7712671989342256, "elapsed_seconds": 1305.4334042854607, "unix": 1789428959.4759743, "ddp_buckets_rebuilt": false}
{"step": 95, "prediction_tokens": 199229440, "loss": 2.639200448989868, "lr": 6e-05, "grad_norm": 0.07475287467241287, "step_seconds": 12.961850050836802, "tokens_per_second": 161794.1876950359, "mfu": 0.7703517547974563, "elapsed_seconds": 1318.4101918973029, "unix": 1789428972.4527643, "ddp_buckets_rebuilt": false}
{"step": 96, "prediction_tokens": 201326592, "loss": 2.5679850578308105, "lr": 6e-05, "grad_norm": 0.07053829729557037, "step_seconds": 12.947113282978535, "tokens_per_second": 161978.3463822093, "mfu": 0.7712285907941401, "elapsed_seconds": 1331.3710686862469, "unix": 1789428985.413644, "ddp_buckets_rebuilt": false}
{"step": 97, "prediction_tokens": 203423744, "loss": 2.657953977584839, "lr": 6e-05, "grad_norm": 0.06363821029663086, "step_seconds": 12.94532909616828, "tokens_per_second": 162000.6710081045, "mfu": 0.7713348851856665, "elapsed_seconds": 1344.3317957744002, "unix": 1789428998.374367, "ddp_buckets_rebuilt": false}
{"step": 98, "prediction_tokens": 205520896, "loss": 2.6313202381134033, "lr": 6e-05, "grad_norm": 0.06673210114240646, "step_seconds": 12.946055136620998, "tokens_per_second": 161991.58568911903, "mfu": 0.771291627195234, "elapsed_seconds": 1357.288586255163, "unix": 1789429011.331155, "ddp_buckets_rebuilt": false}
{"step": 99, "prediction_tokens": 207618048, "loss": 2.6554367542266846, "lr": 6e-05, "grad_norm": 0.06820910423994064, "step_seconds": 12.944633085280657, "tokens_per_second": 162009.38150843934, "mfu": 0.7713763585495352, "elapsed_seconds": 1370.246064323932, "unix": 1789429024.2886343, "ddp_buckets_rebuilt": false}
{"step": 100, "prediction_tokens": 209715200, "loss": 2.7032535076141357, "lr": 6e-05, "grad_norm": 0.0729745626449585, "step_seconds": 12.945725999772549, "tokens_per_second": 161995.70422213833, "mfu": 0.7713112367942178, "elapsed_seconds": 1383.2071214318275, "unix": 1789429037.2496927, "ddp_buckets_rebuilt": false}
{"step": 101, "prediction_tokens": 211812352, "loss": 2.6267576217651367, "lr": 6e-05, "grad_norm": 0.0805264487862587, "step_seconds": 12.945357341319323, "tokens_per_second": 162000.31754289675, "mfu": 0.7713332022293939, "elapsed_seconds": 1396.1672338321805, "unix": 1789429050.2098083, "ddp_buckets_rebuilt": false}
{"step": 102, "prediction_tokens": 213909504, "loss": 2.6611759662628174, "lr": 6e-05, "grad_norm": 0.07048127800226212, "step_seconds": 12.94620518013835, "tokens_per_second": 161989.7082441875, "mfu": 0.7712826881040458, "elapsed_seconds": 1409.130678769201, "unix": 1789429063.17325, "ddp_buckets_rebuilt": false}
{"step": 103, "prediction_tokens": 216006656, "loss": 2.622279167175293, "lr": 6e-05, "grad_norm": 0.0748288631439209, "step_seconds": 12.946105513721704, "tokens_per_second": 161990.95533225866, "mfu": 0.7712886258728723, "elapsed_seconds": 1422.0934613496065, "unix": 1789429076.1360316, "ddp_buckets_rebuilt": false}
{"step": 104, "prediction_tokens": 218103808, "loss": 2.6464850902557373, "lr": 6e-05, "grad_norm": 0.06931878626346588, "step_seconds": 12.945793747901917, "tokens_per_second": 161994.85646369724, "mfu": 0.7713072003562466, "elapsed_seconds": 1435.0528389066458, "unix": 1789429089.0954072, "ddp_buckets_rebuilt": false}
{"step": 105, "prediction_tokens": 220200960, "loss": 2.6795718669891357, "lr": 6e-05, "grad_norm": 0.060743629932403564, "step_seconds": 12.944951210170984, "tokens_per_second": 162005.40009391814, "mfu": 0.7713574018137792, "elapsed_seconds": 1448.0107079856098, "unix": 1789429102.0532825, "ddp_buckets_rebuilt": false}
{"step": 106, "prediction_tokens": 222298112, "loss": 2.5834686756134033, "lr": 6e-05, "grad_norm": 0.054687123745679855, "step_seconds": 12.945754334330559, "tokens_per_second": 161995.3496598193, "mfu": 0.7713095486142619, "elapsed_seconds": 1460.9717496559024, "unix": 1789429115.0143256, "ddp_buckets_rebuilt": false}
{"step": 107, "prediction_tokens": 224395264, "loss": 2.554999589920044, "lr": 6e-05, "grad_norm": 0.07361391186714172, "step_seconds": 12.94825767353177, "tokens_per_second": 161964.03044147792, "mfu": 0.7711604282091851, "elapsed_seconds": 1473.931576654315, "unix": 1789429127.9741466, "ddp_buckets_rebuilt": false}
{"step": 108, "prediction_tokens": 226492416, "loss": 2.592979907989502, "lr": 6e-05, "grad_norm": 0.06333693116903305, "step_seconds": 12.945977002382278, "tokens_per_second": 161992.56337425043, "mfu": 0.7712962822540302, "elapsed_seconds": 1486.8954475596547, "unix": 1789429140.9380205, "ddp_buckets_rebuilt": false}
{"step": 109, "prediction_tokens": 228589568, "loss": 2.5870847702026367, "lr": 6e-05, "grad_norm": 0.06366637349128723, "step_seconds": 12.946445010602474, "tokens_per_second": 161986.70741524335, "mfu": 0.7712684002369975, "elapsed_seconds": 1499.8524536639452, "unix": 1789429153.8950257, "ddp_buckets_rebuilt": false}
{"step": 110, "prediction_tokens": 230686720, "loss": 2.5643153190612793, "lr": 6e-05, "grad_norm": 0.06429682672023773, "step_seconds": 12.946921851485968, "tokens_per_second": 161980.74137284624, "mfu": 0.7712399940791789, "elapsed_seconds": 1512.8125582002103, "unix": 1789429166.8551326, "ddp_buckets_rebuilt": false}
{"step": 111, "prediction_tokens": 232783872, "loss": 2.5728321075439453, "lr": 6e-05, "grad_norm": 0.08755224943161011, "step_seconds": 12.945934697985649, "tokens_per_second": 161993.09272943504, "mfu": 0.7712988026764335, "elapsed_seconds": 1525.7731917351484, "unix": 1789429179.8157632, "ddp_buckets_rebuilt": false}
{"step": 112, "prediction_tokens": 234881024, "loss": 2.6233649253845215, "lr": 6e-05, "grad_norm": 0.062165576964616776, "step_seconds": 12.947048123925924, "tokens_per_second": 161979.16157618188, "mfu": 0.7712324721826882, "elapsed_seconds": 1538.730928581208, "unix": 1789429192.7734983, "ddp_buckets_rebuilt": false}
{"step": 113, "prediction_tokens": 236978176, "loss": 2.6507411003112793, "lr": 6e-05, "grad_norm": 0.07553289085626602, "step_seconds": 12.94536168500781, "tokens_per_second": 162000.26318528733, "mfu": 0.7713329434161424, "elapsed_seconds": 1551.6895522475243, "unix": 1789429205.7321222, "ddp_buckets_rebuilt": false}
{"step": 114, "prediction_tokens": 239075328, "loss": 2.5780234336853027, "lr": 6e-05, "grad_norm": 0.06619218736886978, "step_seconds": 12.945677552372217, "tokens_per_second": 161996.3104685633, "mfu": 0.7713141233194013, "elapsed_seconds": 1564.651926126331, "unix": 1789429218.6944988, "ddp_buckets_rebuilt": false}
{"step": 115, "prediction_tokens": 241172480, "loss": 2.556044101715088, "lr": 6e-05, "grad_norm": 0.0907512679696083, "step_seconds": 12.947323832660913, "tokens_per_second": 161975.71228655957, "mfu": 0.7712160490567948, "elapsed_seconds": 1577.6127429939806, "unix": 1789429231.6553192, "ddp_buckets_rebuilt": false}
{"step": 116, "prediction_tokens": 243269632, "loss": 2.573380470275879, "lr": 6e-05, "grad_norm": 0.07218127697706223, "step_seconds": 12.94617522507906, "tokens_per_second": 161990.0830584651, "mfu": 0.7712844727097883, "elapsed_seconds": 1590.568842690438, "unix": 1789429244.6114132, "ddp_buckets_rebuilt": false}
{"step": 117, "prediction_tokens": 245366784, "loss": 2.6387460231781006, "lr": 6e-05, "grad_norm": 0.06633758544921875, "step_seconds": 12.944969423115253, "tokens_per_second": 162005.17216017595, "mfu": 0.7713563165513184, "elapsed_seconds": 1603.5232610218227, "unix": 1789429257.5658307, "ddp_buckets_rebuilt": false}
{"step": 118, "prediction_tokens": 247463936, "loss": 2.6908950805664062, "lr": 6e-05, "grad_norm": 0.06044531986117363, "step_seconds": 12.94475595280528, "tokens_per_second": 162007.84376668936, "mfu": 0.7713690368893915, "elapsed_seconds": 1616.4781599119306, "unix": 1789429270.5207312, "ddp_buckets_rebuilt": false}
{"step": 119, "prediction_tokens": 249561088, "loss": 2.6432127952575684, "lr": 6e-05, "grad_norm": 0.06548728793859482, "step_seconds": 12.944767765700817, "tokens_per_second": 162007.69592458286, "mfu": 0.771368332967775, "elapsed_seconds": 1629.4460077881813, "unix": 1789429283.488579, "ddp_buckets_rebuilt": false}
{"step": 120, "prediction_tokens": 251658240, "loss": 2.639739513397217, "lr": 6e-05, "grad_norm": 0.07962733507156372, "step_seconds": 12.946729224175215, "tokens_per_second": 161983.15139579982, "mfu": 0.7712514689376879, "elapsed_seconds": 1642.4048673920333, "unix": 1789429296.4474444, "ddp_buckets_rebuilt": false}
{"step": 121, "prediction_tokens": 253755392, "loss": 2.651134967803955, "lr": 6e-05, "grad_norm": 0.05892009660601616, "step_seconds": 12.946554742753506, "tokens_per_second": 161985.33445153243, "mfu": 0.7712618631356403, "elapsed_seconds": 1655.3609159216285, "unix": 1789429309.4034858, "ddp_buckets_rebuilt": false}
{"step": 122, "prediction_tokens": 255852544, "loss": 2.6225173473358154, "lr": 6e-05, "grad_norm": 0.0543055385351181, "step_seconds": 13.105934984982014, "tokens_per_second": 160015.4435683612, "mfu": 0.7618826084156203, "elapsed_seconds": 1668.477492813021, "unix": 1789429322.5200624, "ddp_buckets_rebuilt": false}
{"step": 123, "prediction_tokens": 257949696, "loss": 2.6194775104522705, "lr": 6e-05, "grad_norm": 0.054905328899621964, "step_seconds": 13.185542065650225, "tokens_per_second": 159049.3579678692, "mfu": 0.7572827785439418, "elapsed_seconds": 1681.6758204475045, "unix": 1789429335.718392, "ddp_buckets_rebuilt": false}
{"step": 124, "prediction_tokens": 260046848, "loss": 2.6497244834899902, "lr": 6e-05, "grad_norm": 0.05896201729774475, "step_seconds": 12.947790086269379, "tokens_per_second": 161969.87949503036, "mfu": 0.7711882773472302, "elapsed_seconds": 1694.638897806406, "unix": 1789429348.6814728, "ddp_buckets_rebuilt": false}
{"step": 125, "prediction_tokens": 262144000, "loss": 2.5611937046051025, "lr": 6e-05, "grad_norm": 0.0936313346028328, "step_seconds": 12.948304083198309, "tokens_per_second": 161963.44992555896, "mfu": 0.7711576641948331, "elapsed_seconds": 1707.5980485901237, "unix": 1789429361.6406188, "ddp_buckets_rebuilt": false}
{"step": 126, "prediction_tokens": 264241152, "loss": 2.5804443359375, "lr": 6e-05, "grad_norm": 0.10683805495500565, "step_seconds": 12.961722135543823, "tokens_per_second": 161795.78439265868, "mfu": 0.770359357164594, "elapsed_seconds": 1720.56955159083, "unix": 1789429374.612122, "ddp_buckets_rebuilt": false}
{"step": 127, "prediction_tokens": 266338304, "loss": 2.4749879837036133, "lr": 6e-05, "grad_norm": 0.07174307852983475, "step_seconds": 12.94993206858635, "tokens_per_second": 161943.08888208176, "mfu": 0.771060719021489, "elapsed_seconds": 1733.5300134718418, "unix": 1789429387.5725825, "ddp_buckets_rebuilt": false}
{"step": 128, "prediction_tokens": 268435456, "loss": 2.5839428901672363, "lr": 6e-05, "grad_norm": 0.0681731179356575, "step_seconds": 12.953122016042471, "tokens_per_second": 161903.20738140756, "mfu": 0.770870830963914, "elapsed_seconds": 1746.4933087192476, "unix": 1789429400.5358822, "ddp_buckets_rebuilt": false}
{"step": 129, "prediction_tokens": 270532608, "loss": 2.6502976417541504, "lr": 6e-05, "grad_norm": 0.051377978175878525, "step_seconds": 12.954709734767675, "tokens_per_second": 161883.36465553465, "mfu": 0.7707763536596677, "elapsed_seconds": 1759.4608315974474, "unix": 1789429413.5034065, "ddp_buckets_rebuilt": false}
{"step": 130, "prediction_tokens": 272629760, "loss": 2.6159002780914307, "lr": 6e-05, "grad_norm": 0.05482722818851471, "step_seconds": 12.949941538274288, "tokens_per_second": 161942.9704606579, "mfu": 0.7710601551807665, "elapsed_seconds": 1772.4255714528263, "unix": 1789429426.468141, "ddp_buckets_rebuilt": false}
{"step": 131, "prediction_tokens": 274726912, "loss": 2.6329076290130615, "lr": 6e-05, "grad_norm": 0.05257336422801018, "step_seconds": 12.956678315997124, "tokens_per_second": 161858.76880270502, "mfu": 0.7706592452600523, "elapsed_seconds": 1785.3922595828772, "unix": 1789429439.4348292, "ddp_buckets_rebuilt": false}
{"step": 132, "prediction_tokens": 276824064, "loss": 2.602335214614868, "lr": 6e-05, "grad_norm": 0.056701719760894775, "step_seconds": 12.956134654581547, "tokens_per_second": 161865.56067155456, "mfu": 0.7706915834309169, "elapsed_seconds": 1798.3586000539362, "unix": 1789429452.4011707, "ddp_buckets_rebuilt": false}
{"step": 133, "prediction_tokens": 278921216, "loss": 2.578939914703369, "lr": 6e-05, "grad_norm": 0.05951472744345665, "step_seconds": 12.950815722346306, "tokens_per_second": 161932.03925999944, "mfu": 0.771008108381501, "elapsed_seconds": 1811.3212761692703, "unix": 1789429465.363851, "ddp_buckets_rebuilt": false}
{"step": 134, "prediction_tokens": 281018368, "loss": 2.605048656463623, "lr": 6e-05, "grad_norm": 0.054066963493824005, "step_seconds": 12.95140378177166, "tokens_per_second": 161924.68672404595, "mfu": 0.7709731007025808, "elapsed_seconds": 1824.2841388694942, "unix": 1789429478.3267086, "ddp_buckets_rebuilt": false}
{"step": 135, "prediction_tokens": 283115520, "loss": 2.569474697113037, "lr": 6e-05, "grad_norm": 0.05496454983949661, "step_seconds": 12.948038443922997, "tokens_per_second": 161966.7727341567, "mfu": 0.771173485105773, "elapsed_seconds": 1837.2431462183595, "unix": 1789429491.2857153, "ddp_buckets_rebuilt": false}
{"step": 136, "prediction_tokens": 285212672, "loss": 2.5894999504089355, "lr": 6e-05, "grad_norm": 0.08286762237548828, "step_seconds": 12.947253663092852, "tokens_per_second": 161976.59013803783, "mfu": 0.7712202287769464, "elapsed_seconds": 1850.2020266652107, "unix": 1789429504.2445967, "ddp_buckets_rebuilt": false}
{"step": 137, "prediction_tokens": 287309824, "loss": 2.63942813873291, "lr": 6e-05, "grad_norm": 0.058820612728595734, "step_seconds": 12.94647703319788, "tokens_per_second": 161986.30674757296, "mfu": 0.7712664925353219, "elapsed_seconds": 1863.1605376787484, "unix": 1789429517.2031097, "ddp_buckets_rebuilt": false}
{"step": 138, "prediction_tokens": 289406976, "loss": 2.5712790489196777, "lr": 6e-05, "grad_norm": 0.05670275539159775, "step_seconds": 12.9492605663836, "tokens_per_second": 161951.486669766, "mfu": 0.7711007034645095, "elapsed_seconds": 1876.1213599033654, "unix": 1789429530.163935, "ddp_buckets_rebuilt": false}
{"step": 139, "prediction_tokens": 291504128, "loss": 2.611116886138916, "lr": 6e-05, "grad_norm": 0.059164371341466904, "step_seconds": 12.953580513596535, "tokens_per_second": 161897.4767477421, "mfu": 0.7708435456592737, "elapsed_seconds": 1889.0875747948885, "unix": 1789429543.1301465, "ddp_buckets_rebuilt": false}
{"step": 140, "prediction_tokens": 293601280, "loss": 2.5652613639831543, "lr": 6e-05, "grad_norm": 0.07206583768129349, "step_seconds": 12.959240220487118, "tokens_per_second": 161826.77103898698, "mfu": 0.7705068940923065, "elapsed_seconds": 1902.0581234581769, "unix": 1789429556.1006937, "ddp_buckets_rebuilt": false}
{"step": 141, "prediction_tokens": 295698432, "loss": 2.5643696784973145, "lr": 6e-05, "grad_norm": 0.06811453402042389, "step_seconds": 12.967235494405031, "tokens_per_second": 161726.99268898583, "mfu": 0.7700318187629069, "elapsed_seconds": 1915.03620287776, "unix": 1789429569.0787742, "ddp_buckets_rebuilt": false}
{"step": 142, "prediction_tokens": 297795584, "loss": 2.5731258392333984, "lr": 6e-05, "grad_norm": 0.060466501861810684, "step_seconds": 12.971220318228006, "tokens_per_second": 161677.3093471356, "mfu": 0.769795261132971, "elapsed_seconds": 1928.0197082273662, "unix": 1789429582.062281, "ddp_buckets_rebuilt": false}
{"step": 143, "prediction_tokens": 299892736, "loss": 2.6097307205200195, "lr": 6e-05, "grad_norm": 0.05565594881772995, "step_seconds": 12.973487678915262, "tokens_per_second": 161649.05320011426, "mfu": 0.7696607249499857, "elapsed_seconds": 1941.0038117170334, "unix": 1789429595.0463886, "ddp_buckets_rebuilt": false}
{"step": 144, "prediction_tokens": 301989888, "loss": 2.6637306213378906, "lr": 6e-05, "grad_norm": 0.05469682440161705, "step_seconds": 12.977224312722683, "tokens_per_second": 161602.50832252184, "mfu": 0.7694391105110434, "elapsed_seconds": 1953.9937473013997, "unix": 1789429608.0363169, "ddp_buckets_rebuilt": false}
{"step": 145, "prediction_tokens": 304087040, "loss": 2.607913017272949, "lr": 6e-05, "grad_norm": 0.051478415727615356, "step_seconds": 12.974696669727564, "tokens_per_second": 161633.9906344828, "mfu": 0.7695890074548689, "elapsed_seconds": 1966.9782024472952, "unix": 1789429621.0207732, "ddp_buckets_rebuilt": false}
{"step": 146, "prediction_tokens": 306184192, "loss": 2.5640599727630615, "lr": 6e-05, "grad_norm": 0.06389282643795013, "step_seconds": 12.97441490367055, "tokens_per_second": 161637.5008484353, "mfu": 0.7696057206601857, "elapsed_seconds": 1979.9656048864126, "unix": 1789429634.0081747, "ddp_buckets_rebuilt": false}
{"step": 147, "prediction_tokens": 308281344, "loss": 2.6071574687957764, "lr": 6e-05, "grad_norm": 0.05303960666060448, "step_seconds": 12.974254053086042, "tokens_per_second": 161639.50477763102, "mfu": 0.7696152619817523, "elapsed_seconds": 1992.9511131159961, "unix": 1789429646.9936883, "ddp_buckets_rebuilt": false}
{"step": 148, "prediction_tokens": 310378496, "loss": 2.553997278213501, "lr": 6e-05, "grad_norm": 0.056294526904821396, "step_seconds": 12.967294666916132, "tokens_per_second": 161726.2546944761, "mfu": 0.7700283049446808, "elapsed_seconds": 2005.930458433926, "unix": 1789429659.9730375, "ddp_buckets_rebuilt": false}
{"step": 149, "prediction_tokens": 312475648, "loss": 2.548846483230591, "lr": 6e-05, "grad_norm": 0.0623418390750885, "step_seconds": 12.957640398293734, "tokens_per_second": 161846.75107021444, "mfu": 0.7706020251494616, "elapsed_seconds": 2018.900530397892, "unix": 1789429672.9431002, "ddp_buckets_rebuilt": false}
{"step": 150, "prediction_tokens": 314572800, "loss": 2.5454230308532715, "lr": 6e-05, "grad_norm": 0.06562867015600204, "step_seconds": 12.951682299375534, "tokens_per_second": 161921.20463772604, "mfu": 0.7709565214215502, "elapsed_seconds": 2031.86786114797, "unix": 1789429685.9104311, "ddp_buckets_rebuilt": false}
{"step": 151, "prediction_tokens": 316669952, "loss": 2.6585443019866943, "lr": 6e-05, "grad_norm": 0.05326353386044502, "step_seconds": 12.947346337139606, "tokens_per_second": 161975.43074786654, "mfu": 0.7712147085647207, "elapsed_seconds": 2044.8263680823147, "unix": 1789429698.868941, "ddp_buckets_rebuilt": false}
{"step": 152, "prediction_tokens": 318767104, "loss": 2.616175651550293, "lr": 6e-05, "grad_norm": 0.06198253110051155, "step_seconds": 12.949444834142923, "tokens_per_second": 161949.18213563733, "mfu": 0.7710897308706526, "elapsed_seconds": 2057.785588696599, "unix": 1789429711.8281639, "ddp_buckets_rebuilt": false}
{"step": 153, "prediction_tokens": 320864256, "loss": 2.6548023223876953, "lr": 6e-05, "grad_norm": 0.06792104989290237, "step_seconds": 13.10164612531662, "tokens_per_second": 160067.82506112906, "mfu": 0.7621320127696795, "elapsed_seconds": 2070.9019488841295, "unix": 1789429724.9445188, "ddp_buckets_rebuilt": false}
{"step": 154, "prediction_tokens": 322961408, "loss": 2.614858627319336, "lr": 6e-05, "grad_norm": 0.05944488197565079, "step_seconds": 12.94604205712676, "tokens_per_second": 161991.74935056877, "mfu": 0.7712924064375962, "elapsed_seconds": 2083.8600787594914, "unix": 1789429737.9026535, "ddp_buckets_rebuilt": false}
{"step": 155, "prediction_tokens": 325058560, "loss": 2.569484233856201, "lr": 6e-05, "grad_norm": 0.050601229071617126, "step_seconds": 12.945599008351564, "tokens_per_second": 161997.29333861408, "mfu": 0.7713188030651892, "elapsed_seconds": 2096.8178348876536, "unix": 1789429750.8604083, "ddp_buckets_rebuilt": false}
{"step": 156, "prediction_tokens": 327155712, "loss": 2.5575711727142334, "lr": 6e-05, "grad_norm": 0.05796618387103081, "step_seconds": 12.961165454238653, "tokens_per_second": 161802.73351222242, "mfu": 0.7703924440543425, "elapsed_seconds": 2109.7953071929514, "unix": 1789429763.837879, "ddp_buckets_rebuilt": false}
{"step": 157, "prediction_tokens": 329252864, "loss": 2.5911660194396973, "lr": 6e-05, "grad_norm": 0.04768051579594612, "step_seconds": 12.946508221328259, "tokens_per_second": 161985.9165226592, "mfu": 0.7712646345548135, "elapsed_seconds": 2122.7533633112907, "unix": 1789429776.7959337, "ddp_buckets_rebuilt": false}
{"step": 158, "prediction_tokens": 331350016, "loss": 2.5655617713928223, "lr": 6e-05, "grad_norm": 0.058406487107276917, "step_seconds": 12.947533495724201, "tokens_per_second": 161973.089368146, "mfu": 0.7712035605376991, "elapsed_seconds": 2135.7126469425857, "unix": 1789429789.7552168, "ddp_buckets_rebuilt": false}
{"step": 159, "prediction_tokens": 333447168, "loss": 2.5451526641845703, "lr": 6e-05, "grad_norm": 0.04884178936481476, "step_seconds": 12.948868159204721, "tokens_per_second": 161956.39450612804, "mfu": 0.7711240711788114, "elapsed_seconds": 2148.6715991571546, "unix": 1789429802.7141697, "ddp_buckets_rebuilt": false}
{"step": 160, "prediction_tokens": 335544320, "loss": 2.63006591796875, "lr": 6e-05, "grad_norm": 0.050064027309417725, "step_seconds": 12.95163956284523, "tokens_per_second": 161921.73892919047, "mfu": 0.7709590653470958, "elapsed_seconds": 2161.636926949024, "unix": 1789429815.6795013, "ddp_buckets_rebuilt": false}
{"step": 161, "prediction_tokens": 337641472, "loss": 2.5683865547180176, "lr": 6e-05, "grad_norm": 0.05284019187092781, "step_seconds": 12.954638753086329, "tokens_per_second": 161884.2516546725, "mfu": 0.7707805769346324, "elapsed_seconds": 2174.6032447852194, "unix": 1789429828.645817, "ddp_buckets_rebuilt": false}
{"step": 162, "prediction_tokens": 339738624, "loss": 2.6472091674804688, "lr": 6e-05, "grad_norm": 0.0485682412981987, "step_seconds": 12.95328488573432, "tokens_per_second": 161901.17167187686, "mfu": 0.7708611383264246, "elapsed_seconds": 2187.568334311247, "unix": 1789429841.6109037, "ddp_buckets_rebuilt": false}
{"step": 163, "prediction_tokens": 341835776, "loss": 2.625601053237915, "lr": 6e-05, "grad_norm": 0.05293209105730057, "step_seconds": 12.954625267535448, "tokens_per_second": 161884.42017350398, "mfu": 0.770781379304479, "elapsed_seconds": 2200.5361955352128, "unix": 1789429854.5787706, "ddp_buckets_rebuilt": false}
{"step": 164, "prediction_tokens": 343932928, "loss": 2.552294969558716, "lr": 6e-05, "grad_norm": 0.11666777729988098, "step_seconds": 12.956988506019115, "tokens_per_second": 161854.89390731315, "mfu": 0.7706407956945436, "elapsed_seconds": 2213.508984606713, "unix": 1789429867.55156, "ddp_buckets_rebuilt": false}
{"step": 165, "prediction_tokens": 346030080, "loss": 2.5324933528900146, "lr": 6e-05, "grad_norm": 0.05506959185004234, "step_seconds": 12.958814684301615, "tokens_per_second": 161832.08503942128, "mfu": 0.7705321956783392, "elapsed_seconds": 2226.4808665513992, "unix": 1789429880.5234375, "ddp_buckets_rebuilt": false}
{"step": 166, "prediction_tokens": 348127232, "loss": 2.605009078979492, "lr": 6e-05, "grad_norm": 0.058554649353027344, "step_seconds": 12.955894351005554, "tokens_per_second": 161868.56292458362, "mfu": 0.7707058780784701, "elapsed_seconds": 2239.447809126228, "unix": 1789429893.4903796, "ddp_buckets_rebuilt": false}
{"step": 167, "prediction_tokens": 350224384, "loss": 2.634398937225342, "lr": 6e-05, "grad_norm": 0.05979306250810623, "step_seconds": 12.948183864355087, "tokens_per_second": 161964.95369309874, "mfu": 0.771164824093341, "elapsed_seconds": 2252.6113952696323, "unix": 1789429906.6539648, "ddp_buckets_rebuilt": false}
{"step": 168, "prediction_tokens": 352321536, "loss": 2.586225748062134, "lr": 6e-05, "grad_norm": 0.05482929199934006, "step_seconds": 12.948330771178007, "tokens_per_second": 161963.11610050153, "mfu": 0.7711560747513404, "elapsed_seconds": 2265.575269892812, "unix": 1789429919.6178436, "ddp_buckets_rebuilt": false}
{"step": 169, "prediction_tokens": 354418688, "loss": 2.595845937728882, "lr": 6e-05, "grad_norm": 0.04827214404940605, "step_seconds": 12.947689976543188, "tokens_per_second": 161971.13182346243, "mfu": 0.7711942400670224, "elapsed_seconds": 2278.5352694392204, "unix": 1789429932.5778463, "ddp_buckets_rebuilt": false}
{"step": 170, "prediction_tokens": 356515840, "loss": 2.6188881397247314, "lr": 6e-05, "grad_norm": 0.049441393464803696, "step_seconds": 12.94792714342475, "tokens_per_second": 161968.16500199272, "mfu": 0.7711801141199911, "elapsed_seconds": 2291.4945996701717, "unix": 1789429945.5371695, "ddp_buckets_rebuilt": false}
{"step": 171, "prediction_tokens": 358612992, "loss": 2.629214286804199, "lr": 6e-05, "grad_norm": 0.05382813140749931, "step_seconds": 12.95016523823142, "tokens_per_second": 161940.17307275717, "mfu": 0.7710468359589275, "elapsed_seconds": 2304.46119851619, "unix": 1789429958.503769, "ddp_buckets_rebuilt": false}
{"step": 172, "prediction_tokens": 360710144, "loss": 2.6229076385498047, "lr": 6e-05, "grad_norm": 0.05702594667673111, "step_seconds": 12.949743121862411, "tokens_per_second": 161945.4517564508, "mfu": 0.7710719693911251, "elapsed_seconds": 2317.422526612878, "unix": 1789429971.4650984, "ddp_buckets_rebuilt": false}
{"step": 173, "prediction_tokens": 362807296, "loss": 2.570641040802002, "lr": 6e-05, "grad_norm": 0.04513559862971306, "step_seconds": 12.948761332780123, "tokens_per_second": 161957.73063567135, "mfu": 0.7711304329013986, "elapsed_seconds": 2330.3834742046893, "unix": 1789429984.426049, "ddp_buckets_rebuilt": false}
{"step": 174, "prediction_tokens": 364904448, "loss": 2.589531183242798, "lr": 6e-05, "grad_norm": 0.0485527478158474, "step_seconds": 12.948383990675211, "tokens_per_second": 161962.4504115931, "mfu": 0.7711529052022604, "elapsed_seconds": 2343.3422313183546, "unix": 1789429997.3848028, "ddp_buckets_rebuilt": false}
{"step": 175, "prediction_tokens": 367001600, "loss": 2.6023664474487305, "lr": 6e-05, "grad_norm": 0.04705264791846275, "step_seconds": 12.957268506288528, "tokens_per_second": 161851.39630178944, "mfu": 0.7706241425218235, "elapsed_seconds": 2356.3109880536795, "unix": 1789430010.3535576, "ddp_buckets_rebuilt": false}
{"step": 176, "prediction_tokens": 369098752, "loss": 2.5494627952575684, "lr": 6e-05, "grad_norm": 0.046410322189331055, "step_seconds": 12.965677361935377, "tokens_per_second": 161746.4280082132, "mfu": 0.7701243562791499, "elapsed_seconds": 2369.2882952950895, "unix": 1789430023.330866, "ddp_buckets_rebuilt": false}
{"step": 177, "prediction_tokens": 371195904, "loss": 2.6012628078460693, "lr": 6e-05, "grad_norm": 0.049571242183446884, "step_seconds": 12.974793244153261, "tokens_per_second": 161632.78755482478, "mfu": 0.769583279223596, "elapsed_seconds": 2382.2760245874524, "unix": 1789430036.3185987, "ddp_buckets_rebuilt": false}
{"step": 178, "prediction_tokens": 373293056, "loss": 2.5201821327209473, "lr": 6e-05, "grad_norm": 0.05729825049638748, "step_seconds": 12.975830644369125, "tokens_per_second": 161619.865230752, "mfu": 0.7695217520750172, "elapsed_seconds": 2395.2648671902716, "unix": 1789430049.3074381, "ddp_buckets_rebuilt": false}
{"step": 179, "prediction_tokens": 375390208, "loss": 2.5775880813598633, "lr": 6e-05, "grad_norm": 0.0461762435734272, "step_seconds": 12.975855678319931, "tokens_per_second": 161619.55342212407, "mfu": 0.7695202674584983, "elapsed_seconds": 2408.253583084792, "unix": 1789430062.2961535, "ddp_buckets_rebuilt": false}
{"step": 180, "prediction_tokens": 377487360, "loss": 2.53525972366333, "lr": 6e-05, "grad_norm": 0.04812128469347954, "step_seconds": 12.976602412760258, "tokens_per_second": 161610.2530765535, "mfu": 0.769475985660539, "elapsed_seconds": 2421.258752949536, "unix": 1789430075.3013227, "ddp_buckets_rebuilt": false}
{"step": 181, "prediction_tokens": 379584512, "loss": 2.5599400997161865, "lr": 6e-05, "grad_norm": 0.05376306548714638, "step_seconds": 12.978917445987463, "tokens_per_second": 161581.42685839732, "mfu": 0.7693387351940225, "elapsed_seconds": 2434.253300704062, "unix": 1789430088.2958777, "ddp_buckets_rebuilt": false}
{"step": 182, "prediction_tokens": 381681664, "loss": 2.5624170303344727, "lr": 6e-05, "grad_norm": 0.04796791449189186, "step_seconds": 12.977818790823221, "tokens_per_second": 161595.10575713406, "mfu": 0.7694038646266411, "elapsed_seconds": 2447.244953725487, "unix": 1789430101.28753, "ddp_buckets_rebuilt": false}
{"step": 183, "prediction_tokens": 383778816, "loss": 2.5607151985168457, "lr": 6e-05, "grad_norm": 0.05363469198346138, "step_seconds": 13.12641529738903, "tokens_per_second": 159765.7816309639, "mfu": 0.7606938913527882, "elapsed_seconds": 2460.3824708648026, "unix": 1789430114.4250414, "ddp_buckets_rebuilt": false}
{"step": 184, "prediction_tokens": 385875968, "loss": 2.571277618408203, "lr": 6e-05, "grad_norm": 0.060297928750514984, "step_seconds": 13.132671009749174, "tokens_per_second": 159689.6776324601, "mfu": 0.7603315368725085, "elapsed_seconds": 2473.5291232466698, "unix": 1789430127.5716934, "ddp_buckets_rebuilt": false}
{"step": 185, "prediction_tokens": 387973120, "loss": 2.4786176681518555, "lr": 6e-05, "grad_norm": 0.0593775175511837, "step_seconds": 12.97734172642231, "tokens_per_second": 161601.04620888014, "mfu": 0.7694321489395207, "elapsed_seconds": 2486.516905475408, "unix": 1789430140.5594776, "ddp_buckets_rebuilt": false}
{"step": 186, "prediction_tokens": 390070272, "loss": 2.570099353790283, "lr": 6e-05, "grad_norm": 0.05117623507976532, "step_seconds": 12.975145228207111, "tokens_per_second": 161628.40285139388, "mfu": 0.7695624023056401, "elapsed_seconds": 2499.5038851052523, "unix": 1789430153.5464609, "ddp_buckets_rebuilt": false}
{"step": 187, "prediction_tokens": 392167424, "loss": 2.5300378799438477, "lr": 6e-05, "grad_norm": 0.051735926419496536, "step_seconds": 12.979069583117962, "tokens_per_second": 161579.53284477277, "mfu": 0.7693297172142046, "elapsed_seconds": 2512.4953217729926, "unix": 1789430166.5378914, "ddp_buckets_rebuilt": false}
{"step": 188, "prediction_tokens": 394264576, "loss": 2.5350284576416016, "lr": 6e-05, "grad_norm": 0.056285180151462555, "step_seconds": 12.965540789067745, "tokens_per_second": 161748.1317685007, "mfu": 0.7701324684044736, "elapsed_seconds": 2525.472016211599, "unix": 1789430179.5145862, "ddp_buckets_rebuilt": false}
{"step": 189, "prediction_tokens": 396361728, "loss": 2.562614917755127, "lr": 6e-05, "grad_norm": 0.06746760755777359, "step_seconds": 12.957706809043884, "tokens_per_second": 161845.9215743548, "mfu": 0.7705980756652425, "elapsed_seconds": 2538.4420036673546, "unix": 1789430192.4845757, "ddp_buckets_rebuilt": false}
{"step": 190, "prediction_tokens": 398458880, "loss": 2.5165469646453857, "lr": 6e-05, "grad_norm": 0.085991770029068, "step_seconds": 12.958662625402212, "tokens_per_second": 161833.9840014863, "mfu": 0.7705412372192, "elapsed_seconds": 2551.411531433463, "unix": 1789430205.4541059, "ddp_buckets_rebuilt": false}
{"step": 191, "prediction_tokens": 400556032, "loss": 2.5788519382476807, "lr": 6e-05, "grad_norm": 0.11172490566968918, "step_seconds": 12.95193438231945, "tokens_per_second": 161918.0531722582, "mfu": 0.7709415163278078, "elapsed_seconds": 2564.374779958278, "unix": 1789430218.4173508, "ddp_buckets_rebuilt": false}
{"step": 192, "prediction_tokens": 402653184, "loss": 2.5582566261291504, "lr": 6e-05, "grad_norm": 0.049311161041259766, "step_seconds": 12.950697310268879, "tokens_per_second": 161933.51985279776, "mfu": 0.7710151579379565, "elapsed_seconds": 2577.3384566791356, "unix": 1789430231.3810265, "ddp_buckets_rebuilt": false}
{"step": 193, "prediction_tokens": 404750336, "loss": 2.6160569190979004, "lr": 6e-05, "grad_norm": 0.06406290084123611, "step_seconds": 12.957174342125654, "tokens_per_second": 161852.57253055973, "mfu": 0.770629742907784, "elapsed_seconds": 2590.307997070253, "unix": 1789430244.350567, "ddp_buckets_rebuilt": false}
{"step": 194, "prediction_tokens": 406847488, "loss": 2.5221316814422607, "lr": 6e-05, "grad_norm": 0.05351146310567856, "step_seconds": 12.959487326443195, "tokens_per_second": 161823.68539539867, "mfu": 0.7704922023967222, "elapsed_seconds": 2603.277416486293, "unix": 1789430257.319992, "ddp_buckets_rebuilt": false}
{"step": 195, "prediction_tokens": 408944640, "loss": 2.5337486267089844, "lr": 6e-05, "grad_norm": 0.054889462888240814, "step_seconds": 12.961466651409864, "tokens_per_second": 161798.97355766335, "mfu": 0.7703745417573947, "elapsed_seconds": 2616.2486255206168, "unix": 1789430270.2911959, "ddp_buckets_rebuilt": false}
{"step": 196, "prediction_tokens": 411041792, "loss": 2.5478265285491943, "lr": 6e-05, "grad_norm": 0.052993953227996826, "step_seconds": 12.967329680919647, "tokens_per_second": 161725.81800598357, "mfu": 0.7700262257368222, "elapsed_seconds": 2629.229996893555, "unix": 1789430283.2725663, "ddp_buckets_rebuilt": false}
{"step": 197, "prediction_tokens": 413138944, "loss": 2.5212061405181885, "lr": 6e-05, "grad_norm": 0.05322255194187164, "step_seconds": 12.968923393636942, "tokens_per_second": 161705.9439975522, "mfu": 0.7699315994867197, "elapsed_seconds": 2642.2102319933474, "unix": 1789430296.2528021, "ddp_buckets_rebuilt": false}
{"step": 198, "prediction_tokens": 415236096, "loss": 2.5793471336364746, "lr": 6e-05, "grad_norm": 0.04464501142501831, "step_seconds": 12.97196825966239, "tokens_per_second": 161667.9873108617, "mfu": 0.7697508760589199, "elapsed_seconds": 2655.193734843284, "unix": 1789430309.236307, "ddp_buckets_rebuilt": false}
{"step": 199, "prediction_tokens": 417333248, "loss": 2.5338540077209473, "lr": 6e-05, "grad_norm": 0.050752658396959305, "step_seconds": 12.971586506813765, "tokens_per_second": 161672.74518798452, "mfu": 0.7697735297712869, "elapsed_seconds": 2668.175679475069, "unix": 1789430322.218255, "ddp_buckets_rebuilt": false}
{"step": 200, "prediction_tokens": 419430400, "loss": 2.64027738571167, "lr": 6e-05, "grad_norm": 0.060123492032289505, "step_seconds": 12.97272788733244, "tokens_per_second": 161658.52072237013, "mfu": 0.769705802727422, "elapsed_seconds": 2681.159544389695, "unix": 1789430335.2021134, "ddp_buckets_rebuilt": false}
{"step": 201, "prediction_tokens": 421527552, "loss": 2.5961198806762695, "lr": 6e-05, "grad_norm": 0.04692193865776062, "step_seconds": 12.973171308636665, "tokens_per_second": 161652.99525520465, "mfu": 0.7696794942834189, "elapsed_seconds": 2694.144769664854, "unix": 1789430348.1873398, "ddp_buckets_rebuilt": false}
{"step": 202, "prediction_tokens": 423624704, "loss": 2.5477545261383057, "lr": 6e-05, "grad_norm": 0.04752872511744499, "step_seconds": 12.971664052456617, "tokens_per_second": 161671.77869541218, "mfu": 0.7697689280036973, "elapsed_seconds": 2707.127236891538, "unix": 1789430361.169822, "ddp_buckets_rebuilt": false}
{"step": 203, "prediction_tokens": 425721856, "loss": 2.526904582977295, "lr": 6e-05, "grad_norm": 0.04178382828831673, "step_seconds": 12.964458774775267, "tokens_per_second": 161761.63127460392, "mfu": 0.7701967436937387, "elapsed_seconds": 2720.1043236255646, "unix": 1789430374.146898, "ddp_buckets_rebuilt": false}
{"step": 204, "prediction_tokens": 427819008, "loss": 2.5822057723999023, "lr": 6e-05, "grad_norm": 0.04760178178548813, "step_seconds": 12.958823580294847, "tokens_per_second": 161831.9739446815, "mfu": 0.7705316667222071, "elapsed_seconds": 2733.0757508277893, "unix": 1789430387.118322, "ddp_buckets_rebuilt": false}
{"step": 205, "prediction_tokens": 429916160, "loss": 2.580646276473999, "lr": 6e-05, "grad_norm": 0.04735347628593445, "step_seconds": 12.961294513195753, "tokens_per_second": 161801.12240061455, "mfu": 0.7703847730578006, "elapsed_seconds": 2746.050060838461, "unix": 1789430400.0926306, "ddp_buckets_rebuilt": false}
{"step": 206, "prediction_tokens": 432013312, "loss": 2.5729827880859375, "lr": 6e-05, "grad_norm": 0.04695051535964012, "step_seconds": 12.958676230162382, "tokens_per_second": 161833.81409890516, "mfu": 0.770540428260897, "elapsed_seconds": 2759.02077357471, "unix": 1789430413.0633452, "ddp_buckets_rebuilt": false}
{"step": 207, "prediction_tokens": 434110464, "loss": 2.540645122528076, "lr": 6e-05, "grad_norm": 0.04770888015627861, "step_seconds": 12.970787554979324, "tokens_per_second": 161682.7036223355, "mfu": 0.7698209449317855, "elapsed_seconds": 2772.003272999078, "unix": 1789430426.0458488, "ddp_buckets_rebuilt": false}
{"step": 208, "prediction_tokens": 436207616, "loss": 2.5847885608673096, "lr": 6e-05, "grad_norm": 0.05094335973262787, "step_seconds": 12.962154664099216, "tokens_per_second": 161790.38549882465, "mfu": 0.7703336513750456, "elapsed_seconds": 2784.976359575987, "unix": 1789430439.01893, "ddp_buckets_rebuilt": false}
{"step": 209, "prediction_tokens": 438304768, "loss": 2.572864532470703, "lr": 6e-05, "grad_norm": 0.042975861579179764, "step_seconds": 12.962162099778652, "tokens_per_second": 161790.29268857947, "mfu": 0.7703332094770008, "elapsed_seconds": 2797.947964217514, "unix": 1789430451.9905334, "ddp_buckets_rebuilt": false}
{"step": 210, "prediction_tokens": 440401920, "loss": 2.5478992462158203, "lr": 6e-05, "grad_norm": 0.04640533775091171, "step_seconds": 12.96257621049881, "tokens_per_second": 161785.1240327867, "mfu": 0.770308599921388, "elapsed_seconds": 2810.9219715967774, "unix": 1789430464.9645424, "ddp_buckets_rebuilt": false}
{"step": 211, "prediction_tokens": 442499072, "loss": 2.5479578971862793, "lr": 6e-05, "grad_norm": 0.041800305247306824, "step_seconds": 12.968533586710691, "tokens_per_second": 161710.80453915196, "mfu": 0.7699547420161515, "elapsed_seconds": 2823.899857033044, "unix": 1789430477.94243, "ddp_buckets_rebuilt": false}
{"step": 212, "prediction_tokens": 444596224, "loss": 2.5755844116210938, "lr": 6e-05, "grad_norm": 0.04397890716791153, "step_seconds": 12.964284848421812, "tokens_per_second": 161763.80143755433, "mfu": 0.7702070765052004, "elapsed_seconds": 2836.874181546271, "unix": 1789430490.916757, "ddp_buckets_rebuilt": false}
{"step": 213, "prediction_tokens": 446693376, "loss": 2.6058058738708496, "lr": 6e-05, "grad_norm": 0.04223667085170746, "step_seconds": 12.968450631946325, "tokens_per_second": 161711.8389481239, "mfu": 0.7699596671545517, "elapsed_seconds": 2849.85461660102, "unix": 1789430503.897186, "ddp_buckets_rebuilt": false}
{"step": 214, "prediction_tokens": 448790528, "loss": 2.5410103797912598, "lr": 6e-05, "grad_norm": 0.04503368213772774, "step_seconds": 13.123177766799927, "tokens_per_second": 159805.1963683327, "mfu": 0.7608815570070956, "elapsed_seconds": 2862.987489774823, "unix": 1789430517.0300596, "ddp_buckets_rebuilt": false}
{"step": 215, "prediction_tokens": 450887680, "loss": 2.5468034744262695, "lr": 6e-05, "grad_norm": 0.043783605098724365, "step_seconds": 12.985372576862574, "tokens_per_second": 161501.10345980522, "mfu": 0.7689562908557046, "elapsed_seconds": 2875.9851761981845, "unix": 1789430530.027749, "ddp_buckets_rebuilt": false}
{"step": 216, "prediction_tokens": 452984832, "loss": 2.585078239440918, "lr": 6e-05, "grad_norm": 0.04833727702498436, "step_seconds": 12.96046981215477, "tokens_per_second": 161811.41813495214, "mfu": 0.7704337942069956, "elapsed_seconds": 2888.9594288021326, "unix": 1789430543.002005, "ddp_buckets_rebuilt": false}
{"step": 217, "prediction_tokens": 455081984, "loss": 2.55776047706604, "lr": 6e-05, "grad_norm": 0.05153284966945648, "step_seconds": 12.974467098712921, "tokens_per_second": 161636.8505962021, "mfu": 0.7696026246098514, "elapsed_seconds": 2901.944537959993, "unix": 1789430555.9871075, "ddp_buckets_rebuilt": false}
{"step": 218, "prediction_tokens": 457179136, "loss": 2.4974048137664795, "lr": 6e-05, "grad_norm": 0.04997473582625389, "step_seconds": 12.96905018389225, "tokens_per_second": 161704.36310013616, "mfu": 0.7699240723492129, "elapsed_seconds": 2914.9281421341, "unix": 1789430568.9707117, "ddp_buckets_rebuilt": false}
{"step": 219, "prediction_tokens": 459276288, "loss": 2.531346321105957, "lr": 6e-05, "grad_norm": 0.05809279531240463, "step_seconds": 12.960559118539095, "tokens_per_second": 161810.3031527539, "mfu": 0.7704284854347511, "elapsed_seconds": 2927.9001660458744, "unix": 1789430581.9427378, "ddp_buckets_rebuilt": false}
{"step": 220, "prediction_tokens": 461373440, "loss": 2.6101112365722656, "lr": 6e-05, "grad_norm": 0.04981106519699097, "step_seconds": 12.956440273672342, "tokens_per_second": 161861.74255450707, "mfu": 0.7706734042045215, "elapsed_seconds": 2940.8669785633683, "unix": 1789430594.909554, "ddp_buckets_rebuilt": false}
{"step": 221, "prediction_tokens": 463470592, "loss": 2.5339550971984863, "lr": 6e-05, "grad_norm": 0.056058015674352646, "step_seconds": 12.95606104284525, "tokens_per_second": 161866.4803341687, "mfu": 0.7706959622267112, "elapsed_seconds": 2953.8346411548555, "unix": 1789430607.8772104, "ddp_buckets_rebuilt": false}
{"step": 222, "prediction_tokens": 465567744, "loss": 2.6354124546051025, "lr": 6e-05, "grad_norm": 0.07258210331201553, "step_seconds": 12.951080095022917, "tokens_per_second": 161928.73371279147, "mfu": 0.7709923696573323, "elapsed_seconds": 2966.798991829157, "unix": 1789430620.8415606, "ddp_buckets_rebuilt": false}
{"step": 223, "prediction_tokens": 467664896, "loss": 2.6401987075805664, "lr": 6e-05, "grad_norm": 0.06295536458492279, "step_seconds": 12.957611091434956, "tokens_per_second": 161847.11712687748, "mfu": 0.7706037680575151, "elapsed_seconds": 2979.76694759354, "unix": 1789430633.8095205, "ddp_buckets_rebuilt": false}
{"step": 224, "prediction_tokens": 469762048, "loss": 2.6202540397644043, "lr": 6e-05, "grad_norm": 0.07848986238241196, "step_seconds": 12.953671611845493, "tokens_per_second": 161896.3381843228, "mfu": 0.7708381246096027, "elapsed_seconds": 2992.731737803668, "unix": 1789430646.7743156, "ddp_buckets_rebuilt": false}
{"step": 225, "prediction_tokens": 471859200, "loss": 2.7978315353393555, "lr": 6e-05, "grad_norm": 0.08180087059736252, "step_seconds": 12.949281252920628, "tokens_per_second": 161951.22795151282, "mfu": 0.7710994716275495, "elapsed_seconds": 3005.6955325081944, "unix": 1789430659.7381067, "ddp_buckets_rebuilt": false}
{"step": 226, "prediction_tokens": 473956352, "loss": 2.8838319778442383, "lr": 6e-05, "grad_norm": 0.07451940327882767, "step_seconds": 12.957596369087696, "tokens_per_second": 161847.30101665098, "mfu": 0.7706046436131313, "elapsed_seconds": 3018.6662559211254, "unix": 1789430672.7088249, "ddp_buckets_rebuilt": false}
{"step": 227, "prediction_tokens": 476053504, "loss": 2.872498035430908, "lr": 6e-05, "grad_norm": 0.06977308541536331, "step_seconds": 12.957281816750765, "tokens_per_second": 161851.2300387623, "mfu": 0.7706233508925534, "elapsed_seconds": 3031.6385091617703, "unix": 1789430685.6810813, "ddp_buckets_rebuilt": false}
{"step": 228, "prediction_tokens": 478150656, "loss": 2.615844249725342, "lr": 6e-05, "grad_norm": 0.06794826686382294, "step_seconds": 12.953457482159138, "tokens_per_second": 161899.01444370495, "mfu": 0.7708508671014108, "elapsed_seconds": 3044.6030732542276, "unix": 1789430698.6456482, "ddp_buckets_rebuilt": false}
{"step": 229, "prediction_tokens": 480247808, "loss": 2.567823886871338, "lr": 6e-05, "grad_norm": 0.08665316551923752, "step_seconds": 12.957238219678402, "tokens_per_second": 161851.77461775887, "mfu": 0.770625943800195, "elapsed_seconds": 3057.5743787139654, "unix": 1789430711.616951, "ddp_buckets_rebuilt": false}
{"step": 230, "prediction_tokens": 482344960, "loss": 2.4842910766601562, "lr": 6e-05, "grad_norm": 0.06724813580513, "step_seconds": 12.959179755300283, "tokens_per_second": 161827.52609340634, "mfu": 0.7705104891379952, "elapsed_seconds": 3070.5478881299496, "unix": 1789430724.5904577, "ddp_buckets_rebuilt": false}
{"step": 231, "prediction_tokens": 484442112, "loss": 2.52506685256958, "lr": 6e-05, "grad_norm": 0.052448078989982605, "step_seconds": 12.95633203163743, "tokens_per_second": 161863.09480793387, "mfu": 0.7706798426978637, "elapsed_seconds": 3083.527783975005, "unix": 1789430737.570357, "ddp_buckets_rebuilt": false}
{"step": 232, "prediction_tokens": 486539264, "loss": 2.6083481311798096, "lr": 6e-05, "grad_norm": 0.06333305686712265, "step_seconds": 12.957569431513548, "tokens_per_second": 161847.63748204248, "mfu": 0.7706062456280645, "elapsed_seconds": 3096.4977424889803, "unix": 1789430750.540318, "ddp_buckets_rebuilt": false}
{"step": 233, "prediction_tokens": 488636416, "loss": 2.6213128566741943, "lr": 5.976344103943434e-05, "grad_norm": 0.056762028485536575, "step_seconds": 12.957461398094893, "tokens_per_second": 161848.98689401767, "mfu": 0.7706126705923838, "elapsed_seconds": 3109.467005301267, "unix": 1789430763.5095754, "ddp_buckets_rebuilt": false}
{"step": 234, "prediction_tokens": 490733568, "loss": 2.534590721130371, "lr": 5.9057494833858934e-05, "grad_norm": 0.05954376608133316, "step_seconds": 12.962906692177057, "tokens_per_second": 161780.99941625, "mfu": 0.7702889613569118, "elapsed_seconds": 3122.4416741915047, "unix": 1789430776.4842439, "ddp_buckets_rebuilt": false}
{"step": 235, "prediction_tokens": 492830720, "loss": 2.5195086002349854, "lr": 5.789329457664754e-05, "grad_norm": 0.05123654752969742, "step_seconds": 12.971697971224785, "tokens_per_second": 161671.35595140498, "mfu": 0.7697669151898107, "elapsed_seconds": 3135.4267597422004, "unix": 1789430789.4693332, "ddp_buckets_rebuilt": false}
{"step": 236, "prediction_tokens": 494927872, "loss": 2.601043462753296, "lr": 5.6289200401315906e-05, "grad_norm": 0.05216140300035477, "step_seconds": 12.969856791198254, "tokens_per_second": 161694.30655727765, "mfu": 0.7698761900640169, "elapsed_seconds": 3148.4068941548467, "unix": 1789430802.4494717, "ddp_buckets_rebuilt": false}
{"step": 237, "prediction_tokens": 497025024, "loss": 2.550679922103882, "lr": 5.427050983124843e-05, "grad_norm": 0.05722195282578468, "step_seconds": 12.9726815931499, "tokens_per_second": 161659.09761535973, "mfu": 0.769708549491896, "elapsed_seconds": 3161.3906365931034, "unix": 1789430815.4332063, "ddp_buckets_rebuilt": false}
{"step": 238, "prediction_tokens": 499122176, "loss": 2.583841323852539, "lr": 5.186905882264235e-05, "grad_norm": 0.048457857221364975, "step_seconds": 12.974100526422262, "tokens_per_second": 161641.41750937325, "mfu": 0.76962436908427, "elapsed_seconds": 3174.377145368606, "unix": 1789430828.4197156, "ddp_buckets_rebuilt": false}
{"step": 239, "prediction_tokens": 501219328, "loss": 2.5040271282196045, "lr": 4.912271969246069e-05, "grad_norm": 0.05333023890852928, "step_seconds": 12.975100424140692, "tokens_per_second": 161628.960967282, "mfu": 0.7695650596665746, "elapsed_seconds": 3187.3644444309175, "unix": 1789430841.4070182, "ddp_buckets_rebuilt": false}
{"step": 240, "prediction_tokens": 503316480, "loss": 2.5489039421081543, "lr": 4.60748038493699e-05, "grad_norm": 0.046202074736356735, "step_seconds": 12.974741093814373, "tokens_per_second": 161633.43721747203, "mfu": 0.7695863724667309, "elapsed_seconds": 3200.351733893156, "unix": 1789430854.3943095, "ddp_buckets_rebuilt": false}
{"step": 241, "prediction_tokens": 505413632, "loss": 2.5222349166870117, "lr": 4.277337874695218e-05, "grad_norm": 0.04733676835894585, "step_seconds": 12.977116130292416, "tokens_per_second": 161603.85550566422, "mfu": 0.7694455248632063, "elapsed_seconds": 3213.3388362638652, "unix": 1789430867.381407, "ddp_buckets_rebuilt": false}
{"step": 242, "prediction_tokens": 507510784, "loss": 2.5130040645599365, "lr": 3.927050983124842e-05, "grad_norm": 0.05535134673118591, "step_seconds": 12.969440177083015, "tokens_per_second": 161699.5006234475, "mfu": 0.7699009206062292, "elapsed_seconds": 3226.323030717671, "unix": 1789430880.3656008, "ddp_buckets_rebuilt": false}
{"step": 243, "prediction_tokens": 509607936, "loss": 2.560253143310547, "lr": 3.562143943757174e-05, "grad_norm": 0.04326661676168442, "step_seconds": 12.968674436211586, "tokens_per_second": 161709.0482389055, "mfu": 0.7699463797319677, "elapsed_seconds": 3239.302637539804, "unix": 1789430893.345212, "ddp_buckets_rebuilt": false}
{"step": 244, "prediction_tokens": 511705088, "loss": 2.509310722351074, "lr": 3.1883715585879403e-05, "grad_norm": 0.05796618387103081, "step_seconds": 13.109180394560099, "tokens_per_second": 159975.82891377807, "mfu": 0.7616939908941346, "elapsed_seconds": 3252.423489123583, "unix": 1789430906.4660652, "ddp_buckets_rebuilt": false}
{"step": 245, "prediction_tokens": 513802240, "loss": 2.5404052734375, "lr": 2.81162844141206e-05, "grad_norm": 0.04222880303859711, "step_seconds": 13.110102988779545, "tokens_per_second": 159964.57097208736, "mfu": 0.7616403883805932, "elapsed_seconds": 3265.544864937663, "unix": 1789430919.5874364, "ddp_buckets_rebuilt": false}
{"step": 246, "prediction_tokens": 515899392, "loss": 2.547210454940796, "lr": 2.4378560562428255e-05, "grad_norm": 0.04390633478760719, "step_seconds": 12.95793255418539, "tokens_per_second": 161843.10199412354, "mfu": 0.7705846507789107, "elapsed_seconds": 3278.512954700738, "unix": 1789430932.5555258, "ddp_buckets_rebuilt": false}
{"step": 247, "prediction_tokens": 517996544, "loss": 2.558495283126831, "lr": 2.072949016875158e-05, "grad_norm": 0.0444168895483017, "step_seconds": 12.958047669380903, "tokens_per_second": 161841.66423121328, "mfu": 0.7705778051486895, "elapsed_seconds": 3291.480986043811, "unix": 1789430945.5235586, "ddp_buckets_rebuilt": false}
{"step": 248, "prediction_tokens": 520093696, "loss": 2.566927433013916, "lr": 1.722662125304782e-05, "grad_norm": 0.04573223367333412, "step_seconds": 12.964877754449844, "tokens_per_second": 161756.4037023187, "mfu": 0.7701718536186339, "elapsed_seconds": 3304.457719568163, "unix": 1789430958.5002913, "ddp_buckets_rebuilt": false}
{"step": 249, "prediction_tokens": 522190848, "loss": 2.551121950149536, "lr": 1.3925196150630094e-05, "grad_norm": 0.0425933338701725, "step_seconds": 12.951353147625923, "tokens_per_second": 161925.31977899338, "mfu": 0.7709761148713626, "elapsed_seconds": 3317.4223579876125, "unix": 1789430971.4649282, "ddp_buckets_rebuilt": false}
{"step": 250, "prediction_tokens": 524288000, "loss": 2.5295233726501465, "lr": 1.0877280307539308e-05, "grad_norm": 0.04822148010134697, "step_seconds": 12.948777478188276, "tokens_per_second": 161957.52869586129, "mfu": 0.7711294714040218, "elapsed_seconds": 3330.382716100663, "unix": 1789430984.4252877, "ddp_buckets_rebuilt": false}
{"step": 251, "prediction_tokens": 526385152, "loss": 2.5833261013031006, "lr": 8.13094117735766e-06, "grad_norm": 0.05282946676015854, "step_seconds": 12.95254710316658, "tokens_per_second": 161910.3936311722, "mfu": 0.770905046903284, "elapsed_seconds": 3343.346589319408, "unix": 1789430997.3891633, "ddp_buckets_rebuilt": false}
{"step": 252, "prediction_tokens": 528482304, "loss": 2.5220584869384766, "lr": 5.72949016875158e-06, "grad_norm": 0.042824309319257736, "step_seconds": 12.955701984465122, "tokens_per_second": 161870.96635247135, "mfu": 0.7707173215358478, "elapsed_seconds": 3356.312800049782, "unix": 1789431010.3553765, "ddp_buckets_rebuilt": false}
{"step": 253, "prediction_tokens": 530579456, "loss": 2.587444305419922, "lr": 3.710799598684099e-06, "grad_norm": 0.044980037957429886, "step_seconds": 12.95462191849947, "tokens_per_second": 161884.46202395327, "mfu": 0.7707815785673048, "elapsed_seconds": 3369.2806670852005, "unix": 1789431023.323238, "ddp_buckets_rebuilt": false}
{"step": 254, "prediction_tokens": 532676608, "loss": 2.4864325523376465, "lr": 2.1067054233524597e-06, "grad_norm": 0.05297873169183731, "step_seconds": 12.953613638877869, "tokens_per_second": 161897.06273975837, "mfu": 0.7708415744402743, "elapsed_seconds": 3382.2476154640317, "unix": 1789431036.2901843, "ddp_buckets_rebuilt": false}
{"step": 255, "prediction_tokens": 534773760, "loss": 2.541013240814209, "lr": 9.425051661410677e-07, "grad_norm": 0.04472147300839424, "step_seconds": 12.955977611243725, "tokens_per_second": 161867.52269315487, "mfu": 0.7707009252175674, "elapsed_seconds": 3395.2145545333624, "unix": 1789431049.2571268, "ddp_buckets_rebuilt": false}
{"step": 256, "prediction_tokens": 536870912, "loss": 2.490475654602051, "lr": 2.3655896056566706e-07, "grad_norm": 0.049890030175447464, "step_seconds": 12.960348043590784, "tokens_per_second": 161812.93842931124, "mfu": 0.7704410327947597, "elapsed_seconds": 3408.1891801021993, "unix": 1789431062.2317564, "ddp_buckets_rebuilt": false}
{"status": "QUALIFICATION_COMPLETED", "formal_promotion": false, "mfu_window_passed": true, "step": 256, "tokens": 536870912, "unix": 1789431108.383278, "model_checkpoint_sha256": "b5328a6943085953f16a849e7f1537831ccdc9197b63d8a76a6c91757afefbb6", "model_checkpoint_resumable": false}
