Fri Sep 11 23:57:41 UTC 2026
wqd10naf06g1
{"source": "web", "seen": 10240, "accepted": 10222, "duplicate": 0, "contaminated": 18, "too_long": 0, "resumed_tokens": {"train": 0, "validation": 0}, "train_tokens": 11305232, "val_tokens": 6428, "train_target": 1999998165, "validation_target": 99999396}
{"source": "web", "seen": 20480, "accepted": 20444, "duplicate": 1, "contaminated": 35, "too_long": 0, "resumed_tokens": {"train": 0, "validation": 0}, "train_tokens": 21465079, "val_tokens": 15493, "train_target": 1999998165, "validation_target": 99999396}
{"source": "web", "seen": 30720, "accepted": 30670, "duplicate": 2, "contaminated": 48, "too_long": 0, "resumed_tokens": {"train": 0, "validation": 0}, "train_tokens": 32555832, "val_tokens": 27667, "train_target": 1999998165, "validation_target": 99999396}
{"source": "web", "seen": 40960, "accepted": 40896, "duplicate": 3, "contaminated": 61, "too_long": 0, "resumed_tokens": {"train": 0, "validation": 0}, "train_tokens": 42625043, "val_tokens": 33623, "train_target": 1999998165, "validation_target": 99999396}
{"source": "web", "seen": 51200, "accepted": 51117, "duplicate": 4, "contaminated": 79, "too_long": 0, "resumed_tokens": {"train": 0, "validation": 0}, "train_tokens": 53712445, "val_tokens": 41807, "train_target": 1999998165, "validation_target": 99999396}
{"source": "web", "seen": 61440, "accepted": 61338, "duplicate": 9, "contaminated": 93, "too_long": 0, "resumed_tokens": {"train": 0, "validation": 0}, "train_tokens": 63763357, "val_tokens": 51106, "train_target": 1999998165, "validation_target": 99999396}
{"source": "web", "seen": 71680, "accepted": 71561, "duplicate": 12, "contaminated": 107, "too_long": 0, "resumed_tokens": {"train": 0, "validation": 0}, "train_tokens": 74886722, "val_tokens": 58832, "train_target": 1999998165, "validation_target": 99999396}
{"source": "web", "seen": 81920, "accepted": 81782, "duplicate": 17, "contaminated": 121, "too_long": 0, "resumed_tokens": {"train": 0, "validation": 0}, "train_tokens": 84716768, "val_tokens": 81387, "train_target": 1999998165, "validation_target": 99999396}
{"source": "web", "seen": 90112, "accepted": 89961, "duplicate": 18, "contaminated": 133, "too_long": 0, "resumed_tokens": {"train": 0, "validation": 0}, "train_tokens": 93609406, "val_tokens": 89640, "train_target": 1999998165, "validation_target": 99999396}
{"source": "web", "seen": 100352, "accepted": 100185, "duplicate": 21, "contaminated": 146, "too_long": 0, "resumed_tokens": {"train": 0, "validation": 0}, "train_tokens": 103685048, "val_tokens": 93533, "train_target": 1999998165, "validation_target": 99999396}
{"source": "web", "seen": 110592, "accepted": 110412, "duplicate": 22, "contaminated": 158, "too_long": 0, "resumed_tokens": {"train": 0, "validation": 0}, "train_tokens": 114576465, "val_tokens": 106367, "train_target": 1999998165, "validation_target": 99999396}
{"source": "web", "seen": 120832, "accepted": 120630, "duplicate": 24, "contaminated": 178, "too_long": 0, "resumed_tokens": {"train": 0, "validation": 0}, "train_tokens": 124951669, "val_tokens": 111365, "train_target": 1999998165, "validation_target": 99999396}
{"source": "web", "seen": 131072, "accepted": 130852, "duplicate": 27, "contaminated": 193, "too_long": 0, "resumed_tokens": {"train": 0, "validation": 0}, "train_tokens": 135614150, "val_tokens": 118718, "train_target": 1999998165, "validation_target": 99999396}
{"source": "web", "seen": 141312, "accepted": 141067, "duplicate": 33, "contaminated": 212, "too_long": 0, "resumed_tokens": {"train": 0, "validation": 0}, "train_tokens": 145697157, "val_tokens": 124911, "train_target": 1999998165, "validation_target": 99999396}
{"source": "web", "seen": 151552, "accepted": 151285, "duplicate": 38, "contaminated": 229, "too_long": 0, "resumed_tokens": {"train": 0, "validation": 0}, "train_tokens": 156734858, "val_tokens": 130309, "train_target": 1999998165, "validation_target": 99999396}
{"source": "web", "seen": 161792, "accepted": 161505, "duplicate": 43, "contaminated": 244, "too_long": 0, "resumed_tokens": {"train": 0, "validation": 0}, "train_tokens": 166788320, "val_tokens": 143728, "train_target": 1999998165, "validation_target": 99999396}
{"source": "web", "seen": 172032, "accepted": 171725, "duplicate": 50, "contaminated": 257, "too_long": 0, "resumed_tokens": {"train": 0, "validation": 0}, "train_tokens": 177480963, "val_tokens": 156627, "train_target": 1999998165, "validation_target": 99999396}
{"source": "web", "seen": 180224, "accepted": 179897, "duplicate": 51, "contaminated": 276, "too_long": 0, "resumed_tokens": {"train": 0, "validation": 0}, "train_tokens": 185867691, "val_tokens": 160958, "train_target": 1999998165, "validation_target": 99999396}
{"source": "web", "seen": 190464, "accepted": 190121, "duplicate": 55, "contaminated": 288, "too_long": 0, "resumed_tokens": {"train": 0, "validation": 0}, "train_tokens": 196122448, "val_tokens": 169154, "train_target": 1999998165, "validation_target": 99999396}
{"source": "web", "seen": 200704, "accepted": 200347, "duplicate": 59, "contaminated": 298, "too_long": 0, "resumed_tokens": {"train": 0, "validation": 0}, "train_tokens": 207119697, "val_tokens": 177227, "train_target": 1999998165, "validation_target": 99999396}
{"source": "web", "seen": 210944, "accepted": 210570, "duplicate": 65, "contaminated": 309, "too_long": 0, "resumed_tokens": {"train": 0, "validation": 0}, "train_tokens": 217608366, "val_tokens": 188173, "train_target": 1999998165, "validation_target": 99999396}
{"source": "web", "seen": 221184, "accepted": 220790, "duplicate": 69, "contaminated": 325, "too_long": 0, "resumed_tokens": {"train": 0, "validation": 0}, "train_tokens": 228282982, "val_tokens": 196639, "train_target": 1999998165, "validation_target": 99999396}
{"source": "web", "seen": 231424, "accepted": 231010, "duplicate": 74, "contaminated": 340, "too_long": 0, "resumed_tokens": {"train": 0, "validation": 0}, "train_tokens": 238249403, "val_tokens": 204480, "train_target": 1999998165, "validation_target": 99999396}
{"source": "web", "seen": 241664, "accepted": 241209, "duplicate": 98, "contaminated": 357, "too_long": 0, "resumed_tokens": {"train": 0, "validation": 0}, "train_tokens": 249166410, "val_tokens": 217311, "train_target": 1999998165, "validation_target": 99999396}
{"source": "web", "seen": 251904, "accepted": 251426, "duplicate": 103, "contaminated": 375, "too_long": 0, "resumed_tokens": {"train": 0, "validation": 0}, "train_tokens": 258853148, "val_tokens": 224409, "train_target": 1999998165, "validation_target": 99999396}
{"source": "web", "seen": 260096, "accepted": 259584, "duplicate": 123, "contaminated": 389, "too_long": 0, "resumed_tokens": {"train": 0, "validation": 0}, "train_tokens": 267819327, "val_tokens": 229125, "train_target": 1999998165, "validation_target": 99999396}
{"source": "web", "seen": 270336, "accepted": 269792, "duplicate": 144, "contaminated": 400, "too_long": 0, "resumed_tokens": {"train": 0, "validation": 0}, "train_tokens": 277837325, "val_tokens": 239498, "train_target": 1999998165, "validation_target": 99999396}
{"source": "web", "seen": 280576, "accepted": 280013, "duplicate": 153, "contaminated": 410, "too_long": 0, "resumed_tokens": {"train": 0, "validation": 0}, "train_tokens": 288510719, "val_tokens": 254720, "train_target": 1999998165, "validation_target": 99999396}
{"source": "web", "seen": 290816, "accepted": 290223, "duplicate": 169, "contaminated": 424, "too_long": 0, "resumed_tokens": {"train": 0, "validation": 0}, "train_tokens": 298749312, "val_tokens": 264468, "train_target": 1999998165, "validation_target": 99999396}
{"source": "web", "seen": 301056, "accepted": 300427, "duplicate": 187, "contaminated": 442, "too_long": 0, "resumed_tokens": {"train": 0, "validation": 0}, "train_tokens": 310033365, "val_tokens": 282639, "train_target": 1999998165, "validation_target": 99999396}
{"source": "web", "seen": 311296, "accepted": 310615, "duplicate": 224, "contaminated": 457, "too_long": 0, "resumed_tokens": {"train": 0, "validation": 0}, "train_tokens": 321016345, "val_tokens": 291851, "train_target": 1999998165, "validation_target": 99999396}
{"source": "web", "seen": 321536, "accepted": 320823, "duplicate": 238, "contaminated": 475, "too_long": 0, "resumed_tokens": {"train": 0, "validation": 0}, "train_tokens": 332039225, "val_tokens": 300355, "train_target": 1999998165, "validation_target": 99999396}
{"source": "web", "seen": 331776, "accepted": 331014, "duplicate": 267, "contaminated": 495, "too_long": 0, "resumed_tokens": {"train": 0, "validation": 0}, "train_tokens": 342370871, "val_tokens": 323875, "train_target": 1999998165, "validation_target": 99999396}
{"source": "web", "seen": 342016, "accepted": 341224, "duplicate": 286, "contaminated": 506, "too_long": 0, "resumed_tokens": {"train": 0, "validation": 0}, "train_tokens": 353260891, "val_tokens": 333961, "train_target": 1999998165, "validation_target": 99999396}
{"source": "web", "seen": 350208, "accepted": 349371, "duplicate": 321, "contaminated": 516, "too_long": 0, "resumed_tokens": {"train": 0, "validation": 0}, "train_tokens": 361864193, "val_tokens": 336049, "train_target": 1999998165, "validation_target": 99999396}
{"source": "web", "seen": 360448, "accepted": 359574, "duplicate": 334, "contaminated": 540, "too_long": 0, "resumed_tokens": {"train": 0, "validation": 0}, "train_tokens": 372826102, "val_tokens": 339892, "train_target": 1999998165, "validation_target": 99999396}
{"source": "web", "seen": 370688, "accepted": 369753, "duplicate": 379, "contaminated": 556, "too_long": 0, "resumed_tokens": {"train": 0, "validation": 0}, "train_tokens": 383137738, "val_tokens": 356970, "train_target": 1999998165, "validation_target": 99999396}
{"source": "web", "seen": 380928, "accepted": 379960, "duplicate": 397, "contaminated": 571, "too_long": 0, "resumed_tokens": {"train": 0, "validation": 0}, "train_tokens": 394146870, "val_tokens": 367496, "train_target": 1999998165, "validation_target": 99999396}
{"source": "web", "seen": 391168, "accepted": 390144, "duplicate": 441, "contaminated": 583, "too_long": 0, "resumed_tokens": {"train": 0, "validation": 0}, "train_tokens": 404929883, "val_tokens": 376404, "train_target": 1999998165, "validation_target": 99999396}
{"source": "web", "seen": 401408, "accepted": 400338, "duplicate": 470, "contaminated": 600, "too_long": 0, "resumed_tokens": {"train": 0, "validation": 0}, "train_tokens": 415893994, "val_tokens": 391597, "train_target": 1999998165, "validation_target": 99999396}
{"source": "web", "seen": 411648, "accepted": 410518, "duplicate": 515, "contaminated": 615, "too_long": 0, "resumed_tokens": {"train": 0, "validation": 0}, "train_tokens": 426372522, "val_tokens": 415802, "train_target": 1999998165, "validation_target": 99999396}
{"source": "web", "seen": 421888, "accepted": 420719, "duplicate": 535, "contaminated": 634, "too_long": 0, "resumed_tokens": {"train": 0, "validation": 0}, "train_tokens": 436916042, "val_tokens": 420077, "train_target": 1999998165, "validation_target": 99999396}
{"source": "web", "seen": 430080, "accepted": 428859, "duplicate": 576, "contaminated": 645, "too_long": 0, "resumed_tokens": {"train": 0, "validation": 0}, "train_tokens": 445202483, "val_tokens": 422439, "train_target": 1999998165, "validation_target": 99999396}
{"source": "web", "seen": 440320, "accepted": 439054, "duplicate": 600, "contaminated": 666, "too_long": 0, "resumed_tokens": {"train": 0, "validation": 0}, "train_tokens": 455845695, "val_tokens": 432542, "train_target": 1999998165, "validation_target": 99999396}
{"source": "web", "seen": 450560, "accepted": 449235, "duplicate": 645, "contaminated": 680, "too_long": 0, "resumed_tokens": {"train": 0, "validation": 0}, "train_tokens": 466583793, "val_tokens": 466050, "train_target": 1999998165, "validation_target": 99999396}
{"source": "web", "seen": 460800, "accepted": 459426, "duplicate": 678, "contaminated": 696, "too_long": 0, "resumed_tokens": {"train": 0, "validation": 0}, "train_tokens": 477063738, "val_tokens": 472232, "train_target": 1999998165, "validation_target": 99999396}
{"source": "web", "seen": 471040, "accepted": 469614, "duplicate": 713, "contaminated": 713, "too_long": 0, "resumed_tokens": {"train": 0, "validation": 0}, "train_tokens": 487625942, "val_tokens": 489878, "train_target": 1999998165, "validation_target": 99999396}
{"source": "web", "seen": 481280, "accepted": 479803, "duplicate": 751, "contaminated": 726, "too_long": 0, "resumed_tokens": {"train": 0, "validation": 0}, "train_tokens": 498127312, "val_tokens": 500394, "train_target": 1999998165, "validation_target": 99999396}
{"source": "web", "seen": 491520, "accepted": 489998, "duplicate": 780, "contaminated": 742, "too_long": 0, "resumed_tokens": {"train": 0, "validation": 0}, "train_tokens": 508826732, "val_tokens": 505929, "train_target": 1999998165, "validation_target": 99999396}
{"source": "web", "seen": 501760, "accepted": 500190, "duplicate": 815, "contaminated": 755, "too_long": 0, "resumed_tokens": {"train": 0, "validation": 0}, "train_tokens": 518896892, "val_tokens": 509982, "train_target": 1999998165, "validation_target": 99999396}
{"source": "web", "seen": 512000, "accepted": 510374, "duplicate": 860, "contaminated": 766, "too_long": 0, "resumed_tokens": {"train": 0, "validation": 0}, "train_tokens": 529626504, "val_tokens": 524478, "train_target": 1999998165, "validation_target": 99999396}
{"source": "web", "seen": 520192, "accepted": 518529, "duplicate": 883, "contaminated": 780, "too_long": 0, "resumed_tokens": {"train": 0, "validation": 0}, "train_tokens": 537683978, "val_tokens": 536407, "train_target": 1999998165, "validation_target": 99999396}
{"source": "web", "seen": 530432, "accepted": 528697, "duplicate": 940, "contaminated": 795, "too_long": 0, "resumed_tokens": {"train": 0, "validation": 0}, "train_tokens": 548674446, "val_tokens": 548815, "train_target": 1999998165, "validation_target": 99999396}
{"source": "web", "seen": 540672, "accepted": 538896, "duplicate": 966, "contaminated": 810, "too_long": 0, "resumed_tokens": {"train": 0, "validation": 0}, "train_tokens": 558852600, "val_tokens": 567966, "train_target": 1999998165, "validation_target": 99999396}
{"source": "web", "seen": 550912, "accepted": 549076, "duplicate": 1009, "contaminated": 827, "too_long": 0, "resumed_tokens": {"train": 0, "validation": 0}, "train_tokens": 569923068, "val_tokens": 585902, "train_target": 1999998165, "validation_target": 99999396}
{"source": "web", "seen": 561152, "accepted": 559256, "duplicate": 1043, "contaminated": 853, "too_long": 0, "resumed_tokens": {"train": 0, "validation": 0}, "train_tokens": 579854529, "val_tokens": 609768, "train_target": 1999998165, "validation_target": 99999396}
{"source": "web", "seen": 571392, "accepted": 569408, "duplicate": 1111, "contaminated": 873, "too_long": 0, "resumed_tokens": {"train": 0, "validation": 0}, "train_tokens": 590868473, "val_tokens": 619631, "train_target": 1999998165, "validation_target": 99999396}
{"source": "web", "seen": 581632, "accepted": 579593, "duplicate": 1151, "contaminated": 888, "too_long": 0, "resumed_tokens": {"train": 0, "validation": 0}, "train_tokens": 600764965, "val_tokens": 630469, "train_target": 1999998165, "validation_target": 99999396}
{"source": "web", "seen": 591872, "accepted": 589775, "duplicate": 1196, "contaminated": 901, "too_long": 0, "resumed_tokens": {"train": 0, "validation": 0}, "train_tokens": 611755706, "val_tokens": 647714, "train_target": 1999998165, "validation_target": 99999396}
{"source": "web", "seen": 600064, "accepted": 597927, "duplicate": 1225, "contaminated": 912, "too_long": 0, "resumed_tokens": {"train": 0, "validation": 0}, "train_tokens": 619888155, "val_tokens": 654336, "train_target": 1999998165, "validation_target": 99999396}
{"source": "web", "seen": 610304, "accepted": 608102, "duplicate": 1275, "contaminated": 927, "too_long": 0, "resumed_tokens": {"train": 0, "validation": 0}, "train_tokens": 630927728, "val_tokens": 658840, "train_target": 1999998165, "validation_target": 99999396}
{"source": "web", "seen": 620544, "accepted": 618247, "duplicate": 1347, "contaminated": 950, "too_long": 0, "resumed_tokens": {"train": 0, "validation": 0}, "train_tokens": 641497351, "val_tokens": 674049, "train_target": 1999998165, "validation_target": 99999396}
{"source": "web", "seen": 630784, "accepted": 628442, "duplicate": 1376, "contaminated": 966, "too_long": 0, "resumed_tokens": {"train": 0, "validation": 0}, "train_tokens": 652662655, "val_tokens": 681757, "train_target": 1999998165, "validation_target": 99999396}
{"manifest": "/ssd/scxi253/pretrain500m-20260912-v1/data/fineweb-edu-parts/part-01/web/manifest.json", "train_tokens": 661677423, "val_tokens": 688464}
Sat Sep 12 02:13:53 UTC 2026
