Fri Sep 11 23:57:41 UTC 2026
wqd10nba08g4
{"source": "web", "seen": 10240, "accepted": 10228, "duplicate": 0, "contaminated": 12, "too_long": 0, "resumed_tokens": {"train": 0, "validation": 0}, "train_tokens": 10063155, "val_tokens": 6838, "train_target": 1999998165, "validation_target": 99999396}
{"source": "web", "seen": 20480, "accepted": 20454, "duplicate": 0, "contaminated": 26, "too_long": 0, "resumed_tokens": {"train": 0, "validation": 0}, "train_tokens": 20802691, "val_tokens": 22887, "train_target": 1999998165, "validation_target": 99999396}
{"source": "web", "seen": 30720, "accepted": 30670, "duplicate": 2, "contaminated": 48, "too_long": 0, "resumed_tokens": {"train": 0, "validation": 0}, "train_tokens": 31215464, "val_tokens": 36027, "train_target": 1999998165, "validation_target": 99999396}
{"source": "web", "seen": 40960, "accepted": 40891, "duplicate": 4, "contaminated": 65, "too_long": 0, "resumed_tokens": {"train": 0, "validation": 0}, "train_tokens": 42158159, "val_tokens": 45200, "train_target": 1999998165, "validation_target": 99999396}
{"source": "web", "seen": 51200, "accepted": 51108, "duplicate": 6, "contaminated": 86, "too_long": 0, "resumed_tokens": {"train": 0, "validation": 0}, "train_tokens": 52714609, "val_tokens": 52407, "train_target": 1999998165, "validation_target": 99999396}
{"source": "web", "seen": 61440, "accepted": 61338, "duplicate": 6, "contaminated": 96, "too_long": 0, "resumed_tokens": {"train": 0, "validation": 0}, "train_tokens": 63306408, "val_tokens": 81633, "train_target": 1999998165, "validation_target": 99999396}
{"source": "web", "seen": 71680, "accepted": 71560, "duplicate": 10, "contaminated": 110, "too_long": 0, "resumed_tokens": {"train": 0, "validation": 0}, "train_tokens": 73704707, "val_tokens": 88755, "train_target": 1999998165, "validation_target": 99999396}
{"source": "web", "seen": 81920, "accepted": 81783, "duplicate": 13, "contaminated": 124, "too_long": 0, "resumed_tokens": {"train": 0, "validation": 0}, "train_tokens": 84327698, "val_tokens": 109736, "train_target": 1999998165, "validation_target": 99999396}
{"source": "web", "seen": 90112, "accepted": 89965, "duplicate": 14, "contaminated": 133, "too_long": 0, "resumed_tokens": {"train": 0, "validation": 0}, "train_tokens": 92717048, "val_tokens": 115568, "train_target": 1999998165, "validation_target": 99999396}
{"source": "web", "seen": 100352, "accepted": 100174, "duplicate": 20, "contaminated": 158, "too_long": 0, "resumed_tokens": {"train": 0, "validation": 0}, "train_tokens": 102758977, "val_tokens": 128711, "train_target": 1999998165, "validation_target": 99999396}
{"source": "web", "seen": 110592, "accepted": 110404, "duplicate": 23, "contaminated": 165, "too_long": 0, "resumed_tokens": {"train": 0, "validation": 0}, "train_tokens": 113880645, "val_tokens": 132822, "train_target": 1999998165, "validation_target": 99999396}
{"source": "web", "seen": 120832, "accepted": 120618, "duplicate": 30, "contaminated": 184, "too_long": 0, "resumed_tokens": {"train": 0, "validation": 0}, "train_tokens": 124074376, "val_tokens": 142894, "train_target": 1999998165, "validation_target": 99999396}
{"source": "web", "seen": 131072, "accepted": 130835, "duplicate": 36, "contaminated": 201, "too_long": 0, "resumed_tokens": {"train": 0, "validation": 0}, "train_tokens": 135098029, "val_tokens": 150008, "train_target": 1999998165, "validation_target": 99999396}
{"source": "web", "seen": 141312, "accepted": 141054, "duplicate": 44, "contaminated": 214, "too_long": 0, "resumed_tokens": {"train": 0, "validation": 0}, "train_tokens": 145160388, "val_tokens": 158325, "train_target": 1999998165, "validation_target": 99999396}
{"source": "web", "seen": 151552, "accepted": 151281, "duplicate": 44, "contaminated": 227, "too_long": 0, "resumed_tokens": {"train": 0, "validation": 0}, "train_tokens": 156083024, "val_tokens": 164898, "train_target": 1999998165, "validation_target": 99999396}
{"source": "web", "seen": 161792, "accepted": 161503, "duplicate": 50, "contaminated": 239, "too_long": 0, "resumed_tokens": {"train": 0, "validation": 0}, "train_tokens": 165828634, "val_tokens": 172844, "train_target": 1999998165, "validation_target": 99999396}
{"source": "web", "seen": 172032, "accepted": 171721, "duplicate": 58, "contaminated": 253, "too_long": 0, "resumed_tokens": {"train": 0, "validation": 0}, "train_tokens": 176390741, "val_tokens": 187337, "train_target": 1999998165, "validation_target": 99999396}
{"source": "web", "seen": 180224, "accepted": 179899, "duplicate": 59, "contaminated": 266, "too_long": 0, "resumed_tokens": {"train": 0, "validation": 0}, "train_tokens": 184103919, "val_tokens": 193998, "train_target": 1999998165, "validation_target": 99999396}
{"source": "web", "seen": 190464, "accepted": 190119, "duplicate": 66, "contaminated": 279, "too_long": 0, "resumed_tokens": {"train": 0, "validation": 0}, "train_tokens": 194966664, "val_tokens": 205455, "train_target": 1999998165, "validation_target": 99999396}
{"source": "web", "seen": 200704, "accepted": 200325, "duplicate": 88, "contaminated": 291, "too_long": 0, "resumed_tokens": {"train": 0, "validation": 0}, "train_tokens": 205415319, "val_tokens": 212867, "train_target": 1999998165, "validation_target": 99999396}
{"source": "web", "seen": 210944, "accepted": 210537, "duplicate": 98, "contaminated": 309, "too_long": 0, "resumed_tokens": {"train": 0, "validation": 0}, "train_tokens": 216129165, "val_tokens": 222906, "train_target": 1999998165, "validation_target": 99999396}
{"source": "web", "seen": 221184, "accepted": 220731, "duplicate": 122, "contaminated": 331, "too_long": 0, "resumed_tokens": {"train": 0, "validation": 0}, "train_tokens": 226517295, "val_tokens": 232595, "train_target": 1999998165, "validation_target": 99999396}
{"source": "web", "seen": 231424, "accepted": 230949, "duplicate": 128, "contaminated": 347, "too_long": 0, "resumed_tokens": {"train": 0, "validation": 0}, "train_tokens": 237135491, "val_tokens": 240485, "train_target": 1999998165, "validation_target": 99999396}
{"source": "web", "seen": 241664, "accepted": 241145, "duplicate": 157, "contaminated": 362, "too_long": 0, "resumed_tokens": {"train": 0, "validation": 0}, "train_tokens": 247431839, "val_tokens": 256027, "train_target": 1999998165, "validation_target": 99999396}
{"source": "web", "seen": 251904, "accepted": 251366, "duplicate": 164, "contaminated": 374, "too_long": 0, "resumed_tokens": {"train": 0, "validation": 0}, "train_tokens": 257992706, "val_tokens": 271758, "train_target": 1999998165, "validation_target": 99999396}
{"source": "web", "seen": 260096, "accepted": 259519, "duplicate": 188, "contaminated": 389, "too_long": 0, "resumed_tokens": {"train": 0, "validation": 0}, "train_tokens": 266389495, "val_tokens": 275498, "train_target": 1999998165, "validation_target": 99999396}
{"source": "web", "seen": 270336, "accepted": 269732, "duplicate": 203, "contaminated": 401, "too_long": 0, "resumed_tokens": {"train": 0, "validation": 0}, "train_tokens": 276228648, "val_tokens": 286513, "train_target": 1999998165, "validation_target": 99999396}
{"source": "web", "seen": 280576, "accepted": 279936, "duplicate": 227, "contaminated": 413, "too_long": 0, "resumed_tokens": {"train": 0, "validation": 0}, "train_tokens": 286901266, "val_tokens": 298199, "train_target": 1999998165, "validation_target": 99999396}
{"source": "web", "seen": 290816, "accepted": 290147, "duplicate": 243, "contaminated": 426, "too_long": 0, "resumed_tokens": {"train": 0, "validation": 0}, "train_tokens": 296575456, "val_tokens": 306981, "train_target": 1999998165, "validation_target": 99999396}
{"source": "web", "seen": 301056, "accepted": 300351, "duplicate": 261, "contaminated": 444, "too_long": 0, "resumed_tokens": {"train": 0, "validation": 0}, "train_tokens": 307625197, "val_tokens": 314015, "train_target": 1999998165, "validation_target": 99999396}
{"source": "web", "seen": 311296, "accepted": 310563, "duplicate": 272, "contaminated": 461, "too_long": 0, "resumed_tokens": {"train": 0, "validation": 0}, "train_tokens": 317555735, "val_tokens": 348516, "train_target": 1999998165, "validation_target": 99999396}
{"source": "web", "seen": 321536, "accepted": 320765, "duplicate": 294, "contaminated": 477, "too_long": 0, "resumed_tokens": {"train": 0, "validation": 0}, "train_tokens": 328615274, "val_tokens": 360063, "train_target": 1999998165, "validation_target": 99999396}
{"source": "web", "seen": 331776, "accepted": 330980, "duplicate": 310, "contaminated": 486, "too_long": 0, "resumed_tokens": {"train": 0, "validation": 0}, "train_tokens": 338464993, "val_tokens": 367529, "train_target": 1999998165, "validation_target": 99999396}
{"source": "web", "seen": 342016, "accepted": 341179, "duplicate": 340, "contaminated": 497, "too_long": 0, "resumed_tokens": {"train": 0, "validation": 0}, "train_tokens": 349296169, "val_tokens": 386637, "train_target": 1999998165, "validation_target": 99999396}
{"source": "web", "seen": 350208, "accepted": 349347, "duplicate": 353, "contaminated": 508, "too_long": 0, "resumed_tokens": {"train": 0, "validation": 0}, "train_tokens": 357076038, "val_tokens": 415479, "train_target": 1999998165, "validation_target": 99999396}
{"source": "web", "seen": 360448, "accepted": 359557, "duplicate": 373, "contaminated": 518, "too_long": 0, "resumed_tokens": {"train": 0, "validation": 0}, "train_tokens": 367807052, "val_tokens": 426614, "train_target": 1999998165, "validation_target": 99999396}
{"source": "web", "seen": 370688, "accepted": 369737, "duplicate": 412, "contaminated": 539, "too_long": 0, "resumed_tokens": {"train": 0, "validation": 0}, "train_tokens": 378331199, "val_tokens": 432777, "train_target": 1999998165, "validation_target": 99999396}
{"source": "web", "seen": 380928, "accepted": 379957, "duplicate": 422, "contaminated": 549, "too_long": 0, "resumed_tokens": {"train": 0, "validation": 0}, "train_tokens": 389027034, "val_tokens": 447372, "train_target": 1999998165, "validation_target": 99999396}
{"source": "web", "seen": 391168, "accepted": 390139, "duplicate": 460, "contaminated": 569, "too_long": 0, "resumed_tokens": {"train": 0, "validation": 0}, "train_tokens": 399293455, "val_tokens": 470290, "train_target": 1999998165, "validation_target": 99999396}
{"source": "web", "seen": 401408, "accepted": 400345, "duplicate": 476, "contaminated": 587, "too_long": 0, "resumed_tokens": {"train": 0, "validation": 0}, "train_tokens": 409679180, "val_tokens": 478151, "train_target": 1999998165, "validation_target": 99999396}
{"source": "web", "seen": 411648, "accepted": 410522, "duplicate": 522, "contaminated": 604, "too_long": 0, "resumed_tokens": {"train": 0, "validation": 0}, "train_tokens": 420119240, "val_tokens": 483327, "train_target": 1999998165, "validation_target": 99999396}
{"source": "web", "seen": 421888, "accepted": 420727, "duplicate": 546, "contaminated": 615, "too_long": 0, "resumed_tokens": {"train": 0, "validation": 0}, "train_tokens": 430673050, "val_tokens": 492215, "train_target": 1999998165, "validation_target": 99999396}
{"source": "web", "seen": 430080, "accepted": 428869, "duplicate": 584, "contaminated": 627, "too_long": 0, "resumed_tokens": {"train": 0, "validation": 0}, "train_tokens": 438789951, "val_tokens": 496037, "train_target": 1999998165, "validation_target": 99999396}
{"source": "web", "seen": 440320, "accepted": 439060, "duplicate": 615, "contaminated": 645, "too_long": 0, "resumed_tokens": {"train": 0, "validation": 0}, "train_tokens": 449319726, "val_tokens": 505264, "train_target": 1999998165, "validation_target": 99999396}
{"source": "web", "seen": 450560, "accepted": 449250, "duplicate": 649, "contaminated": 661, "too_long": 0, "resumed_tokens": {"train": 0, "validation": 0}, "train_tokens": 459735035, "val_tokens": 518741, "train_target": 1999998165, "validation_target": 99999396}
{"source": "web", "seen": 460800, "accepted": 459455, "duplicate": 666, "contaminated": 679, "too_long": 0, "resumed_tokens": {"train": 0, "validation": 0}, "train_tokens": 470133316, "val_tokens": 533719, "train_target": 1999998165, "validation_target": 99999396}
{"source": "web", "seen": 471040, "accepted": 469657, "duplicate": 695, "contaminated": 688, "too_long": 0, "resumed_tokens": {"train": 0, "validation": 0}, "train_tokens": 480479168, "val_tokens": 552586, "train_target": 1999998165, "validation_target": 99999396}
{"source": "web", "seen": 481280, "accepted": 479868, "duplicate": 716, "contaminated": 696, "too_long": 0, "resumed_tokens": {"train": 0, "validation": 0}, "train_tokens": 490595080, "val_tokens": 560615, "train_target": 1999998165, "validation_target": 99999396}
{"source": "web", "seen": 491520, "accepted": 490040, "duplicate": 772, "contaminated": 708, "too_long": 0, "resumed_tokens": {"train": 0, "validation": 0}, "train_tokens": 501867112, "val_tokens": 568990, "train_target": 1999998165, "validation_target": 99999396}
{"source": "web", "seen": 501760, "accepted": 500250, "duplicate": 790, "contaminated": 720, "too_long": 0, "resumed_tokens": {"train": 0, "validation": 0}, "train_tokens": 512080767, "val_tokens": 571657, "train_target": 1999998165, "validation_target": 99999396}
{"source": "web", "seen": 512000, "accepted": 510430, "duplicate": 840, "contaminated": 730, "too_long": 0, "resumed_tokens": {"train": 0, "validation": 0}, "train_tokens": 522939781, "val_tokens": 586817, "train_target": 1999998165, "validation_target": 99999396}
{"source": "web", "seen": 520192, "accepted": 518585, "duplicate": 868, "contaminated": 739, "too_long": 0, "resumed_tokens": {"train": 0, "validation": 0}, "train_tokens": 531074089, "val_tokens": 595980, "train_target": 1999998165, "validation_target": 99999396}
{"source": "web", "seen": 530432, "accepted": 528773, "duplicate": 907, "contaminated": 752, "too_long": 0, "resumed_tokens": {"train": 0, "validation": 0}, "train_tokens": 541484140, "val_tokens": 608583, "train_target": 1999998165, "validation_target": 99999396}
{"source": "web", "seen": 540672, "accepted": 538949, "duplicate": 955, "contaminated": 768, "too_long": 0, "resumed_tokens": {"train": 0, "validation": 0}, "train_tokens": 552012089, "val_tokens": 624009, "train_target": 1999998165, "validation_target": 99999396}
{"source": "web", "seen": 550912, "accepted": 549123, "duplicate": 1002, "contaminated": 787, "too_long": 0, "resumed_tokens": {"train": 0, "validation": 0}, "train_tokens": 563169646, "val_tokens": 638077, "train_target": 1999998165, "validation_target": 99999396}
{"source": "web", "seen": 561152, "accepted": 559296, "duplicate": 1052, "contaminated": 804, "too_long": 0, "resumed_tokens": {"train": 0, "validation": 0}, "train_tokens": 573506217, "val_tokens": 646262, "train_target": 1999998165, "validation_target": 99999396}
{"source": "web", "seen": 571392, "accepted": 569480, "duplicate": 1095, "contaminated": 817, "too_long": 0, "resumed_tokens": {"train": 0, "validation": 0}, "train_tokens": 584388891, "val_tokens": 665530, "train_target": 1999998165, "validation_target": 99999396}
{"source": "web", "seen": 581632, "accepted": 579627, "duplicate": 1168, "contaminated": 837, "too_long": 0, "resumed_tokens": {"train": 0, "validation": 0}, "train_tokens": 594804672, "val_tokens": 670019, "train_target": 1999998165, "validation_target": 99999396}
{"source": "web", "seen": 591872, "accepted": 589826, "duplicate": 1194, "contaminated": 852, "too_long": 0, "resumed_tokens": {"train": 0, "validation": 0}, "train_tokens": 605525846, "val_tokens": 692008, "train_target": 1999998165, "validation_target": 99999396}
{"source": "web", "seen": 600064, "accepted": 597960, "duplicate": 1243, "contaminated": 861, "too_long": 0, "resumed_tokens": {"train": 0, "validation": 0}, "train_tokens": 613833810, "val_tokens": 698965, "train_target": 1999998165, "validation_target": 99999396}
{"source": "web", "seen": 610304, "accepted": 608154, "duplicate": 1269, "contaminated": 881, "too_long": 0, "resumed_tokens": {"train": 0, "validation": 0}, "train_tokens": 624506495, "val_tokens": 707862, "train_target": 1999998165, "validation_target": 99999396}
{"source": "web", "seen": 620544, "accepted": 618320, "duplicate": 1338, "contaminated": 886, "too_long": 0, "resumed_tokens": {"train": 0, "validation": 0}, "train_tokens": 634998181, "val_tokens": 719131, "train_target": 1999998165, "validation_target": 99999396}
{"source": "web", "seen": 630784, "accepted": 628526, "duplicate": 1365, "contaminated": 893, "too_long": 0, "resumed_tokens": {"train": 0, "validation": 0}, "train_tokens": 645725021, "val_tokens": 735118, "train_target": 1999998165, "validation_target": 99999396}
{"source": "web", "seen": 641024, "accepted": 638677, "duplicate": 1440, "contaminated": 907, "too_long": 0, "resumed_tokens": {"train": 0, "validation": 0}, "train_tokens": 656333914, "val_tokens": 747429, "train_target": 1999998165, "validation_target": 99999396}
{"manifest": "/ssd/scxi253/pretrain500m-20260912-v1/data/fineweb-edu-parts/part-03/web/manifest.json", "train_tokens": 661550385, "val_tokens": 749934}
Sat Sep 12 02:05:39 UTC 2026
