Traceback (most recent call last):
  File "/ssd/scxi253/pretraining2/runtime/python/cpython-3.12.13-linux-x86_64-gnu/lib/python3.12/urllib/request.py", line 1344, in do_open
    h.request(req.get_method(), req.selector, req.data, headers,
  File "/ssd/scxi253/pretraining2/runtime/python/cpython-3.12.13-linux-x86_64-gnu/lib/python3.12/http/client.py", line 1358, in request
    self._send_request(method, url, body, headers, encode_chunked)
  File "/ssd/scxi253/pretraining2/runtime/python/cpython-3.12.13-linux-x86_64-gnu/lib/python3.12/http/client.py", line 1404, in _send_request
    self.endheaders(body, encode_chunked=encode_chunked)
  File "/ssd/scxi253/pretraining2/runtime/python/cpython-3.12.13-linux-x86_64-gnu/lib/python3.12/http/client.py", line 1353, in endheaders
    self._send_output(message_body, encode_chunked=encode_chunked)
  File "/ssd/scxi253/pretraining2/runtime/python/cpython-3.12.13-linux-x86_64-gnu/lib/python3.12/http/client.py", line 1113, in _send_output
    self.send(msg)
  File "/ssd/scxi253/pretraining2/runtime/python/cpython-3.12.13-linux-x86_64-gnu/lib/python3.12/http/client.py", line 1057, in send
    self.connect()
  File "/ssd/scxi253/pretraining2/runtime/python/cpython-3.12.13-linux-x86_64-gnu/lib/python3.12/http/client.py", line 1492, in connect
    super().connect()
  File "/ssd/scxi253/pretraining2/runtime/python/cpython-3.12.13-linux-x86_64-gnu/lib/python3.12/http/client.py", line 1023, in connect
    self.sock = self._create_connection(
                ^^^^^^^^^^^^^^^^^^^^^^^^
  File "/ssd/scxi253/pretraining2/runtime/python/cpython-3.12.13-linux-x86_64-gnu/lib/python3.12/socket.py", line 865, in create_connection
    raise exceptions[0]
  File "/ssd/scxi253/pretraining2/runtime/python/cpython-3.12.13-linux-x86_64-gnu/lib/python3.12/socket.py", line 850, in create_connection
    sock.connect(sa)
OSError: [Errno 101] Network is unreachable

During handling of the above exception, another exception occurred:

Traceback (most recent call last):
  File "/ssd/scxi253/pretrain500m-20260912-v1/source/data-v1/download_shards.py", line 44, in <module>
    with ThreadPoolExecutor(a.workers) as pool:files=list(pool.map(lambda x:fetch(a.output_dir,x),m['files']))
                                                     ^^^^^^^^^^^^^^^^^^^^^^^^^^^^^^^^^^^^^^^^^^^^^^^^^^^^^^^^^
  File "/ssd/scxi253/pretraining2/runtime/python/cpython-3.12.13-linux-x86_64-gnu/lib/python3.12/concurrent/futures/_base.py", line 619, in result_iterator
    yield _result_or_cancel(fs.pop())
          ^^^^^^^^^^^^^^^^^^^^^^^^^^^
  File "/ssd/scxi253/pretraining2/runtime/python/cpython-3.12.13-linux-x86_64-gnu/lib/python3.12/concurrent/futures/_base.py", line 317, in _result_or_cancel
    return fut.result(timeout)
           ^^^^^^^^^^^^^^^^^^^
  File "/ssd/scxi253/pretraining2/runtime/python/cpython-3.12.13-linux-x86_64-gnu/lib/python3.12/concurrent/futures/_base.py", line 456, in result
    return self.__get_result()
           ^^^^^^^^^^^^^^^^^^^
  File "/ssd/scxi253/pretraining2/runtime/python/cpython-3.12.13-linux-x86_64-gnu/lib/python3.12/concurrent/futures/_base.py", line 401, in __get_result
    raise self._exception
  File "/ssd/scxi253/pretraining2/runtime/python/cpython-3.12.13-linux-x86_64-gnu/lib/python3.12/concurrent/futures/thread.py", line 59, in run
    result = self.fn(*self.args, **self.kwargs)
             ^^^^^^^^^^^^^^^^^^^^^^^^^^^^^^^^^^
  File "/ssd/scxi253/pretrain500m-20260912-v1/source/data-v1/download_shards.py", line 44, in <lambda>
    with ThreadPoolExecutor(a.workers) as pool:files=list(pool.map(lambda x:fetch(a.output_dir,x),m['files']))
                                                                            ^^^^^^^^^^^^^^^^^^^^^
  File "/ssd/scxi253/pretrain500m-20260912-v1/source/data-v1/download_shards.py", line 25, in fetch
    with urllib.request.urlopen(request,timeout=120) as response:
         ^^^^^^^^^^^^^^^^^^^^^^^^^^^^^^^^^^^^^^^^^^^
  File "/ssd/scxi253/pretraining2/runtime/python/cpython-3.12.13-linux-x86_64-gnu/lib/python3.12/urllib/request.py", line 215, in urlopen
    return opener.open(url, data, timeout)
           ^^^^^^^^^^^^^^^^^^^^^^^^^^^^^^^
  File "/ssd/scxi253/pretraining2/runtime/python/cpython-3.12.13-linux-x86_64-gnu/lib/python3.12/urllib/request.py", line 515, in open
    response = self._open(req, data)
               ^^^^^^^^^^^^^^^^^^^^^
  File "/ssd/scxi253/pretraining2/runtime/python/cpython-3.12.13-linux-x86_64-gnu/lib/python3.12/urllib/request.py", line 532, in _open
    result = self._call_chain(self.handle_open, protocol, protocol +
             ^^^^^^^^^^^^^^^^^^^^^^^^^^^^^^^^^^^^^^^^^^^^^^^^^^^^^^^
  File "/ssd/scxi253/pretraining2/runtime/python/cpython-3.12.13-linux-x86_64-gnu/lib/python3.12/urllib/request.py", line 492, in _call_chain
    result = func(*args)
             ^^^^^^^^^^^
  File "/ssd/scxi253/pretraining2/runtime/python/cpython-3.12.13-linux-x86_64-gnu/lib/python3.12/urllib/request.py", line 1392, in https_open
    return self.do_open(http.client.HTTPSConnection, req,
           ^^^^^^^^^^^^^^^^^^^^^^^^^^^^^^^^^^^^^^^^^^^^^^
  File "/ssd/scxi253/pretraining2/runtime/python/cpython-3.12.13-linux-x86_64-gnu/lib/python3.12/urllib/request.py", line 1347, in do_open
    raise URLError(err)
urllib.error.URLError: <urlopen error [Errno 101] Network is unreachable>
