Warning : `load_model` does not return WordVectorModel or SupervisedModel any more, but a `FastText` object which is very similar.
Warning : `load_model` does not return WordVectorModel or SupervisedModel any more, but a `FastText` object which is very similar.
Warning : `load_model` does not return WordVectorModel or SupervisedModel any more, but a `FastText` object which is very similar.
Warning : `load_model` does not return WordVectorModel or SupervisedModel any more, but a `FastText` object which is very similar.
<unknown>:37: SyntaxWarning: invalid escape sequence '\o'
<unknown>:42: SyntaxWarning: invalid escape sequence '\,'
<unknown>:43: SyntaxWarning: invalid escape sequence '\,'
<unknown>:77: SyntaxWarning: invalid escape sequence '\o'
<unknown>:87: SyntaxWarning: invalid escape sequence '\,'
<unknown>:51: SyntaxWarning: invalid escape sequence '\|'
<unknown>:56: SyntaxWarning: invalid escape sequence '\s'
<unknown>:23: SyntaxWarning: invalid escape sequence '\m'
<unknown>:17: SyntaxWarning: invalid escape sequence '\d'
<unknown>:11: SyntaxWarning: invalid escape sequence '\p'
<unknown>:12: SyntaxWarning: invalid escape sequence '\S'
<unknown>:13: SyntaxWarning: invalid escape sequence '\S'
<unknown>:14: SyntaxWarning: invalid escape sequence '\S'
<unknown>:215: SyntaxWarning: invalid escape sequence '\c'
<unknown>:236: SyntaxWarning: invalid escape sequence '\['
<unknown>:10: SyntaxWarning: invalid escape sequence '\/'
<unknown>:35: SyntaxWarning: invalid escape sequence '\.'
<unknown>:51: SyntaxWarning: invalid escape sequence '\.'
<unknown>:54: SyntaxWarning: invalid escape sequence '\/'
<unknown>:7: SyntaxWarning: invalid escape sequence '\g'
<unknown>:87: SyntaxWarning: invalid escape sequence '\m'
<unknown>:89: SyntaxWarning: invalid escape sequence '\l'
<unknown>:93: SyntaxWarning: invalid escape sequence '\m'
<unknown>:27: SyntaxWarning: invalid escape sequence '\<'
<unknown>:31: SyntaxWarning: invalid escape sequence '\m'
<unknown>:152: SyntaxWarning: invalid escape sequence '\d'
<unknown>:34: SyntaxWarning: invalid escape sequence '\w'
<unknown>:36: SyntaxWarning: invalid escape sequence '\w'
<unknown>:170: SyntaxWarning: invalid escape sequence '\W'
<unknown>:14: SyntaxWarning: invalid escape sequence '\('
<unknown>:41: SyntaxWarning: invalid escape sequence '\w'
<unknown>:104: SyntaxWarning: invalid escape sequence '\['
<unknown>:105: SyntaxWarning: invalid escape sequence '\('
<unknown>:106: SyntaxWarning: invalid escape sequence '\s'
<unknown>:107: SyntaxWarning: invalid escape sequence '\('
<unknown>:108: SyntaxWarning: invalid escape sequence '\s'
<unknown>:109: SyntaxWarning: invalid escape sequence '\('
<unknown>:110: SyntaxWarning: invalid escape sequence '\s'
<unknown>:111: SyntaxWarning: invalid escape sequence '\('
<unknown>:91: SyntaxWarning: invalid escape sequence '\d'
<unknown>:115: SyntaxWarning: invalid escape sequence '\d'
<unknown>:159: SyntaxWarning: invalid escape sequence '\s'
<unknown>:33: SyntaxWarning: invalid escape sequence '\d'
<unknown>:41: SyntaxWarning: invalid escape sequence '\d'
<unknown>:55: SyntaxWarning: invalid escape sequence '\d'
<unknown>:62: SyntaxWarning: invalid escape sequence '\d'
<unknown>:132: SyntaxWarning: invalid escape sequence '\Y'
<unknown>:133: SyntaxWarning: invalid escape sequence '\Y'
<unknown>:77: SyntaxWarning: invalid escape sequence '\s'
<unknown>:126: SyntaxWarning: invalid escape sequence '\s'
<unknown>:267: SyntaxWarning: invalid escape sequence '\s'
<unknown>:400: SyntaxWarning: invalid escape sequence '\s'
<unknown>:39: SyntaxWarning: invalid escape sequence '\s'
<unknown>:71: SyntaxWarning: invalid escape sequence '\m'
<unknown>:133: SyntaxWarning: invalid escape sequence '\m'
<unknown>:212: SyntaxWarning: invalid escape sequence '\m'
<unknown>:312: SyntaxWarning: invalid escape sequence '\_'
<unknown>:367: SyntaxWarning: invalid escape sequence '\s'
<unknown>:424: SyntaxWarning: invalid escape sequence '\s'
<unknown>:497: SyntaxWarning: invalid escape sequence '\s'
<unknown>:12: SyntaxWarning: invalid escape sequence '\B'
<unknown>:17: SyntaxWarning: invalid escape sequence '\D'
<unknown>:62: SyntaxWarning: invalid escape sequence '\d'
<unknown>:77: SyntaxWarning: invalid escape sequence '\|'
<unknown>:170: SyntaxWarning: invalid escape sequence '\.'
<unknown>:32: SyntaxWarning: invalid escape sequence '\s'
<unknown>:41: SyntaxWarning: invalid escape sequence '\s'
<unknown>:94: SyntaxWarning: invalid escape sequence '\d'
<unknown>:98: SyntaxWarning: invalid escape sequence '\d'
<unknown>:90: SyntaxWarning: invalid escape sequence '\d'
<unknown>:267: SyntaxWarning: invalid escape sequence '\l'
<unknown>:438: SyntaxWarning: invalid escape sequence '\d'
<unknown>:143: SyntaxWarning: invalid escape sequence '\$'
<unknown>:9: SyntaxWarning: invalid escape sequence '\-'
<unknown>:23: SyntaxWarning: invalid escape sequence '\m'
<unknown>:66: SyntaxWarning: invalid escape sequence '\s'
<unknown>:75: SyntaxWarning: invalid escape sequence '\['
<unknown>:206: SyntaxWarning: invalid escape sequence '\d'
<unknown>:115: SyntaxWarning: invalid escape sequence '\d'
<unknown>:262: SyntaxWarning: invalid escape sequence '\|'
<unknown>:263: SyntaxWarning: invalid escape sequence '\|'
<unknown>:264: SyntaxWarning: invalid escape sequence '\|'
<unknown>:25: SyntaxWarning: invalid escape sequence '\i'
<unknown>:135: SyntaxWarning: invalid escape sequence '\['
<unknown>:40: SyntaxWarning: invalid escape sequence '\s'
<unknown>:45: SyntaxWarning: invalid escape sequence '\s'
<unknown>:93: SyntaxWarning: invalid escape sequence '\d'
<unknown>:104: SyntaxWarning: invalid escape sequence '\d'
<unknown>:124: SyntaxWarning: invalid escape sequence '\s'
<unknown>:153: SyntaxWarning: invalid escape sequence '\d'
<unknown>:165: SyntaxWarning: invalid escape sequence '\d'
<unknown>:186: SyntaxWarning: invalid escape sequence '\s'
<unknown>:192: SyntaxWarning: invalid escape sequence '\s'
<unknown>:204: SyntaxWarning: invalid escape sequence '\s'
<unknown>:245: SyntaxWarning: invalid escape sequence '\d'
<unknown>:252: SyntaxWarning: invalid escape sequence '\s'
<unknown>:265: SyntaxWarning: invalid escape sequence '\d'
<unknown>:282: SyntaxWarning: invalid escape sequence '\d'
<unknown>:303: SyntaxWarning: invalid escape sequence '\d'
<unknown>:318: SyntaxWarning: invalid escape sequence '\d'
<unknown>:333: SyntaxWarning: invalid escape sequence '\s'
<unknown>:345: SyntaxWarning: invalid escape sequence '\s'
<unknown>:358: SyntaxWarning: invalid escape sequence '\s'
<unknown>:366: SyntaxWarning: invalid escape sequence '\s'
<unknown>:401: SyntaxWarning: invalid escape sequence '\s'
<unknown>:407: SyntaxWarning: invalid escape sequence '\s'
<unknown>:37: SyntaxWarning: invalid escape sequence '\ '
<unknown>:11: SyntaxWarning: invalid escape sequence '\.'
<unknown>:12: SyntaxWarning: invalid escape sequence '\.'
<unknown>:13: SyntaxWarning: invalid escape sequence '\.'
<unknown>:17: SyntaxWarning: invalid escape sequence '\.'
<unknown>:18: SyntaxWarning: invalid escape sequence '\k'
<unknown>:26: SyntaxWarning: invalid escape sequence '\k'
<unknown>:36: SyntaxWarning: invalid escape sequence '\m'
<unknown>:40: SyntaxWarning: invalid escape sequence '\A'
<unknown>:41: SyntaxWarning: invalid escape sequence '\g'
<unknown>:4: SyntaxWarning: invalid escape sequence '\c'
<unknown>:19: SyntaxWarning: invalid escape sequence '\s'
<unknown>:20: SyntaxWarning: invalid escape sequence '\d'
<unknown>:21: SyntaxWarning: invalid escape sequence '\d'
<unknown>:22: SyntaxWarning: invalid escape sequence '\d'
<unknown>:628: SyntaxWarning: invalid escape sequence '\S'
<unknown>:685: SyntaxWarning: invalid escape sequence '\w'
<unknown>:690: SyntaxWarning: invalid escape sequence '\s'
<unknown>:72: SyntaxWarning: invalid escape sequence '\p'
<unknown>:22: SyntaxWarning: invalid escape sequence '\d'
<unknown>:23: SyntaxWarning: invalid escape sequence '\d'
<unknown>:24: SyntaxWarning: invalid escape sequence '\d'
<unknown>:25: SyntaxWarning: invalid escape sequence '\d'
<unknown>:15: SyntaxWarning: invalid escape sequence '\p'
<unknown>:39: SyntaxWarning: invalid escape sequence '\c'
<unknown>:42: SyntaxWarning: invalid escape sequence '\l'
<unknown>:45: SyntaxWarning: invalid escape sequence '\c'
<unknown>:4: SyntaxWarning: invalid escape sequence '\s'
<unknown>:45: SyntaxWarning: invalid escape sequence '\D'
<unknown>:57: SyntaxWarning: invalid escape sequence '\D'
<unknown>:92: SyntaxWarning: invalid escape sequence '\D'
<unknown>:171: SyntaxWarning: invalid escape sequence '\p'
<unknown>:27: SyntaxWarning: invalid escape sequence '\|'
<unknown>:28: SyntaxWarning: invalid escape sequence '\|'
<unknown>:77: SyntaxWarning: invalid escape sequence '\/'
<unknown>:7: SyntaxWarning: invalid escape sequence '\S'
<unknown>:16: SyntaxWarning: invalid escape sequence '\d'
<unknown>:18: SyntaxWarning: invalid escape sequence '\d'
<unknown>:434: SyntaxWarning: invalid escape sequence '\d'
<unknown>:88: SyntaxWarning: invalid escape sequence '\-'
<unknown>:25: SyntaxWarning: invalid escape sequence '\p'
<unknown>:64: SyntaxWarning: invalid escape sequence '\s'
<unknown>:14: SyntaxWarning: invalid escape sequence '\*'
<unknown>:273: SyntaxWarning: invalid escape sequence '\w'
<unknown>:13: SyntaxWarning: invalid escape sequence '\s'
<unknown>:39: SyntaxWarning: invalid escape sequence '\s'
<unknown>:5: SyntaxWarning: invalid escape sequence '\s'
<unknown>:5: SyntaxWarning: invalid escape sequence '\s'
<unknown>:7: SyntaxWarning: invalid escape sequence '\s'
<unknown>:143: SyntaxWarning: invalid escape sequence '\c'
<unknown>:11: SyntaxWarning: invalid escape sequence '\/'
<unknown>:50: SyntaxWarning: invalid escape sequence '\i'
<unknown>:80: SyntaxWarning: invalid escape sequence '\s'
<unknown>:135: SyntaxWarning: invalid escape sequence '\i'
<unknown>:21: SyntaxWarning: invalid escape sequence '\('
<unknown>:22: SyntaxWarning: invalid escape sequence '\e'
<unknown>:37: SyntaxWarning: invalid escape sequence '\d'
<unknown>:195: SyntaxWarning: invalid escape sequence '\d'
<unknown>:21: SyntaxWarning: invalid escape sequence '\d'
<unknown>:134: SyntaxWarning: invalid escape sequence '\.'
<unknown>:150: SyntaxWarning: invalid escape sequence '\.'
<unknown>:166: SyntaxWarning: invalid escape sequence '\.'
<unknown>:34: SyntaxWarning: invalid escape sequence '\d'
<unknown>:34: SyntaxWarning: invalid escape sequence '\g'
<unknown>:32: SyntaxWarning: invalid escape sequence '\{'
<unknown>:10: SyntaxWarning: invalid escape sequence '\ '
<unknown>:141: SyntaxWarning: invalid escape sequence '\('
<unknown>:7: SyntaxWarning: invalid escape sequence '\.'
<unknown>:24: SyntaxWarning: invalid escape sequence '\s'
<unknown>:146: SyntaxWarning: invalid escape sequence '\d'
<unknown>:37: SyntaxWarning: invalid escape sequence '\/'
<unknown>:17: SyntaxWarning: invalid escape sequence '\d'
<unknown>:11: SyntaxWarning: invalid escape sequence '\P'
<unknown>:29: SyntaxWarning: invalid escape sequence '\m'
<unknown>:158: SyntaxWarning: invalid escape sequence '\s'
<unknown>:68: SyntaxWarning: invalid escape sequence '\d'
<unknown>:210: SyntaxWarning: invalid escape sequence '\_'
<unknown>:15: SyntaxWarning: invalid escape sequence '\W'
<unknown>:58: SyntaxWarning: invalid escape sequence '\l'
<unknown>:59: SyntaxWarning: invalid escape sequence '\s'
<unknown>:140: SyntaxWarning: invalid escape sequence '\['
<unknown>:111: SyntaxWarning: invalid escape sequence '\p'
<unknown>:90: SyntaxWarning: invalid imaginary literal
<unknown>:27: SyntaxWarning: invalid escape sequence '\d'
<unknown>:53: SyntaxWarning: invalid escape sequence '\d'
<unknown>:63: SyntaxWarning: invalid escape sequence '\d'
<unknown>:77: SyntaxWarning: invalid escape sequence '\d'
<unknown>:79: SyntaxWarning: invalid escape sequence '\d'
<unknown>:105: SyntaxWarning: invalid escape sequence '\d'
<unknown>:106: SyntaxWarning: invalid escape sequence '\d'
<unknown>:107: SyntaxWarning: invalid escape sequence '\d'
<unknown>:109: SyntaxWarning: invalid escape sequence '\d'
<unknown>:122: SyntaxWarning: invalid escape sequence '\d'
<unknown>:131: SyntaxWarning: invalid escape sequence '\d'
<unknown>:135: SyntaxWarning: invalid escape sequence '\d'
<unknown>:139: SyntaxWarning: invalid escape sequence '\d'
<unknown>:141: SyntaxWarning: invalid escape sequence '\d'
<unknown>:147: SyntaxWarning: invalid escape sequence '\d'
<unknown>:150: SyntaxWarning: invalid escape sequence '\d'
<unknown>:153: SyntaxWarning: invalid escape sequence '\d'
<unknown>:160: SyntaxWarning: invalid escape sequence '\d'
<unknown>:162: SyntaxWarning: invalid escape sequence '\d'
<unknown>:167: SyntaxWarning: invalid escape sequence '\d'
<unknown>:169: SyntaxWarning: invalid escape sequence '\d'
<unknown>:172: SyntaxWarning: invalid escape sequence '\d'
<unknown>:175: SyntaxWarning: invalid escape sequence '\d'
<unknown>:180: SyntaxWarning: invalid escape sequence '\d'
<unknown>:184: SyntaxWarning: invalid escape sequence '\d'
<unknown>:188: SyntaxWarning: invalid escape sequence '\d'
<unknown>:403: SyntaxWarning: invalid escape sequence '\d'
<unknown>:31: SyntaxWarning: invalid escape sequence '\ '
<unknown>:33: SyntaxWarning: invalid escape sequence '\/'
<unknown>:35: SyntaxWarning: invalid escape sequence '\ '
<unknown>:37: SyntaxWarning: invalid escape sequence '\ '
<unknown>:39: SyntaxWarning: invalid escape sequence '\_'
<unknown>:39: SyntaxWarning: invalid escape sequence '\p'
<unknown>:147: SyntaxWarning: invalid escape sequence '\*'
<unknown>:160: SyntaxWarning: invalid escape sequence '\*'
<unknown>:200: SyntaxWarning: invalid escape sequence '\s'
<unknown>:241: SyntaxWarning: invalid escape sequence '\*'
<unknown>:7: SyntaxWarning: invalid escape sequence '\s'
<unknown>:232: SyntaxWarning: invalid escape sequence '\p'
<unknown>:118: SyntaxWarning: invalid escape sequence '\]'
<unknown>:12: SyntaxWarning: invalid escape sequence '\='
<unknown>:69: SyntaxWarning: invalid escape sequence '\.'
<unknown>:149: SyntaxWarning: invalid escape sequence '\m'
<unknown>:150: SyntaxWarning: invalid escape sequence '\m'
<unknown>:360: SyntaxWarning: invalid escape sequence '\m'
<unknown>:361: SyntaxWarning: invalid escape sequence '\m'
<unknown>:15: SyntaxWarning: invalid escape sequence '\S'
<unknown>:85: SyntaxWarning: invalid escape sequence '\]'
<unknown>:88: SyntaxWarning: invalid escape sequence '\]'
<unknown>:332: SyntaxWarning: invalid escape sequence '\('
<unknown>:148: SyntaxWarning: invalid escape sequence '\|'
<unknown>:278: SyntaxWarning: invalid escape sequence '\d'
<unknown>:24: SyntaxWarning: invalid escape sequence '\D'
<unknown>:120: SyntaxWarning: invalid escape sequence '\d'
<unknown>:61: SyntaxWarning: invalid escape sequence '\ '
<unknown>:67: SyntaxWarning: invalid escape sequence '\W'
<unknown>:30: SyntaxWarning: invalid escape sequence '\*'
<unknown>:55: SyntaxWarning: invalid escape sequence '\)'
<unknown>:55: SyntaxWarning: invalid escape sequence '\)'
<unknown>:58: SyntaxWarning: invalid escape sequence '\*'
<unknown>:64: SyntaxWarning: invalid escape sequence '\ '
<unknown>:223: SyntaxWarning: invalid escape sequence '\c'
<unknown>:234: SyntaxWarning: invalid escape sequence '\c'
<unknown>:247: SyntaxWarning: invalid escape sequence '\c'
<unknown>:62: SyntaxWarning: invalid escape sequence '\w'
<unknown>:103: SyntaxWarning: invalid escape sequence '\s'
<unknown>:5: SyntaxWarning: invalid escape sequence '\ '
<unknown>:14: SyntaxWarning: invalid escape sequence '\R'
<unknown>:53: SyntaxWarning: invalid escape sequence '\d'
<unknown>:37: SyntaxWarning: invalid escape sequence '\<'
<unknown>:37: SyntaxWarning: invalid escape sequence '\<'
<unknown>:70: SyntaxWarning: invalid escape sequence '\<'
<unknown>:74: SyntaxWarning: invalid escape sequence '\<'
<unknown>:75: SyntaxWarning: invalid escape sequence '\<'
<unknown>:76: SyntaxWarning: invalid escape sequence '\<'
<unknown>:151: SyntaxWarning: invalid escape sequence '\s'
<unknown>:165: SyntaxWarning: invalid escape sequence '\s'
<unknown>:55: SyntaxWarning: invalid escape sequence '\d'
<unknown>:61: SyntaxWarning: invalid escape sequence '\d'
<unknown>:74: SyntaxWarning: invalid escape sequence '\d'
<unknown>:8: SyntaxWarning: invalid escape sequence '\ '
<unknown>:253: SyntaxWarning: invalid escape sequence '\`'
<unknown>:24: SyntaxWarning: invalid escape sequence '\W'
<unknown>:16: SyntaxWarning: invalid escape sequence '\s'
<unknown>:17: SyntaxWarning: invalid escape sequence '\s'
<unknown>:18: SyntaxWarning: invalid escape sequence '\s'
<unknown>:227: SyntaxWarning: invalid escape sequence '\s'
<unknown>:229: SyntaxWarning: invalid escape sequence '\s'
<unknown>:231: SyntaxWarning: invalid escape sequence '\s'
<unknown>:233: SyntaxWarning: invalid escape sequence '\s'
<unknown>:235: SyntaxWarning: invalid escape sequence '\s'
<unknown>:237: SyntaxWarning: invalid escape sequence '\s'
<unknown>:239: SyntaxWarning: invalid escape sequence '\s'
<unknown>:1261: SyntaxWarning: invalid escape sequence '\C'
<unknown>:304: SyntaxWarning: invalid escape sequence '\s'
<unknown>:298: SyntaxWarning: invalid escape sequence '\d'
<unknown>:253: SyntaxWarning: invalid escape sequence '\s'
<unknown>:253: SyntaxWarning: invalid escape sequence '\s'
<unknown>:45: SyntaxWarning: invalid escape sequence '\s'
<unknown>:81: SyntaxWarning: invalid escape sequence '\s'
<unknown>:127: SyntaxWarning: invalid escape sequence '\s'
<unknown>:158: SyntaxWarning: invalid escape sequence '\s'
<unknown>:197: SyntaxWarning: invalid escape sequence '\s'
<unknown>:234: SyntaxWarning: invalid escape sequence '\s'
<unknown>:311: SyntaxWarning: invalid escape sequence '\s'
<unknown>:396: SyntaxWarning: invalid escape sequence '\s'
<unknown>:477: SyntaxWarning: invalid escape sequence '\s'
<unknown>:88: SyntaxWarning: invalid escape sequence '\d'
<unknown>:88: SyntaxWarning: invalid escape sequence '\.'
<unknown>:167: SyntaxWarning: invalid escape sequence '\p'
<unknown>:4: SyntaxWarning: invalid escape sequence '\d'
<unknown>:397: SyntaxWarning: invalid escape sequence '\S'
<unknown>:459: SyntaxWarning: invalid escape sequence '\S'
<unknown>:710: SyntaxWarning: invalid escape sequence '\S'
<unknown>:994: SyntaxWarning: invalid escape sequence '\S'
<unknown>:1017: SyntaxWarning: invalid escape sequence '\S'
<unknown>:1039: SyntaxWarning: invalid escape sequence '\S'
<unknown>:1060: SyntaxWarning: invalid escape sequence '\S'
<unknown>:1092: SyntaxWarning: invalid escape sequence '\S'
<unknown>:1216: SyntaxWarning: invalid escape sequence '\S'
<unknown>:1362: SyntaxWarning: invalid escape sequence '\S'
<unknown>:1377: SyntaxWarning: invalid escape sequence '\S'
<unknown>:1428: SyntaxWarning: invalid escape sequence '\S'
<unknown>:33: SyntaxWarning: invalid escape sequence '\['
<unknown>:34: SyntaxWarning: invalid escape sequence '\{'
<unknown>:66: SyntaxWarning: invalid escape sequence '\ '
<unknown>:68: SyntaxWarning: invalid escape sequence '\ '
<unknown>:69: SyntaxWarning: invalid escape sequence '\ '
<unknown>:80: SyntaxWarning: invalid escape sequence '\ '
<unknown>:82: SyntaxWarning: invalid escape sequence '\ '
<unknown>:83: SyntaxWarning: invalid escape sequence '\ '
<unknown>:18: SyntaxWarning: invalid escape sequence '\w'
<unknown>:152: SyntaxWarning: invalid escape sequence '\.'
<unknown>:23: SyntaxWarning: invalid escape sequence '\d'
<unknown>:24: SyntaxWarning: invalid escape sequence '\d'
<unknown>:25: SyntaxWarning: invalid escape sequence '\d'
<unknown>:26: SyntaxWarning: invalid escape sequence '\d'
<unknown>:27: SyntaxWarning: invalid escape sequence '\d'
<unknown>:28: SyntaxWarning: invalid escape sequence '\d'
<unknown>:87: SyntaxWarning: invalid escape sequence '\['
<unknown>:87: SyntaxWarning: invalid escape sequence '\g'
<unknown>:88: SyntaxWarning: invalid escape sequence '\{'
<unknown>:88: SyntaxWarning: invalid escape sequence '\g'
<unknown>:91: SyntaxWarning: invalid escape sequence '\['
<unknown>:159: SyntaxWarning: invalid escape sequence '\*'
<unknown>:161: SyntaxWarning: invalid escape sequence '\*'
<unknown>:162: SyntaxWarning: invalid escape sequence '\{'
<unknown>:171: SyntaxWarning: invalid escape sequence '\*'
<unknown>:179: SyntaxWarning: invalid escape sequence '\{'
<unknown>:7: SyntaxWarning: invalid escape sequence '\s'
<unknown>:74: SyntaxWarning: invalid escape sequence '\.'
<unknown>:100: SyntaxWarning: invalid escape sequence '\h'
<unknown>:36: SyntaxWarning: invalid escape sequence '\*'
<unknown>:9: SyntaxWarning: invalid escape sequence '\s'
<unknown>:111: SyntaxWarning: invalid escape sequence '\S'
<unknown>:611: SyntaxWarning: invalid escape sequence '\d'
<unknown>:613: SyntaxWarning: invalid escape sequence '\d'
<unknown>:621: SyntaxWarning: invalid escape sequence '\.'
<unknown>:58: SyntaxWarning: invalid escape sequence '\d'
<unknown>:59: SyntaxWarning: invalid escape sequence '\d'
<unknown>:60: SyntaxWarning: invalid escape sequence '\d'
<unknown>:208: SyntaxWarning: invalid escape sequence '\['
<unknown>:7: SyntaxWarning: invalid escape sequence '\.'
<unknown>:11: SyntaxWarning: invalid escape sequence '\W'
<unknown>:20: SyntaxWarning: invalid escape sequence '\s'
<unknown>:42: SyntaxWarning: invalid escape sequence '\s'
<unknown>:110: SyntaxWarning: invalid escape sequence '\s'
<unknown>:111: SyntaxWarning: invalid escape sequence '\s'
<unknown>:115: SyntaxWarning: invalid escape sequence '\s'
<unknown>:116: SyntaxWarning: invalid escape sequence '\m'
<unknown>:116: SyntaxWarning: invalid escape sequence '\m'
<unknown>:116: SyntaxWarning: invalid escape sequence '\m'
<unknown>:116: SyntaxWarning: invalid escape sequence '\m'
<unknown>:123: SyntaxWarning: invalid escape sequence '\s'
<unknown>:162: SyntaxWarning: invalid escape sequence '\s'
<unknown>:202: SyntaxWarning: invalid escape sequence '\s'
<unknown>:203: SyntaxWarning: invalid escape sequence '\s'
<unknown>:208: SyntaxWarning: invalid escape sequence '\s'
<unknown>:209: SyntaxWarning: invalid escape sequence '\m'
<unknown>:209: SyntaxWarning: invalid escape sequence '\m'
<unknown>:209: SyntaxWarning: invalid escape sequence '\m'
<unknown>:209: SyntaxWarning: invalid escape sequence '\m'
<unknown>:216: SyntaxWarning: invalid escape sequence '\s'
<unknown>:248: SyntaxWarning: invalid escape sequence '\s'
<unknown>:16: SyntaxWarning: invalid escape sequence '\i'
<unknown>:21: SyntaxWarning: invalid escape sequence '\['
<unknown>:113: SyntaxWarning: invalid escape sequence '\.'
<unknown>:60: SyntaxWarning: invalid escape sequence '\.'
<unknown>:44: SyntaxWarning: invalid escape sequence '\d'
<unknown>:9: SyntaxWarning: invalid escape sequence '\P'
<unknown>:3: SyntaxWarning: invalid escape sequence '\P'
<unknown>:91: SyntaxWarning: invalid escape sequence '\s'
<unknown>:33: SyntaxWarning: invalid escape sequence '\/'
<unknown>:41: SyntaxWarning: invalid escape sequence '\d'
<unknown>:612: SyntaxWarning: invalid escape sequence '\o'
<unknown>:13: SyntaxWarning: invalid escape sequence '\ '
<unknown>:9: SyntaxWarning: invalid escape sequence '\d'
<unknown>:16: SyntaxWarning: invalid escape sequence '\d'
<unknown>:89: SyntaxWarning: invalid escape sequence '\-'
<unknown>:38: SyntaxWarning: invalid escape sequence '\-'
<unknown>:3: SyntaxWarning: invalid escape sequence '\d'
<unknown>:52: SyntaxWarning: invalid escape sequence '\$'
<unknown>:54: SyntaxWarning: invalid escape sequence '\d'
<unknown>:66: SyntaxWarning: invalid escape sequence '\d'
<unknown>:67: SyntaxWarning: invalid escape sequence '\d'
<unknown>:545: SyntaxWarning: invalid escape sequence '\.'
<unknown>:54: SyntaxWarning: invalid escape sequence '\w'
<unknown>:92: SyntaxWarning: invalid escape sequence '\-'
<unknown>:31: SyntaxWarning: invalid escape sequence '\|'
<unknown>:27: SyntaxWarning: invalid escape sequence '\h'
<unknown>:59: SyntaxWarning: invalid escape sequence '\p'
<unknown>:60: SyntaxWarning: invalid escape sequence '\p'
<unknown>:61: SyntaxWarning: invalid escape sequence '\p'
<unknown>:62: SyntaxWarning: invalid escape sequence '\p'
<unknown>:82: SyntaxWarning: invalid escape sequence '\p'
<unknown>:156: SyntaxWarning: invalid escape sequence '\m'
<unknown>:157: SyntaxWarning: invalid escape sequence '\m'
<unknown>:296: SyntaxWarning: invalid escape sequence '\m'
<unknown>:297: SyntaxWarning: invalid escape sequence '\m'
<unknown>:325: SyntaxWarning: invalid escape sequence '\m'
<unknown>:327: SyntaxWarning: invalid escape sequence '\m'
<unknown>:94: SyntaxWarning: invalid escape sequence '\c'
<unknown>:56: SyntaxWarning: invalid escape sequence '\,'
<unknown>:40: SyntaxWarning: invalid escape sequence '\d'
<unknown>:6: SyntaxWarning: invalid escape sequence '\L'
<unknown>:15: SyntaxWarning: invalid escape sequence '\>'
<unknown>:140: SyntaxWarning: invalid escape sequence '\d'
<unknown>:170: SyntaxWarning: invalid escape sequence '\d'
<unknown>:10: SyntaxWarning: invalid escape sequence '\s'
<unknown>:27: SyntaxWarning: invalid escape sequence '\?'
<unknown>:155: SyntaxWarning: invalid escape sequence '\i'
<unknown>:174: SyntaxWarning: invalid escape sequence '\i'
<unknown>:247: SyntaxWarning: invalid escape sequence '\ '
<unknown>:319: SyntaxWarning: invalid escape sequence '\ '
<unknown>:17: SyntaxWarning: invalid escape sequence '\D'
<unknown>:18: SyntaxWarning: invalid escape sequence '\D'
<unknown>:19: SyntaxWarning: invalid escape sequence '\D'
<unknown>:120: SyntaxWarning: invalid escape sequence '\s'
<unknown>:13: SyntaxWarning: invalid escape sequence '\L'
<unknown>:68: SyntaxWarning: invalid escape sequence '\,'
<unknown>:69: SyntaxWarning: invalid escape sequence '\,'
<unknown>:12: SyntaxWarning: invalid escape sequence '\s'
<unknown>:48: SyntaxWarning: invalid escape sequence '\('
<unknown>:55: SyntaxWarning: invalid escape sequence '\d'
<unknown>:59: SyntaxWarning: invalid escape sequence '\d'
<unknown>:41: SyntaxWarning: invalid escape sequence '\c'
<unknown>:52: SyntaxWarning: invalid escape sequence '\c'
<unknown>:53: SyntaxWarning: invalid escape sequence '\c'
<unknown>:57: SyntaxWarning: invalid escape sequence '\c'
<unknown>:75: SyntaxWarning: invalid escape sequence '\c'
<unknown>:93: SyntaxWarning: invalid escape sequence '\c'
<unknown>:27: SyntaxWarning: invalid escape sequence '\/'
<unknown>:28: SyntaxWarning: invalid escape sequence '\/'
<unknown>:29: SyntaxWarning: invalid escape sequence '\s'
<unknown>:12: SyntaxWarning: invalid escape sequence '\W'
<unknown>:88: SyntaxWarning: invalid escape sequence '\s'
<unknown>:121: SyntaxWarning: invalid escape sequence '\s'
<unknown>:156: SyntaxWarning: invalid escape sequence '\s'
<unknown>:213: SyntaxWarning: invalid escape sequence '\s'
<unknown>:145: SyntaxWarning: invalid escape sequence '\s'
<unknown>:12: SyntaxWarning: invalid escape sequence '\D'
<unknown>:75: SyntaxWarning: invalid escape sequence '\{'
<unknown>:40: SyntaxWarning: invalid escape sequence '\d'
<unknown>:73: SyntaxWarning: invalid escape sequence '\d'
<unknown>:406: SyntaxWarning: invalid escape sequence '\d'
<unknown>:55: SyntaxWarning: invalid escape sequence '\ '
<unknown>:63: SyntaxWarning: invalid escape sequence '\.'
<unknown>:73: SyntaxWarning: invalid escape sequence '\.'
<unknown>:77: SyntaxWarning: invalid escape sequence '\d'
<unknown>:83: SyntaxWarning: invalid escape sequence '\d'
<unknown>:34: SyntaxWarning: invalid escape sequence '\]'
<unknown>:24: SyntaxWarning: invalid escape sequence '\e'
<unknown>:21: SyntaxWarning: invalid escape sequence '\D'
<unknown>:122: SyntaxWarning: invalid escape sequence '\s'
<unknown>:203: SyntaxWarning: invalid escape sequence '\s'
<unknown>:235: SyntaxWarning: invalid escape sequence '\h'
<unknown>:80: SyntaxWarning: invalid escape sequence '\p'
<unknown>:168: SyntaxWarning: invalid escape sequence '\:'
<unknown>:269: SyntaxWarning: invalid escape sequence '\d'
<unknown>:116: SyntaxWarning: invalid escape sequence '\d'
<unknown>:120: SyntaxWarning: invalid escape sequence '\d'
<unknown>:132: SyntaxWarning: invalid escape sequence '\d'
<unknown>:14: SyntaxWarning: invalid escape sequence '\.'
<unknown>:36: SyntaxWarning: invalid escape sequence '\*'
<unknown>:39: SyntaxWarning: invalid escape sequence '\m'
<unknown>:245: SyntaxWarning: invalid escape sequence '\_'
<unknown>:247: SyntaxWarning: invalid escape sequence '\_'
<unknown>:249: SyntaxWarning: invalid escape sequence '\_'
<unknown>:277: SyntaxWarning: invalid escape sequence '\D'
<unknown>:72: SyntaxWarning: invalid escape sequence '\s'
<unknown>:272: SyntaxWarning: invalid escape sequence '\p'
<unknown>:8: SyntaxWarning: invalid escape sequence '\_'
<unknown>:36: SyntaxWarning: invalid escape sequence '\s'
<unknown>:83: SyntaxWarning: invalid escape sequence '\.'
<unknown>:102: SyntaxWarning: invalid escape sequence '\.'
<unknown>:14: SyntaxWarning: invalid escape sequence '\.'
<unknown>:8: SyntaxWarning: invalid escape sequence '\s'
<unknown>:106: SyntaxWarning: invalid escape sequence '\ '
<unknown>:95: SyntaxWarning: invalid escape sequence '\c'
<unknown>:65: SyntaxWarning: invalid escape sequence '\s'
<unknown>:11: SyntaxWarning: invalid escape sequence '\ '
<unknown>:145: SyntaxWarning: invalid escape sequence '\.'
<unknown>:173: SyntaxWarning: invalid escape sequence '\s'
<unknown>:173: SyntaxWarning: invalid escape sequence '\s'
<unknown>:173: SyntaxWarning: invalid escape sequence '\s'
<unknown>:173: SyntaxWarning: invalid escape sequence '\s'
<unknown>:173: SyntaxWarning: invalid escape sequence '\s'
<unknown>:173: SyntaxWarning: invalid escape sequence '\s'
<unknown>:174: SyntaxWarning: invalid escape sequence '\s'
<unknown>:177: SyntaxWarning: invalid escape sequence '\s'
<unknown>:177: SyntaxWarning: invalid escape sequence '\s'
<unknown>:177: SyntaxWarning: invalid escape sequence '\s'
<unknown>:177: SyntaxWarning: invalid escape sequence '\s'
<unknown>:177: SyntaxWarning: invalid escape sequence '\s'
<unknown>:178: SyntaxWarning: invalid escape sequence '\s'
<unknown>:178: SyntaxWarning: invalid escape sequence '\s'
<unknown>:178: SyntaxWarning: invalid escape sequence '\s'
<unknown>:64: SyntaxWarning: invalid escape sequence '\ '
<unknown>:45: SyntaxWarning: invalid escape sequence '\='
<unknown>:11: SyntaxWarning: invalid escape sequence '\ '
<unknown>:348: SyntaxWarning: invalid escape sequence '\s'
<unknown>:9: SyntaxWarning: invalid escape sequence '\s'
<unknown>:208: SyntaxWarning: invalid escape sequence '\m'
<unknown>:269: SyntaxWarning: invalid escape sequence '\m'
<unknown>:317: SyntaxWarning: invalid escape sequence '\m'
<unknown>:20: SyntaxWarning: invalid escape sequence '\d'
<unknown>:59: SyntaxWarning: invalid escape sequence '\P'
<unknown>:77: SyntaxWarning: invalid escape sequence '\i'
<unknown>:85: SyntaxWarning: invalid escape sequence '\i'
<unknown>:118: SyntaxWarning: invalid escape sequence '\i'
<unknown>:190: SyntaxWarning: invalid escape sequence '\-'
<unknown>:4: SyntaxWarning: invalid escape sequence '\.'
<unknown>:11: SyntaxWarning: invalid escape sequence '\{'
<unknown>:24: SyntaxWarning: invalid escape sequence '\ '
<unknown>:96: SyntaxWarning: invalid escape sequence '\ '
<unknown>:320: SyntaxWarning: invalid escape sequence '\ '
<unknown>:79: SyntaxWarning: invalid escape sequence '\d'
<unknown>:25: SyntaxWarning: invalid escape sequence '\('
<unknown>:26: SyntaxWarning: invalid escape sequence '\)'
<unknown>:11: SyntaxWarning: invalid escape sequence '\c'
<unknown>:42: SyntaxWarning: invalid escape sequence '\;'
<unknown>:33: SyntaxWarning: invalid escape sequence '\d'
<unknown>:138: SyntaxWarning: invalid escape sequence '\s'
<unknown>:71: SyntaxWarning: invalid escape sequence '\*'
<unknown>:80: SyntaxWarning: invalid escape sequence '\{'
<unknown>:8: SyntaxWarning: invalid escape sequence '\W'
<unknown>:1122: SyntaxWarning: invalid escape sequence '\s'
<unknown>:35: SyntaxWarning: invalid escape sequence '\s'
<unknown>:30: SyntaxWarning: invalid escape sequence '\w'
<unknown>:34: SyntaxWarning: invalid escape sequence '\w'
<unknown>:189: SyntaxWarning: invalid escape sequence '\%'
<unknown>:254: SyntaxWarning: invalid escape sequence '\d'
<unknown>:1191: SyntaxWarning: invalid escape sequence '\i'
<unknown>:132: SyntaxWarning: invalid decimal literal
<unknown>:142: SyntaxWarning: invalid escape sequence '\D'
<unknown>:10: SyntaxWarning: invalid escape sequence '\s'
<unknown>:28: SyntaxWarning: invalid escape sequence '\i'
<unknown>:63: SyntaxWarning: invalid escape sequence '\i'
<unknown>:47: SyntaxWarning: invalid escape sequence '\R'
<unknown>:57: SyntaxWarning: invalid escape sequence '\I'
<unknown>:100: SyntaxWarning: invalid escape sequence '\I'
<unknown>:144: SyntaxWarning: invalid escape sequence '\I'
<unknown>:179: SyntaxWarning: invalid escape sequence '\I'
<unknown>:207: SyntaxWarning: invalid escape sequence '\I'
<unknown>:237: SyntaxWarning: invalid escape sequence '\I'
<unknown>:371: SyntaxWarning: invalid escape sequence '\I'
<unknown>:101: SyntaxWarning: invalid escape sequence '\m'
<unknown>:34: SyntaxWarning: invalid escape sequence '\w'
<unknown>:35: SyntaxWarning: invalid escape sequence '\-'
<unknown>:58: SyntaxWarning: invalid escape sequence '\s'
<unknown>:68: SyntaxWarning: invalid escape sequence '\('
<unknown>:697: SyntaxWarning: invalid escape sequence '\m'
<unknown>:64: SyntaxWarning: invalid escape sequence '\/'
<unknown>:65: SyntaxWarning: invalid escape sequence '\/'
<unknown>:67: SyntaxWarning: invalid escape sequence '\/'
<unknown>:69: SyntaxWarning: invalid escape sequence '\/'
<unknown>:21: SyntaxWarning: invalid escape sequence '\*'
<unknown>:46: SyntaxWarning: invalid escape sequence '\*'
<unknown>:66: SyntaxWarning: invalid escape sequence '\*'
<unknown>:86: SyntaxWarning: invalid escape sequence '\*'
<unknown>:109: SyntaxWarning: invalid escape sequence '\*'
<unknown>:132: SyntaxWarning: invalid escape sequence '\*'
<unknown>:157: SyntaxWarning: invalid escape sequence '\*'
<unknown>:176: SyntaxWarning: invalid escape sequence '\*'
<unknown>:197: SyntaxWarning: invalid escape sequence '\*'
<unknown>:222: SyntaxWarning: invalid escape sequence '\*'
<unknown>:242: SyntaxWarning: invalid escape sequence '\*'
<unknown>:262: SyntaxWarning: invalid escape sequence '\*'
<unknown>:282: SyntaxWarning: invalid escape sequence '\*'
<unknown>:345: SyntaxWarning: invalid escape sequence '\*'
<unknown>:369: SyntaxWarning: invalid escape sequence '\*'
<unknown>:388: SyntaxWarning: invalid escape sequence '\*'
<unknown>:405: SyntaxWarning: invalid escape sequence '\*'
<unknown>:427: SyntaxWarning: invalid escape sequence '\*'
<unknown>:452: SyntaxWarning: invalid escape sequence '\*'
<unknown>:489: SyntaxWarning: invalid escape sequence '\*'
<unknown>:560: SyntaxWarning: invalid escape sequence '\*'
<unknown>:584: SyntaxWarning: invalid escape sequence '\*'
<unknown>:603: SyntaxWarning: invalid escape sequence '\*'
<unknown>:534: SyntaxWarning: invalid escape sequence '\s'
<unknown>:551: SyntaxWarning: invalid escape sequence '\s'
<unknown>:73: SyntaxWarning: invalid escape sequence '\s'
<unknown>:78: SyntaxWarning: invalid escape sequence '\s'
<unknown>:44: SyntaxWarning: invalid escape sequence '\('
<unknown>:6: SyntaxWarning: invalid escape sequence '\['
<unknown>:23: SyntaxWarning: invalid escape sequence '\S'
<unknown>:25: SyntaxWarning: invalid escape sequence '\S'
<unknown>:29: SyntaxWarning: invalid escape sequence '\d'
<unknown>:35: SyntaxWarning: invalid escape sequence '\d'
<unknown>:43: SyntaxWarning: invalid escape sequence '\d'
<unknown>:52: SyntaxWarning: invalid escape sequence '\d'
<unknown>:62: SyntaxWarning: invalid escape sequence '\d'
<unknown>:147: SyntaxWarning: invalid escape sequence '\w'
<unknown>:9: SyntaxWarning: invalid escape sequence '\s'
<unknown>:16: SyntaxWarning: invalid escape sequence '\s'
<unknown>:114: SyntaxWarning: invalid escape sequence '\-'
<unknown>:118: SyntaxWarning: invalid escape sequence '\-'
<unknown>:130: SyntaxWarning: invalid escape sequence '\.'
<unknown>:159: SyntaxWarning: invalid escape sequence '\_'
<unknown>:160: SyntaxWarning: invalid escape sequence '\_'
<unknown>:11: SyntaxWarning: invalid escape sequence '\W'
<unknown>:18: SyntaxWarning: invalid escape sequence '\W'
<unknown>:24: SyntaxWarning: invalid escape sequence '\:'
<unknown>:25: SyntaxWarning: invalid escape sequence '\('
<unknown>:26: SyntaxWarning: invalid escape sequence '\)'
<unknown>:28: SyntaxWarning: invalid escape sequence '\+'
<unknown>:30: SyntaxWarning: invalid escape sequence '\*'
<unknown>:39: SyntaxWarning: invalid escape sequence '\&'
<unknown>:40: SyntaxWarning: invalid escape sequence '\|'
<unknown>:44: SyntaxWarning: invalid escape sequence '\['
<unknown>:45: SyntaxWarning: invalid escape sequence '\]'
<unknown>:46: SyntaxWarning: invalid escape sequence '\{'
<unknown>:47: SyntaxWarning: invalid escape sequence '\}'
<unknown>:48: SyntaxWarning: invalid escape sequence '\.'
<unknown>:71: SyntaxWarning: invalid escape sequence '\d'
<unknown>:72: SyntaxWarning: invalid escape sequence '\w'
<unknown>:358: SyntaxWarning: invalid escape sequence '\s'
<unknown>:396: SyntaxWarning: invalid escape sequence '\s'
<unknown>:19: SyntaxWarning: invalid escape sequence '\]'
<unknown>:11: SyntaxWarning: invalid escape sequence '\s'
<unknown>:37: SyntaxWarning: invalid escape sequence '\s'
<unknown>:48: SyntaxWarning: invalid escape sequence '\s'
<unknown>:129: SyntaxWarning: invalid escape sequence '\+'
<unknown>:35: SyntaxWarning: invalid escape sequence '\d'
<unknown>:16: SyntaxWarning: invalid escape sequence '\A'
<unknown>:4: SyntaxWarning: invalid escape sequence '\ '
<unknown>:34: SyntaxWarning: invalid escape sequence '\d'
<unknown>:39: SyntaxWarning: invalid escape sequence '\d'
<unknown>:44: SyntaxWarning: invalid escape sequence '\d'
<unknown>:54: SyntaxWarning: invalid escape sequence '\d'
<unknown>:64: SyntaxWarning: invalid escape sequence '\d'
<unknown>:69: SyntaxWarning: invalid escape sequence '\d'
<unknown>:44: SyntaxWarning: invalid escape sequence '\w'
<unknown>:44: SyntaxWarning: invalid escape sequence '\m'
<unknown>:57: SyntaxWarning: invalid escape sequence '\m'
<unknown>:70: SyntaxWarning: invalid escape sequence '\m'
<unknown>:85: SyntaxWarning: invalid escape sequence '\m'
<unknown>:100: SyntaxWarning: invalid escape sequence '\c'
<unknown>:13: SyntaxWarning: invalid escape sequence '\ '
<unknown>:15: SyntaxWarning: invalid escape sequence '\ '
<unknown>:26: SyntaxWarning: invalid escape sequence '\ '
<unknown>:28: SyntaxWarning: invalid escape sequence '\ '
<unknown>:105: SyntaxWarning: invalid escape sequence '\ '
<unknown>:115: SyntaxWarning: invalid escape sequence '\ '
<unknown>:125: SyntaxWarning: invalid escape sequence '\ '
<unknown>:127: SyntaxWarning: invalid escape sequence '\ '
<unknown>:135: SyntaxWarning: invalid escape sequence '\ '
<unknown>:137: SyntaxWarning: invalid escape sequence '\ '
<unknown>:115: SyntaxWarning: invalid escape sequence '\P'
<unknown>:77: SyntaxWarning: invalid escape sequence '\P'
<unknown>:163: SyntaxWarning: invalid escape sequence '\m'
<unknown>:408: SyntaxWarning: invalid escape sequence '\p'
<unknown>:33: SyntaxWarning: invalid escape sequence '\c'
<unknown>:22: SyntaxWarning: invalid escape sequence '\R'
<unknown>:35: SyntaxWarning: invalid escape sequence '\R'
<unknown>:48: SyntaxWarning: invalid escape sequence '\R'
<unknown>:51: SyntaxWarning: invalid escape sequence '\s'
<unknown>:141: SyntaxWarning: invalid escape sequence '\s'
<unknown>:84: SyntaxWarning: invalid escape sequence '\.'
<unknown>:122: SyntaxWarning: invalid escape sequence '\S'
<unknown>:51: SyntaxWarning: invalid escape sequence '\S'
<unknown>:22: SyntaxWarning: invalid escape sequence '\d'
<unknown>:33: SyntaxWarning: invalid escape sequence '\s'
<unknown>:45: SyntaxWarning: invalid escape sequence '\d'
<unknown>:46: SyntaxWarning: invalid escape sequence '\d'
<unknown>:47: SyntaxWarning: invalid escape sequence '\d'
<unknown>:48: SyntaxWarning: invalid escape sequence '\d'
<unknown>:56: SyntaxWarning: invalid escape sequence '\s'
<unknown>:67: SyntaxWarning: invalid escape sequence '\('
<unknown>:74: SyntaxWarning: invalid escape sequence '\s'
<unknown>:81: SyntaxWarning: invalid escape sequence '\s'
<unknown>:84: SyntaxWarning: invalid escape sequence '\s'
<unknown>:276: SyntaxWarning: invalid escape sequence '\ '
<unknown>:102: SyntaxWarning: invalid escape sequence '\['
<unknown>:137: SyntaxWarning: invalid escape sequence '\{'
<unknown>:83: SyntaxWarning: invalid escape sequence '\p'
<unknown>:5: SyntaxWarning: invalid escape sequence '\i'
<unknown>:63: SyntaxWarning: invalid escape sequence '\R'
<unknown>:74: SyntaxWarning: invalid escape sequence '\d'
<unknown>:449: SyntaxWarning: invalid escape sequence '\.'
<unknown>:28: SyntaxWarning: invalid escape sequence '\s'
<unknown>:23: SyntaxWarning: invalid escape sequence '\|'
<unknown>:256: SyntaxWarning: invalid escape sequence '\p'
<unknown>:178: SyntaxWarning: invalid escape sequence '\,'
<unknown>:9: SyntaxWarning: invalid escape sequence '\s'
<unknown>:9: SyntaxWarning: invalid escape sequence '\s'
<unknown>:9: SyntaxWarning: invalid escape sequence '\s'
<unknown>:27: SyntaxWarning: invalid escape sequence '\&'
<unknown>:28: SyntaxWarning: invalid escape sequence '\%'
<unknown>:29: SyntaxWarning: invalid escape sequence '\$'
<unknown>:30: SyntaxWarning: invalid escape sequence '\#'
<unknown>:31: SyntaxWarning: invalid escape sequence '\_'
<unknown>:32: SyntaxWarning: invalid escape sequence '\{'
<unknown>:33: SyntaxWarning: invalid escape sequence '\}'
<unknown>:41: SyntaxWarning: invalid escape sequence '\_'
<unknown>:101: SyntaxWarning: invalid escape sequence '\h'
<unknown>:205: SyntaxWarning: invalid escape sequence '\%'
<unknown>:206: SyntaxWarning: invalid escape sequence '\%'
<unknown>:49: SyntaxWarning: invalid escape sequence '\;'
<unknown>:66: SyntaxWarning: invalid escape sequence '\g'
<unknown>:72: SyntaxWarning: invalid escape sequence '\d'
<unknown>:40: SyntaxWarning: invalid escape sequence '\|'
<unknown>:100: SyntaxWarning: invalid escape sequence '\s'
<unknown>:24: SyntaxWarning: invalid escape sequence '\d'
<unknown>:103: SyntaxWarning: invalid escape sequence '\p'
<unknown>:28: SyntaxWarning: invalid escape sequence '\*'
<unknown>:16: SyntaxWarning: invalid escape sequence '\>'
<unknown>:67: SyntaxWarning: invalid escape sequence '\s'
<unknown>:114: SyntaxWarning: invalid escape sequence '\_'
<unknown>:144: SyntaxWarning: invalid escape sequence '\/'
<unknown>:12: SyntaxWarning: invalid escape sequence '\ '
<unknown>:92: SyntaxWarning: invalid escape sequence '\c'
<unknown>:14: SyntaxWarning: invalid escape sequence '\s'
<unknown>:15: SyntaxWarning: invalid escape sequence '\('
<unknown>:20: SyntaxWarning: invalid escape sequence '\.'
<unknown>:48: SyntaxWarning: invalid escape sequence '\m'
<unknown>:51: SyntaxWarning: invalid escape sequence '\h'
<unknown>:52: SyntaxWarning: invalid escape sequence '\m'
<unknown>:55: SyntaxWarning: invalid escape sequence '\h'
<unknown>:56: SyntaxWarning: invalid escape sequence '\m'
<unknown>:59: SyntaxWarning: invalid escape sequence '\h'
<unknown>:60: SyntaxWarning: invalid escape sequence '\m'
<unknown>:65: SyntaxWarning: invalid escape sequence '\h'
<unknown>:19: SyntaxWarning: invalid escape sequence '\{'
<unknown>:19: SyntaxWarning: invalid escape sequence '\}'
<unknown>:19: SyntaxWarning: invalid escape sequence '\['
<unknown>:19: SyntaxWarning: invalid escape sequence '\]'
<unknown>:19: SyntaxWarning: invalid escape sequence '\('
<unknown>:19: SyntaxWarning: invalid escape sequence '\)'
<unknown>:19: SyntaxWarning: invalid escape sequence '\+'
<unknown>:64: SyntaxWarning: invalid escape sequence '\d'
<unknown>:128: SyntaxWarning: invalid escape sequence '\-'
<unknown>:136: SyntaxWarning: invalid escape sequence '\-'
<unknown>:21: SyntaxWarning: invalid escape sequence '\{'
<unknown>:67: SyntaxWarning: invalid escape sequence '\['
<unknown>:82: SyntaxWarning: invalid escape sequence '\['
<unknown>:301: SyntaxWarning: invalid escape sequence '\d'
<unknown>:269: SyntaxWarning: invalid escape sequence '\G'
<unknown>:29: SyntaxWarning: invalid escape sequence '\w'
<unknown>:20: SyntaxWarning: invalid escape sequence '\d'
<unknown>:21: SyntaxWarning: invalid escape sequence '\d'
<unknown>:119: SyntaxWarning: invalid escape sequence '\['
<unknown>:294: SyntaxWarning: invalid escape sequence '\['
<unknown>:686: SyntaxWarning: invalid escape sequence '\['
<unknown>:30: SyntaxWarning: invalid escape sequence '\p'
<unknown>:21: SyntaxWarning: invalid escape sequence '\.'
<unknown>:32: SyntaxWarning: invalid escape sequence '\.'
<unknown>:355: SyntaxWarning: invalid escape sequence '\.'
<unknown>:80: SyntaxWarning: invalid escape sequence '\d'
<unknown>:44: SyntaxWarning: invalid escape sequence '\='
<unknown>:16: SyntaxWarning: invalid escape sequence '\.'
<unknown>:15: SyntaxWarning: invalid escape sequence '\d'
<unknown>:46: SyntaxWarning: invalid escape sequence '\d'
<unknown>:47: SyntaxWarning: invalid escape sequence '\W'
<unknown>:48: SyntaxWarning: invalid escape sequence '\w'
<unknown>:111: SyntaxWarning: invalid escape sequence '\%'
<unknown>:29: SyntaxWarning: invalid escape sequence '\='
<unknown>:31: SyntaxWarning: invalid escape sequence '\*'
<unknown>:33: SyntaxWarning: invalid escape sequence '\['
<unknown>:33: SyntaxWarning: invalid escape sequence '\['
<unknown>:10: SyntaxWarning: invalid escape sequence '\S'
<unknown>:9: SyntaxWarning: invalid escape sequence '\?'
<unknown>:6: SyntaxWarning: invalid escape sequence '\d'
<unknown>:7: SyntaxWarning: invalid escape sequence '\d'
<unknown>:8: SyntaxWarning: invalid escape sequence '\d'
<unknown>:9: SyntaxWarning: invalid escape sequence '\d'
<unknown>:9: SyntaxWarning: invalid escape sequence '\d'
<unknown>:10: SyntaxWarning: invalid escape sequence '\#'
<unknown>:12: SyntaxWarning: invalid escape sequence '\d'
<unknown>:32: SyntaxWarning: invalid escape sequence '\('
<unknown>:37: SyntaxWarning: invalid escape sequence '\/'
<unknown>:40: SyntaxWarning: invalid escape sequence '\/'
<unknown>:41: SyntaxWarning: invalid escape sequence '\/'
<unknown>:23: SyntaxWarning: invalid escape sequence '\d'
<unknown>:27: SyntaxWarning: invalid escape sequence '\W'
<unknown>:5: SyntaxWarning: invalid escape sequence '\('
<unknown>:6: SyntaxWarning: invalid escape sequence '\)'
<unknown>:4: SyntaxWarning: invalid escape sequence '\c'
<unknown>:28: SyntaxWarning: invalid escape sequence '\_'
<unknown>:195: SyntaxWarning: invalid escape sequence '\+'
<unknown>:196: SyntaxWarning: invalid escape sequence '\+'
<unknown>:201: SyntaxWarning: invalid escape sequence '\+'
<unknown>:202: SyntaxWarning: invalid escape sequence '\+'
<unknown>:3: SyntaxWarning: invalid escape sequence '\h'
<unknown>:53: SyntaxWarning: invalid escape sequence '\+'
<unknown>:74: SyntaxWarning: invalid escape sequence '\+'
<unknown>:93: SyntaxWarning: invalid escape sequence '\+'
<unknown>:21: SyntaxWarning: invalid escape sequence '\W'
<unknown>:51: SyntaxWarning: invalid escape sequence '\{'
<unknown>:17: SyntaxWarning: invalid escape sequence '\d'
<unknown>:18: SyntaxWarning: invalid escape sequence '\d'
<unknown>:25: SyntaxWarning: invalid escape sequence '\s'
<unknown>:26: SyntaxWarning: invalid escape sequence '\s'
<unknown>:27: SyntaxWarning: invalid escape sequence '\s'
<unknown>:61: SyntaxWarning: invalid escape sequence '\s'
<unknown>:243: SyntaxWarning: invalid escape sequence '\c'
<unknown>:244: SyntaxWarning: invalid escape sequence '\c'
<unknown>:249: SyntaxWarning: invalid escape sequence '\c'
<unknown>:276: SyntaxWarning: invalid escape sequence '\c'
<unknown>:277: SyntaxWarning: invalid escape sequence '\c'
<unknown>:282: SyntaxWarning: invalid escape sequence '\c'
<unknown>:17: SyntaxWarning: invalid escape sequence '\ '
<unknown>:122: SyntaxWarning: invalid escape sequence '\$'
<unknown>:55: SyntaxWarning: invalid escape sequence '\s'
<unknown>:23: SyntaxWarning: invalid escape sequence '\ '
<unknown>:165: SyntaxWarning: invalid escape sequence '\{'
<unknown>:399: SyntaxWarning: invalid escape sequence '\s'
<unknown>:400: SyntaxWarning: invalid escape sequence '\*'
<unknown>:401: SyntaxWarning: invalid escape sequence '\{'
<unknown>:402: SyntaxWarning: invalid escape sequence '\d'
<unknown>:403: SyntaxWarning: invalid escape sequence '\d'
<unknown>:404: SyntaxWarning: invalid escape sequence '\s'
<unknown>:405: SyntaxWarning: invalid escape sequence '\s'
<unknown>:407: SyntaxWarning: invalid escape sequence '\s'
<unknown>:408: SyntaxWarning: invalid escape sequence '\*'
<unknown>:409: SyntaxWarning: invalid escape sequence '\{'
<unknown>:410: SyntaxWarning: invalid escape sequence '\d'
<unknown>:411: SyntaxWarning: invalid escape sequence '\s'
<unknown>:412: SyntaxWarning: invalid escape sequence '\s'
<unknown>:453: SyntaxWarning: invalid escape sequence '\s'
<unknown>:455: SyntaxWarning: invalid escape sequence '\s'
<unknown>:466: SyntaxWarning: invalid escape sequence '\s'
<unknown>:472: SyntaxWarning: invalid escape sequence '\{'
<unknown>:481: SyntaxWarning: invalid escape sequence '\m'
<unknown>:19: SyntaxWarning: invalid escape sequence '\?'
<unknown>:19: SyntaxWarning: invalid escape sequence '\s'
<unknown>:25: SyntaxWarning: invalid escape sequence '\['
<unknown>:93: SyntaxWarning: invalid escape sequence '\d'
<unknown>:20: SyntaxWarning: invalid escape sequence '\s'
<unknown>:24: SyntaxWarning: invalid escape sequence '\d'
<unknown>:27: SyntaxWarning: invalid escape sequence '\s'
<unknown>:31: SyntaxWarning: invalid escape sequence '\s'
<unknown>:32: SyntaxWarning: invalid escape sequence '\s'
<unknown>:33: SyntaxWarning: invalid escape sequence '\d'
<unknown>:35: SyntaxWarning: invalid escape sequence '\s'
<unknown>:38: SyntaxWarning: invalid escape sequence '\s'
<unknown>:40: SyntaxWarning: invalid escape sequence '\d'
<unknown>:43: SyntaxWarning: invalid escape sequence '\s'
<unknown>:45: SyntaxWarning: invalid escape sequence '\d'
<unknown>:48: SyntaxWarning: invalid escape sequence '\s'
<unknown>:49: SyntaxWarning: invalid escape sequence '\s'
<unknown>:51: SyntaxWarning: invalid escape sequence '\d'
<unknown>:54: SyntaxWarning: invalid escape sequence '\s'
<unknown>:56: SyntaxWarning: invalid escape sequence '\s'
<unknown>:57: SyntaxWarning: invalid escape sequence '\*'
<unknown>:93: SyntaxWarning: invalid escape sequence '\s'
<unknown>:91: SyntaxWarning: invalid escape sequence '\d'
<unknown>:21: SyntaxWarning: invalid escape sequence '\s'
<unknown>:38: SyntaxWarning: invalid escape sequence '\*'
<unknown>:67: SyntaxWarning: invalid escape sequence '\s'
<unknown>:108: SyntaxWarning: invalid escape sequence '\d'
<unknown>:8: SyntaxWarning: invalid escape sequence '\s'
<unknown>:54: SyntaxWarning: invalid escape sequence '\s'
<unknown>:64: SyntaxWarning: invalid escape sequence '\w'
<unknown>:49: SyntaxWarning: invalid escape sequence '\s'
<unknown>:21: SyntaxWarning: invalid escape sequence '\d'
<unknown>:5: SyntaxWarning: invalid escape sequence '\d'
<unknown>:49: SyntaxWarning: invalid escape sequence '\ '
<unknown>:2: SyntaxWarning: invalid escape sequence '\c'
<unknown>:7: SyntaxWarning: invalid escape sequence '\w'
<unknown>:9: SyntaxWarning: invalid escape sequence '\d'
<unknown>:41: SyntaxWarning: invalid escape sequence '\]'
<unknown>:49: SyntaxWarning: invalid escape sequence '\d'
<unknown>:92: SyntaxWarning: invalid escape sequence '\.'
<unknown>:93: SyntaxWarning: invalid escape sequence '\|'
<unknown>:161: SyntaxWarning: invalid escape sequence '\$'
<unknown>:22: SyntaxWarning: invalid escape sequence '\/'
<unknown>:32: SyntaxWarning: invalid escape sequence '\.'
<unknown>:42: SyntaxWarning: invalid escape sequence '\s'
<unknown>:181: SyntaxWarning: invalid escape sequence '\ '
<unknown>:18: SyntaxWarning: invalid escape sequence '\*'
<unknown>:35: SyntaxWarning: invalid escape sequence '\s'
<unknown>:28: SyntaxWarning: invalid escape sequence '\s'
<unknown>:92: SyntaxWarning: invalid escape sequence '\_'
<unknown>:217: SyntaxWarning: invalid escape sequence '\('
<unknown>:347: SyntaxWarning: invalid escape sequence '\*'
<unknown>:414: SyntaxWarning: invalid escape sequence '\*'
<unknown>:655: SyntaxWarning: invalid escape sequence '\*'
<unknown>:8: SyntaxWarning: invalid escape sequence '\P'
<unknown>:20: SyntaxWarning: invalid escape sequence '\i'
<unknown>:7: SyntaxWarning: invalid escape sequence '\w'
<unknown>:7: SyntaxWarning: invalid escape sequence '\m'
<unknown>:25: SyntaxWarning: invalid escape sequence '\m'
<unknown>:1369: SyntaxWarning: invalid escape sequence '\s'
<unknown>:1370: SyntaxWarning: invalid escape sequence '\s'
<unknown>:1371: SyntaxWarning: invalid escape sequence '\s'
<unknown>:144: SyntaxWarning: invalid escape sequence '\D'
<unknown>:230: SyntaxWarning: invalid escape sequence '\.'
<unknown>:84: SyntaxWarning: invalid escape sequence '\d'
<unknown>:91: SyntaxWarning: invalid escape sequence '\d'
<unknown>:5: SyntaxWarning: invalid escape sequence '\ '
<unknown>:15: SyntaxWarning: invalid escape sequence '\E'
<unknown>:79: SyntaxWarning: invalid escape sequence '\s'
<unknown>:107: SyntaxWarning: invalid escape sequence '\('
<unknown>:4: SyntaxWarning: invalid escape sequence '\ '
<unknown>:6: SyntaxWarning: invalid escape sequence '\_'
<unknown>:94: SyntaxWarning: invalid escape sequence '\/'
<unknown>:95: SyntaxWarning: invalid escape sequence '\ '
<unknown>:96: SyntaxWarning: invalid escape sequence '\/'
<unknown>:97: SyntaxWarning: invalid escape sequence '\/'
<unknown>:159: SyntaxWarning: invalid escape sequence '\/'
<unknown>:160: SyntaxWarning: invalid escape sequence '\ '
<unknown>:161: SyntaxWarning: invalid escape sequence '\/'
<unknown>:162: SyntaxWarning: invalid escape sequence '\/'
<unknown>:619: SyntaxWarning: invalid escape sequence '\>'
<unknown>:161: SyntaxWarning: invalid escape sequence '\*'
<unknown>:187: SyntaxWarning: invalid escape sequence '\*'
<unknown>:207: SyntaxWarning: invalid escape sequence '\*'
<unknown>:282: SyntaxWarning: invalid escape sequence '\*'
<unknown>:306: SyntaxWarning: invalid escape sequence '\*'
<unknown>:18: SyntaxWarning: invalid escape sequence '\W'
<unknown>:63: SyntaxWarning: invalid escape sequence '\Z'
<unknown>:4: SyntaxWarning: invalid escape sequence '\/'
<unknown>:32: SyntaxWarning: invalid escape sequence '\-'
<unknown>:21: SyntaxWarning: invalid escape sequence '\D'
<unknown>:217: SyntaxWarning: invalid escape sequence '\i'
<unknown>:217: SyntaxWarning: invalid escape sequence '\i'
<unknown>:238: SyntaxWarning: invalid escape sequence '\i'
<unknown>:238: SyntaxWarning: invalid escape sequence '\i'
<unknown>:13: SyntaxWarning: invalid escape sequence '\i'
<unknown>:33: SyntaxWarning: invalid escape sequence '\d'
<unknown>:35: SyntaxWarning: invalid escape sequence '\s'
<unknown>:43: SyntaxWarning: invalid escape sequence '\d'
<unknown>:57: SyntaxWarning: invalid escape sequence '\d'
<unknown>:19: SyntaxWarning: invalid escape sequence '\d'
<unknown>:19: SyntaxWarning: invalid escape sequence '\d'
<unknown>:20: SyntaxWarning: invalid escape sequence '\d'
<unknown>:21: SyntaxWarning: invalid escape sequence '\d'
<unknown>:27: SyntaxWarning: invalid escape sequence '\l'
<unknown>:23: SyntaxWarning: invalid escape sequence '\ '
<unknown>:27: SyntaxWarning: invalid escape sequence '\ '
<unknown>:31: SyntaxWarning: invalid escape sequence '\ '
<unknown>:35: SyntaxWarning: invalid escape sequence '\ '
<unknown>:38: SyntaxWarning: invalid escape sequence '\{'
<unknown>:62: SyntaxWarning: invalid escape sequence '\*'
<unknown>:50: SyntaxWarning: invalid escape sequence '\]'
<unknown>:51: SyntaxWarning: invalid escape sequence '\s'
<unknown>:23: SyntaxWarning: invalid escape sequence '\.'
<unknown>:23: SyntaxWarning: invalid escape sequence '\p'
<unknown>:31: SyntaxWarning: invalid escape sequence '\('
<unknown>:12: SyntaxWarning: invalid escape sequence '\('
<unknown>:15: SyntaxWarning: invalid escape sequence '\('
<unknown>:15: SyntaxWarning: invalid escape sequence '\)'
<unknown>:78: SyntaxWarning: invalid escape sequence '\V'
<unknown>:80: SyntaxWarning: invalid escape sequence '\V'
<unknown>:6: SyntaxWarning: invalid escape sequence '\`'
<unknown>:76: SyntaxWarning: invalid escape sequence '\$'
<unknown>:77: SyntaxWarning: invalid escape sequence '\s'
<unknown>:156: SyntaxWarning: invalid escape sequence '\H'
<unknown>:163: SyntaxWarning: invalid escape sequence '\H'
<unknown>:118: SyntaxWarning: invalid escape sequence '\l'
<unknown>:5: SyntaxWarning: invalid escape sequence '\]'
<unknown>:312: SyntaxWarning: invalid escape sequence '\('
<unknown>:313: SyntaxWarning: invalid escape sequence '\('
<unknown>:314: SyntaxWarning: invalid escape sequence '\('
<unknown>:315: SyntaxWarning: invalid escape sequence '\('
<unknown>:316: SyntaxWarning: invalid escape sequence '\('
<unknown>:317: SyntaxWarning: invalid escape sequence '\('
<unknown>:318: SyntaxWarning: invalid escape sequence '\('
<unknown>:319: SyntaxWarning: invalid escape sequence '\('
<unknown>:320: SyntaxWarning: invalid escape sequence '\('
<unknown>:321: SyntaxWarning: invalid escape sequence '\('
<unknown>:322: SyntaxWarning: invalid escape sequence '\('
<unknown>:323: SyntaxWarning: invalid escape sequence '\('
<unknown>:324: SyntaxWarning: invalid escape sequence '\('
<unknown>:21: SyntaxWarning: invalid escape sequence '\/'
<unknown>:34: SyntaxWarning: invalid escape sequence '\/'
<unknown>:81: SyntaxWarning: invalid escape sequence '\c'
<unknown>:84: SyntaxWarning: invalid escape sequence '\c'
<unknown>:29: SyntaxWarning: invalid escape sequence '\P'
<unknown>:36: SyntaxWarning: invalid escape sequence '\P'
<unknown>:46: SyntaxWarning: invalid escape sequence '\T'
<unknown>:74: SyntaxWarning: invalid escape sequence '\s'
<unknown>:484: SyntaxWarning: invalid escape sequence '\i'
<unknown>:519: SyntaxWarning: invalid escape sequence '\i'
<unknown>:74: SyntaxWarning: invalid escape sequence '\d'
<unknown>:76: SyntaxWarning: invalid escape sequence '\d'
<unknown>:25: SyntaxWarning: invalid escape sequence '\D'
<unknown>:11: SyntaxWarning: invalid escape sequence '\e'
<unknown>:68: SyntaxWarning: invalid escape sequence '\/'
<unknown>:21: SyntaxWarning: invalid escape sequence '\d'
<unknown>:52: SyntaxWarning: invalid escape sequence '\`'
<unknown>:109: SyntaxWarning: invalid escape sequence '\`'
<unknown>:139: SyntaxWarning: invalid escape sequence '\`'
<unknown>:186: SyntaxWarning: invalid escape sequence '\`'
<unknown>:237: SyntaxWarning: invalid escape sequence '\`'
<unknown>:248: SyntaxWarning: invalid escape sequence '\`'
<unknown>:299: SyntaxWarning: invalid escape sequence '\`'
<unknown>:339: SyntaxWarning: invalid escape sequence '\`'
<unknown>:11: SyntaxWarning: invalid escape sequence '\s'
<unknown>:13: SyntaxWarning: invalid escape sequence '\ '
<unknown>:26: SyntaxWarning: invalid escape sequence '\D'
<unknown>:28: SyntaxWarning: invalid escape sequence '\D'
<unknown>:4: SyntaxWarning: invalid escape sequence '\g'
<unknown>:233: SyntaxWarning: invalid escape sequence '\ '
<unknown>:28: SyntaxWarning: invalid escape sequence '\s'
<unknown>:43: SyntaxWarning: invalid escape sequence '\_'
<unknown>:161: SyntaxWarning: invalid escape sequence '\p'
<unknown>:60: SyntaxWarning: invalid escape sequence '\ '
<unknown>:62: SyntaxWarning: invalid escape sequence '\d'
<unknown>:107: SyntaxWarning: invalid escape sequence '\l'
<unknown>:9: SyntaxWarning: invalid escape sequence '\s'
<unknown>:13: SyntaxWarning: invalid escape sequence '\w'
<unknown>:24: SyntaxWarning: invalid escape sequence '\w'
<unknown>:35: SyntaxWarning: invalid escape sequence '\w'
<unknown>:168: SyntaxWarning: invalid escape sequence '\p'
<unknown>:406: SyntaxWarning: invalid escape sequence '\p'
<unknown>:21: SyntaxWarning: invalid escape sequence '\)'
<unknown>:284: SyntaxWarning: invalid escape sequence '\d'
<unknown>:293: SyntaxWarning: invalid escape sequence '\d'
<unknown>:294: SyntaxWarning: invalid escape sequence '\s'
<unknown>:44: SyntaxWarning: invalid escape sequence '\d'
<unknown>:48: SyntaxWarning: invalid escape sequence '\d'
<unknown>:50: SyntaxWarning: invalid escape sequence '\s'
<unknown>:52: SyntaxWarning: invalid escape sequence '\w'
<unknown>:66: SyntaxWarning: invalid escape sequence '\d'
<unknown>:67: SyntaxWarning: invalid escape sequence '\w'
<unknown>:49: SyntaxWarning: invalid escape sequence '\s'
<unknown>:54: SyntaxWarning: invalid escape sequence '\s'
<unknown>:214: SyntaxWarning: invalid escape sequence '\/'
<unknown>:227: SyntaxWarning: invalid escape sequence '\{'
<unknown>:228: SyntaxWarning: invalid escape sequence '\{'
<unknown>:7: SyntaxWarning: invalid escape sequence '\/'
<unknown>:787: SyntaxWarning: invalid escape sequence '\E'
<unknown>:788: SyntaxWarning: invalid escape sequence '\E'
<unknown>:799: SyntaxWarning: invalid escape sequence '\E'
<unknown>:800: SyntaxWarning: invalid escape sequence '\E'
<unknown>:801: SyntaxWarning: invalid escape sequence '\P'
<unknown>:803: SyntaxWarning: invalid escape sequence '\Y'
<unknown>:804: SyntaxWarning: invalid escape sequence '\Y'
{"status": "QUALITY_AND_FAMILY_FEATURES_COMPLETE_NOT_ADMITTED", "rows": 203407, "passed_rows_before_eligible_dedup_and_reserves": 184200, "elapsed_seconds": 224.26750042196363}
